Archive member included to satisfy reference by file (symbol)

c:/siliconlabs/simplicitystudio/v5/developer/toolchains/gnu_arm/10.3_2021.10/bin/../lib/gcc/arm-none-eabi/10.3.1/thumb/v8-m.main+fp/hard\libgcc.a(_arm_muldf3.o)
                              ./src/sam-m8q.o (__aeabi_dmul)
c:/siliconlabs/simplicitystudio/v5/developer/toolchains/gnu_arm/10.3_2021.10/bin/../lib/gcc/arm-none-eabi/10.3.1/thumb/v8-m.main+fp/hard\libgcc.a(_arm_addsubdf3.o)
                              ./src/adxl343.o (__aeabi_i2d)
c:/siliconlabs/simplicitystudio/v5/developer/toolchains/gnu_arm/10.3_2021.10/bin/../lib/gcc/arm-none-eabi/10.3.1/thumb/v8-m.main+fp/hard\libgcc.a(_arm_muldivdf3.o)
                              ./src/adxl343.o (__aeabi_ddiv)
c:/siliconlabs/simplicitystudio/v5/developer/toolchains/gnu_arm/10.3_2021.10/bin/../lib/gcc/arm-none-eabi/10.3.1/thumb/v8-m.main+fp/hard\libgcc.a(_arm_fixdfsi.o)
                              ./src/adxl343.o (__aeabi_d2iz)
c:/siliconlabs/simplicitystudio/v5/developer/toolchains/gnu_arm/10.3_2021.10/bin/../lib/gcc/arm-none-eabi/10.3.1/thumb/v8-m.main+fp/hard\libgcc.a(_arm_truncdfsf2.o)
                              ./src/sam-m8q.o (__aeabi_d2f)
c:/siliconlabs/simplicitystudio/v5/developer/toolchains/gnu_arm/10.3_2021.10/bin/../lib/gcc/arm-none-eabi/10.3.1/thumb/v8-m.main+fp/hard\libgcc.a(_aeabi_uldivmod.o)
                              ./gecko_sdk_4.2.2/platform/emlib/src/em_eusart.o (__aeabi_uldivmod)
c:/siliconlabs/simplicitystudio/v5/developer/toolchains/gnu_arm/10.3_2021.10/bin/../lib/gcc/arm-none-eabi/10.3.1/thumb/v8-m.main+fp/hard\libgcc.a(_udivmoddi4.o)
                              c:/siliconlabs/simplicitystudio/v5/developer/toolchains/gnu_arm/10.3_2021.10/bin/../lib/gcc/arm-none-eabi/10.3.1/thumb/v8-m.main+fp/hard\libgcc.a(_aeabi_uldivmod.o) (__udivmoddi4)
c:/siliconlabs/simplicitystudio/v5/developer/toolchains/gnu_arm/10.3_2021.10/bin/../lib/gcc/arm-none-eabi/10.3.1/thumb/v8-m.main+fp/hard\libgcc.a(_dvmd_tls.o)
                              c:/siliconlabs/simplicitystudio/v5/developer/toolchains/gnu_arm/10.3_2021.10/bin/../lib/gcc/arm-none-eabi/10.3.1/thumb/v8-m.main+fp/hard\libgcc.a(_aeabi_uldivmod.o) (__aeabi_ldiv0)
c:/siliconlabs/simplicitystudio/v5/developer/toolchains/gnu_arm/10.3_2021.10/bin/../lib/gcc/arm-none-eabi/10.3.1/../../../../arm-none-eabi/lib/thumb/v8-m.main+fp/hard\libc_nano.a(lib_a-abs.o)
                              ./src/adxl343.o (abs)
c:/siliconlabs/simplicitystudio/v5/developer/toolchains/gnu_arm/10.3_2021.10/bin/../lib/gcc/arm-none-eabi/10.3.1/../../../../arm-none-eabi/lib/thumb/v8-m.main+fp/hard\libc_nano.a(lib_a-ctype_.o)
                              ./gecko_sdk_4.2.2/platform/common/src/sl_string.o (_ctype_)
c:/siliconlabs/simplicitystudio/v5/developer/toolchains/gnu_arm/10.3_2021.10/bin/../lib/gcc/arm-none-eabi/10.3.1/../../../../arm-none-eabi/lib/thumb/v8-m.main+fp/hard\libc_nano.a(lib_a-exit.o)
                              c:/siliconlabs/simplicitystudio/v5/developer/toolchains/gnu_arm/10.3_2021.10/bin/../lib/gcc/arm-none-eabi/10.3.1/../../../../arm-none-eabi/lib/thumb/v8-m.main+fp/hard/crt0.o (exit)
c:/siliconlabs/simplicitystudio/v5/developer/toolchains/gnu_arm/10.3_2021.10/bin/../lib/gcc/arm-none-eabi/10.3.1/../../../../arm-none-eabi/lib/thumb/v8-m.main+fp/hard\libc_nano.a(lib_a-impure.o)
                              c:/siliconlabs/simplicitystudio/v5/developer/toolchains/gnu_arm/10.3_2021.10/bin/../lib/gcc/arm-none-eabi/10.3.1/../../../../arm-none-eabi/lib/thumb/v8-m.main+fp/hard\libc_nano.a(lib_a-exit.o) (_global_impure_ptr)
c:/siliconlabs/simplicitystudio/v5/developer/toolchains/gnu_arm/10.3_2021.10/bin/../lib/gcc/arm-none-eabi/10.3.1/../../../../arm-none-eabi/lib/thumb/v8-m.main+fp/hard\libc_nano.a(lib_a-init.o)
                              c:/siliconlabs/simplicitystudio/v5/developer/toolchains/gnu_arm/10.3_2021.10/bin/../lib/gcc/arm-none-eabi/10.3.1/../../../../arm-none-eabi/lib/thumb/v8-m.main+fp/hard/crt0.o (__libc_init_array)
c:/siliconlabs/simplicitystudio/v5/developer/toolchains/gnu_arm/10.3_2021.10/bin/../lib/gcc/arm-none-eabi/10.3.1/../../../../arm-none-eabi/lib/thumb/v8-m.main+fp/hard\libc_nano.a(lib_a-memcpy-stub.o)
                              ./gecko_sdk_4.2.2/platform/emdrv/uartdrv/src/uartdrv.o (memcpy)
c:/siliconlabs/simplicitystudio/v5/developer/toolchains/gnu_arm/10.3_2021.10/bin/../lib/gcc/arm-none-eabi/10.3.1/../../../../arm-none-eabi/lib/thumb/v8-m.main+fp/hard\libc_nano.a(lib_a-memset.o)
                              c:/siliconlabs/simplicitystudio/v5/developer/toolchains/gnu_arm/10.3_2021.10/bin/../lib/gcc/arm-none-eabi/10.3.1/../../../../arm-none-eabi/lib/thumb/v8-m.main+fp/hard/crt0.o (memset)
c:/siliconlabs/simplicitystudio/v5/developer/toolchains/gnu_arm/10.3_2021.10/bin/../lib/gcc/arm-none-eabi/10.3.1/../../../../arm-none-eabi/lib/thumb/v8-m.main+fp/hard\libc_nano.a(lib_a-nano-vfprintf_float.o)
                              (_printf_float)
[...]
Memory Configuration

Name             Origin             Length             Attributes
FLASH            0x08000000         0x0017e000         xr
RAM              0x20000000         0x00040000         xrw
*default*        0x00000000         0xffffffff

Linker script and memory map

LOAD c:/siliconlabs/simplicitystudio/v5/developer/toolchains/gnu_arm/10.3_2021.10/bin/../lib/gcc/arm-none-eabi/10.3.1/thumb/v8-m.main+fp/hard/crti.o
LOAD c:/siliconlabs/simplicitystudio/v5/developer/toolchains/gnu_arm/10.3_2021.10/bin/../lib/gcc/arm-none-eabi/10.3.1/thumb/v8-m.main+fp/hard/crtbegin.o
LOAD c:/siliconlabs/simplicitystudio/v5/developer/toolchains/gnu_arm/10.3_2021.10/bin/../lib/gcc/arm-none-eabi/10.3.1/../../../../arm-none-eabi/lib/thumb/v8-m.main+fp/hard/crt0.o
START GROUP
LOAD ./app.o
LOAD ./main.o
LOAD ./autogen/sl_board_default_init.o
LOAD ./autogen/sl_device_init_clocks.o
LOAD ./autogen/sl_event_handler.o
LOAD ./autogen/sl_iostream_handles.o
LOAD ./autogen/sl_iostream_init_usart_instances.o
LOAD ./autogen/sl_power_manager_handler.o
LOAD ./gecko_sdk_4.2.2/app/common/util/app_log/app_log.o
LOAD ./gecko_sdk_4.2.2/hardware/board/src/sl_board_control_gpio.o
LOAD ./gecko_sdk_4.2.2/hardware/board/src/sl_board_init.o
LOAD ./gecko_sdk_4.2.2/hardware/driver/configuration_over_swo/src/sl_cos.o
LOAD ./gecko_sdk_4.2.2/hardware/driver/mx25_flash_shutdown/src/sl_mx25_flash_shutdown_eusart/sl_mx25_flash_shutdown.o
LOAD ./gecko_sdk_4.2.2/platform/Device/SiliconLabs/EFR32MG24/Source/startup_efr32mg24.o
LOAD ./gecko_sdk_4.2.2/platform/Device/SiliconLabs/EFR32MG24/Source/system_efr32mg24.o
LOAD ./gecko_sdk_4.2.2/platform/common/src/sl_assert.o
LOAD ./gecko_sdk_4.2.2/platform/common/src/sl_slist.o
LOAD ./gecko_sdk_4.2.2/platform/common/src/sl_string.o
LOAD ./gecko_sdk_4.2.2/platform/common/toolchain/src/sl_memory.o
LOAD ./gecko_sdk_4.2.2/platform/driver/debug/src/sl_debug_swo.o
LOAD ./gecko_sdk_4.2.2/platform/emdrv/dmadrv/src/dmadrv.o
LOAD ./gecko_sdk_4.2.2/platform/emdrv/gpiointerrupt/src/gpiointerrupt.o
LOAD ./gecko_sdk_4.2.2/platform/emdrv/uartdrv/src/uartdrv.o
LOAD ./gecko_sdk_4.2.2/platform/emlib/src/em_burtc.o
LOAD ./gecko_sdk_4.2.2/platform/emlib/src/em_cmu.o
LOAD ./gecko_sdk_4.2.2/platform/emlib/src/em_core.o
LOAD ./gecko_sdk_4.2.2/platform/emlib/src/em_emu.o
LOAD ./gecko_sdk_4.2.2/platform/emlib/src/em_eusart.o
LOAD ./gecko_sdk_4.2.2/platform/emlib/src/em_gpio.o
LOAD ./gecko_sdk_4.2.2/platform/emlib/src/em_i2c.o
LOAD ./gecko_sdk_4.2.2/platform/emlib/src/em_ldma.o
LOAD ./gecko_sdk_4.2.2/platform/emlib/src/em_msc.o
LOAD ./gecko_sdk_4.2.2/platform/emlib/src/em_system.o
LOAD ./gecko_sdk_4.2.2/platform/emlib/src/em_timer.o
LOAD ./gecko_sdk_4.2.2/platform/emlib/src/em_usart.o
LOAD ./gecko_sdk_4.2.2/platform/peripheral/src/peripheral_sysrtc.o
LOAD ./gecko_sdk_4.2.2/platform/service/device_init/src/sl_device_init_dcdc_s2.o
LOAD ./gecko_sdk_4.2.2/platform/service/device_init/src/sl_device_init_emu_s2.o
LOAD ./gecko_sdk_4.2.2/platform/service/device_init/src/sl_device_init_hfxo_s2.o
LOAD ./gecko_sdk_4.2.2/platform/service/device_init/src/sl_device_init_lfxo_s2.o
LOAD ./gecko_sdk_4.2.2/platform/service/device_init/src/sl_device_init_nvic.o
LOAD ./gecko_sdk_4.2.2/platform/service/hfxo_manager/src/sl_hfxo_manager.o
LOAD ./gecko_sdk_4.2.2/platform/service/hfxo_manager/src/sl_hfxo_manager_hal_s2.o
LOAD ./gecko_sdk_4.2.2/platform/service/iostream/src/sl_iostream.o
LOAD ./gecko_sdk_4.2.2/platform/service/iostream/src/sl_iostream_retarget_stdio.o
LOAD ./gecko_sdk_4.2.2/platform/service/iostream/src/sl_iostream_stdlib_config.o
LOAD ./gecko_sdk_4.2.2/platform/service/iostream/src/sl_iostream_uart.o
LOAD ./gecko_sdk_4.2.2/platform/service/iostream/src/sl_iostream_usart.o
LOAD ./gecko_sdk_4.2.2/platform/service/power_manager/src/sl_power_manager.o
LOAD ./gecko_sdk_4.2.2/platform/service/power_manager/src/sl_power_manager_debug.o
LOAD ./gecko_sdk_4.2.2/platform/service/power_manager/src/sl_power_manager_hal_s2.o
LOAD ./gecko_sdk_4.2.2/platform/service/sleeptimer/src/sl_sleeptimer.o
LOAD ./gecko_sdk_4.2.2/platform/service/sleeptimer/src/sl_sleeptimer_hal_burtc.o
LOAD ./gecko_sdk_4.2.2/platform/service/sleeptimer/src/sl_sleeptimer_hal_sysrtc.o
LOAD ./gecko_sdk_4.2.2/platform/service/sleeptimer/src/sl_sleeptimer_hal_timer.o
LOAD ./gecko_sdk_4.2.2/platform/service/system/src/sl_system_init.o
LOAD ./gecko_sdk_4.2.2/platform/service/system/src/sl_system_process_action.o
LOAD ./gecko_sdk_4.2.2/platform/service/udelay/src/sl_udelay.o
LOAD ./gecko_sdk_4.2.2/platform/service/udelay/src/sl_udelay_armv6m_gcc.o
LOAD ./src/GPIO.o
LOAD ./src/I2C.o
LOAD ./src/adxl343.o
LOAD ./src/irq.o
LOAD ./src/log.o
LOAD ./src/sam-m8q.o
LOAD ./src/timers.o
LOAD c:/siliconlabs/simplicitystudio/v5/developer/toolchains/gnu_arm/10.3_2021.10/bin/../lib/gcc/arm-none-eabi/10.3.1/thumb/v8-m.main+fp/hard\libgcc.a
LOAD c:/siliconlabs/simplicitystudio/v5/developer/toolchains/gnu_arm/10.3_2021.10/bin/../lib/gcc/arm-none-eabi/10.3.1/../../../../arm-none-eabi/lib/thumb/v8-m.main+fp/hard\libc_nano.a
LOAD c:/siliconlabs/simplicitystudio/v5/developer/toolchains/gnu_arm/10.3_2021.10/bin/../lib/gcc/arm-none-eabi/10.3.1/../../../../arm-none-eabi/lib/thumb/v8-m.main+fp/hard\libm.a
LOAD c:/siliconlabs/simplicitystudio/v5/developer/toolchains/gnu_arm/10.3_2021.10/bin/../lib/gcc/arm-none-eabi/10.3.1/../../../../arm-none-eabi/lib/thumb/v8-m.main+fp/hard\libnosys.a
END GROUP
START GROUP
LOAD c:/siliconlabs/simplicitystudio/v5/developer/toolchains/gnu_arm/10.3_2021.10/bin/../lib/gcc/arm-none-eabi/10.3.1/thumb/v8-m.main+fp/hard\libgcc.a
LOAD c:/siliconlabs/simplicitystudio/v5/developer/toolchains/gnu_arm/10.3_2021.10/bin/../lib/gcc/arm-none-eabi/10.3.1/../../../../arm-none-eabi/lib/thumb/v8-m.main+fp/hard\libc_nano.a
LOAD c:/siliconlabs/simplicitystudio/v5/developer/toolchains/gnu_arm/10.3_2021.10/bin/../lib/gcc/arm-none-eabi/10.3.1/../../../../arm-none-eabi/lib/thumb/v8-m.main+fp/hard\libnosys.a
END GROUP
START GROUP
LOAD c:/siliconlabs/simplicitystudio/v5/developer/toolchains/gnu_arm/10.3_2021.10/bin/../lib/gcc/arm-none-eabi/10.3.1/thumb/v8-m.main+fp/hard\libgcc.a
LOAD c:/siliconlabs/simplicitystudio/v5/developer/toolchains/gnu_arm/10.3_2021.10/bin/../lib/gcc/arm-none-eabi/10.3.1/../../../../arm-none-eabi/lib/thumb/v8-m.main+fp/hard\libg_nano.a
LOAD c:/siliconlabs/simplicitystudio/v5/developer/toolchains/gnu_arm/10.3_2021.10/bin/../lib/gcc/arm-none-eabi/10.3.1/../../../../arm-none-eabi/lib/thumb/v8-m.main+fp/hard\libc_nano.a
END GROUP
START GROUP
LOAD c:/siliconlabs/simplicitystudio/v5/developer/toolchains/gnu_arm/10.3_2021.10/bin/../lib/gcc/arm-none-eabi/10.3.1/thumb/v8-m.main+fp/hard\libgcc.a
LOAD c:/siliconlabs/simplicitystudio/v5/developer/toolchains/gnu_arm/10.3_2021.10/bin/../lib/gcc/arm-none-eabi/10.3.1/../../../../arm-none-eabi/lib/thumb/v8-m.main+fp/hard\libc_nano.a
END GROUP
LOAD c:/siliconlabs/simplicitystudio/v5/developer/toolchains/gnu_arm/10.3_2021.10/bin/../lib/gcc/arm-none-eabi/10.3.1/thumb/v8-m.main+fp/hard/crtend.o
LOAD c:/siliconlabs/simplicitystudio/v5/developer/toolchains/gnu_arm/10.3_2021.10/bin/../lib/gcc/arm-none-eabi/10.3.1/thumb/v8-m.main+fp/hard/crtn.o

.text           0x08000000     0xea24
                0x08000000                linker_vectors_begin = .
 *(.vectors)
 .vectors       0x08000000      0x170 ./gecko_sdk_4.2.2/platform/Device/SiliconLabs/EFR32MG24/Source/startup_efr32mg24.o
                0x08000000                __Vectors
                0x08000170                linker_vectors_end = .
                0x08000170                __Vectors_End = .
                0x08000170                __Vectors_Size = (__Vectors_End - __Vectors)
                0x08000170                linker_code_begin = .
 *(SORT_BY_ALIGNMENT(.text*))
 .text          0x08000170        0x8 ./gecko_sdk_4.2.2/platform/service/udelay/src/sl_udelay_armv6m_gcc.o
                0x08000170                sli_delay_loop
 .text._dtoa_r  0x08000178      0xbd8 c:/siliconlabs/simplicitystudio/v5/developer/toolchains/gnu_arm/10.3_2021.10/bin/../lib/gcc/arm-none-eabi/10.3.1/../../../../arm-none-eabi/lib/thumb/v8-m.main+fp/hard\libc_nano.a(lib_a-dtoa.o)
                0x08000178                _dtoa_r
 .text          0x08000d50       0x40 c:/siliconlabs/simplicitystudio/v5/developer/toolchains/gnu_arm/10.3_2021.10/bin/../lib/gcc/arm-none-eabi/10.3.1/thumb/v8-m.main+fp/hard/crtbegin.o
 .text          0x08000d90       0x7c c:/siliconlabs/simplicitystudio/v5/developer/toolchains/gnu_arm/10.3_2021.10/bin/../lib/gcc/arm-none-eabi/10.3.1/../../../../arm-none-eabi/lib/thumb/v8-m.main+fp/hard/crt0.o
                0x08000d90                _stack_init
                0x08000d98                _start
                0x08000d98                _mainCRTStartup
 .text.app_init
                0x08000e0c       0x68 ./app.o
                0x08000e0c                app_init
 .text.app_process_action
                0x08000e74       0x44 ./app.o
                0x08000e74                app_process_action
 .text.sl_device_init_clocks
                0x08000eb8       0xd4 ./autogen/sl_device_init_clocks.o
                0x08000eb8                sl_device_init_clocks
 .text.GPIO_PinOutGet
                0x08000f8c       0x88 ./autogen/sl_iostream_init_usart_instances.o
 .text.sl_iostream_usart_init_vcom
                0x08001014       0xf8 ./autogen/sl_iostream_init_usart_instances.o
                0x08001014                sl_iostream_usart_init_vcom
 .text.sl_iostream_usart_init_instances
                0x0800110c       0x34 ./autogen/sl_iostream_init_usart_instances.o
                0x0800110c                sl_iostream_usart_init_instances
 .text.USART0_TX_IRQHandler
                0x08001140       0x10 ./autogen/sl_iostream_init_usart_instances.o
                0x08001140                USART0_TX_IRQHandler
 .text.USART0_RX_IRQHandler
                0x08001150       0x10 ./autogen/sl_iostream_init_usart_instances.o
                0x08001150                USART0_RX_IRQHandler
 .text.sl_iostream_usart_vcom_sleep_on_isr_exit
                0x08001160       0x14 ./autogen/sl_iostream_init_usart_instances.o
                0x08001160                sl_iostream_usart_vcom_sleep_on_isr_exit
 .text.events_handler
                0x08001174       0xb4 ./autogen/sl_iostream_init_usart_instances.o
 .text.app_log_init
                0x08001228       0x3c ./gecko_sdk_4.2.2/app/common/util/app_log/app_log.o
                0x08001228                app_log_init
 .text.GPIO_PinOutClear
                0x08001264       0x84 ./gecko_sdk_4.2.2/hardware/driver/mx25_flash_shutdown/src/sl_mx25_flash_shutdown_eusart/sl_mx25_flash_shutdown.o
 .text.GPIO_PinOutSet
                0x080012e8       0x84 ./gecko_sdk_4.2.2/hardware/driver/mx25_flash_shutdown/src/sl_mx25_flash_shutdown_eusart/sl_mx25_flash_shutdown.o
 .text.sl_mx25_flash_shutdown
                0x0800136c      0x150 ./gecko_sdk_4.2.2/hardware/driver/mx25_flash_shutdown/src/sl_mx25_flash_shutdown_eusart/sl_mx25_flash_shutdown.o
                0x0800136c                sl_mx25_flash_shutdown
 .text.Reset_Handler
                0x080014bc       0x98 ./gecko_sdk_4.2.2/platform/Device/SiliconLabs/EFR32MG24/Source/startup_efr32mg24.o
                0x080014bc                Reset_Handler
 .text.__NVIC_EnableIRQ
                0x08001554       0x34 ./gecko_sdk_4.2.2/platform/Device/SiliconLabs/EFR32MG24/Source/system_efr32mg24.o
 .text.__NVIC_ClearPendingIRQ
                0x08001588       0x38 ./gecko_sdk_4.2.2/platform/Device/SiliconLabs/EFR32MG24/Source/system_efr32mg24.o
 .text.SystemInit
                0x080015c0       0x90 ./gecko_sdk_4.2.2/platform/Device/SiliconLabs/EFR32MG24/Source/system_efr32mg24.o
                0x080015c0                SystemInit
 .text.SystemHFRCODPLLClockGet
                0x08001650        0xc ./gecko_sdk_4.2.2/platform/Device/SiliconLabs/EFR32MG24/Source/system_efr32mg24.o
                0x08001650                SystemHFRCODPLLClockGet
 .text.SystemSYSCLKGet
                0x0800165c       0x50 ./gecko_sdk_4.2.2/platform/Device/SiliconLabs/EFR32MG24/Source/system_efr32mg24.o
                0x0800165c                SystemSYSCLKGet
 .text.SystemHCLKGet
                0x080016ac       0x3c ./gecko_sdk_4.2.2/platform/Device/SiliconLabs/EFR32MG24/Source/system_efr32mg24.o
                0x080016ac                SystemHCLKGet
 .text.SystemMaxCoreClockGet
                0x080016e8        0xc ./gecko_sdk_4.2.2/platform/Device/SiliconLabs/EFR32MG24/Source/system_efr32mg24.o
                0x080016e8                SystemMaxCoreClockGet
 .text.SystemHFXOClockGet
                0x080016f4        0xc ./gecko_sdk_4.2.2/platform/Device/SiliconLabs/EFR32MG24/Source/system_efr32mg24.o
                0x080016f4                SystemHFXOClockGet
 .text.SystemHFXOClockSet
                0x08001700       0x2c ./gecko_sdk_4.2.2/platform/Device/SiliconLabs/EFR32MG24/Source/system_efr32mg24.o
                0x08001700                SystemHFXOClockSet
 .text.SystemFSRCOClockGet
                0x0800172c        0xc ./gecko_sdk_4.2.2/platform/Device/SiliconLabs/EFR32MG24/Source/system_efr32mg24.o
                0x0800172c                SystemFSRCOClockGet
 .text.SystemHFRCOEM23ClockGet
                0x08001738       0xe0 ./gecko_sdk_4.2.2/platform/Device/SiliconLabs/EFR32MG24/Source/system_efr32mg24.o
                0x08001738                SystemHFRCOEM23ClockGet
 .text.SystemLFXOClockGet
                0x08001818        0xc ./gecko_sdk_4.2.2/platform/Device/SiliconLabs/EFR32MG24/Source/system_efr32mg24.o
                0x08001818                SystemLFXOClockGet
 .text.sl_slist_push
                0x08001824       0x38 ./gecko_sdk_4.2.2/platform/common/src/sl_slist.o
                0x08001824                sl_slist_push
 .text._sbrk    0x0800185c       0x3c ./gecko_sdk_4.2.2/platform/common/toolchain/src/sl_memory.o
                0x0800185c                _sbrk
 .text.BUS_RegBitWrite
                0x08001898       0x48 ./gecko_sdk_4.2.2/platform/driver/debug/src/sl_debug_swo.o
 .text.GPIO_DbgSWOEnable
                0x080018e0       0x30 ./gecko_sdk_4.2.2/platform/driver/debug/src/sl_debug_swo.o
 .text.sl_debug_swo_init
                0x08001910      0x168 ./gecko_sdk_4.2.2/platform/driver/debug/src/sl_debug_swo.o
                0x08001910                sl_debug_swo_init
 .text.DMADRV_AllocateChannel
                0x08001a78       0xa0 ./gecko_sdk_4.2.2/platform/emdrv/dmadrv/src/dmadrv.o
                0x08001a78                DMADRV_AllocateChannel
 .text.DMADRV_DeInit
                0x08001b18       0x78 ./gecko_sdk_4.2.2/platform/emdrv/dmadrv/src/dmadrv.o
                0x08001b18                DMADRV_DeInit
 .text.DMADRV_FreeChannel
                0x08001b90       0x74 ./gecko_sdk_4.2.2/platform/emdrv/dmadrv/src/dmadrv.o
                0x08001b90                DMADRV_FreeChannel
 .text.DMADRV_Init
                0x08001c04       0x7c ./gecko_sdk_4.2.2/platform/emdrv/dmadrv/src/dmadrv.o
                0x08001c04                DMADRV_Init
 .text.DMADRV_PauseTransfer
                0x08001c80       0x64 ./gecko_sdk_4.2.2/platform/emdrv/dmadrv/src/dmadrv.o
                0x08001c80                DMADRV_PauseTransfer
 .text.DMADRV_ResumeTransfer
                0x08001ce4       0x64 ./gecko_sdk_4.2.2/platform/emdrv/dmadrv/src/dmadrv.o
                0x08001ce4                DMADRV_ResumeTransfer
 .text.DMADRV_StopTransfer
                0x08001d48       0x64 ./gecko_sdk_4.2.2/platform/emdrv/dmadrv/src/dmadrv.o
                0x08001d48                DMADRV_StopTransfer
 .text.DMADRV_TransferCompletePending
                0x08001dac       0x84 ./gecko_sdk_4.2.2/platform/emdrv/dmadrv/src/dmadrv.o
                0x08001dac                DMADRV_TransferCompletePending
 .text.DMADRV_TransferDone
                0x08001e30       0x74 ./gecko_sdk_4.2.2/platform/emdrv/dmadrv/src/dmadrv.o
                0x08001e30                DMADRV_TransferDone
 .text.LDMA_IRQHandler
                0x08001ea4       0xec ./gecko_sdk_4.2.2/platform/emdrv/dmadrv/src/dmadrv.o
                0x08001ea4                LDMA_IRQHandler
 .text.StartTransfer
                0x08001f90      0x21c ./gecko_sdk_4.2.2/platform/emdrv/dmadrv/src/dmadrv.o
 .text.__NVIC_EnableIRQ
                0x080021ac       0x34 ./gecko_sdk_4.2.2/platform/emdrv/gpiointerrupt/src/gpiointerrupt.o
 .text.__NVIC_ClearPendingIRQ
                0x080021e0       0x38 ./gecko_sdk_4.2.2/platform/emdrv/gpiointerrupt/src/gpiointerrupt.o
 .text.GPIO_IntClear
                0x08002218       0x1c ./gecko_sdk_4.2.2/platform/emdrv/gpiointerrupt/src/gpiointerrupt.o
 .text.GPIO_IntGetEnabled
                0x08002234       0x20 ./gecko_sdk_4.2.2/platform/emdrv/gpiointerrupt/src/gpiointerrupt.o
 .text.GPIOINT_CallbackRegister
                0x08002254       0x44 ./gecko_sdk_4.2.2/platform/emdrv/gpiointerrupt/src/gpiointerrupt.o
                0x08002254                GPIOINT_CallbackRegister
 .text.GPIOINT_IRQDispatcher
                0x08002298       0x74 ./gecko_sdk_4.2.2/platform/emdrv/gpiointerrupt/src/gpiointerrupt.o
 .text.BUS_RegBitWrite
                0x0800230c       0x48 ./gecko_sdk_4.2.2/platform/emlib/src/em_cmu.o
 .text.EMU_VScaleWait
                0x08002354       0x1c ./gecko_sdk_4.2.2/platform/emlib/src/em_cmu.o
 .text.EMU_VScaleGet
                0x08002370       0x1c ./gecko_sdk_4.2.2/platform/emlib/src/em_cmu.o
 .text.MSC_LockGetLocked
                0x0800238c       0x1c ./gecko_sdk_4.2.2/platform/emlib/src/em_cmu.o
 .text.MSC_LockSetLocked
                0x080023a8       0x10 ./gecko_sdk_4.2.2/platform/emlib/src/em_cmu.o
 .text.MSC_LockSetUnlocked
                0x080023b8       0x10 ./gecko_sdk_4.2.2/platform/emlib/src/em_cmu.o
 .text.MSC_ReadCTRLGet
                0x080023c8        0xc ./gecko_sdk_4.2.2/platform/emlib/src/em_cmu.o
 .text.MSC_ReadCTRLSet
                0x080023d4       0x14 ./gecko_sdk_4.2.2/platform/emlib/src/em_cmu.o
 .text.CMU_ClockDivGet
                0x080023e8       0xec ./gecko_sdk_4.2.2/platform/emlib/src/em_cmu.o
                0x080023e8                CMU_ClockDivGet
 .text.CMU_ClockDivSet
                0x080024d4      0x1b0 ./gecko_sdk_4.2.2/platform/emlib/src/em_cmu.o
                0x080024d4                CMU_ClockDivSet
 .text.CMU_ClockEnable
                0x08002684       0x74 ./gecko_sdk_4.2.2/platform/emlib/src/em_cmu.o
                0x08002684                CMU_ClockEnable
 .text.CMU_ClockFreqGet
                0x080026f8      0x6a8 ./gecko_sdk_4.2.2/platform/emlib/src/em_cmu.o
                0x080026f8                CMU_ClockFreqGet
 .text.CMU_ClockSelectGet
                0x08002da0      0x3e4 ./gecko_sdk_4.2.2/platform/emlib/src/em_cmu.o
                0x08002da0                CMU_ClockSelectGet
 .text.sli_em_cmu_HFXOSetForceEnable
                0x08003184       0x28 ./gecko_sdk_4.2.2/platform/emlib/src/em_cmu.o
                0x08003184                sli_em_cmu_HFXOSetForceEnable
 .text.CMU_HFXOInit
                0x080031ac      0x2f4 ./gecko_sdk_4.2.2/platform/emlib/src/em_cmu.o
                0x080031ac                CMU_HFXOInit
 .text.CMU_HFXOCTuneDeltaGet
                0x080034a0       0x10 ./gecko_sdk_4.2.2/platform/emlib/src/em_cmu.o
                0x080034a0                CMU_HFXOCTuneDeltaGet
 .text.CMU_LFXOInit
                0x080034b0      0x120 ./gecko_sdk_4.2.2/platform/emlib/src/em_cmu.o
                0x080034b0                CMU_LFXOInit
 .text.CMU_LFXOPrecisionSet
                0x080035d0       0x1c ./gecko_sdk_4.2.2/platform/emlib/src/em_cmu.o
                0x080035d0                CMU_LFXOPrecisionSet
 .text.eusart0ClkGet
                0x080035ec       0xa8 ./gecko_sdk_4.2.2/platform/emlib/src/em_cmu.o
 .text.em01GrpcClkGet
                0x08003694       0xbc ./gecko_sdk_4.2.2/platform/emlib/src/em_cmu.o
 .text.vdac0ClkGet
                0x08003750       0xa8 ./gecko_sdk_4.2.2/platform/emlib/src/em_cmu.o
 .text.vdac1ClkGet
                0x080037f8       0xa8 ./gecko_sdk_4.2.2/platform/emlib/src/em_cmu.o
 .text.pcnt0ClkGet
                0x080038a0       0x74 ./gecko_sdk_4.2.2/platform/emlib/src/em_cmu.o
 .text.rhclkPrescMax
                0x08003914       0x18 ./gecko_sdk_4.2.2/platform/emlib/src/em_cmu.o
 .text.rhclkPrescOptimize
                0x0800392c       0x2c ./gecko_sdk_4.2.2/platform/emlib/src/em_cmu.o
 .text.traceClkGet
                0x08003958       0x84 ./gecko_sdk_4.2.2/platform/emlib/src/em_cmu.o
 .text.dpllRefClkGet
                0x080039dc       0x94 ./gecko_sdk_4.2.2/platform/emlib/src/em_cmu.o
 .text.em01GrpaClkGet
                0x08003a70       0xbc ./gecko_sdk_4.2.2/platform/emlib/src/em_cmu.o
 .text.em23GrpaClkGet
                0x08003b2c       0x84 ./gecko_sdk_4.2.2/platform/emlib/src/em_cmu.o
 .text.em4GrpaClkGet
                0x08003bb0       0x84 ./gecko_sdk_4.2.2/platform/emlib/src/em_cmu.o
 .text.getWaitStatesByFrequencyAndVScale
                0x08003c34       0x54 ./gecko_sdk_4.2.2/platform/emlib/src/em_cmu.o
 .text.flashWaitStateControl
                0x08003c88       0x70 ./gecko_sdk_4.2.2/platform/emlib/src/em_cmu.o
 .text.iadcClkGet
                0x08003cf8       0x8c ./gecko_sdk_4.2.2/platform/emlib/src/em_cmu.o
 .text.pclkDivOptimize
                0x08003d84       0x34 ./gecko_sdk_4.2.2/platform/emlib/src/em_cmu.o
 .text.sysrtcClkGet
                0x08003db8       0x84 ./gecko_sdk_4.2.2/platform/emlib/src/em_cmu.o
 .text.wdog0ClkGet
                0x08003e3c       0xa0 ./gecko_sdk_4.2.2/platform/emlib/src/em_cmu.o
 .text.wdog1ClkGet
                0x08003edc       0xa0 ./gecko_sdk_4.2.2/platform/emlib/src/em_cmu.o
 .text.sysTickClkGet
                0x08003f7c       0x58 ./gecko_sdk_4.2.2/platform/emlib/src/em_cmu.o
 .text.CORE_NvicIRQDisabled
                0x08003fd4       0x60 ./gecko_sdk_4.2.2/platform/emlib/src/em_core.o
                0x08003fd4                CORE_NvicIRQDisabled
 .text.EMU_DCDCLock
                0x08004034       0x14 ./gecko_sdk_4.2.2/platform/emlib/src/em_emu.o
 .text.EMU_DCDCUnlock
                0x08004048       0x10 ./gecko_sdk_4.2.2/platform/emlib/src/em_emu.o
 .text.EMU_DCDCSync
                0x08004058       0x20 ./gecko_sdk_4.2.2/platform/emlib/src/em_emu.o
 .text.EMU_VScaleWait
                0x08004078       0x1c ./gecko_sdk_4.2.2/platform/emlib/src/em_emu.o
 .text.EMU_VScaleGet
                0x08004094       0x1c ./gecko_sdk_4.2.2/platform/emlib/src/em_emu.o
 .text.EMU_EM01Init
                0x080040b0       0x24 ./gecko_sdk_4.2.2/platform/emlib/src/em_emu.o
                0x080040b0                EMU_EM01Init
 .text.EMU_EM23Init
                0x080040d4       0x24 ./gecko_sdk_4.2.2/platform/emlib/src/em_emu.o
                0x080040d4                EMU_EM23Init
 .text.EMU_EnterEM2
                0x080040f8       0x48 ./gecko_sdk_4.2.2/platform/emlib/src/em_emu.o
                0x080040f8                EMU_EnterEM2
 .text.EMU_EnterEM3
                0x08004140       0x40 ./gecko_sdk_4.2.2/platform/emlib/src/em_emu.o
                0x08004140                EMU_EnterEM3
 .text.EMU_EM4Init
                0x08004180       0x24 ./gecko_sdk_4.2.2/platform/emlib/src/em_emu.o
                0x08004180                EMU_EM4Init
 .text.EMU_VScaleEM01ByClock
                0x080041a4       0x5c ./gecko_sdk_4.2.2/platform/emlib/src/em_emu.o
                0x080041a4                EMU_VScaleEM01ByClock
 .text.EMU_VScaleEM01
                0x08004200       0xdc ./gecko_sdk_4.2.2/platform/emlib/src/em_emu.o
                0x08004200                EMU_VScaleEM01
 .text.EMU_DCDCModeSet
                0x080042dc       0xc0 ./gecko_sdk_4.2.2/platform/emlib/src/em_emu.o
                0x080042dc                EMU_DCDCModeSet
 .text.EMU_DCDCInit
                0x0800439c       0xa8 ./gecko_sdk_4.2.2/platform/emlib/src/em_emu.o
                0x0800439c                EMU_DCDCInit
 .text.EMU_DCDCSetPFMXModePeakCurrent
                0x08004444       0xb4 ./gecko_sdk_4.2.2/platform/emlib/src/em_emu.o
                0x08004444                EMU_DCDCSetPFMXModePeakCurrent
 .text.EUSART_SpiInit
                0x080044f8       0xe8 ./gecko_sdk_4.2.2/platform/emlib/src/em_eusart.o
                0x080044f8                EUSART_SpiInit
 .text.EUSART_Reset
                0x080045e0       0xa4 ./gecko_sdk_4.2.2/platform/emlib/src/em_eusart.o
                0x080045e0                EUSART_Reset
 .text.EUSART_Enable
                0x08004684       0xbc ./gecko_sdk_4.2.2/platform/emlib/src/em_eusart.o
                0x08004684                EUSART_Enable
 .text.EUSART_BaudrateSet
                0x08004740      0x290 ./gecko_sdk_4.2.2/platform/emlib/src/em_eusart.o
                0x08004740                EUSART_BaudrateSet
 .text.EUSART_ClockGet
                0x080049d0       0x48 ./gecko_sdk_4.2.2/platform/emlib/src/em_eusart.o
 .text.EUSART_SyncInitCommon
                0x08004a18      0x240 ./gecko_sdk_4.2.2/platform/emlib/src/em_eusart.o
 .text.BUS_RegBitWrite
                0x08004c58       0x48 ./gecko_sdk_4.2.2/platform/emlib/src/em_gpio.o
 .text.GPIO_IntClear
                0x08004ca0       0x1c ./gecko_sdk_4.2.2/platform/emlib/src/em_gpio.o
 .text.GPIO_PinOutClear
                0x08004cbc       0x84 ./gecko_sdk_4.2.2/platform/emlib/src/em_gpio.o
 .text.GPIO_PinOutSet
                0x08004d40       0x84 ./gecko_sdk_4.2.2/platform/emlib/src/em_gpio.o
 .text.GPIO_ExtIntConfig
                0x08004dc4      0x16c ./gecko_sdk_4.2.2/platform/emlib/src/em_gpio.o
                0x08004dc4                GPIO_ExtIntConfig
 .text.GPIO_PinModeSet
                0x08004f30      0x124 ./gecko_sdk_4.2.2/platform/emlib/src/em_gpio.o
                0x08004f30                GPIO_PinModeSet
 .text.BUS_RegBitWrite
                0x08005054       0x48 ./gecko_sdk_4.2.2/platform/emlib/src/em_i2c.o
 .text.I2C_BusFreqSet
                0x0800509c      0x1a8 ./gecko_sdk_4.2.2/platform/emlib/src/em_i2c.o
                0x0800509c                I2C_BusFreqSet
 .text.I2C_Enable
                0x08005244       0x48 ./gecko_sdk_4.2.2/platform/emlib/src/em_i2c.o
                0x08005244                I2C_Enable
 .text.I2C_Init
                0x0800528c       0x7c ./gecko_sdk_4.2.2/platform/emlib/src/em_i2c.o
                0x0800528c                I2C_Init
 .text.I2C_Transfer
                0x08005308      0x4c8 ./gecko_sdk_4.2.2/platform/emlib/src/em_i2c.o
                0x08005308                I2C_Transfer
 .text.I2C_TransferInit
                0x080057d0       0xf8 ./gecko_sdk_4.2.2/platform/emlib/src/em_i2c.o
                0x080057d0                I2C_TransferInit
 .text.__NVIC_EnableIRQ
                0x080058c8       0x34 ./gecko_sdk_4.2.2/platform/emlib/src/em_ldma.o
 .text.__NVIC_DisableIRQ
                0x080058fc       0x44 ./gecko_sdk_4.2.2/platform/emlib/src/em_ldma.o
 .text.__NVIC_ClearPendingIRQ
                0x08005940       0x38 ./gecko_sdk_4.2.2/platform/emlib/src/em_ldma.o
 .text.__NVIC_SetPriority
                0x08005978       0x50 ./gecko_sdk_4.2.2/platform/emlib/src/em_ldma.o
 .text.BUS_RegBitWrite
                0x080059c8       0x48 ./gecko_sdk_4.2.2/platform/emlib/src/em_ldma.o
 .text.LDMA_DeInit
                0x08005a10       0x34 ./gecko_sdk_4.2.2/platform/emlib/src/em_ldma.o
                0x08005a10                LDMA_DeInit
 .text.LDMA_EnableChannelRequest
                0x08005a44       0x40 ./gecko_sdk_4.2.2/platform/emlib/src/em_ldma.o
                0x08005a44                LDMA_EnableChannelRequest
 .text.LDMA_Init
                0x08005a84       0xec ./gecko_sdk_4.2.2/platform/emlib/src/em_ldma.o
                0x08005a84                LDMA_Init
 .text.LDMA_StartTransfer
                0x08005b70      0x208 ./gecko_sdk_4.2.2/platform/emlib/src/em_ldma.o
                0x08005b70                LDMA_StartTransfer
 .text.LDMA_StopTransfer
                0x08005d78       0x54 ./gecko_sdk_4.2.2/platform/emlib/src/em_ldma.o
                0x08005d78                LDMA_StopTransfer
 .text.LDMA_TransferDone
                0x08005dcc       0x68 ./gecko_sdk_4.2.2/platform/emlib/src/em_ldma.o
                0x08005dcc                LDMA_TransferDone
 .text.TIMER_Valid
                0x08005e34       0x54 ./gecko_sdk_4.2.2/platform/emlib/src/em_timer.o
 .text.TIMER_Init
                0x08005e88      0x130 ./gecko_sdk_4.2.2/platform/emlib/src/em_timer.o
                0x08005e88                TIMER_Init
 .text.prsRxInput
                0x08005fb8       0x38 ./gecko_sdk_4.2.2/platform/emlib/src/em_usart.o
 .text.USART_BaudrateAsyncSet
                0x08005ff0      0x14c ./gecko_sdk_4.2.2/platform/emlib/src/em_usart.o
                0x08005ff0                USART_BaudrateAsyncSet
 .text.USART_Enable
                0x0800613c       0x70 ./gecko_sdk_4.2.2/platform/emlib/src/em_usart.o
                0x0800613c                USART_Enable
 .text.USART_InitAsync
                0x080061ac      0x134 ./gecko_sdk_4.2.2/platform/emlib/src/em_usart.o
                0x080061ac                USART_InitAsync
 .text.USART_Reset
                0x080062e0       0xa0 ./gecko_sdk_4.2.2/platform/emlib/src/em_usart.o
                0x080062e0                USART_Reset
 .text.sl_sysrtc_wait_sync
                0x08006380       0x20 ./gecko_sdk_4.2.2/platform/peripheral/src/peripheral_sysrtc.o
 .text.sl_sysrtc_wait_ready
                0x080063a0       0x2c ./gecko_sdk_4.2.2/platform/peripheral/src/peripheral_sysrtc.o
 .text.sl_sysrtc_stop
                0x080063cc       0x14 ./gecko_sdk_4.2.2/platform/peripheral/src/peripheral_sysrtc.o
 .text.sl_sysrtc_init
                0x080063e0       0x38 ./gecko_sdk_4.2.2/platform/peripheral/src/peripheral_sysrtc.o
                0x080063e0                sl_sysrtc_init
 .text.sl_sysrtc_enable
                0x08006418       0x20 ./gecko_sdk_4.2.2/platform/peripheral/src/peripheral_sysrtc.o
                0x08006418                sl_sysrtc_enable
 .text.sl_sysrtc_disable
                0x08006438       0x24 ./gecko_sdk_4.2.2/platform/peripheral/src/peripheral_sysrtc.o
                0x08006438                sl_sysrtc_disable
 .text.sl_sysrtc_init_group
                0x0800645c       0xbc ./gecko_sdk_4.2.2/platform/peripheral/src/peripheral_sysrtc.o
                0x0800645c                sl_sysrtc_init_group
 .text.sl_sysrtc_enable_group_interrupts
                0x08006518       0x44 ./gecko_sdk_4.2.2/platform/peripheral/src/peripheral_sysrtc.o
                0x08006518                sl_sysrtc_enable_group_interrupts
 .text.sl_sysrtc_disable_group_interrupts
                0x0800655c       0x44 ./gecko_sdk_4.2.2/platform/peripheral/src/peripheral_sysrtc.o
                0x0800655c                sl_sysrtc_disable_group_interrupts
 .text.sl_sysrtc_clear_group_interrupts
                0x080065a0       0x44 ./gecko_sdk_4.2.2/platform/peripheral/src/peripheral_sysrtc.o
                0x080065a0                sl_sysrtc_clear_group_interrupts
 .text.sl_sysrtc_get_group_interrupts
                0x080065e4       0x3c ./gecko_sdk_4.2.2/platform/peripheral/src/peripheral_sysrtc.o
                0x080065e4                sl_sysrtc_get_group_interrupts
 .text.sl_sysrtc_get_group_compare_channel_value
                0x08006620       0x5c ./gecko_sdk_4.2.2/platform/peripheral/src/peripheral_sysrtc.o
                0x08006620                sl_sysrtc_get_group_compare_channel_value
 .text.sl_sysrtc_set_group_compare_channel_value
                0x0800667c       0x5c ./gecko_sdk_4.2.2/platform/peripheral/src/peripheral_sysrtc.o
                0x0800667c                sl_sysrtc_set_group_compare_channel_value
 .text.sl_device_init_dcdc
                0x080066d8       0x34 ./gecko_sdk_4.2.2/platform/service/device_init/src/sl_device_init_dcdc_s2.o
                0x080066d8                sl_device_init_dcdc
 .text.sl_device_init_emu
                0x0800670c       0x34 ./gecko_sdk_4.2.2/platform/service/device_init/src/sl_device_init_emu_s2.o
                0x0800670c                sl_device_init_emu
 .text.sl_device_init_hfxo
                0x08006740       0xc4 ./gecko_sdk_4.2.2/platform/service/device_init/src/sl_device_init_hfxo_s2.o
                0x08006740                sl_device_init_hfxo
 .text.sl_device_init_lfxo
                0x08006804       0x3c ./gecko_sdk_4.2.2/platform/service/device_init/src/sl_device_init_lfxo_s2.o
                0x08006804                sl_device_init_lfxo
 .text.__NVIC_SetPriority
                0x08006840       0x50 ./gecko_sdk_4.2.2/platform/service/device_init/src/sl_device_init_nvic.o
 .text.sl_hfxo_manager_init
                0x08006890       0x88 ./gecko_sdk_4.2.2/platform/service/hfxo_manager/src/sl_hfxo_manager.o
                0x08006890                sl_hfxo_manager_init
 .text.sli_hfxo_manager_begin_startup_measurement
                0x08006918       0x20 ./gecko_sdk_4.2.2/platform/service/hfxo_manager/src/sl_hfxo_manager.o
                0x08006918                sli_hfxo_manager_begin_startup_measurement
 .text.sli_hfxo_manager_end_startup_measurement
                0x08006938       0xc8 ./gecko_sdk_4.2.2/platform/service/hfxo_manager/src/sl_hfxo_manager.o
                0x08006938                sli_hfxo_manager_end_startup_measurement
 .text.sli_hfxo_manager_get_startup_time
                0x08006a00        0xc ./gecko_sdk_4.2.2/platform/service/hfxo_manager/src/sl_hfxo_manager.o
                0x08006a00                sli_hfxo_manager_get_startup_time
 .text.__NVIC_EnableIRQ
                0x08006a0c       0x34 ./gecko_sdk_4.2.2/platform/service/hfxo_manager/src/sl_hfxo_manager_hal_s2.o
 .text.__NVIC_ClearPendingIRQ
                0x08006a40       0x38 ./gecko_sdk_4.2.2/platform/service/hfxo_manager/src/sl_hfxo_manager_hal_s2.o
 .text.__NVIC_SetPriority
                0x08006a78       0x50 ./gecko_sdk_4.2.2/platform/service/hfxo_manager/src/sl_hfxo_manager_hal_s2.o
 .text.sli_hfxo_manager_init_hardware
                0x08006ac8       0x58 ./gecko_sdk_4.2.2/platform/service/hfxo_manager/src/sl_hfxo_manager_hal_s2.o
                0x08006ac8                sli_hfxo_manager_init_hardware
 .text.sli_hfxo_manager_is_hfxo_ready
                0x08006b20       0x68 ./gecko_sdk_4.2.2/platform/service/hfxo_manager/src/sl_hfxo_manager_hal_s2.o
                0x08006b20                sli_hfxo_manager_is_hfxo_ready
 .text.sl_hfxo_manager_irq_handler
                0x08006b88       0x64 ./gecko_sdk_4.2.2/platform/service/hfxo_manager/src/sl_hfxo_manager_hal_s2.o
                0x08006b88                sl_hfxo_manager_irq_handler
 .text.sl_iostream_set_default
                0x08006bec       0x28 ./gecko_sdk_4.2.2/platform/service/iostream/src/sl_iostream.o
                0x08006bec                sl_iostream_set_default
 .text.sl_iostream_get_default
                0x08006c14       0x28 ./gecko_sdk_4.2.2/platform/service/iostream/src/sl_iostream.o
                0x08006c14                sl_iostream_get_default
 .text._write   0x08006c3c       0x34 ./gecko_sdk_4.2.2/platform/service/iostream/src/sl_iostream_retarget_stdio.o
                0x08006c3c                _write
 .text.sl_iostream_stdlib_disable_buffering
                0x08006c70       0x1c ./gecko_sdk_4.2.2/platform/service/iostream/src/sl_iostream_stdlib_config.o
                0x08006c70                sl_iostream_stdlib_disable_buffering
 .text.__NVIC_EnableIRQ
                0x08006c8c       0x34 ./gecko_sdk_4.2.2/platform/service/iostream/src/sl_iostream_uart.o
 .text.__NVIC_DisableIRQ
                0x08006cc0       0x44 ./gecko_sdk_4.2.2/platform/service/iostream/src/sl_iostream_uart.o
 .text.__NVIC_ClearPendingIRQ
                0x08006d04       0x38 ./gecko_sdk_4.2.2/platform/service/iostream/src/sl_iostream_uart.o
 .text.sli_iostream_uart_context_init
                0x08006d3c      0x1e0 ./gecko_sdk_4.2.2/platform/service/iostream/src/sl_iostream_uart.o
                0x08006d3c                sli_iostream_uart_context_init
 .text.sli_uart_txc
                0x08006f1c       0x60 ./gecko_sdk_4.2.2/platform/service/iostream/src/sl_iostream_uart.o
                0x08006f1c                sli_uart_txc
 .text.uart_deinit
                0x08006f7c       0xec ./gecko_sdk_4.2.2/platform/service/iostream/src/sl_iostream_uart.o
 .text.scan_for_ctrl_char
                0x08007068       0xbc ./gecko_sdk_4.2.2/platform/service/iostream/src/sl_iostream_uart.o
 .text.dma_irq_handler
                0x08007124       0xd0 ./gecko_sdk_4.2.2/platform/service/iostream/src/sl_iostream_uart.o
 .text.get_write_ptr
                0x080071f4       0x54 ./gecko_sdk_4.2.2/platform/service/iostream/src/sl_iostream_uart.o
 .text.update_ring_buffer
                0x08007248      0x148 ./gecko_sdk_4.2.2/platform/service/iostream/src/sl_iostream_uart.o
 .text.read_rx_buffer
                0x08007390      0x1cc ./gecko_sdk_4.2.2/platform/service/iostream/src/sl_iostream_uart.o
 .text.sl_iostream_usart_init
                0x0800755c      0x280 ./gecko_sdk_4.2.2/platform/service/iostream/src/sl_iostream_usart.o
                0x0800755c                sl_iostream_usart_init
 .text.sl_iostream_usart_irq_handler
                0x080077dc      0x120 ./gecko_sdk_4.2.2/platform/service/iostream/src/sl_iostream_usart.o
                0x080077dc                sl_iostream_usart_irq_handler
 .text.sl_power_manager_init
                0x080078fc       0x80 ./gecko_sdk_4.2.2/platform/service/power_manager/src/sl_power_manager.o
                0x080078fc                sl_power_manager_init
 .text.sl_power_manager_sleep
                0x0800797c      0x204 ./gecko_sdk_4.2.2/platform/service/power_manager/src/sl_power_manager.o
                0x0800797c                sl_power_manager_sleep
 .text.sli_power_manager_update_em_requirement
                0x08007b80      0x108 ./gecko_sdk_4.2.2/platform/service/power_manager/src/sl_power_manager.o
                0x08007b80                sli_power_manager_update_em_requirement
 .text.sli_power_manager_get_restore_delay
                0x08007c88       0x48 ./gecko_sdk_4.2.2/platform/service/power_manager/src/sl_power_manager.o
                0x08007c88                sli_power_manager_get_restore_delay
 .text.sl_power_manager_subscribe_em_transition_event
                0x08007cd0       0x30 ./gecko_sdk_4.2.2/platform/service/power_manager/src/sl_power_manager.o
                0x08007cd0                sl_power_manager_subscribe_em_transition_event
 .text.sl_power_manager_schedule_wakeup_get_restore_overhead_tick
                0x08007d00       0x14 ./gecko_sdk_4.2.2/platform/service/power_manager/src/sl_power_manager.o
                0x08007d00                sl_power_manager_schedule_wakeup_get_restore_overhead_tick
 .text.sli_power_manager_convert_delay_us_to_tick
                0x08007d14       0x2c ./gecko_sdk_4.2.2/platform/service/power_manager/src/sl_power_manager.o
                0x08007d14                sli_power_manager_convert_delay_us_to_tick
 .text.sl_power_manager_is_latest_wakeup_internal
                0x08007d40       0x4c ./gecko_sdk_4.2.2/platform/service/power_manager/src/sl_power_manager.o
                0x08007d40                sl_power_manager_is_latest_wakeup_internal
 .text.get_lowest_em
                0x08007d8c       0x34 ./gecko_sdk_4.2.2/platform/service/power_manager/src/sl_power_manager.o
 .text.power_manager_notify_em_transition
                0x08007dc0       0xec ./gecko_sdk_4.2.2/platform/service/power_manager/src/sl_power_manager.o
 .text.evaluate_wakeup
                0x08007eac       0xf8 ./gecko_sdk_4.2.2/platform/service/power_manager/src/sl_power_manager.o
 .text.update_em1_requirement
                0x08007fa4       0x94 ./gecko_sdk_4.2.2/platform/service/power_manager/src/sl_power_manager.o
 .text.clock_restore_and_wait
                0x08008038       0x88 ./gecko_sdk_4.2.2/platform/service/power_manager/src/sl_power_manager.o
 .text.clock_restore
                0x080080c0       0x6c ./gecko_sdk_4.2.2/platform/service/power_manager/src/sl_power_manager.o
 .text.on_clock_wakeup_timeout
                0x0800812c       0x34 ./gecko_sdk_4.2.2/platform/service/power_manager/src/sl_power_manager.o
 .text.sli_hfxo_manager_notify_ready_for_power_manager
                0x08008160       0x48 ./gecko_sdk_4.2.2/platform/service/power_manager/src/sl_power_manager.o
                0x08008160                sli_hfxo_manager_notify_ready_for_power_manager
 .text.EMU_EnterEM1
                0x080081a8       0x18 ./gecko_sdk_4.2.2/platform/service/power_manager/src/sl_power_manager_hal_s2.o
 .text.sli_power_manager_init_hardware
                0x080081c0      0x210 ./gecko_sdk_4.2.2/platform/service/power_manager/src/sl_power_manager_hal_s2.o
                0x080081c0                sli_power_manager_init_hardware
 .text.sli_power_manager_em23_voltage_scaling_enable_fast_wakeup
                0x080083d0       0x88 ./gecko_sdk_4.2.2/platform/service/power_manager/src/sl_power_manager_hal_s2.o
                0x080083d0                sli_power_manager_em23_voltage_scaling_enable_fast_wakeup
 .text.EMU_EM23PresleepHook
                0x08008458       0x30 ./gecko_sdk_4.2.2/platform/service/power_manager/src/sl_power_manager_hal_s2.o
                0x08008458                EMU_EM23PresleepHook
 .text.EMU_EM23PostsleepHook
                0x08008488       0x70 ./gecko_sdk_4.2.2/platform/service/power_manager/src/sl_power_manager_hal_s2.o
                0x08008488                EMU_EM23PostsleepHook
 .text.sli_power_manager_handle_pre_deepsleep_operations
                0x080084f8       0x10 ./gecko_sdk_4.2.2/platform/service/power_manager/src/sl_power_manager_hal_s2.o
                0x080084f8                sli_power_manager_handle_pre_deepsleep_operations
 .text.sli_power_manager_restore_high_freq_accuracy_clk
                0x08008508       0x70 ./gecko_sdk_4.2.2/platform/service/power_manager/src/sl_power_manager_hal_s2.o
                0x08008508                sli_power_manager_restore_high_freq_accuracy_clk
 .text.sli_power_manager_is_high_freq_accuracy_clk_ready
                0x08008578       0x34 ./gecko_sdk_4.2.2/platform/service/power_manager/src/sl_power_manager_hal_s2.o
                0x08008578                sli_power_manager_is_high_freq_accuracy_clk_ready
 .text.sli_power_manager_restore_states
                0x080085ac       0x48 ./gecko_sdk_4.2.2/platform/service/power_manager/src/sl_power_manager_hal_s2.o
                0x080085ac                sli_power_manager_restore_states
 .text.sli_power_manager_apply_em
                0x080085f4       0x50 ./gecko_sdk_4.2.2/platform/service/power_manager/src/sl_power_manager_hal_s2.o
                0x080085f4                sli_power_manager_apply_em
 .text.sli_power_manager_get_wakeup_process_time_overhead
                0x08008644       0x3c ./gecko_sdk_4.2.2/platform/service/power_manager/src/sl_power_manager_hal_s2.o
                0x08008644                sli_power_manager_get_wakeup_process_time_overhead
 .text.sl_sleeptimer_init
                0x08008680       0xa0 ./gecko_sdk_4.2.2/platform/service/sleeptimer/src/sl_sleeptimer.o
                0x08008680                sl_sleeptimer_init
 .text.sl_sleeptimer_stop_timer
                0x08008720       0x80 ./gecko_sdk_4.2.2/platform/service/sleeptimer/src/sl_sleeptimer.o
                0x08008720                sl_sleeptimer_stop_timer
 .text.sl_sleeptimer_get_remaining_time_of_first_timer
                0x080087a0       0x94 ./gecko_sdk_4.2.2/platform/service/sleeptimer/src/sl_sleeptimer.o
                0x080087a0                sl_sleeptimer_get_remaining_time_of_first_timer
 .text.sli_sleeptimer_is_power_manager_timer_next_to_expire
                0x08008834       0x18 ./gecko_sdk_4.2.2/platform/service/sleeptimer/src/sl_sleeptimer.o
                0x08008834                sli_sleeptimer_is_power_manager_timer_next_to_expire
 .text.sl_sleeptimer_get_timer_frequency
                0x0800884c        0xc ./gecko_sdk_4.2.2/platform/service/sleeptimer/src/sl_sleeptimer.o
                0x0800884c                sl_sleeptimer_get_timer_frequency
 .text.process_timer_irq
                0x08008858      0x258 ./gecko_sdk_4.2.2/platform/service/sleeptimer/src/sl_sleeptimer.o
                0x08008858                process_timer_irq
 .text.delta_list_insert_timer
                0x08008ab0       0xd4 ./gecko_sdk_4.2.2/platform/service/sleeptimer/src/sl_sleeptimer.o
 .text.delta_list_remove_timer
                0x08008b84       0x74 ./gecko_sdk_4.2.2/platform/service/sleeptimer/src/sl_sleeptimer.o
 .text.set_comparator_for_next_timer
                0x08008bf8       0x4c ./gecko_sdk_4.2.2/platform/service/sleeptimer/src/sl_sleeptimer.o
 .text.update_delta_list
                0x08008c44       0x70 ./gecko_sdk_4.2.2/platform/service/sleeptimer/src/sl_sleeptimer.o
 .text.create_timer
                0x08008cb4       0xa8 ./gecko_sdk_4.2.2/platform/service/sleeptimer/src/sl_sleeptimer.o
 .text.update_next_timer_to_expire_is_power_manager
                0x08008d5c       0x58 ./gecko_sdk_4.2.2/platform/service/sleeptimer/src/sl_sleeptimer.o
 .text.sl_sleeptimer_is_power_manager_early_restore_timer_latest_to_expire
                0x08008db4       0x28 ./gecko_sdk_4.2.2/platform/service/sleeptimer/src/sl_sleeptimer.o
                0x08008db4                sl_sleeptimer_is_power_manager_early_restore_timer_latest_to_expire
 .text.__NVIC_EnableIRQ
                0x08008ddc       0x34 ./gecko_sdk_4.2.2/platform/service/sleeptimer/src/sl_sleeptimer_hal_sysrtc.o
 .text.__NVIC_ClearPendingIRQ
                0x08008e10       0x38 ./gecko_sdk_4.2.2/platform/service/sleeptimer/src/sl_sleeptimer_hal_sysrtc.o
 .text.sl_sysrtc_wait_sync
                0x08008e48       0x20 ./gecko_sdk_4.2.2/platform/service/sleeptimer/src/sl_sleeptimer_hal_sysrtc.o
 .text.sl_sysrtc_get_counter
                0x08008e68       0x14 ./gecko_sdk_4.2.2/platform/service/sleeptimer/src/sl_sleeptimer_hal_sysrtc.o
 .text.sl_sysrtc_set_counter
                0x08008e7c       0x1c ./gecko_sdk_4.2.2/platform/service/sleeptimer/src/sl_sleeptimer_hal_sysrtc.o
 .text.sleeptimer_hal_set_compare
                0x08008e98       0xac ./gecko_sdk_4.2.2/platform/service/sleeptimer/src/sl_sleeptimer_hal_sysrtc.o
                0x08008e98                sleeptimer_hal_set_compare
 .text.sleeptimer_hal_disable_int
                0x08008f44       0x60 ./gecko_sdk_4.2.2/platform/service/sleeptimer/src/sl_sleeptimer_hal_sysrtc.o
                0x08008f44                sleeptimer_hal_disable_int
 .text.sleeptimer_hal_set_int
                0x08008fa4       0x2c ./gecko_sdk_4.2.2/platform/service/sleeptimer/src/sl_sleeptimer_hal_sysrtc.o
                0x08008fa4                sleeptimer_hal_set_int
 .text.sl_udelay_wait
                0x08008fd0       0x80 ./gecko_sdk_4.2.2/platform/service/udelay/src/sl_udelay.o
                0x08008fd0                sl_udelay_wait
 .text.__NVIC_EnableIRQ
                0x08009050       0x34 ./src/GPIO.o
 .text.__NVIC_ClearPendingIRQ
                0x08009084       0x38 ./src/GPIO.o
 .text.GPIO_PinOutClear
                0x080090bc       0x84 ./src/GPIO.o
 .text.init_GPIO
                0x08009140       0x90 ./src/GPIO.o
                0x08009140                init_GPIO
 .text.init_I2C0
                0x080091d0       0x90 ./src/I2C.o
                0x080091d0                init_I2C0
 .text.init_I2C1
                0x08009260       0x94 ./src/I2C.o
                0x08009260                init_I2C1
 .text.TIMER0_IRQHandler
                0x080092f4       0x34 ./src/irq.o
                0x080092f4                TIMER0_IRQHandler
 .text.accel_event_callback
                0x08009328       0x10 ./src/irq.o
                0x08009328                accel_event_callback
 .text.sos_event_callback
                0x08009338       0x10 ./src/irq.o
                0x08009338                sos_event_callback
 .text.gps_read_flag_set
                0x08009348       0x1c ./src/sam-m8q.o
                0x08009348                gps_read_flag_set
 .text.gps_enable_periodic_updates
                0x08009364      0x27c ./src/sam-m8q.o
                0x08009364                gps_enable_periodic_updates
 .text.__NVIC_EnableIRQ
                0x080095e0       0x34 ./src/timers.o
 .text.__NVIC_ClearPendingIRQ
                0x08009614       0x38 ./src/timers.o
 .text.TIMER_Valid
                0x0800964c       0x54 ./src/timers.o
 .text.TIMER_MaxCount
                0x080096a0       0xf0 ./src/timers.o
 .text.TIMER_Enable
                0x08009790       0x44 ./src/timers.o
 .text.TIMER_TopSet
                0x080097d4       0x48 ./src/timers.o
 .text.init_timer0
                0x0800981c       0x70 ./src/timers.o
                0x0800981c                init_timer0
 .text          0x0800988c      0x378 c:/siliconlabs/simplicitystudio/v5/developer/toolchains/gnu_arm/10.3_2021.10/bin/../lib/gcc/arm-none-eabi/10.3.1/thumb/v8-m.main+fp/hard\libgcc.a(_arm_addsubdf3.o)
                0x0800988c                __aeabi_drsub
                0x08009894                __aeabi_dsub
                0x08009894                __subdf3
                0x08009898                __aeabi_dadd
                0x08009898                __adddf3
                0x08009b10                __floatunsidf
                0x08009b10                __aeabi_ui2d
                0x08009b30                __floatsidf
                0x08009b30                __aeabi_i2d
                0x08009b54                __aeabi_f2d
                0x08009b54                __extendsfdf2
                0x08009b98                __floatundidf
                0x08009b98                __aeabi_ul2d
                0x08009ba8                __floatdidf
                0x08009ba8                __aeabi_l2d
 .text          0x08009c04      0x424 c:/siliconlabs/simplicitystudio/v5/developer/toolchains/gnu_arm/10.3_2021.10/bin/../lib/gcc/arm-none-eabi/10.3.1/thumb/v8-m.main+fp/hard\libgcc.a(_arm_muldivdf3.o)
                0x08009c04                __aeabi_dmul
                0x08009c04                __muldf3
                0x08009e58                __divdf3
                0x08009e58                __aeabi_ddiv
 .text          0x0800a028       0x50 c:/siliconlabs/simplicitystudio/v5/developer/toolchains/gnu_arm/10.3_2021.10/bin/../lib/gcc/arm-none-eabi/10.3.1/thumb/v8-m.main+fp/hard\libgcc.a(_arm_fixdfsi.o)
                0x0800a028                __aeabi_d2iz
                0x0800a028                __fixdfsi
 .text          0x0800a078       0x30 c:/siliconlabs/simplicitystudio/v5/developer/toolchains/gnu_arm/10.3_2021.10/bin/../lib/gcc/arm-none-eabi/10.3.1/thumb/v8-m.main+fp/hard\libgcc.a(_aeabi_uldivmod.o)
                0x0800a078                __aeabi_uldivmod
 .text          0x0800a0a8      0x2ec c:/siliconlabs/simplicitystudio/v5/developer/toolchains/gnu_arm/10.3_2021.10/bin/../lib/gcc/arm-none-eabi/10.3.1/thumb/v8-m.main+fp/hard\libgcc.a(_udivmoddi4.o)
                0x0800a0a8                __udivmoddi4
 .text          0x0800a394        0x4 c:/siliconlabs/simplicitystudio/v5/developer/toolchains/gnu_arm/10.3_2021.10/bin/../lib/gcc/arm-none-eabi/10.3.1/thumb/v8-m.main+fp/hard\libgcc.a(_dvmd_tls.o)
                0x0800a394                __aeabi_idiv0
                0x0800a394                __aeabi_ldiv0
 .text.exit     0x0800a398       0x28 c:/siliconlabs/simplicitystudio/v5/developer/toolchains/gnu_arm/10.3_2021.10/bin/../lib/gcc/arm-none-eabi/10.3.1/../../../../arm-none-eabi/lib/thumb/v8-m.main+fp/hard\libc_nano.a(lib_a-exit.o)
                0x0800a398                exit
 .text.__libc_init_array
                0x0800a3c0       0x48 c:/siliconlabs/simplicitystudio/v5/developer/toolchains/gnu_arm/10.3_2021.10/bin/../lib/gcc/arm-none-eabi/10.3.1/../../../../arm-none-eabi/lib/thumb/v8-m.main+fp/hard\libc_nano.a(lib_a-init.o)
                0x0800a3c0                __libc_init_array
 .text._printf_float
                0x0800a408      0x46c c:/siliconlabs/simplicitystudio/v5/developer/toolchains/gnu_arm/10.3_2021.10/bin/../lib/gcc/arm-none-eabi/10.3.1/../../../../arm-none-eabi/lib/thumb/v8-m.main+fp/hard\libc_nano.a(lib_a-nano-vfprintf_float.o)
                0x0800a408                _printf_float
 .text._printf_i
                0x0800a874      0x24c c:/siliconlabs/simplicitystudio/v5/developer/toolchains/gnu_arm/10.3_2021.10/bin/../lib/gcc/arm-none-eabi/10.3.1/../../../../arm-none-eabi/lib/thumb/v8-m.main+fp/hard\libc_nano.a(lib_a-nano-vfprintf_i.o)
                0x0800a874                _printf_i
 .text.setvbuf  0x0800aac0      0x188 c:/siliconlabs/simplicitystudio/v5/developer/toolchains/gnu_arm/10.3_2021.10/bin/../lib/gcc/arm-none-eabi/10.3.1/../../../../arm-none-eabi/lib/thumb/v8-m.main+fp/hard\libc_nano.a(lib_a-setvbuf.o)
                0x0800aac0                setvbuf
 .text.vprintf  0x0800ac48       0x30 c:/siliconlabs/simplicitystudio/v5/developer/toolchains/gnu_arm/10.3_2021.10/bin/../lib/gcc/arm-none-eabi/10.3.1/../../../../arm-none-eabi/lib/thumb/v8-m.main+fp/hard\libc_nano.a(lib_a-vprintf.o)
                0x0800ac48                viprintf
                0x0800ac48                vprintf
 .text.__sflush_r
                0x0800ac78      0x108 c:/siliconlabs/simplicitystudio/v5/developer/toolchains/gnu_arm/10.3_2021.10/bin/../lib/gcc/arm-none-eabi/10.3.1/../../../../arm-none-eabi/lib/thumb/v8-m.main+fp/hard\libc_nano.a(lib_a-fflush.o)
                0x0800ac78                __sflush_r
 .text._fflush_r
                0x0800ad80       0x78 c:/siliconlabs/simplicitystudio/v5/developer/toolchains/gnu_arm/10.3_2021.10/bin/../lib/gcc/arm-none-eabi/10.3.1/../../../../arm-none-eabi/lib/thumb/v8-m.main+fp/hard\libc_nano.a(lib_a-fflush.o)
                0x0800ad80                _fflush_r
 .text.std      0x0800adf8       0x48 c:/siliconlabs/simplicitystudio/v5/developer/toolchains/gnu_arm/10.3_2021.10/bin/../lib/gcc/arm-none-eabi/10.3.1/../../../../arm-none-eabi/lib/thumb/v8-m.main+fp/hard\libc_nano.a(lib_a-findfp.o)
 .text._cleanup_r
                0x0800ae40        0xc c:/siliconlabs/simplicitystudio/v5/developer/toolchains/gnu_arm/10.3_2021.10/bin/../lib/gcc/arm-none-eabi/10.3.1/../../../../arm-none-eabi/lib/thumb/v8-m.main+fp/hard\libc_nano.a(lib_a-findfp.o)
                0x0800ae40                _cleanup_r
 .text.__sfp_lock_acquire
                0x0800ae4c        0xc c:/siliconlabs/simplicitystudio/v5/developer/toolchains/gnu_arm/10.3_2021.10/bin/../lib/gcc/arm-none-eabi/10.3.1/../../../../arm-none-eabi/lib/thumb/v8-m.main+fp/hard\libc_nano.a(lib_a-findfp.o)
                0x0800ae4c                __sfp_lock_acquire
 .text.__sfp_lock_release
                0x0800ae58        0xc c:/siliconlabs/simplicitystudio/v5/developer/toolchains/gnu_arm/10.3_2021.10/bin/../lib/gcc/arm-none-eabi/10.3.1/../../../../arm-none-eabi/lib/thumb/v8-m.main+fp/hard\libc_nano.a(lib_a-findfp.o)
                0x0800ae58                __sfp_lock_release
 .text.__sinit_lock_acquire
                0x0800ae64        0xc c:/siliconlabs/simplicitystudio/v5/developer/toolchains/gnu_arm/10.3_2021.10/bin/../lib/gcc/arm-none-eabi/10.3.1/../../../../arm-none-eabi/lib/thumb/v8-m.main+fp/hard\libc_nano.a(lib_a-findfp.o)
                0x0800ae64                __sinit_lock_acquire
 .text.__sinit_lock_release
                0x0800ae70        0xc c:/siliconlabs/simplicitystudio/v5/developer/toolchains/gnu_arm/10.3_2021.10/bin/../lib/gcc/arm-none-eabi/10.3.1/../../../../arm-none-eabi/lib/thumb/v8-m.main+fp/hard\libc_nano.a(lib_a-findfp.o)
                0x0800ae70                __sinit_lock_release
 .text.__sinit  0x0800ae7c       0x70 c:/siliconlabs/simplicitystudio/v5/developer/toolchains/gnu_arm/10.3_2021.10/bin/../lib/gcc/arm-none-eabi/10.3.1/../../../../arm-none-eabi/lib/thumb/v8-m.main+fp/hard\libc_nano.a(lib_a-findfp.o)
                0x0800ae7c                __sinit
 .text.__sfp    0x0800aeec       0x8c c:/siliconlabs/simplicitystudio/v5/developer/toolchains/gnu_arm/10.3_2021.10/bin/../lib/gcc/arm-none-eabi/10.3.1/../../../../arm-none-eabi/lib/thumb/v8-m.main+fp/hard\libc_nano.a(lib_a-findfp.o)
                0x0800aeec                __sfp
 .text._localeconv_r
                0x0800af78        0x8 c:/siliconlabs/simplicitystudio/v5/developer/toolchains/gnu_arm/10.3_2021.10/bin/../lib/gcc/arm-none-eabi/10.3.1/../../../../arm-none-eabi/lib/thumb/v8-m.main+fp/hard\libc_nano.a(lib_a-localeconv.o)
                0x0800af78                _localeconv_r
 .text.__smakebuf_r
                0x0800af80       0x80 c:/siliconlabs/simplicitystudio/v5/developer/toolchains/gnu_arm/10.3_2021.10/bin/../lib/gcc/arm-none-eabi/10.3.1/../../../../arm-none-eabi/lib/thumb/v8-m.main+fp/hard\libc_nano.a(lib_a-makebuf.o)
                0x0800af80                __smakebuf_r
 .text.malloc   0x0800b000       0x10 c:/siliconlabs/simplicitystudio/v5/developer/toolchains/gnu_arm/10.3_2021.10/bin/../lib/gcc/arm-none-eabi/10.3.1/../../../../arm-none-eabi/lib/thumb/v8-m.main+fp/hard\libc_nano.a(lib_a-malloc.o)
                0x0800b000                malloc
 .text._Balloc  0x0800b010       0x80 c:/siliconlabs/simplicitystudio/v5/developer/toolchains/gnu_arm/10.3_2021.10/bin/../lib/gcc/arm-none-eabi/10.3.1/../../../../arm-none-eabi/lib/thumb/v8-m.main+fp/hard\libc_nano.a(lib_a-mprec.o)
                0x0800b010                _Balloc
 .text._Bfree   0x0800b090       0x44 c:/siliconlabs/simplicitystudio/v5/developer/toolchains/gnu_arm/10.3_2021.10/bin/../lib/gcc/arm-none-eabi/10.3.1/../../../../arm-none-eabi/lib/thumb/v8-m.main+fp/hard\libc_nano.a(lib_a-mprec.o)
                0x0800b090                _Bfree
 .text.__multadd
                0x0800b0d4       0x90 c:/siliconlabs/simplicitystudio/v5/developer/toolchains/gnu_arm/10.3_2021.10/bin/../lib/gcc/arm-none-eabi/10.3.1/../../../../arm-none-eabi/lib/thumb/v8-m.main+fp/hard\libc_nano.a(lib_a-mprec.o)
                0x0800b0d4                __multadd
 .text.__i2b    0x0800b164       0x2c c:/siliconlabs/simplicitystudio/v5/developer/toolchains/gnu_arm/10.3_2021.10/bin/../lib/gcc/arm-none-eabi/10.3.1/../../../../arm-none-eabi/lib/thumb/v8-m.main+fp/hard\libc_nano.a(lib_a-mprec.o)
                0x0800b164                __i2b
 .text.__multiply
                0x0800b190      0x150 c:/siliconlabs/simplicitystudio/v5/developer/toolchains/gnu_arm/10.3_2021.10/bin/../lib/gcc/arm-none-eabi/10.3.1/../../../../arm-none-eabi/lib/thumb/v8-m.main+fp/hard\libc_nano.a(lib_a-mprec.o)
                0x0800b190                __multiply
 .text.__pow5mult
                0x0800b2e0       0xb4 c:/siliconlabs/simplicitystudio/v5/developer/toolchains/gnu_arm/10.3_2021.10/bin/../lib/gcc/arm-none-eabi/10.3.1/../../../../arm-none-eabi/lib/thumb/v8-m.main+fp/hard\libc_nano.a(lib_a-mprec.o)
                0x0800b2e0                __pow5mult
 .text.__lshift
                0x0800b394       0xe0 c:/siliconlabs/simplicitystudio/v5/developer/toolchains/gnu_arm/10.3_2021.10/bin/../lib/gcc/arm-none-eabi/10.3.1/../../../../arm-none-eabi/lib/thumb/v8-m.main+fp/hard\libc_nano.a(lib_a-mprec.o)
                0x0800b394                __lshift
 .text.__mdiff  0x0800b474      0x120 c:/siliconlabs/simplicitystudio/v5/developer/toolchains/gnu_arm/10.3_2021.10/bin/../lib/gcc/arm-none-eabi/10.3.1/../../../../arm-none-eabi/lib/thumb/v8-m.main+fp/hard\libc_nano.a(lib_a-mprec.o)
                0x0800b474                __mdiff
 .text.__d2b    0x0800b594       0xb8 c:/siliconlabs/simplicitystudio/v5/developer/toolchains/gnu_arm/10.3_2021.10/bin/../lib/gcc/arm-none-eabi/10.3.1/../../../../arm-none-eabi/lib/thumb/v8-m.main+fp/hard\libc_nano.a(lib_a-mprec.o)
                0x0800b594                __d2b
 .text._free_r  0x0800b64c       0x98 c:/siliconlabs/simplicitystudio/v5/developer/toolchains/gnu_arm/10.3_2021.10/bin/../lib/gcc/arm-none-eabi/10.3.1/../../../../arm-none-eabi/lib/thumb/v8-m.main+fp/hard\libc_nano.a(lib_a-nano-freer.o)
                0x0800b64c                _free_r
 .text.sbrk_aligned
                0x0800b6e4       0x40 c:/siliconlabs/simplicitystudio/v5/developer/toolchains/gnu_arm/10.3_2021.10/bin/../lib/gcc/arm-none-eabi/10.3.1/../../../../arm-none-eabi/lib/thumb/v8-m.main+fp/hard\libc_nano.a(lib_a-nano-mallocr.o)
 .text._malloc_r
                0x0800b724       0xe8 c:/siliconlabs/simplicitystudio/v5/developer/toolchains/gnu_arm/10.3_2021.10/bin/../lib/gcc/arm-none-eabi/10.3.1/../../../../arm-none-eabi/lib/thumb/v8-m.main+fp/hard\libc_nano.a(lib_a-nano-mallocr.o)
                0x0800b724                _malloc_r
 .text._vfprintf_r
                0x0800b80c      0x260 c:/siliconlabs/simplicitystudio/v5/developer/toolchains/gnu_arm/10.3_2021.10/bin/../lib/gcc/arm-none-eabi/10.3.1/../../../../arm-none-eabi/lib/thumb/v8-m.main+fp/hard\libc_nano.a(lib_a-nano-vfprintf.o)
                0x0800b80c                _vfprintf_r
                0x0800b80c                _vfiprintf_r
 .text._sbrk_r  0x0800ba6c       0x20 c:/siliconlabs/simplicitystudio/v5/developer/toolchains/gnu_arm/10.3_2021.10/bin/../lib/gcc/arm-none-eabi/10.3.1/../../../../arm-none-eabi/lib/thumb/v8-m.main+fp/hard\libc_nano.a(lib_a-sbrkr.o)
                0x0800ba6c                _sbrk_r
 .text.__swbuf_r
                0x0800ba8c       0xa4 c:/siliconlabs/simplicitystudio/v5/developer/toolchains/gnu_arm/10.3_2021.10/bin/../lib/gcc/arm-none-eabi/10.3.1/../../../../arm-none-eabi/lib/thumb/v8-m.main+fp/hard\libc_nano.a(lib_a-wbuf.o)
                0x0800ba8c                __swbuf_r
 .text._write_r
                0x0800bb30       0x24 c:/siliconlabs/simplicitystudio/v5/developer/toolchains/gnu_arm/10.3_2021.10/bin/../lib/gcc/arm-none-eabi/10.3.1/../../../../arm-none-eabi/lib/thumb/v8-m.main+fp/hard\libc_nano.a(lib_a-writer.o)
                0x0800bb30                _write_r
 .text.__swsetup_r
                0x0800bb54       0xdc c:/siliconlabs/simplicitystudio/v5/developer/toolchains/gnu_arm/10.3_2021.10/bin/../lib/gcc/arm-none-eabi/10.3.1/../../../../arm-none-eabi/lib/thumb/v8-m.main+fp/hard\libc_nano.a(lib_a-wsetup.o)
                0x0800bb54                __swsetup_r
 .text.__assert_func
                0x0800bc30       0x3c c:/siliconlabs/simplicitystudio/v5/developer/toolchains/gnu_arm/10.3_2021.10/bin/../lib/gcc/arm-none-eabi/10.3.1/../../../../arm-none-eabi/lib/thumb/v8-m.main+fp/hard\libc_nano.a(lib_a-assert.o)
                0x0800bc30                __assert_func
 .text._close_r
                0x0800bc6c       0x20 c:/siliconlabs/simplicitystudio/v5/developer/toolchains/gnu_arm/10.3_2021.10/bin/../lib/gcc/arm-none-eabi/10.3.1/../../../../arm-none-eabi/lib/thumb/v8-m.main+fp/hard\libc_nano.a(lib_a-closer.o)
                0x0800bc6c                _close_r
 .text.fprintf  0x0800bc8c       0x24 c:/siliconlabs/simplicitystudio/v5/developer/toolchains/gnu_arm/10.3_2021.10/bin/../lib/gcc/arm-none-eabi/10.3.1/../../../../arm-none-eabi/lib/thumb/v8-m.main+fp/hard\libc_nano.a(lib_a-fprintf.o)
                0x0800bc8c                fiprintf
                0x0800bc8c                fprintf
 .text._fstat_r
                0x0800bcb0       0x24 c:/siliconlabs/simplicitystudio/v5/developer/toolchains/gnu_arm/10.3_2021.10/bin/../lib/gcc/arm-none-eabi/10.3.1/../../../../arm-none-eabi/lib/thumb/v8-m.main+fp/hard\libc_nano.a(lib_a-fstatr.o)
                0x0800bcb0                _fstat_r
 .text._isatty_r
                0x0800bcd4       0x20 c:/siliconlabs/simplicitystudio/v5/developer/toolchains/gnu_arm/10.3_2021.10/bin/../lib/gcc/arm-none-eabi/10.3.1/../../../../arm-none-eabi/lib/thumb/v8-m.main+fp/hard\libc_nano.a(lib_a-isattyr.o)
                0x0800bcd4                _isatty_r
 .text._lseek_r
                0x0800bcf4       0x24 c:/siliconlabs/simplicitystudio/v5/developer/toolchains/gnu_arm/10.3_2021.10/bin/../lib/gcc/arm-none-eabi/10.3.1/../../../../arm-none-eabi/lib/thumb/v8-m.main+fp/hard\libc_nano.a(lib_a-lseekr.o)
                0x0800bcf4                _lseek_r
 .text.__malloc_lock
                0x0800bd18        0xc c:/siliconlabs/simplicitystudio/v5/developer/toolchains/gnu_arm/10.3_2021.10/bin/../lib/gcc/arm-none-eabi/10.3.1/../../../../arm-none-eabi/lib/thumb/v8-m.main+fp/hard\libc_nano.a(lib_a-mlock.o)
                0x0800bd18                __malloc_lock
 .text.__malloc_unlock
                0x0800bd24        0xc c:/siliconlabs/simplicitystudio/v5/developer/toolchains/gnu_arm/10.3_2021.10/bin/../lib/gcc/arm-none-eabi/10.3.1/../../../../arm-none-eabi/lib/thumb/v8-m.main+fp/hard\libc_nano.a(lib_a-mlock.o)
                0x0800bd24                __malloc_unlock
 .text._read_r  0x0800bd30       0x24 c:/siliconlabs/simplicitystudio/v5/developer/toolchains/gnu_arm/10.3_2021.10/bin/../lib/gcc/arm-none-eabi/10.3.1/../../../../arm-none-eabi/lib/thumb/v8-m.main+fp/hard\libc_nano.a(lib_a-readr.o)
                0x0800bd30                _read_r
 .text.raise    0x0800bd54       0x10 c:/siliconlabs/simplicitystudio/v5/developer/toolchains/gnu_arm/10.3_2021.10/bin/../lib/gcc/arm-none-eabi/10.3.1/../../../../arm-none-eabi/lib/thumb/v8-m.main+fp/hard\libc_nano.a(lib_a-signal.o)
                0x0800bd54                raise
 .text._kill_r  0x0800bd64       0x24 c:/siliconlabs/simplicitystudio/v5/developer/toolchains/gnu_arm/10.3_2021.10/bin/../lib/gcc/arm-none-eabi/10.3.1/../../../../arm-none-eabi/lib/thumb/v8-m.main+fp/hard\libc_nano.a(lib_a-signalr.o)
                0x0800bd64                _kill_r
 .text          0x0800bd88      0x110 c:/siliconlabs/simplicitystudio/v5/developer/toolchains/gnu_arm/10.3_2021.10/bin/../lib/gcc/arm-none-eabi/10.3.1/thumb/v8-m.main+fp/hard\libgcc.a(_arm_cmpdf2.o)
                0x0800bd88                __gtdf2
                0x0800bd88                __gedf2
                0x0800bd90                __ltdf2
                0x0800bd90                __ledf2
                0x0800bd98                __nedf2
                0x0800bd98                __eqdf2
                0x0800bd98                __cmpdf2
                0x0800be14                __aeabi_cdrcmple
                0x0800be24                __aeabi_cdcmpeq
                0x0800be24                __aeabi_cdcmple
                0x0800be34                __aeabi_dcmpeq
                0x0800be48                __aeabi_dcmplt
                0x0800be5c                __aeabi_dcmple
                0x0800be70                __aeabi_dcmpge
                0x0800be84                __aeabi_dcmpgt
 .text          0x0800be98       0x2c c:/siliconlabs/simplicitystudio/v5/developer/toolchains/gnu_arm/10.3_2021.10/bin/../lib/gcc/arm-none-eabi/10.3.1/thumb/v8-m.main+fp/hard\libgcc.a(_arm_unorddf2.o)
                0x0800be98                __unorddf2
                0x0800be98                __aeabi_dcmpun
 .text.main     0x0800bec4       0x18 ./main.o
                0x0800bec4                main
 .text.sl_board_default_init
                0x0800bedc        0xa ./autogen/sl_board_default_init.o
                0x0800bedc                sl_board_default_init
 .text.CHIP_Init
                0x0800bee6        0x4 ./autogen/sl_event_handler.o
 .text.sl_platform_init
                0x0800beea       0x32 ./autogen/sl_event_handler.o
                0x0800beea                sl_platform_init
 .text.sl_driver_init
                0x0800bf1c       0x12 ./autogen/sl_event_handler.o
                0x0800bf1c                sl_driver_init
 .text.sl_service_init
                0x0800bf2e       0x1a ./autogen/sl_event_handler.o
                0x0800bf2e                sl_service_init
 .text.sl_stack_init
                0x0800bf48        0x4 ./autogen/sl_event_handler.o
                0x0800bf48                sl_stack_init
 .text.sl_internal_app_init
                0x0800bf4c        0xa ./autogen/sl_event_handler.o
                0x0800bf4c                sl_internal_app_init
 .text.sl_platform_process_action
                0x0800bf56        0x4 ./autogen/sl_event_handler.o
                0x0800bf56                sl_platform_process_action
 .text.sl_service_process_action
                0x0800bf5a        0x4 ./autogen/sl_event_handler.o
                0x0800bf5a                sl_service_process_action
 .text.sl_stack_process_action
                0x0800bf5e        0x4 ./autogen/sl_event_handler.o
                0x0800bf5e                sl_stack_process_action
 .text.sl_internal_app_process_action
                0x0800bf62        0x4 ./autogen/sl_event_handler.o
                0x0800bf62                sl_internal_app_process_action
 .text.sl_iostream_init_instances
                0x0800bf66        0xa ./autogen/sl_event_handler.o
                0x0800bf66                sl_iostream_init_instances
 .text.BUS_RegBitRead
                0x0800bf70       0x1a ./autogen/sl_iostream_init_usart_instances.o
 .text.sl_iostream_uart_sleep_on_isr_exit
                0x0800bf8a       0x1c ./autogen/sl_iostream_init_usart_instances.o
 .text.app_is_ok_to_sleep
                0x0800bfa6        0x6 ./autogen/sl_power_manager_handler.o
                0x0800bfa6                app_is_ok_to_sleep
 .text.app_sleep_on_isr_exit
                0x0800bfac        0x6 ./autogen/sl_power_manager_handler.o
                0x0800bfac                app_sleep_on_isr_exit
 .text.sl_power_manager_is_ok_to_sleep
                0x0800bfb2       0x2c ./autogen/sl_power_manager_handler.o
                0x0800bfb2                sl_power_manager_is_ok_to_sleep
 .text.sl_power_manager_sleep_on_isr_exit
                0x0800bfde       0x84 ./autogen/sl_power_manager_handler.o
                0x0800bfde                sl_power_manager_sleep_on_isr_exit
 .text.sl_board_configure_vcom
                0x0800c062        0xc ./gecko_sdk_4.2.2/hardware/board/src/sl_board_control_gpio.o
                0x0800c062                sl_board_configure_vcom
 .text.sl_board_enable_vcom
                0x0800c06e       0x14 ./gecko_sdk_4.2.2/hardware/board/src/sl_board_control_gpio.o
                0x0800c06e                sl_board_enable_vcom
 .text.sl_board_disable_vcom
                0x0800c082       0x14 ./gecko_sdk_4.2.2/hardware/board/src/sl_board_control_gpio.o
                0x0800c082                sl_board_disable_vcom
 .text.sl_board_init
                0x0800c096       0x16 ./gecko_sdk_4.2.2/hardware/board/src/sl_board_init.o
                0x0800c096                sl_board_init
 .text.sl_board_preinit
                0x0800c0ac        0xe ./gecko_sdk_4.2.2/hardware/board/src/sl_board_init.o
                0x0800c0ac                sl_board_preinit
 .text.sl_cos_send_config
                0x0800c0ba        0xc ./gecko_sdk_4.2.2/hardware/driver/configuration_over_swo/src/sl_cos.o
                0x0800c0ba                sl_cos_send_config
 .text.cs_low   0x0800c0c6        0xe ./gecko_sdk_4.2.2/hardware/driver/mx25_flash_shutdown/src/sl_mx25_flash_shutdown_eusart/sl_mx25_flash_shutdown.o
 .text.cs_high  0x0800c0d4        0xe ./gecko_sdk_4.2.2/hardware/driver/mx25_flash_shutdown/src/sl_mx25_flash_shutdown_eusart/sl_mx25_flash_shutdown.o
 .text.Default_Handler
                0x0800c0e2        0x2 ./gecko_sdk_4.2.2/platform/Device/SiliconLabs/EFR32MG24/Source/startup_efr32mg24.o
                0x0800c0e2                ULFRCO_IRQHandler
                0x0800c0e2                AHB2AHB1_IRQHandler
                0x0800c0e2                SW2_IRQHandler
                0x0800c0e2                TIMER2_IRQHandler
                0x0800c0e2                DebugMon_Handler
                0x0800c0e2                IADC_IRQHandler
                0x0800c0e2                EUSART0_TX_IRQHandler
                0x0800c0e2                I2C0_IRQHandler
                0x0800c0e2                LFXO_IRQHandler
                0x0800c0e2                HardFault_Handler
                0x0800c0e2                SMU_SECURE_IRQHandler
                0x0800c0e2                SysTick_Handler
                0x0800c0e2                SYSRTC_SEQ_IRQHandler
                0x0800c0e2                EMUEFP_IRQHandler
                0x0800c0e2                PendSV_Handler
                0x0800c0e2                NMI_Handler
                0x0800c0e2                SYNTH_IRQHandler
                0x0800c0e2                HOSTMAILBOX_IRQHandler
                0x0800c0e2                I2C1_IRQHandler
                0x0800c0e2                WDOG0_IRQHandler
                0x0800c0e2                TIMER3_IRQHandler
                0x0800c0e2                SYSCFG_IRQHandler
                0x0800c0e2                RFECA1_IRQHandler
                0x0800c0e2                EMUDG_IRQHandler
                0x0800c0e2                MSC_IRQHandler
                0x0800c0e2                DPLL0_IRQHandler
                0x0800c0e2                UsageFault_Handler
                0x0800c0e2                WDOG1_IRQHandler
                0x0800c0e2                M33CTI1_IRQHandler
                0x0800c0e2                TIMER4_IRQHandler
                0x0800c0e2                VDAC0_IRQHandler
                0x0800c0e2                SEMBTX_IRQHandler
                0x0800c0e2                SW0_IRQHandler
                0x0800c0e2                MVP_IRQHandler
                0x0800c0e2                LETIMER0_IRQHandler
                0x0800c0e2                EUSART1_RX_IRQHandler
                0x0800c0e2                TIMER1_IRQHandler
                0x0800c0e2                HFRCO0_IRQHandler
                0x0800c0e2                SecureFault_Handler
                0x0800c0e2                BUFC_IRQHandler
                0x0800c0e2                DCDC_IRQHandler
                0x0800c0e2                MODEM_IRQHandler
                0x0800c0e2                Default_Handler
                0x0800c0e2                RAC_SEQ_IRQHandler
                0x0800c0e2                FRC_PRI_IRQHandler
                0x0800c0e2                SW3_IRQHandler
                0x0800c0e2                EMU_IRQHandler
                0x0800c0e2                KERNEL0_IRQHandler
                0x0800c0e2                FRC_IRQHandler
                0x0800c0e2                PCNT0_IRQHandler
                0x0800c0e2                KERNEL1_IRQHandler
                0x0800c0e2                AGC_IRQHandler
                0x0800c0e2                EUSART1_TX_IRQHandler
                0x0800c0e2                KEYSCAN_IRQHandler
                0x0800c0e2                HFRCOEM23_IRQHandler
                0x0800c0e2                sl_app_properties
                0x0800c0e2                BURTC_IRQHandler
                0x0800c0e2                SEMBRX_IRQHandler
                0x0800c0e2                RFECA0_IRQHandler
                0x0800c0e2                LFRCO_IRQHandler
                0x0800c0e2                VDAC1_IRQHandler
                0x0800c0e2                ACMP0_IRQHandler
                0x0800c0e2                MemManage_Handler
                0x0800c0e2                AHB2AHB0_IRQHandler
                0x0800c0e2                SVC_Handler
                0x0800c0e2                SMU_S_PRIVILEGED_IRQHandler
                0x0800c0e2                SW1_IRQHandler
                0x0800c0e2                CMU_IRQHandler
                0x0800c0e2                EUSART0_RX_IRQHandler
                0x0800c0e2                RAC_RSM_IRQHandler
                0x0800c0e2                SETAMPERHOST_IRQHandler
                0x0800c0e2                AES_IRQHandler
                0x0800c0e2                M33CTI0_IRQHandler
                0x0800c0e2                ICACHE0_IRQHandler
                0x0800c0e2                SMU_NS_PRIVILEGED_IRQHandler
                0x0800c0e2                FPUEXH_IRQHandler
                0x0800c0e2                PROTIMER_IRQHandler
                0x0800c0e2                ACMP1_IRQHandler
                0x0800c0e2                BusFault_Handler
                0x0800c0e2                MPAHBRAM_IRQHandler
 .text.SystemCLKIN0Get
                0x0800c0e4        0x6 ./gecko_sdk_4.2.2/platform/Device/SiliconLabs/EFR32MG24/Source/system_efr32mg24.o
                0x0800c0e4                SystemCLKIN0Get
 .text.SystemLFRCOClockGet
                0x0800c0ea        0x8 ./gecko_sdk_4.2.2/platform/Device/SiliconLabs/EFR32MG24/Source/system_efr32mg24.o
                0x0800c0ea                SystemLFRCOClockGet
 .text.SystemULFRCOClockGet
                0x0800c0f2        0x8 ./gecko_sdk_4.2.2/platform/Device/SiliconLabs/EFR32MG24/Source/system_efr32mg24.o
                0x0800c0f2                SystemULFRCOClockGet
 .text.assertEFM
                0x0800c0fa        0x8 ./gecko_sdk_4.2.2/platform/common/src/sl_assert.o
                0x0800c0fa                assertEFM
 .text.sl_slist_init
                0x0800c102       0x10 ./gecko_sdk_4.2.2/platform/common/src/sl_slist.o
                0x0800c102                sl_slist_init
 .text.sl_debug_swo_enable_itm
                0x0800c112       0x26 ./gecko_sdk_4.2.2/platform/driver/debug/src/sl_debug_swo.o
                0x0800c112                sl_debug_swo_enable_itm
 .text.DMADRV_PeripheralMemory
                0x0800c138       0x46 ./gecko_sdk_4.2.2/platform/emdrv/dmadrv/src/dmadrv.o
                0x0800c138                DMADRV_PeripheralMemory
 .text.SL_CTZ   0x0800c17e       0x2c ./gecko_sdk_4.2.2/platform/emdrv/gpiointerrupt/src/gpiointerrupt.o
 .text.GPIOINT_Init
                0x0800c1aa       0x36 ./gecko_sdk_4.2.2/platform/emdrv/gpiointerrupt/src/gpiointerrupt.o
                0x0800c1aa                GPIOINT_Init
 .text.GPIO_EVEN_IRQHandler
                0x0800c1e0       0x28 ./gecko_sdk_4.2.2/platform/emdrv/gpiointerrupt/src/gpiointerrupt.o
                0x0800c1e0                GPIO_EVEN_IRQHandler
 .text.GPIO_ODD_IRQHandler
                0x0800c208       0x28 ./gecko_sdk_4.2.2/platform/emdrv/gpiointerrupt/src/gpiointerrupt.o
                0x0800c208                GPIO_ODD_IRQHandler
 .text.SystemCoreClockGet
                0x0800c230        0xc ./gecko_sdk_4.2.2/platform/emlib/src/em_cmu.o
 .text.BUS_RegBitRead
                0x0800c23c       0x1a ./gecko_sdk_4.2.2/platform/emlib/src/em_cmu.o
 .text.BUS_RegMaskedWrite
                0x0800c256       0x34 ./gecko_sdk_4.2.2/platform/emlib/src/em_cmu.o
 .text.sli_em_cmu_SYSCLKInitPreClockSelect
                0x0800c28a       0x1a ./gecko_sdk_4.2.2/platform/emlib/src/em_cmu.o
                0x0800c28a                sli_em_cmu_SYSCLKInitPreClockSelect
 .text.sli_em_cmu_SYSCLKInitPostClockSelect
                0x0800c2a4       0x2e ./gecko_sdk_4.2.2/platform/emlib/src/em_cmu.o
                0x0800c2a4                sli_em_cmu_SYSCLKInitPostClockSelect
 .text.CMU_UpdateWaitStates
                0x0800c2d2       0x28 ./gecko_sdk_4.2.2/platform/emlib/src/em_cmu.o
                0x0800c2d2                CMU_UpdateWaitStates
 .text.pclkDivMax
                0x0800c2fa       0x10 ./gecko_sdk_4.2.2/platform/emlib/src/em_cmu.o
 .text.waitStateMax
                0x0800c30a       0x14 ./gecko_sdk_4.2.2/platform/emlib/src/em_cmu.o
 .text.CORE_EnterCritical
                0x0800c31e       0x18 ./gecko_sdk_4.2.2/platform/emlib/src/em_core.o
                0x0800c31e                CORE_EnterCritical
 .text.CORE_ExitCritical
                0x0800c336       0x14 ./gecko_sdk_4.2.2/platform/emlib/src/em_core.o
                0x0800c336                CORE_ExitCritical
 .text.CORE_EnterAtomic
                0x0800c34a       0x20 ./gecko_sdk_4.2.2/platform/emlib/src/em_core.o
                0x0800c34a                CORE_EnterAtomic
 .text.CORE_ExitAtomic
                0x0800c36a       0x16 ./gecko_sdk_4.2.2/platform/emlib/src/em_core.o
                0x0800c36a                CORE_ExitAtomic
 .text.SystemCoreClockUpdate
                0x0800c380        0xa ./gecko_sdk_4.2.2/platform/emlib/src/em_emu.o
 .text.BUS_RegBitRead
                0x0800c38a       0x1a ./gecko_sdk_4.2.2/platform/emlib/src/em_emu.o
 .text.vScaleEM01Cmd
                0x0800c3a4       0x1c ./gecko_sdk_4.2.2/platform/emlib/src/em_emu.o
 .text.EMU_EFPEM23PresleepHook
                0x0800c3c0        0x4 ./gecko_sdk_4.2.2/platform/emlib/src/em_emu.o
                0x0800c3c0                EMU_EFPEM23PresleepHook
 .text.EMU_EFPEM23PostsleepHook
                0x0800c3c4        0x4 ./gecko_sdk_4.2.2/platform/emlib/src/em_emu.o
                0x0800c3c4                EMU_EFPEM23PostsleepHook
 .text.EMU_Save
                0x0800c3c8        0x4 ./gecko_sdk_4.2.2/platform/emlib/src/em_emu.o
                0x0800c3c8                EMU_Save
 .text.EMU_Restore
                0x0800c3cc        0x4 ./gecko_sdk_4.2.2/platform/emlib/src/em_emu.o
                0x0800c3cc                EMU_Restore
 .text.EMU_EFPEM01VScale
                0x0800c3d0        0xe ./gecko_sdk_4.2.2/platform/emlib/src/em_emu.o
                0x0800c3d0                EMU_EFPEM01VScale
 .text.EMU_DCDCUpdatedHook
                0x0800c3de        0x4 ./gecko_sdk_4.2.2/platform/emlib/src/em_emu.o
                0x0800c3de                EMU_DCDCUpdatedHook
 .text.EUSART_StatusGet
                0x0800c3e2        0xe ./gecko_sdk_4.2.2/platform/emlib/src/em_eusart.o
 .text.eusart_sync
                0x0800c3f0       0x1c ./gecko_sdk_4.2.2/platform/emlib/src/em_eusart.o
 .text.EUSART_Spi_TxRx
                0x0800c40c       0x3a ./gecko_sdk_4.2.2/platform/emlib/src/em_eusart.o
                0x0800c40c                EUSART_Spi_TxRx
 .text.EUSART_Disable
                0x0800c446       0x68 ./gecko_sdk_4.2.2/platform/emlib/src/em_eusart.o
 .text.BUS_RegMaskedWrite
                0x0800c4ae       0x34 ./gecko_sdk_4.2.2/platform/emlib/src/em_gpio.o
 .text.GPIO_DbgLocationSet
                0x0800c4e2        0xa ./gecko_sdk_4.2.2/platform/emlib/src/em_gpio.o
                0x0800c4e2                GPIO_DbgLocationSet
 .text.I2C_IntClear
                0x0800c4ec       0x18 ./gecko_sdk_4.2.2/platform/emlib/src/em_i2c.o
 .text.BUS_RegMaskedWrite
                0x0800c504       0x34 ./gecko_sdk_4.2.2/platform/emlib/src/em_i2c.o
 .text.flushRx  0x0800c538       0x28 ./gecko_sdk_4.2.2/platform/emlib/src/em_i2c.o
 .text.BUS_RegMaskedClear
                0x0800c560       0x1a ./gecko_sdk_4.2.2/platform/emlib/src/em_ldma.o
 .text.TIMER_SyncWait
                0x0800c57a       0x24 ./gecko_sdk_4.2.2/platform/emlib/src/em_timer.o
                0x0800c57a                TIMER_SyncWait
 .text.USART_Tx
                0x0800c59e       0x26 ./gecko_sdk_4.2.2/platform/emlib/src/em_usart.o
                0x0800c59e                USART_Tx
 .text.sl_device_init_nvic
                0x0800c5c4       0x38 ./gecko_sdk_4.2.2/platform/service/device_init/src/sl_device_init_nvic.o
                0x0800c5c4                sl_device_init_nvic
 .text.sl_hfxo_manager_init_hardware
                0x0800c5fc        0xa ./gecko_sdk_4.2.2/platform/service/hfxo_manager/src/sl_hfxo_manager.o
                0x0800c5fc                sl_hfxo_manager_init_hardware
 .text.HFXO0_IRQHandler
                0x0800c606        0xa ./gecko_sdk_4.2.2/platform/service/hfxo_manager/src/sl_hfxo_manager_hal_s2.o
                0x0800c606                HFXO0_IRQHandler
 .text.sl_iostream_write
                0x0800c610       0x40 ./gecko_sdk_4.2.2/platform/service/iostream/src/sl_iostream.o
                0x0800c610                sl_iostream_write
 .text.sl_iostream_read
                0x0800c650       0x50 ./gecko_sdk_4.2.2/platform/service/iostream/src/sl_iostream.o
                0x0800c650                sl_iostream_read
 .text.sl_iostream_vprintf
                0x0800c6a0       0x64 ./gecko_sdk_4.2.2/platform/service/iostream/src/sl_iostream.o
                0x0800c6a0                sl_iostream_vprintf
 .text.sl_iostream_printf
                0x0800c704       0x26 ./gecko_sdk_4.2.2/platform/service/iostream/src/sl_iostream.o
                0x0800c704                sl_iostream_printf
 .text._close   0x0800c72a        0xc ./gecko_sdk_4.2.2/platform/service/iostream/src/sl_iostream_retarget_stdio.o
                0x0800c72a                _close
 .text._exit    0x0800c736        0x6 ./gecko_sdk_4.2.2/platform/service/iostream/src/sl_iostream_retarget_stdio.o
                0x0800c736                _exit
 .text._fstat   0x0800c73c       0x16 ./gecko_sdk_4.2.2/platform/service/iostream/src/sl_iostream_retarget_stdio.o
                0x0800c73c                _fstat
 .text._getpid  0x0800c752        0x6 ./gecko_sdk_4.2.2/platform/service/iostream/src/sl_iostream_retarget_stdio.o
                0x0800c752                _getpid
 .text._isatty  0x0800c758        0xc ./gecko_sdk_4.2.2/platform/service/iostream/src/sl_iostream_retarget_stdio.o
                0x0800c758                _isatty
 .text._kill    0x0800c764       0x10 ./gecko_sdk_4.2.2/platform/service/iostream/src/sl_iostream_retarget_stdio.o
                0x0800c764                _kill
 .text._lseek   0x0800c774       0x10 ./gecko_sdk_4.2.2/platform/service/iostream/src/sl_iostream_retarget_stdio.o
                0x0800c774                _lseek
 .text._read    0x0800c784       0x30 ./gecko_sdk_4.2.2/platform/service/iostream/src/sl_iostream_retarget_stdio.o
                0x0800c784                _read
 .text.sl_power_manager_add_em_requirement
                0x0800c7b4       0x2a ./gecko_sdk_4.2.2/platform/service/iostream/src/sl_iostream_uart.o
 .text.sl_power_manager_remove_em_requirement
                0x0800c7de       0x2a ./gecko_sdk_4.2.2/platform/service/iostream/src/sl_iostream_uart.o
 .text.sleep_on_isr_exit
                0x0800c808       0x60 ./gecko_sdk_4.2.2/platform/service/iostream/src/sl_iostream_uart.o
 .text.set_auto_cr_lf
                0x0800c868       0x1e ./gecko_sdk_4.2.2/platform/service/iostream/src/sl_iostream_uart.o
 .text.get_auto_cr_lf
                0x0800c886       0x1c ./gecko_sdk_4.2.2/platform/service/iostream/src/sl_iostream_uart.o
 .text.set_rx_energy_mode_restriction
                0x0800c8a2       0x78 ./gecko_sdk_4.2.2/platform/service/iostream/src/sl_iostream_uart.o
 .text.get_rx_energy_mode_restriction
                0x0800c91a       0x1c ./gecko_sdk_4.2.2/platform/service/iostream/src/sl_iostream_uart.o
 .text.nolock_uart_write
                0x0800c936       0xf6 ./gecko_sdk_4.2.2/platform/service/iostream/src/sl_iostream_uart.o
 .text.uart_write
                0x0800ca2c       0x1e ./gecko_sdk_4.2.2/platform/service/iostream/src/sl_iostream_uart.o
 .text.uart_read
                0x0800ca4a       0x42 ./gecko_sdk_4.2.2/platform/service/iostream/src/sl_iostream_uart.o
 .text.USART_IntClear
                0x0800ca8c       0x18 ./gecko_sdk_4.2.2/platform/service/iostream/src/sl_iostream_usart.o
 .text.USART_IntDisable
                0x0800caa4       0x1a ./gecko_sdk_4.2.2/platform/service/iostream/src/sl_iostream_usart.o
 .text.USART_IntEnable
                0x0800cabe       0x18 ./gecko_sdk_4.2.2/platform/service/iostream/src/sl_iostream_usart.o
 .text.USART_StatusGet
                0x0800cad6        0xe ./gecko_sdk_4.2.2/platform/service/iostream/src/sl_iostream_usart.o
 .text.usart_tx
                0x0800cae4       0x2a ./gecko_sdk_4.2.2/platform/service/iostream/src/sl_iostream_usart.o
 .text.usart_set_next_byte_detect
                0x0800cb0e       0x3a ./gecko_sdk_4.2.2/platform/service/iostream/src/sl_iostream_usart.o
 .text.usart_tx_completed
                0x0800cb48       0x46 ./gecko_sdk_4.2.2/platform/service/iostream/src/sl_iostream_usart.o
 .text.usart_deinit
                0x0800cb8e       0xb6 ./gecko_sdk_4.2.2/platform/service/iostream/src/sl_iostream_usart.o
 .text.sli_power_manager_initiate_restore
                0x0800cc44       0x1c ./gecko_sdk_4.2.2/platform/service/power_manager/src/sl_power_manager.o
                0x0800cc44                sli_power_manager_initiate_restore
 .text.enter_critical_with_primask
                0x0800cc60       0x18 ./gecko_sdk_4.2.2/platform/service/power_manager/src/sl_power_manager.o
 .text.exit_critical_with_primask
                0x0800cc78       0x14 ./gecko_sdk_4.2.2/platform/service/power_manager/src/sl_power_manager.o
 .text.SystemCoreClockUpdate
                0x0800cc8c        0xa ./gecko_sdk_4.2.2/platform/service/power_manager/src/sl_power_manager_hal_s2.o
 .text.sli_power_manager_save_states
                0x0800cc96        0xa ./gecko_sdk_4.2.2/platform/service/power_manager/src/sl_power_manager_hal_s2.o
                0x0800cc96                sli_power_manager_save_states
 .text.sli_power_manager_get_default_high_frequency_minimum_offtime
                0x0800cca0       0x10 ./gecko_sdk_4.2.2/platform/service/power_manager/src/sl_power_manager_hal_s2.o
                0x0800cca0                sli_power_manager_get_default_high_frequency_minimum_offtime
 .text.sli_power_manager_low_frequency_restore
                0x0800ccb0        0x4 ./gecko_sdk_4.2.2/platform/service/power_manager/src/sl_power_manager_hal_s2.o
                0x0800ccb0                sli_power_manager_low_frequency_restore
 .text.sl_sleeptimer_restart_timer
                0x0800ccb4       0x4e ./gecko_sdk_4.2.2/platform/service/sleeptimer/src/sl_sleeptimer.o
                0x0800ccb4                sl_sleeptimer_restart_timer
 .text.sl_sleeptimer_get_tick_count
                0x0800cd02       0x20 ./gecko_sdk_4.2.2/platform/service/sleeptimer/src/sl_sleeptimer.o
                0x0800cd02                sl_sleeptimer_get_tick_count
 .text.sleeptimer_hal_init_timer
                0x0800cd22       0x76 ./gecko_sdk_4.2.2/platform/service/sleeptimer/src/sl_sleeptimer_hal_sysrtc.o
                0x0800cd22                sleeptimer_hal_init_timer
 .text.sleeptimer_hal_get_counter
                0x0800cd98        0xc ./gecko_sdk_4.2.2/platform/service/sleeptimer/src/sl_sleeptimer_hal_sysrtc.o
                0x0800cd98                sleeptimer_hal_get_counter
 .text.sleeptimer_hal_get_compare
                0x0800cda4       0x10 ./gecko_sdk_4.2.2/platform/service/sleeptimer/src/sl_sleeptimer_hal_sysrtc.o
                0x0800cda4                sleeptimer_hal_get_compare
 .text.sleeptimer_hal_enable_int
                0x0800cdb4       0x46 ./gecko_sdk_4.2.2/platform/service/sleeptimer/src/sl_sleeptimer_hal_sysrtc.o
                0x0800cdb4                sleeptimer_hal_enable_int
 .text.sli_sleeptimer_hal_is_int_status_set
                0x0800cdfa       0x5a ./gecko_sdk_4.2.2/platform/service/sleeptimer/src/sl_sleeptimer_hal_sysrtc.o
                0x0800cdfa                sli_sleeptimer_hal_is_int_status_set
 .text.SYSRTC_APP_IRQHandler
                0x0800ce54       0x6a ./gecko_sdk_4.2.2/platform/service/sleeptimer/src/sl_sleeptimer_hal_sysrtc.o
                0x0800ce54                SYSRTC_APP_IRQHandler
 .text.sleeptimer_hal_get_timer_frequency
                0x0800cebe        0xe ./gecko_sdk_4.2.2/platform/service/sleeptimer/src/sl_sleeptimer_hal_sysrtc.o
                0x0800cebe                sleeptimer_hal_get_timer_frequency
 .text.get_time_diff
                0x0800cecc       0x12 ./gecko_sdk_4.2.2/platform/service/sleeptimer/src/sl_sleeptimer_hal_sysrtc.o
 .text.sl_system_init
                0x0800cede       0x1a ./gecko_sdk_4.2.2/platform/service/system/src/sl_system_init.o
                0x0800cede                sl_system_init
 .text.sl_system_process_action
                0x0800cef8       0x16 ./gecko_sdk_4.2.2/platform/service/system/src/sl_system_process_action.o
                0x0800cef8                sl_system_process_action
 .text.SystemCoreClockGet
                0x0800cf0e        0xc ./gecko_sdk_4.2.2/platform/service/udelay/src/sl_udelay.o
 .text.init_PPS
                0x0800cf1a       0x12 ./src/GPIO.o
                0x0800cf1a                init_PPS
 .text.PPS_on   0x0800cf2c        0xe ./src/GPIO.o
                0x0800cf2c                PPS_on
 .text.adxl_init
                0x0800cf3a       0x1e ./src/adxl343.o
                0x0800cf3a                adxl_init
 .text.adxl_config
                0x0800cf58       0xae ./src/adxl343.o
                0x0800cf58                adxl_config
 .text.adxl_read
                0x0800d006       0xc0 ./src/adxl343.o
                0x0800d006                adxl_read
 .text.adxl_write
                0x0800d0c6       0x72 ./src/adxl343.o
                0x0800d0c6                adxl_write
 .text.adxl_getAccelVals
                0x0800d138       0x7a ./src/adxl343.o
                0x0800d138                adxl_getAccelVals
 .text.adxl_getAccelEvent
                0x0800d1b2       0xd0 ./src/adxl343.o
                0x0800d1b2                adxl_getAccelEvent
 .text.TIMER_IntClear
                0x0800d282       0x18 ./src/irq.o
 .text.TIMER_IntGet
                0x0800d29a        0xe ./src/irq.o
 .text.gps_generate_checksum
                0x0800d2a8       0xde ./src/sam-m8q.o
                0x0800d2a8                gps_generate_checksum
 .text.gps_generate_ubx_frame_buffer
                0x0800d386       0xb8 ./src/sam-m8q.o
                0x0800d386                gps_generate_ubx_frame_buffer
 .text.TIMER_IntClear
                0x0800d43e       0x18 ./src/timers.o
 .text.TIMER_IntEnable
                0x0800d456       0x18 ./src/timers.o
 .text.abs      0x0800d46e        0x8 c:/siliconlabs/simplicitystudio/v5/developer/toolchains/gnu_arm/10.3_2021.10/bin/../lib/gcc/arm-none-eabi/10.3.1/../../../../arm-none-eabi/lib/thumb/v8-m.main+fp/hard\libc_nano.a(lib_a-abs.o)
                0x0800d46e                abs
 .text.memcpy   0x0800d476       0x1a c:/siliconlabs/simplicitystudio/v5/developer/toolchains/gnu_arm/10.3_2021.10/bin/../lib/gcc/arm-none-eabi/10.3.1/../../../../arm-none-eabi/lib/thumb/v8-m.main+fp/hard\libc_nano.a(lib_a-memcpy-stub.o)
                0x0800d476                memcpy
 .text.memset   0x0800d490       0x10 c:/siliconlabs/simplicitystudio/v5/developer/toolchains/gnu_arm/10.3_2021.10/bin/../lib/gcc/arm-none-eabi/10.3.1/../../../../arm-none-eabi/lib/thumb/v8-m.main+fp/hard\libc_nano.a(lib_a-memset.o)
                0x0800d490                memset
 .text.__cvt    0x0800d4a0       0xc4 c:/siliconlabs/simplicitystudio/v5/developer/toolchains/gnu_arm/10.3_2021.10/bin/../lib/gcc/arm-none-eabi/10.3.1/../../../../arm-none-eabi/lib/thumb/v8-m.main+fp/hard\libc_nano.a(lib_a-nano-vfprintf_float.o)
                0x0800d4a0                __cvt
 .text.__exponent
                0x0800d564       0x7c c:/siliconlabs/simplicitystudio/v5/developer/toolchains/gnu_arm/10.3_2021.10/bin/../lib/gcc/arm-none-eabi/10.3.1/../../../../arm-none-eabi/lib/thumb/v8-m.main+fp/hard\libc_nano.a(lib_a-nano-vfprintf_float.o)
                0x0800d564                __exponent