Archive member included to satisfy reference by file (symbol)

c:/siliconlabs/simplicitystudio/v5/developer/toolchains/gnu_arm/10.3_2021.10/bin/../lib/gcc/arm-none-eabi/10.3.1/thumb/v8-m.main+fp/hard\libgcc.a(_aeabi_ldivmod.o)
                              ./gecko_sdk_4.2.1/platform/emlib/src/em_eusart.o (__aeabi_ldivmod)
c:/siliconlabs/simplicitystudio/v5/developer/toolchains/gnu_arm/10.3_2021.10/bin/../lib/gcc/arm-none-eabi/10.3.1/thumb/v8-m.main+fp/hard\libgcc.a(_aeabi_uldivmod.o)
                              ./gecko_sdk_4.2.1/platform/emlib/src/em_eusart.o (__aeabi_uldivmod)
c:/siliconlabs/simplicitystudio/v5/developer/toolchains/gnu_arm/10.3_2021.10/bin/../lib/gcc/arm-none-eabi/10.3.1/thumb/v8-m.main+fp/hard\libgcc.a(_udivmoddi4.o)
                              c:/siliconlabs/simplicitystudio/v5/developer/toolchains/gnu_arm/10.3_2021.10/bin/../lib/gcc/arm-none-eabi/10.3.1/thumb/v8-m.main+fp/hard\libgcc.a(_aeabi_ldivmod.o) (__udivmoddi4)
c:/siliconlabs/simplicitystudio/v5/developer/toolchains/gnu_arm/10.3_2021.10/bin/../lib/gcc/arm-none-eabi/10.3.1/thumb/v8-m.main+fp/hard\libgcc.a(_dvmd_tls.o)
                              c:/siliconlabs/simplicitystudio/v5/developer/toolchains/gnu_arm/10.3_2021.10/bin/../lib/gcc/arm-none-eabi/10.3.1/thumb/v8-m.main+fp/hard\libgcc.a(_aeabi_ldivmod.o) (__aeabi_ldiv0)
c:/siliconlabs/simplicitystudio/v5/developer/toolchains/gnu_arm/10.3_2021.10/bin/../lib/gcc/arm-none-eabi/10.3.1/../../../../arm-none-eabi/lib/thumb/v8-m.main+fp/hard\libc_nano.a(lib_a-exit.o)
                              c:/siliconlabs/simplicitystudio/v5/developer/toolchains/gnu_arm/10.3_2021.10/bin/../lib/gcc/arm-none-eabi/10.3.1/../../../../arm-none-eabi/lib/thumb/v8-m.main+fp/hard/crt0.o (exit)
c:/siliconlabs/simplicitystudio/v5/developer/toolchains/gnu_arm/10.3_2021.10/bin/../lib/gcc/arm-none-eabi/10.3.1/../../../../arm-none-eabi/lib/thumb/v8-m.main+fp/hard\libc_nano.a(lib_a-impure.o)
                              c:/siliconlabs/simplicitystudio/v5/developer/toolchains/gnu_arm/10.3_2021.10/bin/../lib/gcc/arm-none-eabi/10.3.1/../../../../arm-none-eabi/lib/thumb/v8-m.main+fp/hard\libc_nano.a(lib_a-exit.o) (_global_impure_ptr)
c:/siliconlabs/simplicitystudio/v5/developer/toolchains/gnu_arm/10.3_2021.10/bin/../lib/gcc/arm-none-eabi/10.3.1/../../../../arm-none-eabi/lib/thumb/v8-m.main+fp/hard\libc_nano.a(lib_a-init.o)
                              c:/siliconlabs/simplicitystudio/v5/developer/toolchains/gnu_arm/10.3_2021.10/bin/../lib/gcc/arm-none-eabi/10.3.1/../../../../arm-none-eabi/lib/thumb/v8-m.main+fp/hard/crt0.o (__libc_init_array)
c:/siliconlabs/simplicitystudio/v5/developer/toolchains/gnu_arm/10.3_2021.10/bin/../lib/gcc/arm-none-eabi/10.3.1/../../../../arm-none-eabi/lib/thumb/v8-m.main+fp/hard\libc_nano.a(lib_a-memset.o)
                              c:/siliconlabs/simplicitystudio/v5/developer/toolchains/gnu_arm/10.3_2021.10/bin/../lib/gcc/arm-none-eabi/10.3.1/../../../../arm-none-eabi/lib/thumb/v8-m.main+fp/hard/crt0.o (memset)
c:/siliconlabs/simplicitystudio/v5/developer/toolchains/gnu_arm/10.3_2021.10/bin/../lib/gcc/arm-none-eabi/10.3.1/../../../../arm-none-eabi/lib/thumb/v8-m.main+fp/hard\libnosys.a(_exit.o)
                              c:/siliconlabs/simplicitystudio/v5/developer/toolchains/gnu_arm/10.3_2021.10/bin/../lib/gcc/arm-none-eabi/10.3.1/../../../../arm-none-eabi/lib/thumb/v8-m.main+fp/hard\libc_nano.a(lib_a-exit.o) (_exit)

Discarded input sections

 .text          0x00000000        0x0 c:/siliconlabs/simplicitystudio/v5/developer/toolchains/gnu_arm/10.3_2021.10/bin/../lib/gcc/arm-none-eabi/10.3.1/thumb/v8-m.main+fp/hard/crti.o
 .data          0x00000000        0x0 c:/siliconlabs/simplicitystudio/v5/developer/toolchains/gnu_arm/10.3_2021.10/bin/../lib/gcc/arm-none-eabi/10.3.1/thumb/v8-m.main+fp/hard/crti.o
 .bss           0x00000000        0x0 c:/siliconlabs/simplicitystudio/v5/developer/toolchains/gnu_arm/10.3_2021.10/bin/../lib/gcc/arm-none-eabi/10.3.1/thumb/v8-m.main+fp/hard/crti.o
 .data          0x00000000        0x4 c:/siliconlabs/simplicitystudio/v5/developer/toolchains/gnu_arm/10.3_2021.10/bin/../lib/gcc/arm-none-eabi/10.3.1/thumb/v8-m.main+fp/hard/crtbegin.o
 .rodata        0x00000000       0x24 c:/siliconlabs/simplicitystudio/v5/developer/toolchains/gnu_arm/10.3_2021.10/bin/../lib/gcc/arm-none-eabi/10.3.1/thumb/v8-m.main+fp/hard/crtbegin.o
 .data          0x00000000        0x0 c:/siliconlabs/simplicitystudio/v5/developer/toolchains/gnu_arm/10.3_2021.10/bin/../lib/gcc/arm-none-eabi/10.3.1/../../../../arm-none-eabi/lib/thumb/v8-m.main+fp/hard/crt0.o
 .bss           0x00000000        0x0 c:/siliconlabs/simplicitystudio/v5/developer/toolchains/gnu_arm/10.3_2021.10/bin/../lib/gcc/arm-none-eabi/10.3.1/../../../../arm-none-eabi/lib/thumb/v8-m.main+fp/hard/crt0.o
 .ARM.extab     0x00000000        0x0 c:/siliconlabs/simplicitystudio/v5/developer/toolchains/gnu_arm/10.3_2021.10/bin/../lib/gcc/arm-none-eabi/10.3.1/../../../../arm-none-eabi/lib/thumb/v8-m.main+fp/hard/crt0.o
[...]
Memory Configuration

Name             Origin             Length             Attributes
FLASH            0x08000000         0x0017e000         xr
RAM              0x20000000         0x00040000         xrw
*default*        0x00000000         0xffffffff

Linker script and memory map

LOAD c:/siliconlabs/simplicitystudio/v5/developer/toolchains/gnu_arm/10.3_2021.10/bin/../lib/gcc/arm-none-eabi/10.3.1/thumb/v8-m.main+fp/hard/crti.o
LOAD c:/siliconlabs/simplicitystudio/v5/developer/toolchains/gnu_arm/10.3_2021.10/bin/../lib/gcc/arm-none-eabi/10.3.1/thumb/v8-m.main+fp/hard/crtbegin.o
LOAD c:/siliconlabs/simplicitystudio/v5/developer/toolchains/gnu_arm/10.3_2021.10/bin/../lib/gcc/arm-none-eabi/10.3.1/../../../../arm-none-eabi/lib/thumb/v8-m.main+fp/hard/crt0.o
START GROUP
LOAD ./app.o
LOAD ./main.o
LOAD ./autogen/sl_board_default_init.o
LOAD ./autogen/sl_device_init_clocks.o
LOAD ./autogen/sl_event_handler.o
LOAD ./gecko_sdk_4.2.1/hardware/board/src/sl_board_control_gpio.o
LOAD ./gecko_sdk_4.2.1/hardware/board/src/sl_board_init.o
LOAD ./gecko_sdk_4.2.1/hardware/driver/configuration_over_swo/src/sl_cos.o
LOAD ./gecko_sdk_4.2.1/hardware/driver/mx25_flash_shutdown/src/sl_mx25_flash_shutdown_eusart/sl_mx25_flash_shutdown.o
LOAD ./gecko_sdk_4.2.1/platform/Device/SiliconLabs/EFR32MG24/Source/startup_efr32mg24.o
LOAD ./gecko_sdk_4.2.1/platform/Device/SiliconLabs/EFR32MG24/Source/system_efr32mg24.o
LOAD ./gecko_sdk_4.2.1/platform/common/src/sl_assert.o
LOAD ./gecko_sdk_4.2.1/platform/common/toolchain/src/sl_memory.o
LOAD ./gecko_sdk_4.2.1/platform/driver/debug/src/sl_debug_swo.o
LOAD ./gecko_sdk_4.2.1/platform/emlib/src/em_cmu.o
LOAD ./gecko_sdk_4.2.1/platform/emlib/src/em_core.o
LOAD ./gecko_sdk_4.2.1/platform/emlib/src/em_emu.o
LOAD ./gecko_sdk_4.2.1/platform/emlib/src/em_eusart.o
LOAD ./gecko_sdk_4.2.1/platform/emlib/src/em_gpio.o
LOAD ./gecko_sdk_4.2.1/platform/emlib/src/em_i2c.o
LOAD ./gecko_sdk_4.2.1/platform/emlib/src/em_msc.o
LOAD ./gecko_sdk_4.2.1/platform/emlib/src/em_system.o
LOAD ./gecko_sdk_4.2.1/platform/emlib/src/em_timer.o
LOAD ./gecko_sdk_4.2.1/platform/service/device_init/src/sl_device_init_dcdc_s2.o
LOAD ./gecko_sdk_4.2.1/platform/service/device_init/src/sl_device_init_emu_s2.o
LOAD ./gecko_sdk_4.2.1/platform/service/device_init/src/sl_device_init_hfxo_s2.o
LOAD ./gecko_sdk_4.2.1/platform/service/device_init/src/sl_device_init_lfxo_s2.o
LOAD ./gecko_sdk_4.2.1/platform/service/device_init/src/sl_device_init_nvic.o
LOAD ./gecko_sdk_4.2.1/platform/service/system/src/sl_system_init.o
LOAD ./gecko_sdk_4.2.1/platform/service/system/src/sl_system_process_action.o
LOAD ./gecko_sdk_4.2.1/platform/service/udelay/src/sl_udelay.o
LOAD ./gecko_sdk_4.2.1/platform/service/udelay/src/sl_udelay_armv6m_gcc.o
LOAD ./src/GPIO.o
LOAD ./src/I2C.o
LOAD ./src/adxl343.o
LOAD ./src/irq.o
LOAD ./src/timers.o
LOAD c:/siliconlabs/simplicitystudio/v5/developer/toolchains/gnu_arm/10.3_2021.10/bin/../lib/gcc/arm-none-eabi/10.3.1/thumb/v8-m.main+fp/hard\libgcc.a
LOAD c:/siliconlabs/simplicitystudio/v5/developer/toolchains/gnu_arm/10.3_2021.10/bin/../lib/gcc/arm-none-eabi/10.3.1/../../../../arm-none-eabi/lib/thumb/v8-m.main+fp/hard\libc_nano.a
LOAD c:/siliconlabs/simplicitystudio/v5/developer/toolchains/gnu_arm/10.3_2021.10/bin/../lib/gcc/arm-none-eabi/10.3.1/../../../../arm-none-eabi/lib/thumb/v8-m.main+fp/hard\libm.a
LOAD c:/siliconlabs/simplicitystudio/v5/developer/toolchains/gnu_arm/10.3_2021.10/bin/../lib/gcc/arm-none-eabi/10.3.1/../../../../arm-none-eabi/lib/thumb/v8-m.main+fp/hard\libnosys.a
END GROUP
START GROUP
LOAD c:/siliconlabs/simplicitystudio/v5/developer/toolchains/gnu_arm/10.3_2021.10/bin/../lib/gcc/arm-none-eabi/10.3.1/thumb/v8-m.main+fp/hard\libgcc.a
LOAD c:/siliconlabs/simplicitystudio/v5/developer/toolchains/gnu_arm/10.3_2021.10/bin/../lib/gcc/arm-none-eabi/10.3.1/../../../../arm-none-eabi/lib/thumb/v8-m.main+fp/hard\libc_nano.a
LOAD c:/siliconlabs/simplicitystudio/v5/developer/toolchains/gnu_arm/10.3_2021.10/bin/../lib/gcc/arm-none-eabi/10.3.1/../../../../arm-none-eabi/lib/thumb/v8-m.main+fp/hard\libnosys.a
END GROUP
START GROUP
LOAD c:/siliconlabs/simplicitystudio/v5/developer/toolchains/gnu_arm/10.3_2021.10/bin/../lib/gcc/arm-none-eabi/10.3.1/thumb/v8-m.main+fp/hard\libgcc.a
LOAD c:/siliconlabs/simplicitystudio/v5/developer/toolchains/gnu_arm/10.3_2021.10/bin/../lib/gcc/arm-none-eabi/10.3.1/../../../../arm-none-eabi/lib/thumb/v8-m.main+fp/hard\libg_nano.a
LOAD c:/siliconlabs/simplicitystudio/v5/developer/toolchains/gnu_arm/10.3_2021.10/bin/../lib/gcc/arm-none-eabi/10.3.1/../../../../arm-none-eabi/lib/thumb/v8-m.main+fp/hard\libc_nano.a
END GROUP
START GROUP
LOAD c:/siliconlabs/simplicitystudio/v5/developer/toolchains/gnu_arm/10.3_2021.10/bin/../lib/gcc/arm-none-eabi/10.3.1/thumb/v8-m.main+fp/hard\libgcc.a
LOAD c:/siliconlabs/simplicitystudio/v5/developer/toolchains/gnu_arm/10.3_2021.10/bin/../lib/gcc/arm-none-eabi/10.3.1/../../../../arm-none-eabi/lib/thumb/v8-m.main+fp/hard\libc_nano.a
END GROUP
LOAD c:/siliconlabs/simplicitystudio/v5/developer/toolchains/gnu_arm/10.3_2021.10/bin/../lib/gcc/arm-none-eabi/10.3.1/thumb/v8-m.main+fp/hard/crtend.o
LOAD c:/siliconlabs/simplicitystudio/v5/developer/toolchains/gnu_arm/10.3_2021.10/bin/../lib/gcc/arm-none-eabi/10.3.1/thumb/v8-m.main+fp/hard/crtn.o

.text           0x08000000     0x2d28
                0x08000000                linker_vectors_begin = .
 *(.vectors)
 .vectors       0x08000000      0x170 ./gecko_sdk_4.2.1/platform/Device/SiliconLabs/EFR32MG24/Source/startup_efr32mg24.o
                0x08000000                __Vectors
                0x08000170                linker_vectors_end = .
                0x08000170                __Vectors_End = .
                0x08000170                __Vectors_Size = (__Vectors_End - __Vectors)
                0x08000170                linker_code_begin = .
 *(SORT_BY_ALIGNMENT(.text*))
 .text          0x08000170        0x8 ./gecko_sdk_4.2.1/platform/service/udelay/src/sl_udelay_armv6m_gcc.o
                0x08000170                sli_delay_loop
 .text          0x08000178       0x40 c:/siliconlabs/simplicitystudio/v5/developer/toolchains/gnu_arm/10.3_2021.10/bin/../lib/gcc/arm-none-eabi/10.3.1/thumb/v8-m.main+fp/hard/crtbegin.o
 .text          0x080001b8       0x7c c:/siliconlabs/simplicitystudio/v5/developer/toolchains/gnu_arm/10.3_2021.10/bin/../lib/gcc/arm-none-eabi/10.3.1/../../../../arm-none-eabi/lib/thumb/v8-m.main+fp/hard/crt0.o
                0x080001b8                _stack_init
                0x080001c0                _start
                0x080001c0                _mainCRTStartup
 .text.app_init
                0x08000234       0x1c ./app.o
                0x08000234                app_init
 .text.app_process_action
                0x08000250       0x18 ./app.o
                0x08000250                app_process_action
 .text.sl_device_init_clocks
                0x08000268       0xac ./autogen/sl_device_init_clocks.o
                0x08000268                sl_device_init_clocks
 .text.cs_high  0x08000314       0x10 ./gecko_sdk_4.2.1/hardware/driver/mx25_flash_shutdown/src/sl_mx25_flash_shutdown_eusart/sl_mx25_flash_shutdown.o
 .text.cs_low   0x08000324       0x10 ./gecko_sdk_4.2.1/hardware/driver/mx25_flash_shutdown/src/sl_mx25_flash_shutdown_eusart/sl_mx25_flash_shutdown.o
 .text.sl_mx25_flash_shutdown
                0x08000334      0x12c ./gecko_sdk_4.2.1/hardware/driver/mx25_flash_shutdown/src/sl_mx25_flash_shutdown_eusart/sl_mx25_flash_shutdown.o
                0x08000334                sl_mx25_flash_shutdown
 .text.Reset_Handler
                0x08000460       0x60 ./gecko_sdk_4.2.1/platform/Device/SiliconLabs/EFR32MG24/Source/startup_efr32mg24.o
                0x08000460                Reset_Handler
 .text.SystemInit
                0x080004c0       0x68 ./gecko_sdk_4.2.1/platform/Device/SiliconLabs/EFR32MG24/Source/system_efr32mg24.o
                0x080004c0                SystemInit
 .text.SystemHFRCODPLLClockGet
                0x08000528        0xc ./gecko_sdk_4.2.1/platform/Device/SiliconLabs/EFR32MG24/Source/system_efr32mg24.o
                0x08000528                SystemHFRCODPLLClockGet
 .text.SystemSYSCLKGet
                0x08000534       0x34 ./gecko_sdk_4.2.1/platform/Device/SiliconLabs/EFR32MG24/Source/system_efr32mg24.o
                0x08000534                SystemSYSCLKGet
 .text.SystemHCLKGet
                0x08000568       0x24 ./gecko_sdk_4.2.1/platform/Device/SiliconLabs/EFR32MG24/Source/system_efr32mg24.o
                0x08000568                SystemHCLKGet
 .text.SystemMaxCoreClockGet
                0x0800058c        0x8 ./gecko_sdk_4.2.1/platform/Device/SiliconLabs/EFR32MG24/Source/system_efr32mg24.o
                0x0800058c                SystemMaxCoreClockGet
 .text.SystemHFXOClockGet
                0x08000594        0xc ./gecko_sdk_4.2.1/platform/Device/SiliconLabs/EFR32MG24/Source/system_efr32mg24.o
                0x08000594                SystemHFXOClockGet
 .text.SystemHFXOClockSet
                0x080005a0       0x20 ./gecko_sdk_4.2.1/platform/Device/SiliconLabs/EFR32MG24/Source/system_efr32mg24.o
                0x080005a0                SystemHFXOClockSet
 .text.SystemFSRCOClockGet
                0x080005c0        0x8 ./gecko_sdk_4.2.1/platform/Device/SiliconLabs/EFR32MG24/Source/system_efr32mg24.o
                0x080005c0                SystemFSRCOClockGet
 .text.SystemHFRCOEM23ClockGet
                0x080005c8       0x84 ./gecko_sdk_4.2.1/platform/Device/SiliconLabs/EFR32MG24/Source/system_efr32mg24.o
                0x080005c8                SystemHFRCOEM23ClockGet
 .text.SystemLFXOClockGet
                0x0800064c        0xc ./gecko_sdk_4.2.1/platform/Device/SiliconLabs/EFR32MG24/Source/system_efr32mg24.o
                0x0800064c                SystemLFXOClockGet
 .text.sl_debug_swo_init
                0x08000658      0x108 ./gecko_sdk_4.2.1/platform/driver/debug/src/sl_debug_swo.o
                0x08000658                sl_debug_swo_init
 .text.EMU_VScaleGet
                0x08000760       0x18 ./gecko_sdk_4.2.1/platform/emlib/src/em_cmu.o
 .text.traceClkGet
                0x08000778       0x54 ./gecko_sdk_4.2.1/platform/emlib/src/em_cmu.o
 .text.em01GrpaClkGet
                0x080007cc       0x70 ./gecko_sdk_4.2.1/platform/emlib/src/em_cmu.o
 .text.em01GrpcClkGet
                0x0800083c       0x70 ./gecko_sdk_4.2.1/platform/emlib/src/em_cmu.o
 .text.iadcClkGet
                0x080008ac       0x60 ./gecko_sdk_4.2.1/platform/emlib/src/em_cmu.o
 .text.eusart0ClkGet
                0x0800090c       0x70 ./gecko_sdk_4.2.1/platform/emlib/src/em_cmu.o
 .text.em23GrpaClkGet
                0x0800097c       0x54 ./gecko_sdk_4.2.1/platform/emlib/src/em_cmu.o
 .text.vdac0ClkGet
                0x080009d0       0x70 ./gecko_sdk_4.2.1/platform/emlib/src/em_cmu.o
 .text.vdac1ClkGet
                0x08000a40       0x70 ./gecko_sdk_4.2.1/platform/emlib/src/em_cmu.o
 .text.pcnt0ClkGet
                0x08000ab0       0x4c ./gecko_sdk_4.2.1/platform/emlib/src/em_cmu.o
 .text.wdog0ClkGet
                0x08000afc       0x60 ./gecko_sdk_4.2.1/platform/emlib/src/em_cmu.o
 .text.wdog1ClkGet
                0x08000b5c       0x60 ./gecko_sdk_4.2.1/platform/emlib/src/em_cmu.o
 .text.sysrtcClkGet
                0x08000bbc       0x54 ./gecko_sdk_4.2.1/platform/emlib/src/em_cmu.o
 .text.em4GrpaClkGet
                0x08000c10       0x54 ./gecko_sdk_4.2.1/platform/emlib/src/em_cmu.o
 .text.CMU_ClockDivGet
                0x08000c64       0x78 ./gecko_sdk_4.2.1/platform/emlib/src/em_cmu.o
                0x08000c64                CMU_ClockDivGet
 .text.flashWaitStateControl
                0x08000cdc       0x58 ./gecko_sdk_4.2.1/platform/emlib/src/em_cmu.o
 .text.CMU_ClockEnable
                0x08000d34       0x58 ./gecko_sdk_4.2.1/platform/emlib/src/em_cmu.o
                0x08000d34                CMU_ClockEnable
 .text.CMU_ClockFreqGet
                0x08000d8c      0x200 ./gecko_sdk_4.2.1/platform/emlib/src/em_cmu.o
                0x08000d8c                CMU_ClockFreqGet
 .text.rhclkPrescOptimize
                0x08000f8c       0x20 ./gecko_sdk_4.2.1/platform/emlib/src/em_cmu.o
 .text.CMU_ClockSelectGet
                0x08000fac      0x22c ./gecko_sdk_4.2.1/platform/emlib/src/em_cmu.o
                0x08000fac                CMU_ClockSelectGet
 .text.sli_em_cmu_HFXOSetForceEnable
                0x080011d8       0x1c ./gecko_sdk_4.2.1/platform/emlib/src/em_cmu.o
                0x080011d8                sli_em_cmu_HFXOSetForceEnable
 .text.CMU_HFXOInit
                0x080011f4      0x21c ./gecko_sdk_4.2.1/platform/emlib/src/em_cmu.o
                0x080011f4                CMU_HFXOInit
 .text.CMU_HFXOCTuneDeltaGet
                0x08001410        0xc ./gecko_sdk_4.2.1/platform/emlib/src/em_cmu.o
                0x08001410                CMU_HFXOCTuneDeltaGet
 .text.CMU_LFXOInit
                0x0800141c       0xc4 ./gecko_sdk_4.2.1/platform/emlib/src/em_cmu.o
                0x0800141c                CMU_LFXOInit
 .text.CMU_LFXOPrecisionSet
                0x080014e0        0xc ./gecko_sdk_4.2.1/platform/emlib/src/em_cmu.o
                0x080014e0                CMU_LFXOPrecisionSet
 .text.CMU_ClockDivSet
                0x080014ec      0x12c ./gecko_sdk_4.2.1/platform/emlib/src/em_cmu.o
                0x080014ec                CMU_ClockDivSet
 .text.sli_em_cmu_SYSCLKInitPreClockSelect
                0x08001618       0x20 ./gecko_sdk_4.2.1/platform/emlib/src/em_cmu.o
                0x08001618                sli_em_cmu_SYSCLKInitPreClockSelect
 .text.pclkDivOptimize
                0x08001638       0x24 ./gecko_sdk_4.2.1/platform/emlib/src/em_cmu.o
 .text.EMU_DCDCSync
                0x0800165c       0x10 ./gecko_sdk_4.2.1/platform/emlib/src/em_emu.o
 .text.EMU_EM4Init
                0x0800166c       0x14 ./gecko_sdk_4.2.1/platform/emlib/src/em_emu.o
                0x0800166c                EMU_EM4Init
 .text.EMU_VScaleEM01
                0x08001680       0xb0 ./gecko_sdk_4.2.1/platform/emlib/src/em_emu.o
                0x08001680                EMU_VScaleEM01
 .text.EMU_VScaleEM01ByClock
                0x08001730       0x30 ./gecko_sdk_4.2.1/platform/emlib/src/em_emu.o
                0x08001730                EMU_VScaleEM01ByClock
 .text.EMU_DCDCModeSet
                0x08001760       0x6c ./gecko_sdk_4.2.1/platform/emlib/src/em_emu.o
                0x08001760                EMU_DCDCModeSet
 .text.EMU_DCDCInit
                0x080017cc       0x70 ./gecko_sdk_4.2.1/platform/emlib/src/em_emu.o
                0x080017cc                EMU_DCDCInit
 .text.EMU_DCDCSetPFMXModePeakCurrent
                0x0800183c       0x70 ./gecko_sdk_4.2.1/platform/emlib/src/em_emu.o
                0x0800183c                EMU_DCDCSetPFMXModePeakCurrent
 .text.EUSART_Reset
                0x080018ac       0x54 ./gecko_sdk_4.2.1/platform/emlib/src/em_eusart.o
                0x080018ac                EUSART_Reset
 .text.EUSART_Enable
                0x08001900       0x6c ./gecko_sdk_4.2.1/platform/emlib/src/em_eusart.o
                0x08001900                EUSART_Enable
 .text.EUSART_BaudrateSet
                0x0800196c      0x1d8 ./gecko_sdk_4.2.1/platform/emlib/src/em_eusart.o
                0x0800196c                EUSART_BaudrateSet
 .text.EUSART_SpiInit
                0x08001b44      0x1fc ./gecko_sdk_4.2.1/platform/emlib/src/em_eusart.o
                0x08001b44                EUSART_SpiInit
 .text.GPIO_PinOutSet
                0x08001d40       0x44 ./gecko_sdk_4.2.1/platform/emlib/src/em_gpio.o
 .text.GPIO_PinOutClear
                0x08001d84       0x44 ./gecko_sdk_4.2.1/platform/emlib/src/em_gpio.o
 .text.GPIO_PinModeSet
                0x08001dc8       0x9c ./gecko_sdk_4.2.1/platform/emlib/src/em_gpio.o
                0x08001dc8                GPIO_PinModeSet
 .text.I2C_BusFreqSet
                0x08001e64       0xe4 ./gecko_sdk_4.2.1/platform/emlib/src/em_i2c.o
                0x08001e64                I2C_BusFreqSet
 .text.I2C_Enable
                0x08001f48       0x38 ./gecko_sdk_4.2.1/platform/emlib/src/em_i2c.o
                0x08001f48                I2C_Enable
 .text.I2C_Init
                0x08001f80       0x64 ./gecko_sdk_4.2.1/platform/emlib/src/em_i2c.o
                0x08001f80                I2C_Init
 .text.I2C_Transfer
                0x08001fe4      0x224 ./gecko_sdk_4.2.1/platform/emlib/src/em_i2c.o
                0x08001fe4                I2C_Transfer
 .text.I2C_TransferInit
                0x08002208       0xb8 ./gecko_sdk_4.2.1/platform/emlib/src/em_i2c.o
                0x08002208                I2C_TransferInit
 .text.TIMER_Valid
                0x080022c0       0x34 ./gecko_sdk_4.2.1/platform/emlib/src/em_timer.o
 .text.TIMER_Init
                0x080022f4       0xc8 ./gecko_sdk_4.2.1/platform/emlib/src/em_timer.o
                0x080022f4                TIMER_Init
 .text.sl_device_init_dcdc
                0x080023bc       0x2c ./gecko_sdk_4.2.1/platform/service/device_init/src/sl_device_init_dcdc_s2.o
                0x080023bc                sl_device_init_dcdc
 .text.sl_device_init_emu
                0x080023e8       0x24 ./gecko_sdk_4.2.1/platform/service/device_init/src/sl_device_init_emu_s2.o
                0x080023e8                sl_device_init_emu
 .text.sl_device_init_hfxo
                0x0800240c       0x6c ./gecko_sdk_4.2.1/platform/service/device_init/src/sl_device_init_hfxo_s2.o
                0x0800240c                sl_device_init_hfxo
 .text.sl_device_init_lfxo
                0x08002478       0x2c ./gecko_sdk_4.2.1/platform/service/device_init/src/sl_device_init_lfxo_s2.o
                0x08002478                sl_device_init_lfxo
 .text.sl_device_init_nvic
                0x080024a4       0x3c ./gecko_sdk_4.2.1/platform/service/device_init/src/sl_device_init_nvic.o
                0x080024a4                sl_device_init_nvic
 .text.sl_udelay_wait
                0x080024e0       0x58 ./gecko_sdk_4.2.1/platform/service/udelay/src/sl_udelay.o
                0x080024e0                sl_udelay_wait
 .text.toggleLED0
                0x08002538        0xc ./src/GPIO.o
                0x08002538                toggleLED0
 .text.init_I2C0
                0x08002544       0x84 ./src/I2C.o
                0x08002544                init_I2C0
 .text.adxl_readDevID
                0x080025c8       0x90 ./src/adxl343.o
                0x080025c8                adxl_readDevID
 .text.TIMER0_IRQHandler
                0x08002658       0x30 ./src/irq.o
                0x08002658                TIMER0_IRQHandler
 .text.init_timer0
                0x08002688       0x6c ./src/timers.o
                0x08002688                init_timer0
 .text.exit     0x080026f4       0x28 c:/siliconlabs/simplicitystudio/v5/developer/toolchains/gnu_arm/10.3_2021.10/bin/../lib/gcc/arm-none-eabi/10.3.1/../../../../arm-none-eabi/lib/thumb/v8-m.main+fp/hard\libc_nano.a(lib_a-exit.o)
                0x080026f4                exit
 .text.__libc_init_array
                0x0800271c       0x48 c:/siliconlabs/simplicitystudio/v5/developer/toolchains/gnu_arm/10.3_2021.10/bin/../lib/gcc/arm-none-eabi/10.3.1/../../../../arm-none-eabi/lib/thumb/v8-m.main+fp/hard\libc_nano.a(lib_a-init.o)
                0x0800271c                __libc_init_array
 .text._exit    0x08002764        0x4 c:/siliconlabs/simplicitystudio/v5/developer/toolchains/gnu_arm/10.3_2021.10/bin/../lib/gcc/arm-none-eabi/10.3.1/../../../../arm-none-eabi/lib/thumb/v8-m.main+fp/hard\libnosys.a(_exit.o)
                0x08002764                _exit
 .text.startup.main
                0x08002768       0x14 ./main.o
                0x08002768                main
 .text.sl_board_default_init
                0x0800277c        0x4 ./autogen/sl_board_default_init.o
                0x0800277c                sl_board_default_init
 .text.sl_platform_init
                0x08002780       0x26 ./autogen/sl_event_handler.o
                0x08002780                sl_platform_init
 .text.sl_driver_init
                0x080027a6        0xe ./autogen/sl_event_handler.o
                0x080027a6                sl_driver_init
 .text.sl_service_init
                0x080027b4        0x4 ./autogen/sl_event_handler.o
                0x080027b4                sl_service_init
 .text.sl_stack_init
                0x080027b8        0x2 ./autogen/sl_event_handler.o
                0x080027b8                sl_stack_init
 .text.sl_internal_app_init
                0x080027ba        0x2 ./autogen/sl_event_handler.o
                0x080027ba                sl_internal_app_init
 .text.sl_platform_process_action
                0x080027bc        0x2 ./autogen/sl_event_handler.o
                0x080027bc                sl_platform_process_action
 .text.sl_service_process_action
                0x080027be        0x2 ./autogen/sl_event_handler.o
                0x080027be                sl_service_process_action
 .text.sl_stack_process_action
                0x080027c0        0x2 ./autogen/sl_event_handler.o
                0x080027c0                sl_stack_process_action
 .text.sl_internal_app_process_action
                0x080027c2        0x2 ./autogen/sl_event_handler.o
                0x080027c2                sl_internal_app_process_action
 .text.sl_board_configure_vcom
                0x080027c4        0x4 ./gecko_sdk_4.2.1/hardware/board/src/sl_board_control_gpio.o
                0x080027c4                sl_board_configure_vcom
 .text.sl_board_disable_vcom
                0x080027c8       0x12 ./gecko_sdk_4.2.1/hardware/board/src/sl_board_control_gpio.o
                0x080027c8                sl_board_disable_vcom
 .text.sl_board_init
                0x080027da       0x16 ./gecko_sdk_4.2.1/hardware/board/src/sl_board_init.o
                0x080027da                sl_board_init
 .text.sl_board_preinit
                0x080027f0        0x8 ./gecko_sdk_4.2.1/hardware/board/src/sl_board_init.o
                0x080027f0                sl_board_preinit
 .text.sl_cos_send_config
                0x080027f8        0x6 ./gecko_sdk_4.2.1/hardware/driver/configuration_over_swo/src/sl_cos.o
                0x080027f8                sl_cos_send_config
 .text.Default_Handler
                0x080027fe        0x2 ./gecko_sdk_4.2.1/platform/Device/SiliconLabs/EFR32MG24/Source/startup_efr32mg24.o
                0x080027fe                ULFRCO_IRQHandler
                0x080027fe                AHB2AHB1_IRQHandler
                0x080027fe                SW2_IRQHandler
                0x080027fe                TIMER2_IRQHandler
                0x080027fe                DebugMon_Handler
                0x080027fe                USART0_TX_IRQHandler
                0x080027fe                IADC_IRQHandler
                0x080027fe                EUSART0_TX_IRQHandler
                0x080027fe                I2C0_IRQHandler
                0x080027fe                LFXO_IRQHandler
                0x080027fe                HardFault_Handler
                0x080027fe                SMU_SECURE_IRQHandler
                0x080027fe                SysTick_Handler
                0x080027fe                SYSRTC_SEQ_IRQHandler
                0x080027fe                EMUEFP_IRQHandler
                0x080027fe                PendSV_Handler
                0x080027fe                NMI_Handler
                0x080027fe                SYNTH_IRQHandler
                0x080027fe                HOSTMAILBOX_IRQHandler
                0x080027fe                HFXO0_IRQHandler
                0x080027fe                I2C1_IRQHandler
                0x080027fe                WDOG0_IRQHandler
                0x080027fe                TIMER3_IRQHandler
                0x080027fe                SYSCFG_IRQHandler
                0x080027fe                RFECA1_IRQHandler
                0x080027fe                EMUDG_IRQHandler
                0x080027fe                MSC_IRQHandler
                0x080027fe                DPLL0_IRQHandler
                0x080027fe                UsageFault_Handler
                0x080027fe                WDOG1_IRQHandler
                0x080027fe                M33CTI1_IRQHandler
                0x080027fe                TIMER4_IRQHandler
                0x080027fe                GPIO_EVEN_IRQHandler
                0x080027fe                VDAC0_IRQHandler
                0x080027fe                LDMA_IRQHandler
                0x080027fe                SEMBTX_IRQHandler
                0x080027fe                SW0_IRQHandler
                0x080027fe                MVP_IRQHandler
                0x080027fe                LETIMER0_IRQHandler
                0x080027fe                EUSART1_RX_IRQHandler
                0x080027fe                TIMER1_IRQHandler
                0x080027fe                HFRCO0_IRQHandler
                0x080027fe                SecureFault_Handler
                0x080027fe                BUFC_IRQHandler
                0x080027fe                DCDC_IRQHandler
                0x080027fe                MODEM_IRQHandler
                0x080027fe                Default_Handler
                0x080027fe                RAC_SEQ_IRQHandler
                0x080027fe                FRC_PRI_IRQHandler
                0x080027fe                EMU_IRQHandler
                0x080027fe                SW3_IRQHandler
                0x080027fe                KERNEL0_IRQHandler
                0x080027fe                FRC_IRQHandler
                0x080027fe                PCNT0_IRQHandler
                0x080027fe                KERNEL1_IRQHandler
                0x080027fe                AGC_IRQHandler
                0x080027fe                EUSART1_TX_IRQHandler
                0x080027fe                KEYSCAN_IRQHandler
                0x080027fe                sl_app_properties
                0x080027fe                HFRCOEM23_IRQHandler
                0x080027fe                BURTC_IRQHandler
                0x080027fe                SEMBRX_IRQHandler
                0x080027fe                RFECA0_IRQHandler
                0x080027fe                LFRCO_IRQHandler
                0x080027fe                VDAC1_IRQHandler
                0x080027fe                ACMP0_IRQHandler
                0x080027fe                USART0_RX_IRQHandler
                0x080027fe                MemManage_Handler
                0x080027fe                AHB2AHB0_IRQHandler
                0x080027fe                SVC_Handler
                0x080027fe                SMU_S_PRIVILEGED_IRQHandler
                0x080027fe                SW1_IRQHandler
                0x080027fe                CMU_IRQHandler
                0x080027fe                EUSART0_RX_IRQHandler
                0x080027fe                RAC_RSM_IRQHandler
                0x080027fe                SETAMPERHOST_IRQHandler
                0x080027fe                GPIO_ODD_IRQHandler
                0x080027fe                AES_IRQHandler
                0x080027fe                M33CTI0_IRQHandler
                0x080027fe                ICACHE0_IRQHandler
                0x080027fe                SMU_NS_PRIVILEGED_IRQHandler
                0x080027fe                FPUEXH_IRQHandler
                0x080027fe                PROTIMER_IRQHandler
                0x080027fe                ACMP1_IRQHandler
                0x080027fe                BusFault_Handler
                0x080027fe                MPAHBRAM_IRQHandler
                0x080027fe                SYSRTC_APP_IRQHandler
 .text.SystemCLKIN0Get
                0x08002800        0x4 ./gecko_sdk_4.2.1/platform/Device/SiliconLabs/EFR32MG24/Source/system_efr32mg24.o
                0x08002800                SystemCLKIN0Get
 .text.SystemLFRCOClockGet
                0x08002804        0x6 ./gecko_sdk_4.2.1/platform/Device/SiliconLabs/EFR32MG24/Source/system_efr32mg24.o
                0x08002804                SystemLFRCOClockGet
 .text.SystemULFRCOClockGet
                0x0800280a        0x6 ./gecko_sdk_4.2.1/platform/Device/SiliconLabs/EFR32MG24/Source/system_efr32mg24.o
                0x0800280a                SystemULFRCOClockGet
 .text.assertEFM
                0x08002810        0x2 ./gecko_sdk_4.2.1/platform/common/src/sl_assert.o
                0x08002810                assertEFM
 .text.sl_debug_swo_enable_itm
                0x08002812       0x18 ./gecko_sdk_4.2.1/platform/driver/debug/src/sl_debug_swo.o
                0x08002812                sl_debug_swo_enable_itm
 .text.BUS_RegMaskedWrite
                0x0800282a       0x22 ./gecko_sdk_4.2.1/platform/emlib/src/em_cmu.o
 .text.waitStateMax
                0x0800284c       0x10 ./gecko_sdk_4.2.1/platform/emlib/src/em_cmu.o
 .text.CMU_UpdateWaitStates
                0x0800285c        0xc ./gecko_sdk_4.2.1/platform/emlib/src/em_cmu.o
                0x0800285c                CMU_UpdateWaitStates
 .text.pclkDivMax
                0x08002868        0xa ./gecko_sdk_4.2.1/platform/emlib/src/em_cmu.o
 .text.sli_em_cmu_SYSCLKInitPostClockSelect
                0x08002872       0x2a ./gecko_sdk_4.2.1/platform/emlib/src/em_cmu.o
                0x08002872                sli_em_cmu_SYSCLKInitPostClockSelect
 .text.CORE_EnterCritical
                0x0800289c        0x8 ./gecko_sdk_4.2.1/platform/emlib/src/em_core.o
                0x0800289c                CORE_EnterCritical
 .text.CORE_ExitCritical
                0x080028a4        0x6 ./gecko_sdk_4.2.1/platform/emlib/src/em_core.o
                0x080028a4                CORE_ExitCritical
 .text.EMU_EFPEM01VScale
                0x080028aa        0x2 ./gecko_sdk_4.2.1/platform/emlib/src/em_emu.o
                0x080028aa                EMU_EFPEM01VScale
 .text.EMU_DCDCUpdatedHook
                0x080028ac        0x2 ./gecko_sdk_4.2.1/platform/emlib/src/em_emu.o
                0x080028ac                EMU_DCDCUpdatedHook
 .text.eusart_sync
                0x080028ae        0x8 ./gecko_sdk_4.2.1/platform/emlib/src/em_eusart.o
 .text.EUSART_Disable
                0x080028b6       0x34 ./gecko_sdk_4.2.1/platform/emlib/src/em_eusart.o
 .text.EUSART_Spi_TxRx
                0x080028ea       0x14 ./gecko_sdk_4.2.1/platform/emlib/src/em_eusart.o
                0x080028ea                EUSART_Spi_TxRx
 .text.BUS_RegMaskedWrite
                0x080028fe       0x22 ./gecko_sdk_4.2.1/platform/emlib/src/em_gpio.o
 .text.GPIO_DbgLocationSet
                0x08002920        0x2 ./gecko_sdk_4.2.1/platform/emlib/src/em_gpio.o
                0x08002920                GPIO_DbgLocationSet
 .text.TIMER_SyncWait
                0x08002922        0xe ./gecko_sdk_4.2.1/platform/emlib/src/em_timer.o
                0x08002922                TIMER_SyncWait
 .text.sl_system_init
                0x08002930       0x1a ./gecko_sdk_4.2.1/platform/service/system/src/sl_system_init.o
                0x08002930                sl_system_init
 .text.sl_system_process_action
                0x0800294a       0x16 ./gecko_sdk_4.2.1/platform/service/system/src/sl_system_process_action.o
                0x0800294a                sl_system_process_action
 .text.init_LED0
                0x08002960        0xc ./src/GPIO.o
                0x08002960                init_LED0
 .text.memset   0x0800296c       0x10 c:/siliconlabs/simplicitystudio/v5/developer/toolchains/gnu_arm/10.3_2021.10/bin/../lib/gcc/arm-none-eabi/10.3.1/../../../../arm-none-eabi/lib/thumb/v8-m.main+fp/hard\libc_nano.a(lib_a-memset.o)
                0x0800296c                memset
                0x0800297c                linker_code_end = .
 *(.init)
 .init          0x0800297c        0x4 c:/siliconlabs/simplicitystudio/v5/developer/toolchains/gnu_arm/10.3_2021.10/bin/../lib/gcc/arm-none-eabi/10.3.1/thumb/v8-m.main+fp/hard/crti.o
                0x0800297c                _init
 .init          0x08002980        0x8 c:/siliconlabs/simplicitystudio/v5/developer/toolchains/gnu_arm/10.3_2021.10/bin/../lib/gcc/arm-none-eabi/10.3.1/thumb/v8-m.main+fp/hard/crtn.o
 *(.fini)
 .fini          0x08002988        0x4 c:/siliconlabs/simplicitystudio/v5/developer/toolchains/gnu_arm/10.3_2021.10/bin/../lib/gcc/arm-none-eabi/10.3.1/thumb/v8-m.main+fp/hard/crti.o
                0x08002988                _fini
 .fini          0x0800298c        0x8 c:/siliconlabs/simplicitystudio/v5/developer/toolchains/gnu_arm/10.3_2021.10/bin/../lib/gcc/arm-none-eabi/10.3.1/thumb/v8-m.main+fp/hard/crtn.o
 *crtbegin.o(.ctors)
 *crtbegin?.o(.ctors)
 *(EXCLUDE_FILE(*crtend.o *crtend?.o) .ctors)
 *(SORT_BY_NAME(.ctors.*))
 *(.ctors)
 *crtbegin.o(.dtors)
 *crtbegin?.o(.dtors)
 *(EXCLUDE_FILE(*crtend.o *crtend?.o) .dtors)
 *(SORT_BY_NAME(.dtors.*))
 *(.dtors)
 *(.rodata*)
 .rodata        0x08002994       0x34 ./gecko_sdk_4.2.1/hardware/driver/mx25_flash_shutdown/src/sl_mx25_flash_shutdown_eusart/sl_mx25_flash_shutdown.o
 .rodata.HFRCODPLLDevinfoGet.str1.1
                0x080029c8       0x50 ./gecko_sdk_4.2.1/platform/emlib/src/em_cmu.o
 .rodata.EMU_VScaleEM01.str1.1
                0x08002a18       0x50 ./gecko_sdk_4.2.1/platform/emlib/src/em_emu.o
 .rodata.EUSART_Enable.str1.1
                0x08002a68       0x53 ./gecko_sdk_4.2.1/platform/emlib/src/em_eusart.o
 .rodata.GPIO_PinOutSet.str1.1
                0x08002abb       0x51 ./gecko_sdk_4.2.1/platform/emlib/src/em_gpio.o
 .rodata.GPIO_ExtIntConfig.str1.1
                0x08002b0c       0x51 ./gecko_sdk_4.2.1/platform/emlib/src/em_gpio.o
 .rodata.I2C_BusFreqGet.str1.1
                0x08002b5d       0x50 ./gecko_sdk_4.2.1/platform/emlib/src/em_i2c.o
 *fill*         0x08002bad        0x3 
 .rodata.CSWTCH.12
                0x08002bb0        0xc ./gecko_sdk_4.2.1/platform/emlib/src/em_i2c.o
 .rodata.CSWTCH.13
                0x08002bbc        0xc ./gecko_sdk_4.2.1/platform/emlib/src/em_i2c.o
 .rodata.i2cNSum
                0x08002bc8        0x4 ./gecko_sdk_4.2.1/platform/emlib/src/em_i2c.o
 .rodata.timerPrsConfig.str1.1
                0x08002bcc       0x52 ./gecko_sdk_4.2.1/platform/emlib/src/em_timer.o
 .rodata        0x08002c1e        0x7 ./gecko_sdk_4.2.1/platform/service/device_init/src/sl_device_init_dcdc_s2.o
 *fill*         0x08002c25        0x3 
 .rodata        0x08002c28       0x28 ./gecko_sdk_4.2.1/platform/service/device_init/src/sl_device_init_hfxo_s2.o
 .rodata        0x08002c50       0x14 ./gecko_sdk_4.2.1/platform/service/device_init/src/sl_device_init_lfxo_s2.o
 .rodata.sl_udelay_wait.str1.1
                0x08002c64       0x5c ./gecko_sdk_4.2.1/platform/service/udelay/src/sl_udelay.o
 .rodata        0x08002cc0       0x10 ./src/I2C.o
 .rodata.init_timer0.str1.1
                0x08002cd0       0x52 ./src/timers.o
 *fill*         0x08002d22        0x2 
 .rodata._global_impure_ptr
                0x08002d24        0x4 c:/siliconlabs/simplicitystudio/v5/developer/toolchains/gnu_arm/10.3_2021.10/bin/../lib/gcc/arm-none-eabi/10.3.1/../../../../arm-none-eabi/lib/thumb/v8-m.main+fp/hard\libc_nano.a(lib_a-impure.o)
                0x08002d24                _global_impure_ptr
 *(.eh_frame*)
 .eh_frame      0x08002d28        0x0 c:/siliconlabs/simplicitystudio/v5/developer/toolchains/gnu_arm/10.3_2021.10/bin/../lib/gcc/arm-none-eabi/10.3.1/thumb/v8-m.main+fp/hard/crtbegin.o

.glue_7         0x08002d28        0x0
 .glue_7        0x08002d28        0x0 linker stubs

.glue_7t        0x08002d28        0x0
 .glue_7t       0x08002d28        0x0 linker stubs

.vfp11_veneer   0x08002d28        0x0
 .vfp11_veneer  0x08002d28        0x0 linker stubs

.v4_bx          0x08002d28        0x0
 .v4_bx         0x08002d28        0x0 linker stubs

.iplt           0x08002d28        0x0
 .iplt          0x08002d28        0x0 c:/siliconlabs/simplicitystudio/v5/developer/toolchains/gnu_arm/10.3_2021.10/bin/../lib/gcc/arm-none-eabi/10.3.1/thumb/v8-m.main+fp/hard/crtbegin.o

.ARM.extab
 *(.ARM.extab* .gnu.linkonce.armextab.*)
                0x08002d28                __exidx_start = .

.ARM.exidx      0x08002d28        0x8
 *(.ARM.exidx* .gnu.linkonce.armexidx.*)
 .ARM.exidx     0x08002d28        0x8 c:/siliconlabs/simplicitystudio/v5/developer/toolchains/gnu_arm/10.3_2021.10/bin/../lib/gcc/arm-none-eabi/10.3.1/../../../../arm-none-eabi/lib/thumb/v8-m.main+fp/hard/crt0.o
                                 0x10 (size before relaxing)
                0x08002d30                __exidx_end = .

.rel.dyn        0x08002d30        0x0
 .rel.iplt      0x08002d30        0x0 c:/siliconlabs/simplicitystudio/v5/developer/toolchains/gnu_arm/10.3_2021.10/bin/../lib/gcc/arm-none-eabi/10.3.1/thumb/v8-m.main+fp/hard/crtbegin.o

.copy.table     0x08002d30        0xc
                0x08002d30                . = ALIGN (0x4)
                0x08002d30                __copy_table_start__ = .
                0x08002d30        0x4 LONG 0x8002d3c __etext
                0x08002d34        0x4 LONG 0x20001000 __data_start__
                0x08002d38        0x4 LONG 0x1f ((__data_end__ - __data_start__) / 0x4)
                0x08002d3c                __copy_table_end__ = .

.zero.table     0x08002d3c        0x0
                0x08002d3c                . = ALIGN (0x4)
                0x08002d3c                __zero_table_start__ = .
                0x08002d3c                __zero_table_end__ = .
                0x08002d3c                __etext = .
                0x20000000                . = ORIGIN (RAM)

.stack          0x20000000     0x1000
                0x20000000                __StackLimit = .
 *(.stack*)
 .stack         0x20000000     0x1000 ./gecko_sdk_4.2.1/platform/common/toolchain/src/sl_memory.o
                0x20001000                . = ALIGN (0x4)
                0x20001000                __StackTop = .
                0x20001000                PROVIDE (__stack = __StackTop)

.noinit
 *(.noinit*)

.data           0x20001000       0x7c load address 0x08002d3c
                0x20001000                . = ALIGN (0x4)
                0x20001000                __data_start__ = .
 *(vtable)
 *(SORT_BY_ALIGNMENT(.data*))
 .data.SystemCoreClock
                0x20001000        0x4 ./gecko_sdk_4.2.1/platform/Device/SiliconLabs/EFR32MG24/Source/system_efr32mg24.o
                0x20001000                SystemCoreClock
 .data.SystemHFRCODPLLClock
                0x20001004        0x4 ./gecko_sdk_4.2.1/platform/Device/SiliconLabs/EFR32MG24/Source/system_efr32mg24.o
 .data.SystemHFXOClock
                0x20001008        0x4 ./gecko_sdk_4.2.1/platform/Device/SiliconLabs/EFR32MG24/Source/system_efr32mg24.o
 .data.SystemLFXOClock
                0x2000100c        0x4 ./gecko_sdk_4.2.1/platform/Device/SiliconLabs/EFR32MG24/Source/system_efr32mg24.o
 .data.impure_data
                0x20001010       0x60 c:/siliconlabs/simplicitystudio/v5/developer/toolchains/gnu_arm/10.3_2021.10/bin/../lib/gcc/arm-none-eabi/10.3.1/../../../../arm-none-eabi/lib/thumb/v8-m.main+fp/hard\libc_nano.a(lib_a-impure.o)
 .data.lfxo_precision
                0x20001070        0x2 ./gecko_sdk_4.2.1/platform/emlib/src/em_cmu.o
 .data.ctuneDelta
                0x20001072        0x1 ./gecko_sdk_4.2.1/platform/emlib/src/em_cmu.o
                0x20001074                . = ALIGN (0x4)
 *fill*         0x20001073        0x1 
                [!provide]                PROVIDE (__ram_func_section_start = .)
 *(.ram)
                [!provide]                PROVIDE (__ram_func_section_end = .)
                0x20001074                . = ALIGN (0x4)
                0x20001074                PROVIDE (__preinit_array_start = .)
 *(.preinit_array)
                0x20001074                PROVIDE (__preinit_array_end = .)
                0x20001074                . = ALIGN (0x4)
                0x20001074                PROVIDE (__init_array_start = .)
 *(SORT_BY_NAME(.init_array.*))
 *(.init_array)
 .init_array    0x20001074        0x4 c:/siliconlabs/simplicitystudio/v5/developer/toolchains/gnu_arm/10.3_2021.10/bin/../lib/gcc/arm-none-eabi/10.3.1/thumb/v8-m.main+fp/hard/crtbegin.o
                0x20001078                PROVIDE (__init_array_end = .)
                0x20001078                . = ALIGN (0x4)
                [!provide]                PROVIDE (__fini_array_start = .)
 *(SORT_BY_NAME(.fini_array.*))
 *(.fini_array)
 .fini_array    0x20001078        0x4 c:/siliconlabs/simplicitystudio/v5/developer/toolchains/gnu_arm/10.3_2021.10/bin/../lib/gcc/arm-none-eabi/10.3.1/thumb/v8-m.main+fp/hard/crtbegin.o
                [!provide]                PROVIDE (__fini_array_end = .)
                0x2000107c                . = ALIGN (0x4)
                0x2000107c                __data_end__ = .

.igot.plt       0x2000107c        0x0 load address 0x08002db8
 .igot.plt      0x2000107c        0x0 c:/siliconlabs/simplicitystudio/v5/developer/toolchains/gnu_arm/10.3_2021.10/bin/../lib/gcc/arm-none-eabi/10.3.1/thumb/v8-m.main+fp/hard/crtbegin.o

.bss            0x2000107c       0x38 load address 0x08002db8
                0x2000107c                . = ALIGN (0x4)
                0x2000107c                __bss_start__ = .
 *(SORT_BY_ALIGNMENT(.bss*))
 .bss           0x2000107c       0x1c c:/siliconlabs/simplicitystudio/v5/developer/toolchains/gnu_arm/10.3_2021.10/bin/../lib/gcc/arm-none-eabi/10.3.1/thumb/v8-m.main+fp/hard/crtbegin.o
 .bss.i2cTransfer
                0x20001098       0x18 ./gecko_sdk_4.2.1/platform/emlib/src/em_i2c.o
 .bss.ADXL_read_flag
                0x200010b0        0x1 ./app.o
                0x200010b0                ADXL_read_flag
 .bss.vScaleEM01Config
                0x200010b1        0x1 ./gecko_sdk_4.2.1/platform/emlib/src/em_emu.o
 *(COMMON)
                0x200010b4                . = ALIGN (0x4)
 *fill*         0x200010b2        0x2 
                0x200010b4                __bss_end__ = .

.heap           0x200010b8    0x3ef48
                0x200010b8                __HeapBase = .
                0x200010b8                __end__ = .
                0x200010b8                end = __end__
                0x200010b8                _end = __end__
 *(.heap*)
 .heap          0x200010b8      0x800 ./gecko_sdk_4.2.1/platform/common/toolchain/src/sl_memory.o
                0x20040000                . = (ORIGIN (RAM) + LENGTH (RAM))
 *fill*         0x200018b8    0x3e748 
                0x20040000                __HeapLimit = .
                0x0003ef48                __heap_size = (__HeapLimit - __HeapBase)
                0x20040000                __ram_end__ = 0x20040000
                0x0817e000                __main_flash_end__ = 0x817e000

.internal_storage
                0x08002d3c        0x0
 *(.internal_storage*)

.nvm            0x08002d3c        0x0
 *(.simee*)
                0x0817e000                linker_nvm_end = __main_flash_end__
                0x0817e000                linker_nvm_begin = (linker_nvm_end - SIZEOF (.nvm))
                0x00000000                linker_nvm_size = SIZEOF (.nvm)
                0x0817e000                linker_storage_end = linker_nvm_begin
                0x0817e000                __nvm3Base = linker_nvm_begin
                0x0817e000                linker_storage_begin = (linker_storage_end - SIZEOF (.internal_storage))
                0x00000000                linker_storage_size = SIZEOF (.internal_storage)
                0x00000001                ASSERT ((linker_storage_begin >= (__etext + SIZEOF (.data))), FLASH memory overflowed !)
                0x0817e000                app_flash_end = 0x817e000
                0x00000001                ASSERT (((linker_nvm_begin + SIZEOF (.nvm)) <= app_flash_end), NVM3 is excessing the flash size !)
OUTPUT(LPEDT_comms_demos-ACCEL.axf elf32-littlearm)
LOAD linker stubs

.ARM.attributes
                0x00000000       0x36
 .ARM.attributes
                0x00000000       0x22 c:/siliconlabs/simplicitystudio/v5/developer/toolchains/gnu_arm/10.3_2021.10/bin/../lib/gcc/arm-none-eabi/10.3.1/thumb/v8-m.main+fp/hard/crti.o
 .ARM.attributes
                0x00000022       0x38 c:/siliconlabs/simplicitystudio/v5/developer/toolchains/gnu_arm/10.3_2021.10/bin/../lib/gcc/arm-none-eabi/10.3.1/thumb/v8-m.main+fp/hard/crtbegin.o
 .ARM.attributes
                0x0000005a       0x20 c:/siliconlabs/simplicitystudio/v5/developer/toolchains/gnu_arm/10.3_2021.10/bin/../lib/gcc/arm-none-eabi/10.3.1/../../../../arm-none-eabi/lib/thumb/v8-m.main+fp/hard/crt0.o
 .ARM.attributes
                0x0000007a       0x3a ./app.o
 .ARM.attributes
                0x000000b4       0x3a ./main.o
 .ARM.attributes
                0x000000ee       0x3a ./autogen/sl_board_default_init.o
 .ARM.attributes
                0x00000128       0x3a ./autogen/sl_device_init_clocks.o
 .ARM.attributes
                0x00000162       0x3a ./autogen/sl_event_handler.o
 .ARM.attributes
                0x0000019c       0x3a ./gecko_sdk_4.2.1/hardware/board/src/sl_board_control_gpio.o
 .ARM.attributes
                0x000001d6       0x3a ./gecko_sdk_4.2.1/hardware/board/src/sl_board_init.o
 .ARM.attributes
                0x00000210       0x3a ./gecko_sdk_4.2.1/hardware/driver/configuration_over_swo/src/sl_cos.o
 .ARM.attributes
                0x0000024a       0x3a ./gecko_sdk_4.2.1/hardware/driver/mx25_flash_shutdown/src/sl_mx25_flash_shutdown_eusart/sl_mx25_flash_shutdown.o
 .ARM.attributes
                0x00000284       0x3a ./gecko_sdk_4.2.1/platform/Device/SiliconLabs/EFR32MG24/Source/startup_efr32mg24.o
 .ARM.attributes
                0x000002be       0x3a ./gecko_sdk_4.2.1/platform/Device/SiliconLabs/EFR32MG24/Source/system_efr32mg24.o
 .ARM.attributes
                0x000002f8       0x3a ./gecko_sdk_4.2.1/platform/common/src/sl_assert.o
 .ARM.attributes
                0x00000332       0x3a ./gecko_sdk_4.2.1/platform/common/toolchain/src/sl_memory.o
 .ARM.attributes
                0x0000036c       0x3a ./gecko_sdk_4.2.1/platform/driver/debug/src/sl_debug_swo.o
 .ARM.attributes
                0x000003a6       0x3a ./gecko_sdk_4.2.1/platform/emlib/src/em_cmu.o
 .ARM.attributes
                0x000003e0       0x3a ./gecko_sdk_4.2.1/platform/emlib/src/em_core.o
 .ARM.attributes
                0x0000041a       0x3a ./gecko_sdk_4.2.1/platform/emlib/src/em_emu.o
 .ARM.attributes
                0x00000454       0x3a ./gecko_sdk_4.2.1/platform/emlib/src/em_eusart.o
 .ARM.attributes
                0x0000048e       0x3a ./gecko_sdk_4.2.1/platform/emlib/src/em_gpio.o
 .ARM.attributes
                0x000004c8       0x3a ./gecko_sdk_4.2.1/platform/emlib/src/em_i2c.o
 .ARM.attributes
                0x00000502       0x3a ./gecko_sdk_4.2.1/platform/emlib/src/em_timer.o
 .ARM.attributes
                0x0000053c       0x3a ./gecko_sdk_4.2.1/platform/service/device_init/src/sl_device_init_dcdc_s2.o
 .ARM.attributes
                0x00000576       0x3a ./gecko_sdk_4.2.1/platform/service/device_init/src/sl_device_init_emu_s2.o
 .ARM.attributes
                0x000005b0       0x3a ./gecko_sdk_4.2.1/platform/service/device_init/src/sl_device_init_hfxo_s2.o
 .ARM.attributes
                0x000005ea       0x3a ./gecko_sdk_4.2.1/platform/service/device_init/src/sl_device_init_lfxo_s2.o
 .ARM.attributes
                0x00000624       0x3a ./gecko_sdk_4.2.1/platform/service/device_init/src/sl_device_init_nvic.o
 .ARM.attributes
                0x0000065e       0x3a ./gecko_sdk_4.2.1/platform/service/system/src/sl_system_init.o
 .ARM.attributes
                0x00000698       0x3a ./gecko_sdk_4.2.1/platform/service/system/src/sl_system_process_action.o
 .ARM.attributes
                0x000006d2       0x3a ./gecko_sdk_4.2.1/platform/service/udelay/src/sl_udelay.o
 .ARM.attributes
                0x0000070c       0x26 ./gecko_sdk_4.2.1/platform/service/udelay/src/sl_udelay_armv6m_gcc.o
 .ARM.attributes
                0x00000732       0x3a ./src/GPIO.o
 .ARM.attributes
                0x0000076c       0x3a ./src/I2C.o
 .ARM.attributes
                0x000007a6       0x3a ./src/adxl343.o
 .ARM.attributes
                0x000007e0       0x3a ./src/irq.o
 .ARM.attributes
                0x0000081a       0x3a ./src/timers.o
 .ARM.attributes
                0x00000854       0x38 c:/siliconlabs/simplicitystudio/v5/developer/toolchains/gnu_arm/10.3_2021.10/bin/../lib/gcc/arm-none-eabi/10.3.1/../../../../arm-none-eabi/lib/thumb/v8-m.main+fp/hard\libc_nano.a(lib_a-exit.o)
 .ARM.attributes
                0x0000088c       0x38 c:/siliconlabs/simplicitystudio/v5/developer/toolchains/gnu_arm/10.3_2021.10/bin/../lib/gcc/arm-none-eabi/10.3.1/../../../../arm-none-eabi/lib/thumb/v8-m.main+fp/hard\libc_nano.a(lib_a-impure.o)
 .ARM.attributes
                0x000008c4       0x38 c:/siliconlabs/simplicitystudio/v5/developer/toolchains/gnu_arm/10.3_2021.10/bin/../lib/gcc/arm-none-eabi/10.3.1/../../../../arm-none-eabi/lib/thumb/v8-m.main+fp/hard\libc_nano.a(lib_a-init.o)
 .ARM.attributes
                0x000008fc       0x38 c:/siliconlabs/simplicitystudio/v5/developer/toolchains/gnu_arm/10.3_2021.10/bin/../lib/gcc/arm-none-eabi/10.3.1/../../../../arm-none-eabi/lib/thumb/v8-m.main+fp/hard\libc_nano.a(lib_a-memset.o)
 .ARM.attributes
                0x00000934       0x38 c:/siliconlabs/simplicitystudio/v5/developer/toolchains/gnu_arm/10.3_2021.10/bin/../lib/gcc/arm-none-eabi/10.3.1/../../../../arm-none-eabi/lib/thumb/v8-m.main+fp/hard\libnosys.a(_exit.o)
 .ARM.attributes
                0x0000096c       0x22 c:/siliconlabs/simplicitystudio/v5/developer/toolchains/gnu_arm/10.3_2021.10/bin/../lib/gcc/arm-none-eabi/10.3.1/thumb/v8-m.main+fp/hard/crtn.o

.comment        0x00000000       0x49
 .comment       0x00000000       0x49 ./app.o
                                 0x4a (size before relaxing)
 .comment       0x00000049       0x4a ./main.o
 .comment       0x00000049       0x4a ./autogen/sl_board_default_init.o
 .comment       0x00000049       0x4a ./autogen/sl_device_init_clocks.o
 .comment       0x00000049       0x4a ./autogen/sl_event_handler.o
 .comment       0x00000049       0x4a ./gecko_sdk_4.2.1/hardware/board/src/sl_board_control_gpio.o
 .comment       0x00000049       0x4a ./gecko_sdk_4.2.1/hardware/board/src/sl_board_init.o
 .comment       0x00000049       0x4a ./gecko_sdk_4.2.1/hardware/driver/configuration_over_swo/src/sl_cos.o
 .comment       0x00000049       0x4a ./gecko_sdk_4.2.1/hardware/driver/mx25_flash_shutdown/src/sl_mx25_flash_shutdown_eusart/sl_mx25_flash_shutdown.o
 .comment       0x00000049       0x4a ./gecko_sdk_4.2.1/platform/Device/SiliconLabs/EFR32MG24/Source/startup_efr32mg24.o
 .comment       0x00000049       0x4a ./gecko_sdk_4.2.1/platform/Device/SiliconLabs/EFR32MG24/Source/system_efr32mg24.o
 .comment       0x00000049       0x4a ./gecko_sdk_4.2.1/platform/common/src/sl_assert.o
 .comment       0x00000049       0x4a ./gecko_sdk_4.2.1/platform/common/toolchain/src/sl_memory.o
 .comment       0x00000049       0x4a ./gecko_sdk_4.2.1/platform/driver/debug/src/sl_debug_swo.o
 .comment       0x00000049       0x4a ./gecko_sdk_4.2.1/platform/emlib/src/em_cmu.o
 .comment       0x00000049       0x4a ./gecko_sdk_4.2.1/platform/emlib/src/em_core.o
 .comment       0x00000049       0x4a ./gecko_sdk_4.2.1/platform/emlib/src/em_emu.o
 .comment       0x00000049       0x4a ./gecko_sdk_4.2.1/platform/emlib/src/em_eusart.o
 .comment       0x00000049       0x4a ./gecko_sdk_4.2.1/platform/emlib/src/em_gpio.o
 .comment       0x00000049       0x4a ./gecko_sdk_4.2.1/platform/emlib/src/em_i2c.o
 .comment       0x00000049       0x4a ./gecko_sdk_4.2.1/platform/emlib/src/em_timer.o
 .comment       0x00000049       0x4a ./gecko_sdk_4.2.1/platform/service/device_init/src/sl_device_init_dcdc_s2.o
 .comment       0x00000049       0x4a ./gecko_sdk_4.2.1/platform/service/device_init/src/sl_device_init_emu_s2.o
 .comment       0x00000049       0x4a ./gecko_sdk_4.2.1/platform/service/device_init/src/sl_device_init_hfxo_s2.o
 .comment       0x00000049       0x4a ./gecko_sdk_4.2.1/platform/service/device_init/src/sl_device_init_lfxo_s2.o
 .comment       0x00000049       0x4a ./gecko_sdk_4.2.1/platform/service/device_init/src/sl_device_init_nvic.o
 .comment       0x00000049       0x4a ./gecko_sdk_4.2.1/platform/service/system/src/sl_system_init.o
 .comment       0x00000049       0x4a ./gecko_sdk_4.2.1/platform/service/system/src/sl_system_process_action.o
 .comment       0x00000049       0x4a ./gecko_sdk_4.2.1/platform/service/udelay/src/sl_udelay.o
 .comment       0x00000049       0x4a ./src/GPIO.o
 .comment       0x00000049       0x4a ./src/I2C.o
 .comment       0x00000049       0x4a ./src/adxl343.o
 .comment       0x00000049       0x4a ./src/irq.o
 .comment       0x00000049       0x4a ./src/timers.o

.debug_info     0x00000000    0x2dd05
 .debug_info    0x00000000      0x184 ./app.o
 .debug_info    0x00000184       0xad ./main.o
 .debug_info    0x00000231       0xa3 ./autogen/sl_board_default_init.o
 .debug_info    0x000002d4     0x1422 ./autogen/sl_device_init_clocks.o
 .debug_info    0x000016f6      0x21b ./autogen/sl_event_handler.o
 .debug_info    0x00001911      0x550 ./gecko_sdk_4.2.1/hardware/board/src/sl_board_control_gpio.o
 .debug_info    0x00001e61      0x2d4 ./gecko_sdk_4.2.1/hardware/board/src/sl_board_init.o
 .debug_info    0x00002135      0x3e2 ./gecko_sdk_4.2.1/hardware/driver/configuration_over_swo/src/sl_cos.o
 .debug_info    0x00002517     0x26f4 ./gecko_sdk_4.2.1/hardware/driver/mx25_flash_shutdown/src/sl_mx25_flash_shutdown_eusart/sl_mx25_flash_shutdown.o
 .debug_info    0x00004c0b      0x327 ./gecko_sdk_4.2.1/platform/Device/SiliconLabs/EFR32MG24/Source/startup_efr32mg24.o
 .debug_info    0x00004f32     0x241b ./gecko_sdk_4.2.1/platform/Device/SiliconLabs/EFR32MG24/Source/system_efr32mg24.o
 .debug_info    0x0000734d       0x86 ./gecko_sdk_4.2.1/platform/common/src/sl_assert.o
 .debug_info    0x000073d3      0x205 ./gecko_sdk_4.2.1/platform/common/toolchain/src/sl_memory.o
 .debug_info    0x000075d8     0x32a0 ./gecko_sdk_4.2.1/platform/driver/debug/src/sl_debug_swo.o
 .debug_info    0x0000a878     0xa5d1 ./gecko_sdk_4.2.1/platform/emlib/src/em_cmu.o
 .debug_info    0x00014e49     0x1400 ./gecko_sdk_4.2.1/platform/emlib/src/em_core.o
 .debug_info    0x00016249     0x39fd ./gecko_sdk_4.2.1/platform/emlib/src/em_emu.o
 .debug_info    0x00019c46     0x599a ./gecko_sdk_4.2.1/platform/emlib/src/em_eusart.o
 .debug_info    0x0001f5e0     0x2758 ./gecko_sdk_4.2.1/platform/emlib/src/em_gpio.o
 .debug_info    0x00021d38     0x135f ./gecko_sdk_4.2.1/platform/emlib/src/em_i2c.o
 .debug_info    0x00023097     0x2ef7 ./gecko_sdk_4.2.1/platform/emlib/src/em_timer.o
 .debug_info    0x00025f8e      0x34b ./gecko_sdk_4.2.1/platform/service/device_init/src/sl_device_init_dcdc_s2.o
 .debug_info    0x000262d9      0xb36 ./gecko_sdk_4.2.1/platform/service/device_init/src/sl_device_init_emu_s2.o
 .debug_info    0x00026e0f      0x870 ./gecko_sdk_4.2.1/platform/service/device_init/src/sl_device_init_hfxo_s2.o
 .debug_info    0x0002767f      0x271 ./gecko_sdk_4.2.1/platform/service/device_init/src/sl_device_init_lfxo_s2.o
 .debug_info    0x000278f0      0x84f ./gecko_sdk_4.2.1/platform/service/device_init/src/sl_device_init_nvic.o
 .debug_info    0x0002813f       0xba ./gecko_sdk_4.2.1/platform/service/system/src/sl_system_init.o
 .debug_info    0x000281f9       0xa3 ./gecko_sdk_4.2.1/platform/service/system/src/sl_system_process_action.o
 .debug_info    0x0002829c      0x180 ./gecko_sdk_4.2.1/platform/service/udelay/src/sl_udelay.o
 .debug_info    0x0002841c       0x26 ./gecko_sdk_4.2.1/platform/service/udelay/src/sl_udelay_armv6m_gcc.o
 .debug_info    0x00028442     0x1752 ./src/GPIO.o
 .debug_info    0x00029b94     0x1e37 ./src/I2C.o
 .debug_info    0x0002b9cb      0x82a ./src/adxl343.o
 .debug_info    0x0002c1f5      0x903 ./src/irq.o
 .debug_info    0x0002caf8     0x120d ./src/timers.o

.debug_abbrev   0x00000000     0x3f2e
 .debug_abbrev  0x00000000       0xd4 ./app.o
 .debug_abbrev  0x000000d4       0x5e ./main.o
 .debug_abbrev  0x00000132       0x6a ./autogen/sl_board_default_init.o
 .debug_abbrev  0x0000019c       0xe1 ./autogen/sl_device_init_clocks.o
 .debug_abbrev  0x0000027d       0xd6 ./autogen/sl_event_handler.o
 .debug_abbrev  0x00000353      0x17f ./gecko_sdk_4.2.1/hardware/board/src/sl_board_control_gpio.o
 .debug_abbrev  0x000004d2       0xf3 ./gecko_sdk_4.2.1/hardware/board/src/sl_board_init.o
 .debug_abbrev  0x000005c5      0x1fa ./gecko_sdk_4.2.1/hardware/driver/configuration_over_swo/src/sl_cos.o
 .debug_abbrev  0x000007bf      0x223 ./gecko_sdk_4.2.1/hardware/driver/mx25_flash_shutdown/src/sl_mx25_flash_shutdown_eusart/sl_mx25_flash_shutdown.o
 .debug_abbrev  0x000009e2      0x1c9 ./gecko_sdk_4.2.1/platform/Device/SiliconLabs/EFR32MG24/Source/startup_efr32mg24.o
 .debug_abbrev  0x00000bab      0x325 ./gecko_sdk_4.2.1/platform/Device/SiliconLabs/EFR32MG24/Source/system_efr32mg24.o
 .debug_abbrev  0x00000ed0       0x6c ./gecko_sdk_4.2.1/platform/common/src/sl_assert.o
 .debug_abbrev  0x00000f3c      0x11e ./gecko_sdk_4.2.1/platform/common/toolchain/src/sl_memory.o
 .debug_abbrev  0x0000105a      0x2cb ./gecko_sdk_4.2.1/platform/driver/debug/src/sl_debug_swo.o
 .debug_abbrev  0x00001325      0x56f ./gecko_sdk_4.2.1/platform/emlib/src/em_cmu.o
 .debug_abbrev  0x00001894      0x318 ./gecko_sdk_4.2.1/platform/emlib/src/em_core.o
 .debug_abbrev  0x00001bac      0x48b ./gecko_sdk_4.2.1/platform/emlib/src/em_emu.o
 .debug_abbrev  0x00002037      0x43d ./gecko_sdk_4.2.1/platform/emlib/src/em_eusart.o
 .debug_abbrev  0x00002474      0x328 ./gecko_sdk_4.2.1/platform/emlib/src/em_gpio.o
 .debug_abbrev  0x0000279c      0x412 ./gecko_sdk_4.2.1/platform/emlib/src/em_i2c.o
 .debug_abbrev  0x00002bae      0x347 ./gecko_sdk_4.2.1/platform/emlib/src/em_timer.o
 .debug_abbrev  0x00002ef5       0xed ./gecko_sdk_4.2.1/platform/service/device_init/src/sl_device_init_dcdc_s2.o
 .debug_abbrev  0x00002fe2      0x13a ./gecko_sdk_4.2.1/platform/service/device_init/src/sl_device_init_emu_s2.o
 .debug_abbrev  0x0000311c      0x171 ./gecko_sdk_4.2.1/platform/service/device_init/src/sl_device_init_hfxo_s2.o
 .debug_abbrev  0x0000328d       0xef ./gecko_sdk_4.2.1/platform/service/device_init/src/sl_device_init_lfxo_s2.o
 .debug_abbrev  0x0000337c      0x144 ./gecko_sdk_4.2.1/platform/service/device_init/src/sl_device_init_nvic.o
 .debug_abbrev  0x000034c0       0x5f ./gecko_sdk_4.2.1/platform/service/system/src/sl_system_init.o
 .debug_abbrev  0x0000351f       0x5f ./gecko_sdk_4.2.1/platform/service/system/src/sl_system_process_action.o
 .debug_abbrev  0x0000357e       0xf1 ./gecko_sdk_4.2.1/platform/service/udelay/src/sl_udelay.o
 .debug_abbrev  0x0000366f       0x14 ./gecko_sdk_4.2.1/platform/service/udelay/src/sl_udelay_armv6m_gcc.o
 .debug_abbrev  0x00003683      0x17f ./src/GPIO.o
 .debug_abbrev  0x00003802      0x161 ./src/I2C.o
 .debug_abbrev  0x00003963      0x1af ./src/adxl343.o
 .debug_abbrev  0x00003b12      0x1bd ./src/irq.o
 .debug_abbrev  0x00003ccf      0x25f ./src/timers.o

.debug_loc      0x00000000     0x9dcf
 .debug_loc     0x00000000       0x4c ./app.o
 .debug_loc     0x0000004c       0x20 ./main.o
 .debug_loc     0x0000006c       0x20 ./autogen/sl_device_init_clocks.o
 .debug_loc     0x0000008c       0x58 ./autogen/sl_event_handler.o
 .debug_loc     0x000000e4      0x2ee ./gecko_sdk_4.2.1/hardware/board/src/sl_board_control_gpio.o
 .debug_loc     0x000003d2       0x2c ./gecko_sdk_4.2.1/hardware/board/src/sl_board_init.o
 .debug_loc     0x000003fe      0x265 ./gecko_sdk_4.2.1/hardware/driver/configuration_over_swo/src/sl_cos.o
 .debug_loc     0x00000663       0x91 ./gecko_sdk_4.2.1/hardware/driver/mx25_flash_shutdown/src/sl_mx25_flash_shutdown_eusart/sl_mx25_flash_shutdown.o
 .debug_loc     0x000006f4       0x8e ./gecko_sdk_4.2.1/platform/Device/SiliconLabs/EFR32MG24/Source/startup_efr32mg24.o
 .debug_loc     0x00000782      0x1d9 ./gecko_sdk_4.2.1/platform/Device/SiliconLabs/EFR32MG24/Source/system_efr32mg24.o
 .debug_loc     0x0000095b       0x2a ./gecko_sdk_4.2.1/platform/common/src/sl_assert.o
 .debug_loc     0x00000985       0x9c ./gecko_sdk_4.2.1/platform/common/toolchain/src/sl_memory.o
 .debug_loc     0x00000a21      0x214 ./gecko_sdk_4.2.1/platform/driver/debug/src/sl_debug_swo.o
 .debug_loc     0x00000c35     0x44c0 ./gecko_sdk_4.2.1/platform/emlib/src/em_cmu.o
 .debug_loc     0x000050f5      0x959 ./gecko_sdk_4.2.1/platform/emlib/src/em_core.o
 .debug_loc     0x00005a4e      0x8a1 ./gecko_sdk_4.2.1/platform/emlib/src/em_emu.o
 .debug_loc     0x000062ef     0x1332 ./gecko_sdk_4.2.1/platform/emlib/src/em_eusart.o
 .debug_loc     0x00007621      0xaad ./gecko_sdk_4.2.1/platform/emlib/src/em_gpio.o
 .debug_loc     0x000080ce      0xf3e ./gecko_sdk_4.2.1/platform/emlib/src/em_i2c.o
 .debug_loc     0x0000900c      0x610 ./gecko_sdk_4.2.1/platform/emlib/src/em_timer.o
 .debug_loc     0x0000961c       0x2c ./gecko_sdk_4.2.1/platform/service/device_init/src/sl_device_init_dcdc_s2.o
 .debug_loc     0x00009648       0x2c ./gecko_sdk_4.2.1/platform/service/device_init/src/sl_device_init_emu_s2.o
 .debug_loc     0x00009674       0xba ./gecko_sdk_4.2.1/platform/service/device_init/src/sl_device_init_hfxo_s2.o
 .debug_loc     0x0000972e       0x38 ./gecko_sdk_4.2.1/platform/service/device_init/src/sl_device_init_lfxo_s2.o
 .debug_loc     0x00009766       0x6f ./gecko_sdk_4.2.1/platform/service/device_init/src/sl_device_init_nvic.o
 .debug_loc     0x000097d5       0x2c ./gecko_sdk_4.2.1/platform/service/system/src/sl_system_init.o
 .debug_loc     0x00009801       0x2c ./gecko_sdk_4.2.1/platform/service/system/src/sl_system_process_action.o
 .debug_loc     0x0000982d      0x195 ./gecko_sdk_4.2.1/platform/service/udelay/src/sl_udelay.o
 .debug_loc     0x000099c2       0x2c ./src/GPIO.o
 .debug_loc     0x000099ee       0x2c ./src/I2C.o
 .debug_loc     0x00009a1a      0x1d2 ./src/adxl343.o
 .debug_loc     0x00009bec       0xc7 ./src/irq.o
 .debug_loc     0x00009cb3      0x11c ./src/timers.o

.debug_aranges  0x00000000      0xa68
 .debug_aranges
                0x00000000       0x28 ./app.o
 .debug_aranges
                0x00000028       0x20 ./main.o
 .debug_aranges
                0x00000048       0x20 ./autogen/sl_board_default_init.o
 .debug_aranges
                0x00000068       0x20 ./autogen/sl_device_init_clocks.o
 .debug_aranges
                0x00000088       0x38 ./autogen/sl_event_handler.o
 .debug_aranges
                0x000000c0       0x70 ./gecko_sdk_4.2.1/hardware/board/src/sl_board_control_gpio.o
 .debug_aranges
                0x00000130       0x28 ./gecko_sdk_4.2.1/hardware/board/src/sl_board_init.o
 .debug_aranges
                0x00000158       0x38 ./gecko_sdk_4.2.1/hardware/driver/configuration_over_swo/src/sl_cos.o
 .debug_aranges
                0x00000190       0x30 ./gecko_sdk_4.2.1/hardware/driver/mx25_flash_shutdown/src/sl_mx25_flash_shutdown_eusart/sl_mx25_flash_shutdown.o
 .debug_aranges
                0x000001c0       0x28 ./gecko_sdk_4.2.1/platform/Device/SiliconLabs/EFR32MG24/Source/startup_efr32mg24.o
 .debug_aranges
                0x000001e8       0x90 ./gecko_sdk_4.2.1/platform/Device/SiliconLabs/EFR32MG24/Source/system_efr32mg24.o
 .debug_aranges
                0x00000278       0x20 ./gecko_sdk_4.2.1/platform/common/src/sl_assert.o
 .debug_aranges
                0x00000298       0x30 ./gecko_sdk_4.2.1/platform/common/toolchain/src/sl_memory.o
 .debug_aranges
                0x000002c8       0x48 ./gecko_sdk_4.2.1/platform/driver/debug/src/sl_debug_swo.o
 .debug_aranges
                0x00000310      0x1e0 ./gecko_sdk_4.2.1/platform/emlib/src/em_cmu.o
 .debug_aranges
                0x000004f0       0xe8 ./gecko_sdk_4.2.1/platform/emlib/src/em_core.o
 .debug_aranges
                0x000005d8       0xf0 ./gecko_sdk_4.2.1/platform/emlib/src/em_emu.o
 .debug_aranges
                0x000006c8       0xc8 ./gecko_sdk_4.2.1/platform/emlib/src/em_eusart.o
 .debug_aranges
                0x00000790       0x68 ./gecko_sdk_4.2.1/platform/emlib/src/em_gpio.o
 .debug_aranges
                0x000007f8       0x50 ./gecko_sdk_4.2.1/platform/emlib/src/em_i2c.o
 .debug_aranges
                0x00000848       0x50 ./gecko_sdk_4.2.1/platform/emlib/src/em_timer.o
 .debug_aranges
                0x00000898       0x20 ./gecko_sdk_4.2.1/platform/service/device_init/src/sl_device_init_dcdc_s2.o
 .debug_aranges
                0x000008b8       0x20 ./gecko_sdk_4.2.1/platform/service/device_init/src/sl_device_init_emu_s2.o
 .debug_aranges
                0x000008d8       0x20 ./gecko_sdk_4.2.1/platform/service/device_init/src/sl_device_init_hfxo_s2.o
 .debug_aranges
                0x000008f8       0x20 ./gecko_sdk_4.2.1/platform/service/device_init/src/sl_device_init_lfxo_s2.o
 .debug_aranges
                0x00000918       0x20 ./gecko_sdk_4.2.1/platform/service/device_init/src/sl_device_init_nvic.o
 .debug_aranges
                0x00000938       0x20 ./gecko_sdk_4.2.1/platform/service/system/src/sl_system_init.o
 .debug_aranges
                0x00000958       0x20 ./gecko_sdk_4.2.1/platform/service/system/src/sl_system_process_action.o
 .debug_aranges
                0x00000978       0x20 ./gecko_sdk_4.2.1/platform/service/udelay/src/sl_udelay.o
 .debug_aranges
                0x00000998       0x20 ./gecko_sdk_4.2.1/platform/service/udelay/src/sl_udelay_armv6m_gcc.o
 .debug_aranges
                0x000009b8       0x28 ./src/GPIO.o
 .debug_aranges
                0x000009e0       0x20 ./src/I2C.o
 .debug_aranges
                0x00000a00       0x28 ./src/adxl343.o
 .debug_aranges
                0x00000a28       0x20 ./src/irq.o
 .debug_aranges
                0x00000a48       0x20 ./src/timers.o

.debug_ranges   0x00000000     0x1040
 .debug_ranges  0x00000000       0x18 ./app.o
 .debug_ranges  0x00000018       0x10 ./main.o
 .debug_ranges  0x00000028       0x10 ./autogen/sl_board_default_init.o
 .debug_ranges  0x00000038       0x10 ./autogen/sl_device_init_clocks.o
 .debug_ranges  0x00000048       0x28 ./autogen/sl_event_handler.o
 .debug_ranges  0x00000070       0x60 ./gecko_sdk_4.2.1/hardware/board/src/sl_board_control_gpio.o
 .debug_ranges  0x000000d0       0x18 ./gecko_sdk_4.2.1/hardware/board/src/sl_board_init.o
 .debug_ranges  0x000000e8       0x40 ./gecko_sdk_4.2.1/hardware/driver/configuration_over_swo/src/sl_cos.o
 .debug_ranges  0x00000128       0x20 ./gecko_sdk_4.2.1/hardware/driver/mx25_flash_shutdown/src/sl_mx25_flash_shutdown_eusart/sl_mx25_flash_shutdown.o
 .debug_ranges  0x00000148       0x80 ./gecko_sdk_4.2.1/platform/Device/SiliconLabs/EFR32MG24/Source/startup_efr32mg24.o
 .debug_ranges  0x000001c8       0x98 ./gecko_sdk_4.2.1/platform/Device/SiliconLabs/EFR32MG24/Source/system_efr32mg24.o
 .debug_ranges  0x00000260       0x10 ./gecko_sdk_4.2.1/platform/common/src/sl_assert.o
 .debug_ranges  0x00000270       0x20 ./gecko_sdk_4.2.1/platform/common/toolchain/src/sl_memory.o
 .debug_ranges  0x00000290       0x68 ./gecko_sdk_4.2.1/platform/driver/debug/src/sl_debug_swo.o
 .debug_ranges  0x000002f8      0x380 ./gecko_sdk_4.2.1/platform/emlib/src/em_cmu.o
 .debug_ranges  0x00000678      0x1a0 ./gecko_sdk_4.2.1/platform/emlib/src/em_core.o
 .debug_ranges  0x00000818      0x260 ./gecko_sdk_4.2.1/platform/emlib/src/em_emu.o
 .debug_ranges  0x00000a78      0x1a0 ./gecko_sdk_4.2.1/platform/emlib/src/em_eusart.o
 .debug_ranges  0x00000c18       0x70 ./gecko_sdk_4.2.1/platform/emlib/src/em_gpio.o
 .debug_ranges  0x00000c88      0x178 ./gecko_sdk_4.2.1/platform/emlib/src/em_i2c.o
 .debug_ranges  0x00000e00       0x78 ./gecko_sdk_4.2.1/platform/emlib/src/em_timer.o
 .debug_ranges  0x00000e78       0x10 ./gecko_sdk_4.2.1/platform/service/device_init/src/sl_device_init_dcdc_s2.o
 .debug_ranges  0x00000e88       0x10 ./gecko_sdk_4.2.1/platform/service/device_init/src/sl_device_init_emu_s2.o
 .debug_ranges  0x00000e98       0x10 ./gecko_sdk_4.2.1/platform/service/device_init/src/sl_device_init_hfxo_s2.o
 .debug_ranges  0x00000ea8       0x10 ./gecko_sdk_4.2.1/platform/service/device_init/src/sl_device_init_lfxo_s2.o
 .debug_ranges  0x00000eb8       0x48 ./gecko_sdk_4.2.1/platform/service/device_init/src/sl_device_init_nvic.o
 .debug_ranges  0x00000f00       0x10 ./gecko_sdk_4.2.1/platform/service/system/src/sl_system_init.o
 .debug_ranges  0x00000f10       0x10 ./gecko_sdk_4.2.1/platform/service/system/src/sl_system_process_action.o
 .debug_ranges  0x00000f20       0x28 ./gecko_sdk_4.2.1/platform/service/udelay/src/sl_udelay.o
 .debug_ranges  0x00000f48       0x18 ./src/GPIO.o
 .debug_ranges  0x00000f60       0x10 ./src/I2C.o
 .debug_ranges  0x00000f70       0x18 ./src/adxl343.o
 .debug_ranges  0x00000f88       0x28 ./src/irq.o
 .debug_ranges  0x00000fb0       0x90 ./src/timers.o

.debug_line     0x00000000     0xc5fa
 .debug_line    0x00000000      0x19b ./app.o
 .debug_line    0x0000019b       0xe7 ./main.o
 .debug_line    0x00000282       0xb4 ./autogen/sl_board_default_init.o
 .debug_line    0x00000336      0x2ae ./autogen/sl_device_init_clocks.o
 .debug_line    0x000005e4      0x32d ./autogen/sl_event_handler.o
 .debug_line    0x00000911      0x485 ./gecko_sdk_4.2.1/hardware/board/src/sl_board_control_gpio.o
 .debug_line    0x00000d96      0x194 ./gecko_sdk_4.2.1/hardware/board/src/sl_board_init.o
 .debug_line    0x00000f2a      0x46f ./gecko_sdk_4.2.1/hardware/driver/configuration_over_swo/src/sl_cos.o
 .debug_line    0x00001399      0x437 ./gecko_sdk_4.2.1/hardware/driver/mx25_flash_shutdown/src/sl_mx25_flash_shutdown_eusart/sl_mx25_flash_shutdown.o
 .debug_line    0x000017d0      0x312 ./gecko_sdk_4.2.1/platform/Device/SiliconLabs/EFR32MG24/Source/startup_efr32mg24.o
 .debug_line    0x00001ae2      0x5e7 ./gecko_sdk_4.2.1/platform/Device/SiliconLabs/EFR32MG24/Source/system_efr32mg24.o
 .debug_line    0x000020c9       0xa6 ./gecko_sdk_4.2.1/platform/common/src/sl_assert.o
 .debug_line    0x0000216f      0x2df ./gecko_sdk_4.2.1/platform/common/toolchain/src/sl_memory.o
 .debug_line    0x0000244e      0x6bc ./gecko_sdk_4.2.1/platform/driver/debug/src/sl_debug_swo.o
 .debug_line    0x00002b0a     0x2e72 ./gecko_sdk_4.2.1/platform/emlib/src/em_cmu.o
 .debug_line    0x0000597c      0xa80 ./gecko_sdk_4.2.1/platform/emlib/src/em_core.o
 .debug_line    0x000063fc      0xde3 ./gecko_sdk_4.2.1/platform/emlib/src/em_emu.o
 .debug_line    0x000071df     0x156f ./gecko_sdk_4.2.1/platform/emlib/src/em_eusart.o
 .debug_line    0x0000874e      0x74a ./gecko_sdk_4.2.1/platform/emlib/src/em_gpio.o
 .debug_line    0x00008e98      0xbb0 ./gecko_sdk_4.2.1/platform/emlib/src/em_i2c.o
 .debug_line    0x00009a48      0x8b8 ./gecko_sdk_4.2.1/platform/emlib/src/em_timer.o
 .debug_line    0x0000a300      0x255 ./gecko_sdk_4.2.1/platform/service/device_init/src/sl_device_init_dcdc_s2.o
 .debug_line    0x0000a555      0x2da ./gecko_sdk_4.2.1/platform/service/device_init/src/sl_device_init_emu_s2.o
 .debug_line    0x0000a82f      0x337 ./gecko_sdk_4.2.1/platform/service/device_init/src/sl_device_init_hfxo_s2.o
 .debug_line    0x0000ab66      0x25f ./gecko_sdk_4.2.1/platform/service/device_init/src/sl_device_init_lfxo_s2.o
 .debug_line    0x0000adc5      0x330 ./gecko_sdk_4.2.1/platform/service/device_init/src/sl_device_init_nvic.o
 .debug_line    0x0000b0f5      0x108 ./gecko_sdk_4.2.1/platform/service/system/src/sl_system_init.o
 .debug_line    0x0000b1fd      0x111 ./gecko_sdk_4.2.1/platform/service/system/src/sl_system_process_action.o
 .debug_line    0x0000b30e      0x2d5 ./gecko_sdk_4.2.1/platform/service/udelay/src/sl_udelay.o
 .debug_line    0x0000b5e3       0x99 ./gecko_sdk_4.2.1/platform/service/udelay/src/sl_udelay_armv6m_gcc.o
 .debug_line    0x0000b67c      0x245 ./src/GPIO.o
 .debug_line    0x0000b8c1      0x29d ./src/I2C.o
 .debug_line    0x0000bb5e      0x3eb ./src/adxl343.o
 .debug_line    0x0000bf49      0x2ce ./src/irq.o
 .debug_line    0x0000c217      0x3e3 ./src/timers.o

.debug_str      0x00000000     0xbbab
 .debug_str     0x00000000      0x217 ./app.o
                                0x274 (size before relaxing)
 .debug_str     0x00000217       0x37 ./main.o
                                0x1a5 (size before relaxing)
 .debug_str     0x0000024e       0x4f ./autogen/sl_board_default_init.o
                                0x225 (size before relaxing)
 .debug_str     0x0000029d      0xb87 ./autogen/sl_device_init_clocks.o
                                0xe31 (size before relaxing)
 .debug_str     0x00000e24      0x1a6 ./autogen/sl_event_handler.o
                                0x392 (size before relaxing)
 .debug_str     0x00000fca      0x48c ./gecko_sdk_4.2.1/hardware/board/src/sl_board_control_gpio.o
                                0x6c9 (size before relaxing)
 .debug_str     0x00001456      0x4d1 ./gecko_sdk_4.2.1/hardware/board/src/sl_board_init.o
                                0x6e2 (size before relaxing)
 .debug_str     0x00001927      0x1e6 ./gecko_sdk_4.2.1/hardware/driver/configuration_over_swo/src/sl_cos.o
                                0x411 (size before relaxing)
 .debug_str     0x00001b0d     0x161b ./gecko_sdk_4.2.1/hardware/driver/mx25_flash_shutdown/src/sl_mx25_flash_shutdown_eusart/sl_mx25_flash_shutdown.o
                               0x2273 (size before relaxing)
 .debug_str     0x00003128      0x16a ./gecko_sdk_4.2.1/platform/Device/SiliconLabs/EFR32MG24/Source/startup_efr32mg24.o
                                0x35b (size before relaxing)
 .debug_str     0x00003292      0xaa2 ./gecko_sdk_4.2.1/platform/Device/SiliconLabs/EFR32MG24/Source/system_efr32mg24.o
                               0x1794 (size before relaxing)
 .debug_str     0x00003d34       0x5e ./gecko_sdk_4.2.1/platform/common/src/sl_assert.o
                                0x1bf (size before relaxing)
 .debug_str     0x00003d92       0xfd ./gecko_sdk_4.2.1/platform/common/toolchain/src/sl_memory.o
                                0x2f9 (size before relaxing)
 .debug_str     0x00003e8f      0x370 ./gecko_sdk_4.2.1/platform/driver/debug/src/sl_debug_swo.o
                               0x2188 (size before relaxing)
 .debug_str     0x000041ff     0x42ad ./gecko_sdk_4.2.1/platform/emlib/src/em_cmu.o
                               0x64f2 (size before relaxing)
 .debug_str     0x000084ac      0x346 ./gecko_sdk_4.2.1/platform/emlib/src/em_core.o
                                0xb64 (size before relaxing)
 .debug_str     0x000087f2      0xc6b ./gecko_sdk_4.2.1/platform/emlib/src/em_emu.o
                               0x2263 (size before relaxing)
 .debug_str     0x0000945d      0xcd7 ./gecko_sdk_4.2.1/platform/emlib/src/em_eusart.o
                               0x53e9 (size before relaxing)
 .debug_str     0x0000a134      0x128 ./gecko_sdk_4.2.1/platform/emlib/src/em_gpio.o
                               0x16ea (size before relaxing)
 .debug_str     0x0000a25c      0x43b ./gecko_sdk_4.2.1/platform/emlib/src/em_i2c.o
                                0xd42 (size before relaxing)
 .debug_str     0x0000a697      0x9ba ./gecko_sdk_4.2.1/platform/emlib/src/em_timer.o
                               0x3350 (size before relaxing)
 .debug_str     0x0000b051       0x6e ./gecko_sdk_4.2.1/platform/service/device_init/src/sl_device_init_dcdc_s2.o
                                0x8ef (size before relaxing)
 .debug_str     0x0000b0bf       0x76 ./gecko_sdk_4.2.1/platform/service/device_init/src/sl_device_init_emu_s2.o
                                0x97d (size before relaxing)
 .debug_str     0x0000b135      0x524 ./gecko_sdk_4.2.1/platform/service/device_init/src/sl_device_init_hfxo_s2.o
                                0xc10 (size before relaxing)
 .debug_str     0x0000b659      0x1e3 ./gecko_sdk_4.2.1/platform/service/device_init/src/sl_device_init_lfxo_s2.o
                                0x4df (size before relaxing)
 .debug_str     0x0000b83c       0x87 ./gecko_sdk_4.2.1/platform/service/device_init/src/sl_device_init_nvic.o
                                0x85f (size before relaxing)
 .debug_str     0x0000b8c3       0x61 ./gecko_sdk_4.2.1/platform/service/system/src/sl_system_init.o
                                0x215 (size before relaxing)
 .debug_str     0x0000b924       0x6b ./gecko_sdk_4.2.1/platform/service/system/src/sl_system_process_action.o
                                0x242 (size before relaxing)
 .debug_str     0x0000b98f       0x84 ./gecko_sdk_4.2.1/platform/service/udelay/src/sl_udelay.o
                                0x2af (size before relaxing)
 .debug_str     0x0000ba13       0x75 ./gecko_sdk_4.2.1/platform/service/udelay/src/sl_udelay_armv6m_gcc.o
                                 0xd7 (size before relaxing)
 .debug_str     0x0000ba88       0x2b ./src/GPIO.o
                               0x11e1 (size before relaxing)
 .debug_str     0x0000bab3       0x19 ./src/I2C.o
                               0x18d2 (size before relaxing)
 .debug_str     0x0000bacc       0x3c ./src/adxl343.o
                                0x618 (size before relaxing)
 .debug_str     0x0000bb08       0x3b ./src/irq.o
                                0x615 (size before relaxing)
 .debug_str     0x0000bb43       0x68 ./src/timers.o
                               0x11b6 (size before relaxing)

.debug_frame    0x00000000     0x1a04
 .debug_frame   0x00000000       0x44 ./app.o
 .debug_frame   0x00000044       0x28 ./main.o
 .debug_frame   0x0000006c       0x20 ./autogen/sl_board_default_init.o
 .debug_frame   0x0000008c       0x28 ./autogen/sl_device_init_clocks.o
 .debug_frame   0x000000b4       0xb8 ./autogen/sl_event_handler.o
 .debug_frame   0x0000016c      0x110 ./gecko_sdk_4.2.1/hardware/board/src/sl_board_control_gpio.o
 .debug_frame   0x0000027c       0x3c ./gecko_sdk_4.2.1/hardware/board/src/sl_board_init.o
 .debug_frame   0x000002b8       0x6c ./gecko_sdk_4.2.1/hardware/driver/configuration_over_swo/src/sl_cos.o
 .debug_frame   0x00000324       0x54 ./gecko_sdk_4.2.1/hardware/driver/mx25_flash_shutdown/src/sl_mx25_flash_shutdown_eusart/sl_mx25_flash_shutdown.o
 .debug_frame   0x00000378       0x38 ./gecko_sdk_4.2.1/platform/Device/SiliconLabs/EFR32MG24/Source/startup_efr32mg24.o
 .debug_frame   0x000003b0      0x110 ./gecko_sdk_4.2.1/platform/Device/SiliconLabs/EFR32MG24/Source/system_efr32mg24.o
 .debug_frame   0x000004c0       0x20 ./gecko_sdk_4.2.1/platform/common/src/sl_assert.o
 .debug_frame   0x000004e0       0x40 ./gecko_sdk_4.2.1/platform/common/toolchain/src/sl_memory.o
 .debug_frame   0x00000520       0x9c ./gecko_sdk_4.2.1/platform/driver/debug/src/sl_debug_swo.o
 .debug_frame   0x000005bc      0x610 ./gecko_sdk_4.2.1/platform/emlib/src/em_cmu.o
 .debug_frame   0x00000bcc      0x254 ./gecko_sdk_4.2.1/platform/emlib/src/em_core.o
 .debug_frame   0x00000e20      0x308 ./gecko_sdk_4.2.1/platform/emlib/src/em_emu.o
 .debug_frame   0x00001128      0x2a4 ./gecko_sdk_4.2.1/platform/emlib/src/em_eusart.o
 .debug_frame   0x000013cc      0x16c ./gecko_sdk_4.2.1/platform/emlib/src/em_gpio.o
 .debug_frame   0x00001538       0xf4 ./gecko_sdk_4.2.1/platform/emlib/src/em_i2c.o
 .debug_frame   0x0000162c       0xcc ./gecko_sdk_4.2.1/platform/emlib/src/em_timer.o
 .debug_frame   0x000016f8       0x28 ./gecko_sdk_4.2.1/platform/service/device_init/src/sl_device_init_dcdc_s2.o
 .debug_frame   0x00001720       0x2c ./gecko_sdk_4.2.1/platform/service/device_init/src/sl_device_init_emu_s2.o
 .debug_frame   0x0000174c       0x34 ./gecko_sdk_4.2.1/platform/service/device_init/src/sl_device_init_hfxo_s2.o
 .debug_frame   0x00001780       0x30 ./gecko_sdk_4.2.1/platform/service/device_init/src/sl_device_init_lfxo_s2.o
 .debug_frame   0x000017b0       0x28 ./gecko_sdk_4.2.1/platform/service/device_init/src/sl_device_init_nvic.o
 .debug_frame   0x000017d8       0x2c ./gecko_sdk_4.2.1/platform/service/system/src/sl_system_init.o
 .debug_frame   0x00001804       0x2c ./gecko_sdk_4.2.1/platform/service/system/src/sl_system_process_action.o
 .debug_frame   0x00001830       0x38 ./gecko_sdk_4.2.1/platform/service/udelay/src/sl_udelay.o
 .debug_frame   0x00001868       0x30 ./src/GPIO.o
 .debug_frame   0x00001898       0x2c ./src/I2C.o
 .debug_frame   0x000018c4       0x54 ./src/adxl343.o
 .debug_frame   0x00001918       0x2c ./src/irq.o
 .debug_frame   0x00001944       0x2c ./src/timers.o
 .debug_frame   0x00001970       0x28 c:/siliconlabs/simplicitystudio/v5/developer/toolchains/gnu_arm/10.3_2021.10/bin/../lib/gcc/arm-none-eabi/10.3.1/../../../../arm-none-eabi/lib/thumb/v8-m.main+fp/hard\libc_nano.a(lib_a-exit.o)
 .debug_frame   0x00001998       0x2c c:/siliconlabs/simplicitystudio/v5/developer/toolchains/gnu_arm/10.3_2021.10/bin/../lib/gcc/arm-none-eabi/10.3.1/../../../../arm-none-eabi/lib/thumb/v8-m.main+fp/hard\libc_nano.a(lib_a-init.o)
 .debug_frame   0x000019c4       0x20 c:/siliconlabs/simplicitystudio/v5/developer/toolchains/gnu_arm/10.3_2021.10/bin/../lib/gcc/arm-none-eabi/10.3.1/../../../../arm-none-eabi/lib/thumb/v8-m.main+fp/hard\libc_nano.a(lib_a-memset.o)
 .debug_frame   0x000019e4       0x20 c:/siliconlabs/simplicitystudio/v5/developer/toolchains/gnu_arm/10.3_2021.10/bin/../lib/gcc/arm-none-eabi/10.3.1/../../../../arm-none-eabi/lib/thumb/v8-m.main+fp/hard\libnosys.a(_exit.o)
