Archive member included to satisfy reference by file (symbol)

c:/siliconlabs/simplicitystudio/v5/developer/toolchains/gnu_arm/10.3_2021.10/bin/../lib/gcc/arm-none-eabi/10.3.1/thumb/v8-m.main+fp/hard\libgcc.a(_arm_muldf3.o)
                              ./src/sam-m8q.o (__aeabi_dmul)
c:/siliconlabs/simplicitystudio/v5/developer/toolchains/gnu_arm/10.3_2021.10/bin/../lib/gcc/arm-none-eabi/10.3.1/thumb/v8-m.main+fp/hard\libgcc.a(_arm_addsubdf3.o)
                              ./src/adxl343.o (__aeabi_i2d)
c:/siliconlabs/simplicitystudio/v5/developer/toolchains/gnu_arm/10.3_2021.10/bin/../lib/gcc/arm-none-eabi/10.3.1/thumb/v8-m.main+fp/hard\libgcc.a(_arm_muldivdf3.o)
                              ./src/adxl343.o (__aeabi_ddiv)
c:/siliconlabs/simplicitystudio/v5/developer/toolchains/gnu_arm/10.3_2021.10/bin/../lib/gcc/arm-none-eabi/10.3.1/thumb/v8-m.main+fp/hard\libgcc.a(_arm_fixdfsi.o)
                              ./src/adxl343.o (__aeabi_d2iz)
c:/siliconlabs/simplicitystudio/v5/developer/toolchains/gnu_arm/10.3_2021.10/bin/../lib/gcc/arm-none-eabi/10.3.1/thumb/v8-m.main+fp/hard\libgcc.a(_arm_truncdfsf2.o)
                              ./src/sam-m8q.o (__aeabi_d2f)
c:/siliconlabs/simplicitystudio/v5/developer/toolchains/gnu_arm/10.3_2021.10/bin/../lib/gcc/arm-none-eabi/10.3.1/thumb/v8-m.main+fp/hard\libgcc.a(_aeabi_uldivmod.o)
                              ./gecko_sdk_4.2.2/platform/emlib/src/em_eusart.o (__aeabi_uldivmod)
c:/siliconlabs/simplicitystudio/v5/developer/toolchains/gnu_arm/10.3_2021.10/bin/../lib/gcc/arm-none-eabi/10.3.1/thumb/v8-m.main+fp/hard\libgcc.a(_udivmoddi4.o)
                              c:/siliconlabs/simplicitystudio/v5/developer/toolchains/gnu_arm/10.3_2021.10/bin/../lib/gcc/arm-none-eabi/10.3.1/thumb/v8-m.main+fp/hard\libgcc.a(_aeabi_uldivmod.o) (__udivmoddi4)
c:/siliconlabs/simplicitystudio/v5/developer/toolchains/gnu_arm/10.3_2021.10/bin/../lib/gcc/arm-none-eabi/10.3.1/thumb/v8-m.main+fp/hard\libgcc.a(_dvmd_tls.o)
                              c:/siliconlabs/simplicitystudio/v5/developer/toolchains/gnu_arm/10.3_2021.10/bin/../lib/gcc/arm-none-eabi/10.3.1/thumb/v8-m.main+fp/hard\libgcc.a(_aeabi_uldivmod.o) (__aeabi_ldiv0)
c:/siliconlabs/simplicitystudio/v5/developer/toolchains/gnu_arm/10.3_2021.10/bin/../lib/gcc/arm-none-eabi/10.3.1/../../../../arm-none-eabi/lib/thumb/v8-m.main+fp/hard\libc_nano.a(lib_a-abs.o)
                              ./src/adxl343.o (abs)
c:/siliconlabs/simplicitystudio/v5/developer/toolchains/gnu_arm/10.3_2021.10/bin/../lib/gcc/arm-none-eabi/10.3.1/../../../../arm-none-eabi/lib/thumb/v8-m.main+fp/hard\libc_nano.a(lib_a-ctype_.o)
                              ./gecko_sdk_4.2.2/platform/common/src/sl_string.o (_ctype_)
c:/siliconlabs/simplicitystudio/v5/developer/toolchains/gnu_arm/10.3_2021.10/bin/../lib/gcc/arm-none-eabi/10.3.1/../../../../arm-none-eabi/lib/thumb/v8-m.main+fp/hard\libc_nano.a(lib_a-exit.o)
                              c:/siliconlabs/simplicitystudio/v5/developer/toolchains/gnu_arm/10.3_2021.10/bin/../lib/gcc/arm-none-eabi/10.3.1/../../../../arm-none-eabi/lib/thumb/v8-m.main+fp/hard/crt0.o (exit)
c:/siliconlabs/simplicitystudio/v5/developer/toolchains/gnu_arm/10.3_2021.10/bin/../lib/gcc/arm-none-eabi/10.3.1/../../../../arm-none-eabi/lib/thumb/v8-m.main+fp/hard\libc_nano.a(lib_a-impure.o)
                              c:/siliconlabs/simplicitystudio/v5/developer/toolchains/gnu_arm/10.3_2021.10/bin/../lib/gcc/arm-none-eabi/10.3.1/../../../../arm-none-eabi/lib/thumb/v8-m.main+fp/hard\libc_nano.a(lib_a-exit.o) (_global_impure_ptr)
c:/siliconlabs/simplicitystudio/v5/developer/toolchains/gnu_arm/10.3_2021.10/bin/../lib/gcc/arm-none-eabi/10.3.1/../../../../arm-none-eabi/lib/thumb/v8-m.main+fp/hard\libc_nano.a(lib_a-init.o)
                              c:/siliconlabs/simplicitystudio/v5/developer/toolchains/gnu_arm/10.3_2021.10/bin/../lib/gcc/arm-none-eabi/10.3.1/../../../../arm-none-eabi/lib/thumb/v8-m.main+fp/hard/crt0.o (__libc_init_array)
c:/siliconlabs/simplicitystudio/v5/developer/toolchains/gnu_arm/10.3_2021.10/bin/../lib/gcc/arm-none-eabi/10.3.1/../../../../arm-none-eabi/lib/thumb/v8-m.main+fp/hard\libc_nano.a(lib_a-memcpy-stub.o)
                              ./gecko_sdk_4.2.2/platform/emdrv/uartdrv/src/uartdrv.o (memcpy)
c:/siliconlabs/simplicitystudio/v5/developer/toolchains/gnu_arm/10.3_2021.10/bin/../lib/gcc/arm-none-eabi/10.3.1/../../../../arm-none-eabi/lib/thumb/v8-m.main+fp/hard\libc_nano.a(lib_a-memset.o)
                              c:/siliconlabs/simplicitystudio/v5/developer/toolchains/gnu_arm/10.3_2021.10/bin/../lib/gcc/arm-none-eabi/10.3.1/../../../../arm-none-eabi/lib/thumb/v8-m.main+fp/hard/crt0.o (memset)
c:/siliconlabs/simplicitystudio/v5/developer/toolchains/gnu_arm/10.3_2021.10/bin/../lib/gcc/arm-none-eabi/10.3.1/../../../../arm-none-eabi/lib/thumb/v8-m.main+fp/hard\libc_nano.a(lib_a-nano-vfprintf_float.o)
                              (_printf_float)
[...]
Memory Configuration

Name             Origin             Length             Attributes
FLASH            0x08000000         0x0017e000         xr
RAM              0x20000000         0x00040000         xrw
*default*        0x00000000         0xffffffff

Linker script and memory map

LOAD c:/siliconlabs/simplicitystudio/v5/developer/toolchains/gnu_arm/10.3_2021.10/bin/../lib/gcc/arm-none-eabi/10.3.1/thumb/v8-m.main+fp/hard/crti.o
LOAD c:/siliconlabs/simplicitystudio/v5/developer/toolchains/gnu_arm/10.3_2021.10/bin/../lib/gcc/arm-none-eabi/10.3.1/thumb/v8-m.main+fp/hard/crtbegin.o
LOAD c:/siliconlabs/simplicitystudio/v5/developer/toolchains/gnu_arm/10.3_2021.10/bin/../lib/gcc/arm-none-eabi/10.3.1/../../../../arm-none-eabi/lib/thumb/v8-m.main+fp/hard/crt0.o
START GROUP
LOAD ./app.o
LOAD ./main.o
LOAD ./autogen/sl_board_default_init.o
LOAD ./autogen/sl_device_init_clocks.o
LOAD ./autogen/sl_event_handler.o
LOAD ./autogen/sl_iostream_handles.o
LOAD ./autogen/sl_iostream_init_usart_instances.o
LOAD ./autogen/sl_power_manager_handler.o
LOAD ./gecko_sdk_4.2.2/app/common/util/app_log/app_log.o
LOAD ./gecko_sdk_4.2.2/hardware/board/src/sl_board_control_gpio.o
LOAD ./gecko_sdk_4.2.2/hardware/board/src/sl_board_init.o
LOAD ./gecko_sdk_4.2.2/hardware/driver/configuration_over_swo/src/sl_cos.o
LOAD ./gecko_sdk_4.2.2/hardware/driver/mx25_flash_shutdown/src/sl_mx25_flash_shutdown_eusart/sl_mx25_flash_shutdown.o
LOAD ./gecko_sdk_4.2.2/platform/Device/SiliconLabs/EFR32MG24/Source/startup_efr32mg24.o
LOAD ./gecko_sdk_4.2.2/platform/Device/SiliconLabs/EFR32MG24/Source/system_efr32mg24.o
LOAD ./gecko_sdk_4.2.2/platform/common/src/sl_assert.o
LOAD ./gecko_sdk_4.2.2/platform/common/src/sl_slist.o
LOAD ./gecko_sdk_4.2.2/platform/common/src/sl_string.o
LOAD ./gecko_sdk_4.2.2/platform/common/toolchain/src/sl_memory.o
LOAD ./gecko_sdk_4.2.2/platform/driver/debug/src/sl_debug_swo.o
LOAD ./gecko_sdk_4.2.2/platform/emdrv/dmadrv/src/dmadrv.o
LOAD ./gecko_sdk_4.2.2/platform/emdrv/gpiointerrupt/src/gpiointerrupt.o
LOAD ./gecko_sdk_4.2.2/platform/emdrv/uartdrv/src/uartdrv.o
LOAD ./gecko_sdk_4.2.2/platform/emlib/src/em_burtc.o
LOAD ./gecko_sdk_4.2.2/platform/emlib/src/em_cmu.o
LOAD ./gecko_sdk_4.2.2/platform/emlib/src/em_core.o
LOAD ./gecko_sdk_4.2.2/platform/emlib/src/em_emu.o
LOAD ./gecko_sdk_4.2.2/platform/emlib/src/em_eusart.o
LOAD ./gecko_sdk_4.2.2/platform/emlib/src/em_gpio.o
LOAD ./gecko_sdk_4.2.2/platform/emlib/src/em_i2c.o
LOAD ./gecko_sdk_4.2.2/platform/emlib/src/em_ldma.o
LOAD ./gecko_sdk_4.2.2/platform/emlib/src/em_msc.o
LOAD ./gecko_sdk_4.2.2/platform/emlib/src/em_system.o
LOAD ./gecko_sdk_4.2.2/platform/emlib/src/em_timer.o
LOAD ./gecko_sdk_4.2.2/platform/emlib/src/em_usart.o
LOAD ./gecko_sdk_4.2.2/platform/peripheral/src/peripheral_sysrtc.o
LOAD ./gecko_sdk_4.2.2/platform/service/device_init/src/sl_device_init_dcdc_s2.o
LOAD ./gecko_sdk_4.2.2/platform/service/device_init/src/sl_device_init_emu_s2.o
LOAD ./gecko_sdk_4.2.2/platform/service/device_init/src/sl_device_init_hfxo_s2.o
LOAD ./gecko_sdk_4.2.2/platform/service/device_init/src/sl_device_init_lfxo_s2.o
LOAD ./gecko_sdk_4.2.2/platform/service/device_init/src/sl_device_init_nvic.o
LOAD ./gecko_sdk_4.2.2/platform/service/hfxo_manager/src/sl_hfxo_manager.o
LOAD ./gecko_sdk_4.2.2/platform/service/hfxo_manager/src/sl_hfxo_manager_hal_s2.o
LOAD ./gecko_sdk_4.2.2/platform/service/iostream/src/sl_iostream.o
LOAD ./gecko_sdk_4.2.2/platform/service/iostream/src/sl_iostream_retarget_stdio.o
LOAD ./gecko_sdk_4.2.2/platform/service/iostream/src/sl_iostream_stdlib_config.o
LOAD ./gecko_sdk_4.2.2/platform/service/iostream/src/sl_iostream_uart.o
LOAD ./gecko_sdk_4.2.2/platform/service/iostream/src/sl_iostream_usart.o
LOAD ./gecko_sdk_4.2.2/platform/service/power_manager/src/sl_power_manager.o
LOAD ./gecko_sdk_4.2.2/platform/service/power_manager/src/sl_power_manager_debug.o
LOAD ./gecko_sdk_4.2.2/platform/service/power_manager/src/sl_power_manager_hal_s2.o
LOAD ./gecko_sdk_4.2.2/platform/service/sleeptimer/src/sl_sleeptimer.o
LOAD ./gecko_sdk_4.2.2/platform/service/sleeptimer/src/sl_sleeptimer_hal_burtc.o
LOAD ./gecko_sdk_4.2.2/platform/service/sleeptimer/src/sl_sleeptimer_hal_sysrtc.o
LOAD ./gecko_sdk_4.2.2/platform/service/sleeptimer/src/sl_sleeptimer_hal_timer.o
LOAD ./gecko_sdk_4.2.2/platform/service/system/src/sl_system_init.o
LOAD ./gecko_sdk_4.2.2/platform/service/system/src/sl_system_process_action.o
LOAD ./gecko_sdk_4.2.2/platform/service/udelay/src/sl_udelay.o
LOAD ./gecko_sdk_4.2.2/platform/service/udelay/src/sl_udelay_armv6m_gcc.o
LOAD ./src/GPIO.o
LOAD ./src/I2C.o
LOAD ./src/adxl343.o
LOAD ./src/irq.o
LOAD ./src/log.o
LOAD ./src/sam-m8q.o
LOAD ./src/timers.o
LOAD c:/siliconlabs/simplicitystudio/v5/developer/toolchains/gnu_arm/10.3_2021.10/bin/../lib/gcc/arm-none-eabi/10.3.1/thumb/v8-m.main+fp/hard\libgcc.a
LOAD c:/siliconlabs/simplicitystudio/v5/developer/toolchains/gnu_arm/10.3_2021.10/bin/../lib/gcc/arm-none-eabi/10.3.1/../../../../arm-none-eabi/lib/thumb/v8-m.main+fp/hard\libc_nano.a
LOAD c:/siliconlabs/simplicitystudio/v5/developer/toolchains/gnu_arm/10.3_2021.10/bin/../lib/gcc/arm-none-eabi/10.3.1/../../../../arm-none-eabi/lib/thumb/v8-m.main+fp/hard\libm.a
LOAD c:/siliconlabs/simplicitystudio/v5/developer/toolchains/gnu_arm/10.3_2021.10/bin/../lib/gcc/arm-none-eabi/10.3.1/../../../../arm-none-eabi/lib/thumb/v8-m.main+fp/hard\libnosys.a
END GROUP
START GROUP
LOAD c:/siliconlabs/simplicitystudio/v5/developer/toolchains/gnu_arm/10.3_2021.10/bin/../lib/gcc/arm-none-eabi/10.3.1/thumb/v8-m.main+fp/hard\libgcc.a
LOAD c:/siliconlabs/simplicitystudio/v5/developer/toolchains/gnu_arm/10.3_2021.10/bin/../lib/gcc/arm-none-eabi/10.3.1/../../../../arm-none-eabi/lib/thumb/v8-m.main+fp/hard\libc_nano.a
LOAD c:/siliconlabs/simplicitystudio/v5/developer/toolchains/gnu_arm/10.3_2021.10/bin/../lib/gcc/arm-none-eabi/10.3.1/../../../../arm-none-eabi/lib/thumb/v8-m.main+fp/hard\libnosys.a
END GROUP
START GROUP
LOAD c:/siliconlabs/simplicitystudio/v5/developer/toolchains/gnu_arm/10.3_2021.10/bin/../lib/gcc/arm-none-eabi/10.3.1/thumb/v8-m.main+fp/hard\libgcc.a
LOAD c:/siliconlabs/simplicitystudio/v5/developer/toolchains/gnu_arm/10.3_2021.10/bin/../lib/gcc/arm-none-eabi/10.3.1/../../../../arm-none-eabi/lib/thumb/v8-m.main+fp/hard\libg_nano.a
LOAD c:/siliconlabs/simplicitystudio/v5/developer/toolchains/gnu_arm/10.3_2021.10/bin/../lib/gcc/arm-none-eabi/10.3.1/../../../../arm-none-eabi/lib/thumb/v8-m.main+fp/hard\libc_nano.a
END GROUP
START GROUP
LOAD c:/siliconlabs/simplicitystudio/v5/developer/toolchains/gnu_arm/10.3_2021.10/bin/../lib/gcc/arm-none-eabi/10.3.1/thumb/v8-m.main+fp/hard\libgcc.a
LOAD c:/siliconlabs/simplicitystudio/v5/developer/toolchains/gnu_arm/10.3_2021.10/bin/../lib/gcc/arm-none-eabi/10.3.1/../../../../arm-none-eabi/lib/thumb/v8-m.main+fp/hard\libc_nano.a
END GROUP
LOAD c:/siliconlabs/simplicitystudio/v5/developer/toolchains/gnu_arm/10.3_2021.10/bin/../lib/gcc/arm-none-eabi/10.3.1/thumb/v8-m.main+fp/hard/crtend.o
LOAD c:/siliconlabs/simplicitystudio/v5/developer/toolchains/gnu_arm/10.3_2021.10/bin/../lib/gcc/arm-none-eabi/10.3.1/thumb/v8-m.main+fp/hard/crtn.o

.text           0x08000000     0xedd4
                0x08000000                linker_vectors_begin = .
 *(.vectors)
 .vectors       0x08000000      0x170 ./gecko_sdk_4.2.2/platform/Device/SiliconLabs/EFR32MG24/Source/startup_efr32mg24.o
                0x08000000                __Vectors
                0x08000170                linker_vectors_end = .
                0x08000170                __Vectors_End = .
                0x08000170                __Vectors_Size = (__Vectors_End - __Vectors)
                0x08000170                linker_code_begin = .
 *(SORT_BY_ALIGNMENT(.text*))
 .text          0x08000170        0x8 ./gecko_sdk_4.2.2/platform/service/udelay/src/sl_udelay_armv6m_gcc.o
                0x08000170                sli_delay_loop
 .text.print_nav_pvt_info
                0x08000178      0x158 ./src/sam-m8q.o
                0x08000178                print_nav_pvt_info
 .text._dtoa_r  0x080002d0      0xbd8 c:/siliconlabs/simplicitystudio/v5/developer/toolchains/gnu_arm/10.3_2021.10/bin/../lib/gcc/arm-none-eabi/10.3.1/../../../../arm-none-eabi/lib/thumb/v8-m.main+fp/hard\libc_nano.a(lib_a-dtoa.o)
                0x080002d0                _dtoa_r
 .text          0x08000ea8       0x40 c:/siliconlabs/simplicitystudio/v5/developer/toolchains/gnu_arm/10.3_2021.10/bin/../lib/gcc/arm-none-eabi/10.3.1/thumb/v8-m.main+fp/hard/crtbegin.o
 .text          0x08000ee8       0x7c c:/siliconlabs/simplicitystudio/v5/developer/toolchains/gnu_arm/10.3_2021.10/bin/../lib/gcc/arm-none-eabi/10.3.1/../../../../arm-none-eabi/lib/thumb/v8-m.main+fp/hard/crt0.o
                0x08000ee8                _stack_init
                0x08000ef0                _start
                0x08000ef0                _mainCRTStartup
 .text.app_init
                0x08000f64       0x74 ./app.o
                0x08000f64                app_init
 .text.app_process_action
                0x08000fd8       0x98 ./app.o
                0x08000fd8                app_process_action
 .text.sl_device_init_clocks
                0x08001070       0xd4 ./autogen/sl_device_init_clocks.o
                0x08001070                sl_device_init_clocks
 .text.GPIO_PinOutGet
                0x08001144       0x88 ./autogen/sl_iostream_init_usart_instances.o
 .text.sl_iostream_usart_init_vcom
                0x080011cc       0xf8 ./autogen/sl_iostream_init_usart_instances.o
                0x080011cc                sl_iostream_usart_init_vcom
 .text.sl_iostream_usart_init_instances
                0x080012c4       0x34 ./autogen/sl_iostream_init_usart_instances.o
                0x080012c4                sl_iostream_usart_init_instances
 .text.USART0_TX_IRQHandler
                0x080012f8       0x10 ./autogen/sl_iostream_init_usart_instances.o
                0x080012f8                USART0_TX_IRQHandler
 .text.USART0_RX_IRQHandler
                0x08001308       0x10 ./autogen/sl_iostream_init_usart_instances.o
                0x08001308                USART0_RX_IRQHandler
 .text.sl_iostream_usart_vcom_sleep_on_isr_exit
                0x08001318       0x14 ./autogen/sl_iostream_init_usart_instances.o
                0x08001318                sl_iostream_usart_vcom_sleep_on_isr_exit
 .text.events_handler
                0x0800132c       0xb4 ./autogen/sl_iostream_init_usart_instances.o
 .text.app_log_init
                0x080013e0       0x3c ./gecko_sdk_4.2.2/app/common/util/app_log/app_log.o
                0x080013e0                app_log_init
 .text.GPIO_PinOutClear
                0x0800141c       0x84 ./gecko_sdk_4.2.2/hardware/driver/mx25_flash_shutdown/src/sl_mx25_flash_shutdown_eusart/sl_mx25_flash_shutdown.o
 .text.GPIO_PinOutSet
                0x080014a0       0x84 ./gecko_sdk_4.2.2/hardware/driver/mx25_flash_shutdown/src/sl_mx25_flash_shutdown_eusart/sl_mx25_flash_shutdown.o
 .text.sl_mx25_flash_shutdown
                0x08001524      0x150 ./gecko_sdk_4.2.2/hardware/driver/mx25_flash_shutdown/src/sl_mx25_flash_shutdown_eusart/sl_mx25_flash_shutdown.o
                0x08001524                sl_mx25_flash_shutdown
 .text.Reset_Handler
                0x08001674       0x98 ./gecko_sdk_4.2.2/platform/Device/SiliconLabs/EFR32MG24/Source/startup_efr32mg24.o
                0x08001674                Reset_Handler
 .text.__NVIC_EnableIRQ
                0x0800170c       0x34 ./gecko_sdk_4.2.2/platform/Device/SiliconLabs/EFR32MG24/Source/system_efr32mg24.o
 .text.__NVIC_ClearPendingIRQ
                0x08001740       0x38 ./gecko_sdk_4.2.2/platform/Device/SiliconLabs/EFR32MG24/Source/system_efr32mg24.o
 .text.SystemInit
                0x08001778       0x90 ./gecko_sdk_4.2.2/platform/Device/SiliconLabs/EFR32MG24/Source/system_efr32mg24.o
                0x08001778                SystemInit
 .text.SystemHFRCODPLLClockGet
                0x08001808        0xc ./gecko_sdk_4.2.2/platform/Device/SiliconLabs/EFR32MG24/Source/system_efr32mg24.o
                0x08001808                SystemHFRCODPLLClockGet
 .text.SystemSYSCLKGet
                0x08001814       0x50 ./gecko_sdk_4.2.2/platform/Device/SiliconLabs/EFR32MG24/Source/system_efr32mg24.o
                0x08001814                SystemSYSCLKGet
 .text.SystemHCLKGet
                0x08001864       0x3c ./gecko_sdk_4.2.2/platform/Device/SiliconLabs/EFR32MG24/Source/system_efr32mg24.o
                0x08001864                SystemHCLKGet
 .text.SystemMaxCoreClockGet
                0x080018a0        0xc ./gecko_sdk_4.2.2/platform/Device/SiliconLabs/EFR32MG24/Source/system_efr32mg24.o
                0x080018a0                SystemMaxCoreClockGet
 .text.SystemHFXOClockGet
                0x080018ac        0xc ./gecko_sdk_4.2.2/platform/Device/SiliconLabs/EFR32MG24/Source/system_efr32mg24.o
                0x080018ac                SystemHFXOClockGet
 .text.SystemHFXOClockSet
                0x080018b8       0x2c ./gecko_sdk_4.2.2/platform/Device/SiliconLabs/EFR32MG24/Source/system_efr32mg24.o
                0x080018b8                SystemHFXOClockSet
 .text.SystemFSRCOClockGet
                0x080018e4        0xc ./gecko_sdk_4.2.2/platform/Device/SiliconLabs/EFR32MG24/Source/system_efr32mg24.o
                0x080018e4                SystemFSRCOClockGet
 .text.SystemHFRCOEM23ClockGet
                0x080018f0       0xe0 ./gecko_sdk_4.2.2/platform/Device/SiliconLabs/EFR32MG24/Source/system_efr32mg24.o
                0x080018f0                SystemHFRCOEM23ClockGet
 .text.SystemLFXOClockGet
                0x080019d0        0xc ./gecko_sdk_4.2.2/platform/Device/SiliconLabs/EFR32MG24/Source/system_efr32mg24.o
                0x080019d0                SystemLFXOClockGet
 .text.sl_slist_push
                0x080019dc       0x38 ./gecko_sdk_4.2.2/platform/common/src/sl_slist.o
                0x080019dc                sl_slist_push
 .text._sbrk    0x08001a14       0x3c ./gecko_sdk_4.2.2/platform/common/toolchain/src/sl_memory.o
                0x08001a14                _sbrk
 .text.BUS_RegBitWrite
                0x08001a50       0x48 ./gecko_sdk_4.2.2/platform/driver/debug/src/sl_debug_swo.o
 .text.GPIO_DbgSWOEnable
                0x08001a98       0x30 ./gecko_sdk_4.2.2/platform/driver/debug/src/sl_debug_swo.o
 .text.sl_debug_swo_init
                0x08001ac8      0x168 ./gecko_sdk_4.2.2/platform/driver/debug/src/sl_debug_swo.o
                0x08001ac8                sl_debug_swo_init
 .text.DMADRV_AllocateChannel
                0x08001c30       0xa0 ./gecko_sdk_4.2.2/platform/emdrv/dmadrv/src/dmadrv.o
                0x08001c30                DMADRV_AllocateChannel
 .text.DMADRV_DeInit
                0x08001cd0       0x78 ./gecko_sdk_4.2.2/platform/emdrv/dmadrv/src/dmadrv.o
                0x08001cd0                DMADRV_DeInit
 .text.DMADRV_FreeChannel
                0x08001d48       0x74 ./gecko_sdk_4.2.2/platform/emdrv/dmadrv/src/dmadrv.o
                0x08001d48                DMADRV_FreeChannel
 .text.DMADRV_Init
                0x08001dbc       0x7c ./gecko_sdk_4.2.2/platform/emdrv/dmadrv/src/dmadrv.o
                0x08001dbc                DMADRV_Init
 .text.DMADRV_PauseTransfer
                0x08001e38       0x64 ./gecko_sdk_4.2.2/platform/emdrv/dmadrv/src/dmadrv.o
                0x08001e38                DMADRV_PauseTransfer
 .text.DMADRV_ResumeTransfer
                0x08001e9c       0x64 ./gecko_sdk_4.2.2/platform/emdrv/dmadrv/src/dmadrv.o
                0x08001e9c                DMADRV_ResumeTransfer
 .text.DMADRV_StopTransfer
                0x08001f00       0x64 ./gecko_sdk_4.2.2/platform/emdrv/dmadrv/src/dmadrv.o
                0x08001f00                DMADRV_StopTransfer
 .text.DMADRV_TransferCompletePending
                0x08001f64       0x84 ./gecko_sdk_4.2.2/platform/emdrv/dmadrv/src/dmadrv.o
                0x08001f64                DMADRV_TransferCompletePending
 .text.DMADRV_TransferDone
                0x08001fe8       0x74 ./gecko_sdk_4.2.2/platform/emdrv/dmadrv/src/dmadrv.o
                0x08001fe8                DMADRV_TransferDone
 .text.LDMA_IRQHandler
                0x0800205c       0xec ./gecko_sdk_4.2.2/platform/emdrv/dmadrv/src/dmadrv.o
                0x0800205c                LDMA_IRQHandler
 .text.StartTransfer
                0x08002148      0x21c ./gecko_sdk_4.2.2/platform/emdrv/dmadrv/src/dmadrv.o
 .text.__NVIC_EnableIRQ
                0x08002364       0x34 ./gecko_sdk_4.2.2/platform/emdrv/gpiointerrupt/src/gpiointerrupt.o
 .text.__NVIC_ClearPendingIRQ
                0x08002398       0x38 ./gecko_sdk_4.2.2/platform/emdrv/gpiointerrupt/src/gpiointerrupt.o
 .text.GPIO_IntClear
                0x080023d0       0x1c ./gecko_sdk_4.2.2/platform/emdrv/gpiointerrupt/src/gpiointerrupt.o
 .text.GPIO_IntGetEnabled
                0x080023ec       0x20 ./gecko_sdk_4.2.2/platform/emdrv/gpiointerrupt/src/gpiointerrupt.o
 .text.GPIOINT_CallbackRegister
                0x0800240c       0x44 ./gecko_sdk_4.2.2/platform/emdrv/gpiointerrupt/src/gpiointerrupt.o
                0x0800240c                GPIOINT_CallbackRegister
 .text.GPIOINT_IRQDispatcher
                0x08002450       0x74 ./gecko_sdk_4.2.2/platform/emdrv/gpiointerrupt/src/gpiointerrupt.o
 .text.BUS_RegBitWrite
                0x080024c4       0x48 ./gecko_sdk_4.2.2/platform/emlib/src/em_cmu.o
 .text.EMU_VScaleWait
                0x0800250c       0x1c ./gecko_sdk_4.2.2/platform/emlib/src/em_cmu.o
 .text.EMU_VScaleGet
                0x08002528       0x1c ./gecko_sdk_4.2.2/platform/emlib/src/em_cmu.o
 .text.MSC_LockGetLocked
                0x08002544       0x1c ./gecko_sdk_4.2.2/platform/emlib/src/em_cmu.o
 .text.MSC_LockSetLocked
                0x08002560       0x10 ./gecko_sdk_4.2.2/platform/emlib/src/em_cmu.o
 .text.MSC_LockSetUnlocked
                0x08002570       0x10 ./gecko_sdk_4.2.2/platform/emlib/src/em_cmu.o
 .text.MSC_ReadCTRLGet
                0x08002580        0xc ./gecko_sdk_4.2.2/platform/emlib/src/em_cmu.o
 .text.MSC_ReadCTRLSet
                0x0800258c       0x14 ./gecko_sdk_4.2.2/platform/emlib/src/em_cmu.o
 .text.CMU_ClockDivGet
                0x080025a0       0xec ./gecko_sdk_4.2.2/platform/emlib/src/em_cmu.o
                0x080025a0                CMU_ClockDivGet
 .text.CMU_ClockDivSet
                0x0800268c      0x1b0 ./gecko_sdk_4.2.2/platform/emlib/src/em_cmu.o
                0x0800268c                CMU_ClockDivSet
 .text.CMU_ClockEnable
                0x0800283c       0x74 ./gecko_sdk_4.2.2/platform/emlib/src/em_cmu.o
                0x0800283c                CMU_ClockEnable
 .text.CMU_ClockFreqGet
                0x080028b0      0x6a8 ./gecko_sdk_4.2.2/platform/emlib/src/em_cmu.o
                0x080028b0                CMU_ClockFreqGet
 .text.CMU_ClockSelectGet
                0x08002f58      0x3e4 ./gecko_sdk_4.2.2/platform/emlib/src/em_cmu.o
                0x08002f58                CMU_ClockSelectGet
 .text.sli_em_cmu_HFXOSetForceEnable
                0x0800333c       0x28 ./gecko_sdk_4.2.2/platform/emlib/src/em_cmu.o
                0x0800333c                sli_em_cmu_HFXOSetForceEnable
 .text.CMU_HFXOInit
                0x08003364      0x2f4 ./gecko_sdk_4.2.2/platform/emlib/src/em_cmu.o
                0x08003364                CMU_HFXOInit
 .text.CMU_HFXOCTuneDeltaGet
                0x08003658       0x10 ./gecko_sdk_4.2.2/platform/emlib/src/em_cmu.o
                0x08003658                CMU_HFXOCTuneDeltaGet
 .text.CMU_LFXOInit
                0x08003668      0x120 ./gecko_sdk_4.2.2/platform/emlib/src/em_cmu.o
                0x08003668                CMU_LFXOInit
 .text.CMU_LFXOPrecisionSet
                0x08003788       0x1c ./gecko_sdk_4.2.2/platform/emlib/src/em_cmu.o
                0x08003788                CMU_LFXOPrecisionSet
 .text.eusart0ClkGet
                0x080037a4       0xa8 ./gecko_sdk_4.2.2/platform/emlib/src/em_cmu.o
 .text.em01GrpcClkGet
                0x0800384c       0xbc ./gecko_sdk_4.2.2/platform/emlib/src/em_cmu.o
 .text.vdac0ClkGet
                0x08003908       0xa8 ./gecko_sdk_4.2.2/platform/emlib/src/em_cmu.o
 .text.vdac1ClkGet
                0x080039b0       0xa8 ./gecko_sdk_4.2.2/platform/emlib/src/em_cmu.o
 .text.pcnt0ClkGet
                0x08003a58       0x74 ./gecko_sdk_4.2.2/platform/emlib/src/em_cmu.o
 .text.rhclkPrescMax
                0x08003acc       0x18 ./gecko_sdk_4.2.2/platform/emlib/src/em_cmu.o
 .text.rhclkPrescOptimize
                0x08003ae4       0x2c ./gecko_sdk_4.2.2/platform/emlib/src/em_cmu.o
 .text.traceClkGet
                0x08003b10       0x84 ./gecko_sdk_4.2.2/platform/emlib/src/em_cmu.o
 .text.dpllRefClkGet
                0x08003b94       0x94 ./gecko_sdk_4.2.2/platform/emlib/src/em_cmu.o
 .text.em01GrpaClkGet
                0x08003c28       0xbc ./gecko_sdk_4.2.2/platform/emlib/src/em_cmu.o
 .text.em23GrpaClkGet
                0x08003ce4       0x84 ./gecko_sdk_4.2.2/platform/emlib/src/em_cmu.o
 .text.em4GrpaClkGet
                0x08003d68       0x84 ./gecko_sdk_4.2.2/platform/emlib/src/em_cmu.o
 .text.getWaitStatesByFrequencyAndVScale
                0x08003dec       0x54 ./gecko_sdk_4.2.2/platform/emlib/src/em_cmu.o
 .text.flashWaitStateControl
                0x08003e40       0x70 ./gecko_sdk_4.2.2/platform/emlib/src/em_cmu.o
 .text.iadcClkGet
                0x08003eb0       0x8c ./gecko_sdk_4.2.2/platform/emlib/src/em_cmu.o
 .text.pclkDivOptimize
                0x08003f3c       0x34 ./gecko_sdk_4.2.2/platform/emlib/src/em_cmu.o
 .text.sysrtcClkGet
                0x08003f70       0x84 ./gecko_sdk_4.2.2/platform/emlib/src/em_cmu.o
 .text.wdog0ClkGet
                0x08003ff4       0xa0 ./gecko_sdk_4.2.2/platform/emlib/src/em_cmu.o
 .text.wdog1ClkGet
                0x08004094       0xa0 ./gecko_sdk_4.2.2/platform/emlib/src/em_cmu.o
 .text.sysTickClkGet
                0x08004134       0x58 ./gecko_sdk_4.2.2/platform/emlib/src/em_cmu.o
 .text.CORE_NvicIRQDisabled
                0x0800418c       0x60 ./gecko_sdk_4.2.2/platform/emlib/src/em_core.o
                0x0800418c                CORE_NvicIRQDisabled
 .text.EMU_DCDCLock
                0x080041ec       0x14 ./gecko_sdk_4.2.2/platform/emlib/src/em_emu.o
 .text.EMU_DCDCUnlock
                0x08004200       0x10 ./gecko_sdk_4.2.2/platform/emlib/src/em_emu.o
 .text.EMU_DCDCSync
                0x08004210       0x20 ./gecko_sdk_4.2.2/platform/emlib/src/em_emu.o
 .text.EMU_VScaleWait
                0x08004230       0x1c ./gecko_sdk_4.2.2/platform/emlib/src/em_emu.o
 .text.EMU_VScaleGet
                0x0800424c       0x1c ./gecko_sdk_4.2.2/platform/emlib/src/em_emu.o
 .text.EMU_EM01Init
                0x08004268       0x24 ./gecko_sdk_4.2.2/platform/emlib/src/em_emu.o
                0x08004268                EMU_EM01Init
 .text.EMU_EM23Init
                0x0800428c       0x24 ./gecko_sdk_4.2.2/platform/emlib/src/em_emu.o
                0x0800428c                EMU_EM23Init
 .text.EMU_EnterEM2
                0x080042b0       0x48 ./gecko_sdk_4.2.2/platform/emlib/src/em_emu.o
                0x080042b0                EMU_EnterEM2
 .text.EMU_EnterEM3
                0x080042f8       0x40 ./gecko_sdk_4.2.2/platform/emlib/src/em_emu.o
                0x080042f8                EMU_EnterEM3
 .text.EMU_EM4Init
                0x08004338       0x24 ./gecko_sdk_4.2.2/platform/emlib/src/em_emu.o
                0x08004338                EMU_EM4Init
 .text.EMU_VScaleEM01ByClock
                0x0800435c       0x5c ./gecko_sdk_4.2.2/platform/emlib/src/em_emu.o
                0x0800435c                EMU_VScaleEM01ByClock
 .text.EMU_VScaleEM01
                0x080043b8       0xdc ./gecko_sdk_4.2.2/platform/emlib/src/em_emu.o
                0x080043b8                EMU_VScaleEM01
 .text.EMU_DCDCModeSet
                0x08004494       0xc0 ./gecko_sdk_4.2.2/platform/emlib/src/em_emu.o
                0x08004494                EMU_DCDCModeSet
 .text.EMU_DCDCInit
                0x08004554       0xa8 ./gecko_sdk_4.2.2/platform/emlib/src/em_emu.o
                0x08004554                EMU_DCDCInit
 .text.EMU_DCDCSetPFMXModePeakCurrent
                0x080045fc       0xb4 ./gecko_sdk_4.2.2/platform/emlib/src/em_emu.o
                0x080045fc                EMU_DCDCSetPFMXModePeakCurrent
 .text.EUSART_SpiInit
                0x080046b0       0xe8 ./gecko_sdk_4.2.2/platform/emlib/src/em_eusart.o
                0x080046b0                EUSART_SpiInit
 .text.EUSART_Reset
                0x08004798       0xa4 ./gecko_sdk_4.2.2/platform/emlib/src/em_eusart.o
                0x08004798                EUSART_Reset
 .text.EUSART_Enable
                0x0800483c       0xbc ./gecko_sdk_4.2.2/platform/emlib/src/em_eusart.o
                0x0800483c                EUSART_Enable
 .text.EUSART_BaudrateSet
                0x080048f8      0x290 ./gecko_sdk_4.2.2/platform/emlib/src/em_eusart.o
                0x080048f8                EUSART_BaudrateSet
 .text.EUSART_ClockGet
                0x08004b88       0x48 ./gecko_sdk_4.2.2/platform/emlib/src/em_eusart.o
 .text.EUSART_SyncInitCommon
                0x08004bd0      0x240 ./gecko_sdk_4.2.2/platform/emlib/src/em_eusart.o
 .text.BUS_RegBitWrite
                0x08004e10       0x48 ./gecko_sdk_4.2.2/platform/emlib/src/em_gpio.o
 .text.GPIO_IntClear
                0x08004e58       0x1c ./gecko_sdk_4.2.2/platform/emlib/src/em_gpio.o
 .text.GPIO_PinOutClear
                0x08004e74       0x84 ./gecko_sdk_4.2.2/platform/emlib/src/em_gpio.o
 .text.GPIO_PinOutSet
                0x08004ef8       0x84 ./gecko_sdk_4.2.2/platform/emlib/src/em_gpio.o
 .text.GPIO_ExtIntConfig
                0x08004f7c      0x16c ./gecko_sdk_4.2.2/platform/emlib/src/em_gpio.o
                0x08004f7c                GPIO_ExtIntConfig
 .text.GPIO_PinModeSet
                0x080050e8      0x124 ./gecko_sdk_4.2.2/platform/emlib/src/em_gpio.o
                0x080050e8                GPIO_PinModeSet
 .text.BUS_RegBitWrite
                0x0800520c       0x48 ./gecko_sdk_4.2.2/platform/emlib/src/em_i2c.o
 .text.I2C_BusFreqSet
                0x08005254      0x1a8 ./gecko_sdk_4.2.2/platform/emlib/src/em_i2c.o
                0x08005254                I2C_BusFreqSet
 .text.I2C_Enable
                0x080053fc       0x48 ./gecko_sdk_4.2.2/platform/emlib/src/em_i2c.o
                0x080053fc                I2C_Enable
 .text.I2C_Init
                0x08005444       0x7c ./gecko_sdk_4.2.2/platform/emlib/src/em_i2c.o
                0x08005444                I2C_Init
 .text.I2C_Transfer
                0x080054c0      0x4c8 ./gecko_sdk_4.2.2/platform/emlib/src/em_i2c.o
                0x080054c0                I2C_Transfer
 .text.I2C_TransferInit
                0x08005988       0xf8 ./gecko_sdk_4.2.2/platform/emlib/src/em_i2c.o
                0x08005988                I2C_TransferInit
 .text.__NVIC_EnableIRQ
                0x08005a80       0x34 ./gecko_sdk_4.2.2/platform/emlib/src/em_ldma.o
 .text.__NVIC_DisableIRQ
                0x08005ab4       0x44 ./gecko_sdk_4.2.2/platform/emlib/src/em_ldma.o
 .text.__NVIC_ClearPendingIRQ
                0x08005af8       0x38 ./gecko_sdk_4.2.2/platform/emlib/src/em_ldma.o
 .text.__NVIC_SetPriority
                0x08005b30       0x50 ./gecko_sdk_4.2.2/platform/emlib/src/em_ldma.o
 .text.BUS_RegBitWrite
                0x08005b80       0x48 ./gecko_sdk_4.2.2/platform/emlib/src/em_ldma.o
 .text.LDMA_DeInit
                0x08005bc8       0x34 ./gecko_sdk_4.2.2/platform/emlib/src/em_ldma.o
                0x08005bc8                LDMA_DeInit
 .text.LDMA_EnableChannelRequest
                0x08005bfc       0x40 ./gecko_sdk_4.2.2/platform/emlib/src/em_ldma.o
                0x08005bfc                LDMA_EnableChannelRequest
 .text.LDMA_Init
                0x08005c3c       0xec ./gecko_sdk_4.2.2/platform/emlib/src/em_ldma.o
                0x08005c3c                LDMA_Init
 .text.LDMA_StartTransfer
                0x08005d28      0x208 ./gecko_sdk_4.2.2/platform/emlib/src/em_ldma.o
                0x08005d28                LDMA_StartTransfer
 .text.LDMA_StopTransfer
                0x08005f30       0x54 ./gecko_sdk_4.2.2/platform/emlib/src/em_ldma.o
                0x08005f30                LDMA_StopTransfer
 .text.LDMA_TransferDone
                0x08005f84       0x68 ./gecko_sdk_4.2.2/platform/emlib/src/em_ldma.o
                0x08005f84                LDMA_TransferDone
 .text.TIMER_Valid
                0x08005fec       0x54 ./gecko_sdk_4.2.2/platform/emlib/src/em_timer.o
 .text.TIMER_Init
                0x08006040      0x130 ./gecko_sdk_4.2.2/platform/emlib/src/em_timer.o
                0x08006040                TIMER_Init
 .text.prsRxInput
                0x08006170       0x38 ./gecko_sdk_4.2.2/platform/emlib/src/em_usart.o
 .text.USART_BaudrateAsyncSet
                0x080061a8      0x14c ./gecko_sdk_4.2.2/platform/emlib/src/em_usart.o
                0x080061a8                USART_BaudrateAsyncSet
 .text.USART_Enable
                0x080062f4       0x70 ./gecko_sdk_4.2.2/platform/emlib/src/em_usart.o
                0x080062f4                USART_Enable
 .text.USART_InitAsync
                0x08006364      0x134 ./gecko_sdk_4.2.2/platform/emlib/src/em_usart.o
                0x08006364                USART_InitAsync
 .text.USART_Reset
                0x08006498       0xa0 ./gecko_sdk_4.2.2/platform/emlib/src/em_usart.o
                0x08006498                USART_Reset
 .text.sl_sysrtc_wait_sync
                0x08006538       0x20 ./gecko_sdk_4.2.2/platform/peripheral/src/peripheral_sysrtc.o
 .text.sl_sysrtc_wait_ready
                0x08006558       0x2c ./gecko_sdk_4.2.2/platform/peripheral/src/peripheral_sysrtc.o
 .text.sl_sysrtc_stop
                0x08006584       0x14 ./gecko_sdk_4.2.2/platform/peripheral/src/peripheral_sysrtc.o
 .text.sl_sysrtc_init
                0x08006598       0x38 ./gecko_sdk_4.2.2/platform/peripheral/src/peripheral_sysrtc.o
                0x08006598                sl_sysrtc_init
 .text.sl_sysrtc_enable
                0x080065d0       0x20 ./gecko_sdk_4.2.2/platform/peripheral/src/peripheral_sysrtc.o
                0x080065d0                sl_sysrtc_enable
 .text.sl_sysrtc_disable
                0x080065f0       0x24 ./gecko_sdk_4.2.2/platform/peripheral/src/peripheral_sysrtc.o
                0x080065f0                sl_sysrtc_disable
 .text.sl_sysrtc_init_group
                0x08006614       0xbc ./gecko_sdk_4.2.2/platform/peripheral/src/peripheral_sysrtc.o
                0x08006614                sl_sysrtc_init_group
 .text.sl_sysrtc_enable_group_interrupts
                0x080066d0       0x44 ./gecko_sdk_4.2.2/platform/peripheral/src/peripheral_sysrtc.o
                0x080066d0                sl_sysrtc_enable_group_interrupts
 .text.sl_sysrtc_disable_group_interrupts
                0x08006714       0x44 ./gecko_sdk_4.2.2/platform/peripheral/src/peripheral_sysrtc.o
                0x08006714                sl_sysrtc_disable_group_interrupts
 .text.sl_sysrtc_clear_group_interrupts
                0x08006758       0x44 ./gecko_sdk_4.2.2/platform/peripheral/src/peripheral_sysrtc.o
                0x08006758                sl_sysrtc_clear_group_interrupts
 .text.sl_sysrtc_get_group_interrupts
                0x0800679c       0x3c ./gecko_sdk_4.2.2/platform/peripheral/src/peripheral_sysrtc.o
                0x0800679c                sl_sysrtc_get_group_interrupts
 .text.sl_sysrtc_get_group_compare_channel_value
                0x080067d8       0x5c ./gecko_sdk_4.2.2/platform/peripheral/src/peripheral_sysrtc.o
                0x080067d8                sl_sysrtc_get_group_compare_channel_value
 .text.sl_sysrtc_set_group_compare_channel_value
                0x08006834       0x5c ./gecko_sdk_4.2.2/platform/peripheral/src/peripheral_sysrtc.o
                0x08006834                sl_sysrtc_set_group_compare_channel_value
 .text.sl_device_init_dcdc
                0x08006890       0x34 ./gecko_sdk_4.2.2/platform/service/device_init/src/sl_device_init_dcdc_s2.o
                0x08006890                sl_device_init_dcdc
 .text.sl_device_init_emu
                0x080068c4       0x34 ./gecko_sdk_4.2.2/platform/service/device_init/src/sl_device_init_emu_s2.o
                0x080068c4                sl_device_init_emu
 .text.sl_device_init_hfxo
                0x080068f8       0xc4 ./gecko_sdk_4.2.2/platform/service/device_init/src/sl_device_init_hfxo_s2.o
                0x080068f8                sl_device_init_hfxo
 .text.sl_device_init_lfxo
                0x080069bc       0x3c ./gecko_sdk_4.2.2/platform/service/device_init/src/sl_device_init_lfxo_s2.o
                0x080069bc                sl_device_init_lfxo
 .text.__NVIC_SetPriority
                0x080069f8       0x50 ./gecko_sdk_4.2.2/platform/service/device_init/src/sl_device_init_nvic.o
 .text.sl_hfxo_manager_init
                0x08006a48       0x88 ./gecko_sdk_4.2.2/platform/service/hfxo_manager/src/sl_hfxo_manager.o
                0x08006a48                sl_hfxo_manager_init
 .text.sli_hfxo_manager_begin_startup_measurement
                0x08006ad0       0x20 ./gecko_sdk_4.2.2/platform/service/hfxo_manager/src/sl_hfxo_manager.o
                0x08006ad0                sli_hfxo_manager_begin_startup_measurement
 .text.sli_hfxo_manager_end_startup_measurement
                0x08006af0       0xc8 ./gecko_sdk_4.2.2/platform/service/hfxo_manager/src/sl_hfxo_manager.o
                0x08006af0                sli_hfxo_manager_end_startup_measurement
 .text.sli_hfxo_manager_get_startup_time
                0x08006bb8        0xc ./gecko_sdk_4.2.2/platform/service/hfxo_manager/src/sl_hfxo_manager.o
                0x08006bb8                sli_hfxo_manager_get_startup_time
 .text.__NVIC_EnableIRQ
                0x08006bc4       0x34 ./gecko_sdk_4.2.2/platform/service/hfxo_manager/src/sl_hfxo_manager_hal_s2.o
 .text.__NVIC_ClearPendingIRQ
                0x08006bf8       0x38 ./gecko_sdk_4.2.2/platform/service/hfxo_manager/src/sl_hfxo_manager_hal_s2.o
 .text.__NVIC_SetPriority
                0x08006c30       0x50 ./gecko_sdk_4.2.2/platform/service/hfxo_manager/src/sl_hfxo_manager_hal_s2.o
 .text.sli_hfxo_manager_init_hardware
                0x08006c80       0x58 ./gecko_sdk_4.2.2/platform/service/hfxo_manager/src/sl_hfxo_manager_hal_s2.o
                0x08006c80                sli_hfxo_manager_init_hardware
 .text.sli_hfxo_manager_is_hfxo_ready
                0x08006cd8       0x68 ./gecko_sdk_4.2.2/platform/service/hfxo_manager/src/sl_hfxo_manager_hal_s2.o
                0x08006cd8                sli_hfxo_manager_is_hfxo_ready
 .text.sl_hfxo_manager_irq_handler
                0x08006d40       0x64 ./gecko_sdk_4.2.2/platform/service/hfxo_manager/src/sl_hfxo_manager_hal_s2.o
                0x08006d40                sl_hfxo_manager_irq_handler
 .text.sl_iostream_set_default
                0x08006da4       0x28 ./gecko_sdk_4.2.2/platform/service/iostream/src/sl_iostream.o
                0x08006da4                sl_iostream_set_default
 .text.sl_iostream_get_default
                0x08006dcc       0x28 ./gecko_sdk_4.2.2/platform/service/iostream/src/sl_iostream.o
                0x08006dcc                sl_iostream_get_default
 .text._write   0x08006df4       0x34 ./gecko_sdk_4.2.2/platform/service/iostream/src/sl_iostream_retarget_stdio.o
                0x08006df4                _write
 .text.sl_iostream_stdlib_disable_buffering
                0x08006e28       0x1c ./gecko_sdk_4.2.2/platform/service/iostream/src/sl_iostream_stdlib_config.o
                0x08006e28                sl_iostream_stdlib_disable_buffering
 .text.__NVIC_EnableIRQ
                0x08006e44       0x34 ./gecko_sdk_4.2.2/platform/service/iostream/src/sl_iostream_uart.o
 .text.__NVIC_DisableIRQ
                0x08006e78       0x44 ./gecko_sdk_4.2.2/platform/service/iostream/src/sl_iostream_uart.o
 .text.__NVIC_ClearPendingIRQ
                0x08006ebc       0x38 ./gecko_sdk_4.2.2/platform/service/iostream/src/sl_iostream_uart.o
 .text.sli_iostream_uart_context_init
                0x08006ef4      0x1e0 ./gecko_sdk_4.2.2/platform/service/iostream/src/sl_iostream_uart.o
                0x08006ef4                sli_iostream_uart_context_init
 .text.sli_uart_txc
                0x080070d4       0x60 ./gecko_sdk_4.2.2/platform/service/iostream/src/sl_iostream_uart.o
                0x080070d4                sli_uart_txc
 .text.uart_deinit
                0x08007134       0xec ./gecko_sdk_4.2.2/platform/service/iostream/src/sl_iostream_uart.o
 .text.scan_for_ctrl_char
                0x08007220       0xbc ./gecko_sdk_4.2.2/platform/service/iostream/src/sl_iostream_uart.o
 .text.dma_irq_handler
                0x080072dc       0xd0 ./gecko_sdk_4.2.2/platform/service/iostream/src/sl_iostream_uart.o
 .text.get_write_ptr
                0x080073ac       0x54 ./gecko_sdk_4.2.2/platform/service/iostream/src/sl_iostream_uart.o
 .text.update_ring_buffer
                0x08007400      0x148 ./gecko_sdk_4.2.2/platform/service/iostream/src/sl_iostream_uart.o
 .text.read_rx_buffer
                0x08007548      0x1cc ./gecko_sdk_4.2.2/platform/service/iostream/src/sl_iostream_uart.o
 .text.sl_iostream_usart_init
                0x08007714      0x280 ./gecko_sdk_4.2.2/platform/service/iostream/src/sl_iostream_usart.o
                0x08007714                sl_iostream_usart_init
 .text.sl_iostream_usart_irq_handler
                0x08007994      0x120 ./gecko_sdk_4.2.2/platform/service/iostream/src/sl_iostream_usart.o
                0x08007994                sl_iostream_usart_irq_handler
 .text.sl_power_manager_init
                0x08007ab4       0x80 ./gecko_sdk_4.2.2/platform/service/power_manager/src/sl_power_manager.o
                0x08007ab4                sl_power_manager_init
 .text.sl_power_manager_sleep
                0x08007b34      0x204 ./gecko_sdk_4.2.2/platform/service/power_manager/src/sl_power_manager.o
                0x08007b34                sl_power_manager_sleep
 .text.sli_power_manager_update_em_requirement
                0x08007d38      0x108 ./gecko_sdk_4.2.2/platform/service/power_manager/src/sl_power_manager.o
                0x08007d38                sli_power_manager_update_em_requirement
 .text.sli_power_manager_get_restore_delay
                0x08007e40       0x48 ./gecko_sdk_4.2.2/platform/service/power_manager/src/sl_power_manager.o
                0x08007e40                sli_power_manager_get_restore_delay
 .text.sl_power_manager_subscribe_em_transition_event
                0x08007e88       0x30 ./gecko_sdk_4.2.2/platform/service/power_manager/src/sl_power_manager.o
                0x08007e88                sl_power_manager_subscribe_em_transition_event
 .text.sl_power_manager_schedule_wakeup_get_restore_overhead_tick
                0x08007eb8       0x14 ./gecko_sdk_4.2.2/platform/service/power_manager/src/sl_power_manager.o
                0x08007eb8                sl_power_manager_schedule_wakeup_get_restore_overhead_tick
 .text.sli_power_manager_convert_delay_us_to_tick
                0x08007ecc       0x2c ./gecko_sdk_4.2.2/platform/service/power_manager/src/sl_power_manager.o
                0x08007ecc                sli_power_manager_convert_delay_us_to_tick
 .text.sl_power_manager_is_latest_wakeup_internal
                0x08007ef8       0x4c ./gecko_sdk_4.2.2/platform/service/power_manager/src/sl_power_manager.o
                0x08007ef8                sl_power_manager_is_latest_wakeup_internal
 .text.get_lowest_em
                0x08007f44       0x34 ./gecko_sdk_4.2.2/platform/service/power_manager/src/sl_power_manager.o
 .text.power_manager_notify_em_transition
                0x08007f78       0xec ./gecko_sdk_4.2.2/platform/service/power_manager/src/sl_power_manager.o
 .text.evaluate_wakeup
                0x08008064       0xf8 ./gecko_sdk_4.2.2/platform/service/power_manager/src/sl_power_manager.o
 .text.update_em1_requirement
                0x0800815c       0x94 ./gecko_sdk_4.2.2/platform/service/power_manager/src/sl_power_manager.o
 .text.clock_restore_and_wait
                0x080081f0       0x88 ./gecko_sdk_4.2.2/platform/service/power_manager/src/sl_power_manager.o
 .text.clock_restore
                0x08008278       0x6c ./gecko_sdk_4.2.2/platform/service/power_manager/src/sl_power_manager.o
 .text.on_clock_wakeup_timeout
                0x080082e4       0x34 ./gecko_sdk_4.2.2/platform/service/power_manager/src/sl_power_manager.o
 .text.sli_hfxo_manager_notify_ready_for_power_manager
                0x08008318       0x48 ./gecko_sdk_4.2.2/platform/service/power_manager/src/sl_power_manager.o
                0x08008318                sli_hfxo_manager_notify_ready_for_power_manager
 .text.EMU_EnterEM1
                0x08008360       0x18 ./gecko_sdk_4.2.2/platform/service/power_manager/src/sl_power_manager_hal_s2.o
 .text.sli_power_manager_init_hardware
                0x08008378      0x210 ./gecko_sdk_4.2.2/platform/service/power_manager/src/sl_power_manager_hal_s2.o
                0x08008378                sli_power_manager_init_hardware
 .text.sli_power_manager_em23_voltage_scaling_enable_fast_wakeup
                0x08008588       0x88 ./gecko_sdk_4.2.2/platform/service/power_manager/src/sl_power_manager_hal_s2.o
                0x08008588                sli_power_manager_em23_voltage_scaling_enable_fast_wakeup
 .text.EMU_EM23PresleepHook
                0x08008610       0x30 ./gecko_sdk_4.2.2/platform/service/power_manager/src/sl_power_manager_hal_s2.o
                0x08008610                EMU_EM23PresleepHook
 .text.EMU_EM23PostsleepHook
                0x08008640       0x70 ./gecko_sdk_4.2.2/platform/service/power_manager/src/sl_power_manager_hal_s2.o
                0x08008640                EMU_EM23PostsleepHook
 .text.sli_power_manager_handle_pre_deepsleep_operations
                0x080086b0       0x10 ./gecko_sdk_4.2.2/platform/service/power_manager/src/sl_power_manager_hal_s2.o
                0x080086b0                sli_power_manager_handle_pre_deepsleep_operations
 .text.sli_power_manager_restore_high_freq_accuracy_clk
                0x080086c0       0x70 ./gecko_sdk_4.2.2/platform/service/power_manager/src/sl_power_manager_hal_s2.o
                0x080086c0                sli_power_manager_restore_high_freq_accuracy_clk
 .text.sli_power_manager_is_high_freq_accuracy_clk_ready
                0x08008730       0x34 ./gecko_sdk_4.2.2/platform/service/power_manager/src/sl_power_manager_hal_s2.o
                0x08008730                sli_power_manager_is_high_freq_accuracy_clk_ready
 .text.sli_power_manager_restore_states
                0x08008764       0x48 ./gecko_sdk_4.2.2/platform/service/power_manager/src/sl_power_manager_hal_s2.o
                0x08008764                sli_power_manager_restore_states
 .text.sli_power_manager_apply_em
                0x080087ac       0x50 ./gecko_sdk_4.2.2/platform/service/power_manager/src/sl_power_manager_hal_s2.o
                0x080087ac                sli_power_manager_apply_em
 .text.sli_power_manager_get_wakeup_process_time_overhead
                0x080087fc       0x3c ./gecko_sdk_4.2.2/platform/service/power_manager/src/sl_power_manager_hal_s2.o
                0x080087fc                sli_power_manager_get_wakeup_process_time_overhead
 .text.sl_sleeptimer_init
                0x08008838       0xa0 ./gecko_sdk_4.2.2/platform/service/sleeptimer/src/sl_sleeptimer.o
                0x08008838                sl_sleeptimer_init
 .text.sl_sleeptimer_stop_timer
                0x080088d8       0x80 ./gecko_sdk_4.2.2/platform/service/sleeptimer/src/sl_sleeptimer.o
                0x080088d8                sl_sleeptimer_stop_timer
 .text.sl_sleeptimer_get_remaining_time_of_first_timer
                0x08008958       0x94 ./gecko_sdk_4.2.2/platform/service/sleeptimer/src/sl_sleeptimer.o
                0x08008958                sl_sleeptimer_get_remaining_time_of_first_timer
 .text.sli_sleeptimer_is_power_manager_timer_next_to_expire
                0x080089ec       0x18 ./gecko_sdk_4.2.2/platform/service/sleeptimer/src/sl_sleeptimer.o
                0x080089ec                sli_sleeptimer_is_power_manager_timer_next_to_expire
 .text.sl_sleeptimer_get_timer_frequency
                0x08008a04        0xc ./gecko_sdk_4.2.2/platform/service/sleeptimer/src/sl_sleeptimer.o
                0x08008a04                sl_sleeptimer_get_timer_frequency
 .text.process_timer_irq
                0x08008a10      0x258 ./gecko_sdk_4.2.2/platform/service/sleeptimer/src/sl_sleeptimer.o
                0x08008a10                process_timer_irq
 .text.delta_list_insert_timer
                0x08008c68       0xd4 ./gecko_sdk_4.2.2/platform/service/sleeptimer/src/sl_sleeptimer.o
 .text.delta_list_remove_timer
                0x08008d3c       0x74 ./gecko_sdk_4.2.2/platform/service/sleeptimer/src/sl_sleeptimer.o
 .text.set_comparator_for_next_timer
                0x08008db0       0x4c ./gecko_sdk_4.2.2/platform/service/sleeptimer/src/sl_sleeptimer.o
 .text.update_delta_list
                0x08008dfc       0x70 ./gecko_sdk_4.2.2/platform/service/sleeptimer/src/sl_sleeptimer.o
 .text.create_timer
                0x08008e6c       0xa8 ./gecko_sdk_4.2.2/platform/service/sleeptimer/src/sl_sleeptimer.o
 .text.update_next_timer_to_expire_is_power_manager
                0x08008f14       0x58 ./gecko_sdk_4.2.2/platform/service/sleeptimer/src/sl_sleeptimer.o
 .text.sl_sleeptimer_is_power_manager_early_restore_timer_latest_to_expire
                0x08008f6c       0x28 ./gecko_sdk_4.2.2/platform/service/sleeptimer/src/sl_sleeptimer.o
                0x08008f6c                sl_sleeptimer_is_power_manager_early_restore_timer_latest_to_expire
 .text.__NVIC_EnableIRQ
                0x08008f94       0x34 ./gecko_sdk_4.2.2/platform/service/sleeptimer/src/sl_sleeptimer_hal_sysrtc.o
 .text.__NVIC_ClearPendingIRQ
                0x08008fc8       0x38 ./gecko_sdk_4.2.2/platform/service/sleeptimer/src/sl_sleeptimer_hal_sysrtc.o
 .text.sl_sysrtc_wait_sync
                0x08009000       0x20 ./gecko_sdk_4.2.2/platform/service/sleeptimer/src/sl_sleeptimer_hal_sysrtc.o
 .text.sl_sysrtc_get_counter
                0x08009020       0x14 ./gecko_sdk_4.2.2/platform/service/sleeptimer/src/sl_sleeptimer_hal_sysrtc.o
 .text.sl_sysrtc_set_counter
                0x08009034       0x1c ./gecko_sdk_4.2.2/platform/service/sleeptimer/src/sl_sleeptimer_hal_sysrtc.o
 .text.sleeptimer_hal_set_compare
                0x08009050       0xac ./gecko_sdk_4.2.2/platform/service/sleeptimer/src/sl_sleeptimer_hal_sysrtc.o
                0x08009050                sleeptimer_hal_set_compare
 .text.sleeptimer_hal_disable_int
                0x080090fc       0x60 ./gecko_sdk_4.2.2/platform/service/sleeptimer/src/sl_sleeptimer_hal_sysrtc.o
                0x080090fc                sleeptimer_hal_disable_int
 .text.sleeptimer_hal_set_int
                0x0800915c       0x2c ./gecko_sdk_4.2.2/platform/service/sleeptimer/src/sl_sleeptimer_hal_sysrtc.o
                0x0800915c                sleeptimer_hal_set_int
 .text.sl_udelay_wait
                0x08009188       0x80 ./gecko_sdk_4.2.2/platform/service/udelay/src/sl_udelay.o
                0x08009188                sl_udelay_wait
 .text.__NVIC_EnableIRQ
                0x08009208       0x34 ./src/GPIO.o
 .text.__NVIC_ClearPendingIRQ
                0x0800923c       0x38 ./src/GPIO.o
 .text.GPIO_PinOutClear
                0x08009274       0x84 ./src/GPIO.o
 .text.init_GPIO
                0x080092f8       0xbc ./src/GPIO.o
                0x080092f8                init_GPIO
 .text.init_I2C0
                0x080093b4       0x90 ./src/I2C.o
                0x080093b4                init_I2C0
 .text.init_I2C1
                0x08009444       0x94 ./src/I2C.o
                0x08009444                init_I2C1
 .text.TIMER0_IRQHandler
                0x080094d8       0x34 ./src/irq.o
                0x080094d8                TIMER0_IRQHandler
 .text.accel_event_callback
                0x0800950c       0x10 ./src/irq.o
                0x0800950c                accel_event_callback
 .text.sos_event_callback
                0x0800951c       0x10 ./src/irq.o
                0x0800951c                sos_event_callback
 .text.GPS_TX_RDY_event_callback
                0x0800952c       0x10 ./src/irq.o
                0x0800952c                GPS_TX_RDY_event_callback
 .text.gps_read_flag_set
                0x0800953c       0x1c ./src/sam-m8q.o
                0x0800953c                gps_read_flag_set
 .text.gps_read_pending_data_length
                0x08009558       0x90 ./src/sam-m8q.o
                0x08009558                gps_read_pending_data_length
 .text.gps_read_pending_data
                0x080095e8       0x98 ./src/sam-m8q.o
                0x080095e8                gps_read_pending_data
 .text.gps_enable_periodic_updates
                0x08009680      0x27c ./src/sam-m8q.o
                0x08009680                gps_enable_periodic_updates
 .text.__NVIC_EnableIRQ
                0x080098fc       0x34 ./src/timers.o
 .text.__NVIC_ClearPendingIRQ
                0x08009930       0x38 ./src/timers.o
 .text.TIMER_Valid
                0x08009968       0x54 ./src/timers.o
 .text.TIMER_MaxCount
                0x080099bc       0xf0 ./src/timers.o
 .text.TIMER_Enable
                0x08009aac       0x44 ./src/timers.o
 .text.TIMER_TopSet
                0x08009af0       0x48 ./src/timers.o
 .text.init_timer0
                0x08009b38       0x70 ./src/timers.o
                0x08009b38                init_timer0
 .text          0x08009ba8      0x378 c:/siliconlabs/simplicitystudio/v5/developer/toolchains/gnu_arm/10.3_2021.10/bin/../lib/gcc/arm-none-eabi/10.3.1/thumb/v8-m.main+fp/hard\libgcc.a(_arm_addsubdf3.o)
                0x08009ba8                __aeabi_drsub
                0x08009bb0                __aeabi_dsub
                0x08009bb0                __subdf3
                0x08009bb4                __aeabi_dadd
                0x08009bb4                __adddf3
                0x08009e2c                __floatunsidf
                0x08009e2c                __aeabi_ui2d
                0x08009e4c                __floatsidf
                0x08009e4c                __aeabi_i2d
                0x08009e70                __aeabi_f2d
                0x08009e70                __extendsfdf2
                0x08009eb4                __floatundidf
                0x08009eb4                __aeabi_ul2d
                0x08009ec4                __floatdidf
                0x08009ec4                __aeabi_l2d
 .text          0x08009f20      0x424 c:/siliconlabs/simplicitystudio/v5/developer/toolchains/gnu_arm/10.3_2021.10/bin/../lib/gcc/arm-none-eabi/10.3.1/thumb/v8-m.main+fp/hard\libgcc.a(_arm_muldivdf3.o)
                0x08009f20                __aeabi_dmul
                0x08009f20                __muldf3
                0x0800a174                __divdf3
                0x0800a174                __aeabi_ddiv
 .text          0x0800a344       0x50 c:/siliconlabs/simplicitystudio/v5/developer/toolchains/gnu_arm/10.3_2021.10/bin/../lib/gcc/arm-none-eabi/10.3.1/thumb/v8-m.main+fp/hard\libgcc.a(_arm_fixdfsi.o)
                0x0800a344                __aeabi_d2iz
                0x0800a344                __fixdfsi
 .text          0x0800a394       0xa0 c:/siliconlabs/simplicitystudio/v5/developer/toolchains/gnu_arm/10.3_2021.10/bin/../lib/gcc/arm-none-eabi/10.3.1/thumb/v8-m.main+fp/hard\libgcc.a(_arm_truncdfsf2.o)
                0x0800a394                __truncdfsf2
                0x0800a394                __aeabi_d2f
 .text          0x0800a434       0x30 c:/siliconlabs/simplicitystudio/v5/developer/toolchains/gnu_arm/10.3_2021.10/bin/../lib/gcc/arm-none-eabi/10.3.1/thumb/v8-m.main+fp/hard\libgcc.a(_aeabi_uldivmod.o)
                0x0800a434                __aeabi_uldivmod
 .text          0x0800a464      0x2ec c:/siliconlabs/simplicitystudio/v5/developer/toolchains/gnu_arm/10.3_2021.10/bin/../lib/gcc/arm-none-eabi/10.3.1/thumb/v8-m.main+fp/hard\libgcc.a(_udivmoddi4.o)
                0x0800a464                __udivmoddi4
 .text          0x0800a750        0x4 c:/siliconlabs/simplicitystudio/v5/developer/toolchains/gnu_arm/10.3_2021.10/bin/../lib/gcc/arm-none-eabi/10.3.1/thumb/v8-m.main+fp/hard\libgcc.a(_dvmd_tls.o)
                0x0800a750                __aeabi_idiv0
                0x0800a750                __aeabi_ldiv0
 .text.exit     0x0800a754       0x28 c:/siliconlabs/simplicitystudio/v5/developer/toolchains/gnu_arm/10.3_2021.10/bin/../lib/gcc/arm-none-eabi/10.3.1/../../../../arm-none-eabi/lib/thumb/v8-m.main+fp/hard\libc_nano.a(lib_a-exit.o)
                0x0800a754                exit
 .text.__libc_init_array
                0x0800a77c       0x48 c:/siliconlabs/simplicitystudio/v5/developer/toolchains/gnu_arm/10.3_2021.10/bin/../lib/gcc/arm-none-eabi/10.3.1/../../../../arm-none-eabi/lib/thumb/v8-m.main+fp/hard\libc_nano.a(lib_a-init.o)
                0x0800a77c                __libc_init_array
 .text._printf_float
                0x0800a7c4      0x46c c:/siliconlabs/simplicitystudio/v5/developer/toolchains/gnu_arm/10.3_2021.10/bin/../lib/gcc/arm-none-eabi/10.3.1/../../../../arm-none-eabi/lib/thumb/v8-m.main+fp/hard\libc_nano.a(lib_a-nano-vfprintf_float.o)
                0x0800a7c4                _printf_float
 .text._printf_i
                0x0800ac30      0x24c c:/siliconlabs/simplicitystudio/v5/developer/toolchains/gnu_arm/10.3_2021.10/bin/../lib/gcc/arm-none-eabi/10.3.1/../../../../arm-none-eabi/lib/thumb/v8-m.main+fp/hard\libc_nano.a(lib_a-nano-vfprintf_i.o)
                0x0800ac30                _printf_i
 .text.setvbuf  0x0800ae7c      0x188 c:/siliconlabs/simplicitystudio/v5/developer/toolchains/gnu_arm/10.3_2021.10/bin/../lib/gcc/arm-none-eabi/10.3.1/../../../../arm-none-eabi/lib/thumb/v8-m.main+fp/hard\libc_nano.a(lib_a-setvbuf.o)
                0x0800ae7c                setvbuf
 .text.vprintf  0x0800b004       0x30 c:/siliconlabs/simplicitystudio/v5/developer/toolchains/gnu_arm/10.3_2021.10/bin/../lib/gcc/arm-none-eabi/10.3.1/../../../../arm-none-eabi/lib/thumb/v8-m.main+fp/hard\libc_nano.a(lib_a-vprintf.o)
                0x0800b004                viprintf
                0x0800b004                vprintf
 .text.__sflush_r
                0x0800b034      0x108 c:/siliconlabs/simplicitystudio/v5/developer/toolchains/gnu_arm/10.3_2021.10/bin/../lib/gcc/arm-none-eabi/10.3.1/../../../../arm-none-eabi/lib/thumb/v8-m.main+fp/hard\libc_nano.a(lib_a-fflush.o)
                0x0800b034                __sflush_r
 .text._fflush_r
                0x0800b13c       0x78 c:/siliconlabs/simplicitystudio/v5/developer/toolchains/gnu_arm/10.3_2021.10/bin/../lib/gcc/arm-none-eabi/10.3.1/../../../../arm-none-eabi/lib/thumb/v8-m.main+fp/hard\libc_nano.a(lib_a-fflush.o)
                0x0800b13c                _fflush_r
 .text.std      0x0800b1b4       0x48 c:/siliconlabs/simplicitystudio/v5/developer/toolchains/gnu_arm/10.3_2021.10/bin/../lib/gcc/arm-none-eabi/10.3.1/../../../../arm-none-eabi/lib/thumb/v8-m.main+fp/hard\libc_nano.a(lib_a-findfp.o)
 .text._cleanup_r
                0x0800b1fc        0xc c:/siliconlabs/simplicitystudio/v5/developer/toolchains/gnu_arm/10.3_2021.10/bin/../lib/gcc/arm-none-eabi/10.3.1/../../../../arm-none-eabi/lib/thumb/v8-m.main+fp/hard\libc_nano.a(lib_a-findfp.o)
                0x0800b1fc                _cleanup_r
 .text.__sfp_lock_acquire
                0x0800b208        0xc c:/siliconlabs/simplicitystudio/v5/developer/toolchains/gnu_arm/10.3_2021.10/bin/../lib/gcc/arm-none-eabi/10.3.1/../../../../arm-none-eabi/lib/thumb/v8-m.main+fp/hard\libc_nano.a(lib_a-findfp.o)
                0x0800b208                __sfp_lock_acquire
 .text.__sfp_lock_release
                0x0800b214        0xc c:/siliconlabs/simplicitystudio/v5/developer/toolchains/gnu_arm/10.3_2021.10/bin/../lib/gcc/arm-none-eabi/10.3.1/../../../../arm-none-eabi/lib/thumb/v8-m.main+fp/hard\libc_nano.a(lib_a-findfp.o)
                0x0800b214                __sfp_lock_release
 .text.__sinit_lock_acquire
                0x0800b220        0xc c:/siliconlabs/simplicitystudio/v5/developer/toolchains/gnu_arm/10.3_2021.10/bin/../lib/gcc/arm-none-eabi/10.3.1/../../../../arm-none-eabi/lib/thumb/v8-m.main+fp/hard\libc_nano.a(lib_a-findfp.o)
                0x0800b220                __sinit_lock_acquire
 .text.__sinit_lock_release
                0x0800b22c        0xc c:/siliconlabs/simplicitystudio/v5/developer/toolchains/gnu_arm/10.3_2021.10/bin/../lib/gcc/arm-none-eabi/10.3.1/../../../../arm-none-eabi/lib/thumb/v8-m.main+fp/hard\libc_nano.a(lib_a-findfp.o)
                0x0800b22c                __sinit_lock_release
 .text.__sinit  0x0800b238       0x70 c:/siliconlabs/simplicitystudio/v5/developer/toolchains/gnu_arm/10.3_2021.10/bin/../lib/gcc/arm-none-eabi/10.3.1/../../../../arm-none-eabi/lib/thumb/v8-m.main+fp/hard\libc_nano.a(lib_a-findfp.o)
                0x0800b238                __sinit
 .text.__sfp    0x0800b2a8       0x8c c:/siliconlabs/simplicitystudio/v5/developer/toolchains/gnu_arm/10.3_2021.10/bin/../lib/gcc/arm-none-eabi/10.3.1/../../../../arm-none-eabi/lib/thumb/v8-m.main+fp/hard\libc_nano.a(lib_a-findfp.o)
                0x0800b2a8                __sfp
 .text._localeconv_r
                0x0800b334        0x8 c:/siliconlabs/simplicitystudio/v5/developer/toolchains/gnu_arm/10.3_2021.10/bin/../lib/gcc/arm-none-eabi/10.3.1/../../../../arm-none-eabi/lib/thumb/v8-m.main+fp/hard\libc_nano.a(lib_a-localeconv.o)
                0x0800b334                _localeconv_r
 .text.__smakebuf_r
                0x0800b33c       0x80 c:/siliconlabs/simplicitystudio/v5/developer/toolchains/gnu_arm/10.3_2021.10/bin/../lib/gcc/arm-none-eabi/10.3.1/../../../../arm-none-eabi/lib/thumb/v8-m.main+fp/hard\libc_nano.a(lib_a-makebuf.o)
                0x0800b33c                __smakebuf_r
 .text.malloc   0x0800b3bc       0x10 c:/siliconlabs/simplicitystudio/v5/developer/toolchains/gnu_arm/10.3_2021.10/bin/../lib/gcc/arm-none-eabi/10.3.1/../../../../arm-none-eabi/lib/thumb/v8-m.main+fp/hard\libc_nano.a(lib_a-malloc.o)
                0x0800b3bc                malloc
 .text._Balloc  0x0800b3cc       0x80 c:/siliconlabs/simplicitystudio/v5/developer/toolchains/gnu_arm/10.3_2021.10/bin/../lib/gcc/arm-none-eabi/10.3.1/../../../../arm-none-eabi/lib/thumb/v8-m.main+fp/hard\libc_nano.a(lib_a-mprec.o)
                0x0800b3cc                _Balloc
 .text._Bfree   0x0800b44c       0x44 c:/siliconlabs/simplicitystudio/v5/developer/toolchains/gnu_arm/10.3_2021.10/bin/../lib/gcc/arm-none-eabi/10.3.1/../../../../arm-none-eabi/lib/thumb/v8-m.main+fp/hard\libc_nano.a(lib_a-mprec.o)
                0x0800b44c                _Bfree
 .text.__multadd
                0x0800b490       0x90 c:/siliconlabs/simplicitystudio/v5/developer/toolchains/gnu_arm/10.3_2021.10/bin/../lib/gcc/arm-none-eabi/10.3.1/../../../../arm-none-eabi/lib/thumb/v8-m.main+fp/hard\libc_nano.a(lib_a-mprec.o)
                0x0800b490                __multadd
 .text.__i2b    0x0800b520       0x2c c:/siliconlabs/simplicitystudio/v5/developer/toolchains/gnu_arm/10.3_2021.10/bin/../lib/gcc/arm-none-eabi/10.3.1/../../../../arm-none-eabi/lib/thumb/v8-m.main+fp/hard\libc_nano.a(lib_a-mprec.o)
                0x0800b520                __i2b
 .text.__multiply
                0x0800b54c      0x150 c:/siliconlabs/simplicitystudio/v5/developer/toolchains/gnu_arm/10.3_2021.10/bin/../lib/gcc/arm-none-eabi/10.3.1/../../../../arm-none-eabi/lib/thumb/v8-m.main+fp/hard\libc_nano.a(lib_a-mprec.o)
                0x0800b54c                __multiply
 .text.__pow5mult
                0x0800b69c       0xb4 c:/siliconlabs/simplicitystudio/v5/developer/toolchains/gnu_arm/10.3_2021.10/bin/../lib/gcc/arm-none-eabi/10.3.1/../../../../arm-none-eabi/lib/thumb/v8-m.main+fp/hard\libc_nano.a(lib_a-mprec.o)
                0x0800b69c                __pow5mult
 .text.__lshift
                0x0800b750       0xe0 c:/siliconlabs/simplicitystudio/v5/developer/toolchains/gnu_arm/10.3_2021.10/bin/../lib/gcc/arm-none-eabi/10.3.1/../../../../arm-none-eabi/lib/thumb/v8-m.main+fp/hard\libc_nano.a(lib_a-mprec.o)
                0x0800b750                __lshift
 .text.__mdiff  0x0800b830      0x120 c:/siliconlabs/simplicitystudio/v5/developer/toolchains/gnu_arm/10.3_2021.10/bin/../lib/gcc/arm-none-eabi/10.3.1/../../../../arm-none-eabi/lib/thumb/v8-m.main+fp/hard\libc_nano.a(lib_a-mprec.o)
                0x0800b830                __mdiff
 .text.__d2b    0x0800b950       0xb8 c:/siliconlabs/simplicitystudio/v5/developer/toolchains/gnu_arm/10.3_2021.10/bin/../lib/gcc/arm-none-eabi/10.3.1/../../../../arm-none-eabi/lib/thumb/v8-m.main+fp/hard\libc_nano.a(lib_a-mprec.o)
                0x0800b950                __d2b
 .text._free_r  0x0800ba08       0x98 c:/siliconlabs/simplicitystudio/v5/developer/toolchains/gnu_arm/10.3_2021.10/bin/../lib/gcc/arm-none-eabi/10.3.1/../../../../arm-none-eabi/lib/thumb/v8-m.main+fp/hard\libc_nano.a(lib_a-nano-freer.o)
                0x0800ba08                _free_r
 .text.sbrk_aligned
                0x0800baa0       0x40 c:/siliconlabs/simplicitystudio/v5/developer/toolchains/gnu_arm/10.3_2021.10/bin/../lib/gcc/arm-none-eabi/10.3.1/../../../../arm-none-eabi/lib/thumb/v8-m.main+fp/hard\libc_nano.a(lib_a-nano-mallocr.o)
 .text._malloc_r
                0x0800bae0       0xe8 c:/siliconlabs/simplicitystudio/v5/developer/toolchains/gnu_arm/10.3_2021.10/bin/../lib/gcc/arm-none-eabi/10.3.1/../../../../arm-none-eabi/lib/thumb/v8-m.main+fp/hard\libc_nano.a(lib_a-nano-mallocr.o)
                0x0800bae0                _malloc_r
 .text._vfprintf_r
                0x0800bbc8      0x260 c:/siliconlabs/simplicitystudio/v5/developer/toolchains/gnu_arm/10.3_2021.10/bin/../lib/gcc/arm-none-eabi/10.3.1/../../../../arm-none-eabi/lib/thumb/v8-m.main+fp/hard\libc_nano.a(lib_a-nano-vfprintf.o)
                0x0800bbc8                _vfprintf_r
                0x0800bbc8                _vfiprintf_r
 .text._sbrk_r  0x0800be28       0x20 c:/siliconlabs/simplicitystudio/v5/developer/toolchains/gnu_arm/10.3_2021.10/bin/../lib/gcc/arm-none-eabi/10.3.1/../../../../arm-none-eabi/lib/thumb/v8-m.main+fp/hard\libc_nano.a(lib_a-sbrkr.o)
                0x0800be28                _sbrk_r
 .text.__swbuf_r
                0x0800be48       0xa4 c:/siliconlabs/simplicitystudio/v5/developer/toolchains/gnu_arm/10.3_2021.10/bin/../lib/gcc/arm-none-eabi/10.3.1/../../../../arm-none-eabi/lib/thumb/v8-m.main+fp/hard\libc_nano.a(lib_a-wbuf.o)
                0x0800be48                __swbuf_r
 .text._write_r
                0x0800beec       0x24 c:/siliconlabs/simplicitystudio/v5/developer/toolchains/gnu_arm/10.3_2021.10/bin/../lib/gcc/arm-none-eabi/10.3.1/../../../../arm-none-eabi/lib/thumb/v8-m.main+fp/hard\libc_nano.a(lib_a-writer.o)
                0x0800beec                _write_r
 .text.__swsetup_r
                0x0800bf10       0xdc c:/siliconlabs/simplicitystudio/v5/developer/toolchains/gnu_arm/10.3_2021.10/bin/../lib/gcc/arm-none-eabi/10.3.1/../../../../arm-none-eabi/lib/thumb/v8-m.main+fp/hard\libc_nano.a(lib_a-wsetup.o)
                0x0800bf10                __swsetup_r
 .text.__assert_func
                0x0800bfec       0x3c c:/siliconlabs/simplicitystudio/v5/developer/toolchains/gnu_arm/10.3_2021.10/bin/../lib/gcc/arm-none-eabi/10.3.1/../../../../arm-none-eabi/lib/thumb/v8-m.main+fp/hard\libc_nano.a(lib_a-assert.o)
                0x0800bfec                __assert_func
 .text._close_r
                0x0800c028       0x20 c:/siliconlabs/simplicitystudio/v5/developer/toolchains/gnu_arm/10.3_2021.10/bin/../lib/gcc/arm-none-eabi/10.3.1/../../../../arm-none-eabi/lib/thumb/v8-m.main+fp/hard\libc_nano.a(lib_a-closer.o)
                0x0800c028                _close_r
 .text.fprintf  0x0800c048       0x24 c:/siliconlabs/simplicitystudio/v5/developer/toolchains/gnu_arm/10.3_2021.10/bin/../lib/gcc/arm-none-eabi/10.3.1/../../../../arm-none-eabi/lib/thumb/v8-m.main+fp/hard\libc_nano.a(lib_a-fprintf.o)
                0x0800c048                fiprintf
                0x0800c048                fprintf
 .text._fstat_r
                0x0800c06c       0x24 c:/siliconlabs/simplicitystudio/v5/developer/toolchains/gnu_arm/10.3_2021.10/bin/../lib/gcc/arm-none-eabi/10.3.1/../../../../arm-none-eabi/lib/thumb/v8-m.main+fp/hard\libc_nano.a(lib_a-fstatr.o)
                0x0800c06c                _fstat_r
 .text._isatty_r
                0x0800c090       0x20 c:/siliconlabs/simplicitystudio/v5/developer/toolchains/gnu_arm/10.3_2021.10/bin/../lib/gcc/arm-none-eabi/10.3.1/../../../../arm-none-eabi/lib/thumb/v8-m.main+fp/hard\libc_nano.a(lib_a-isattyr.o)
                0x0800c090                _isatty_r
 .text._lseek_r
                0x0800c0b0       0x24 c:/siliconlabs/simplicitystudio/v5/developer/toolchains/gnu_arm/10.3_2021.10/bin/../lib/gcc/arm-none-eabi/10.3.1/../../../../arm-none-eabi/lib/thumb/v8-m.main+fp/hard\libc_nano.a(lib_a-lseekr.o)
                0x0800c0b0                _lseek_r
 .text.__malloc_lock
                0x0800c0d4        0xc c:/siliconlabs/simplicitystudio/v5/developer/toolchains/gnu_arm/10.3_2021.10/bin/../lib/gcc/arm-none-eabi/10.3.1/../../../../arm-none-eabi/lib/thumb/v8-m.main+fp/hard\libc_nano.a(lib_a-mlock.o)
                0x0800c0d4                __malloc_lock
 .text.__malloc_unlock
                0x0800c0e0        0xc c:/siliconlabs/simplicitystudio/v5/developer/toolchains/gnu_arm/10.3_2021.10/bin/../lib/gcc/arm-none-eabi/10.3.1/../../../../arm-none-eabi/lib/thumb/v8-m.main+fp/hard\libc_nano.a(lib_a-mlock.o)
                0x0800c0e0                __malloc_unlock
 .text._read_r  0x0800c0ec       0x24 c:/siliconlabs/simplicitystudio/v5/developer/toolchains/gnu_arm/10.3_2021.10/bin/../lib/gcc/arm-none-eabi/10.3.1/../../../../arm-none-eabi/lib/thumb/v8-m.main+fp/hard\libc_nano.a(lib_a-readr.o)
                0x0800c0ec                _read_r
 .text.raise    0x0800c110       0x10 c:/siliconlabs/simplicitystudio/v5/developer/toolchains/gnu_arm/10.3_2021.10/bin/../lib/gcc/arm-none-eabi/10.3.1/../../../../arm-none-eabi/lib/thumb/v8-m.main+fp/hard\libc_nano.a(lib_a-signal.o)
                0x0800c110                raise
 .text._kill_r  0x0800c120       0x24 c:/siliconlabs/simplicitystudio/v5/developer/toolchains/gnu_arm/10.3_2021.10/bin/../lib/gcc/arm-none-eabi/10.3.1/../../../../arm-none-eabi/lib/thumb/v8-m.main+fp/hard\libc_nano.a(lib_a-signalr.o)
                0x0800c120                _kill_r
 .text          0x0800c144      0x110 c:/siliconlabs/simplicitystudio/v5/developer/toolchains/gnu_arm/10.3_2021.10/bin/../lib/gcc/arm-none-eabi/10.3.1/thumb/v8-m.main+fp/hard\libgcc.a(_arm_cmpdf2.o)
                0x0800c144                __gtdf2
                0x0800c144                __gedf2
                0x0800c14c                __ltdf2
                0x0800c14c                __ledf2
                0x0800c154                __nedf2
                0x0800c154                __eqdf2
                0x0800c154                __cmpdf2
                0x0800c1d0                __aeabi_cdrcmple
                0x0800c1e0                __aeabi_cdcmpeq
                0x0800c1e0                __aeabi_cdcmple
                0x0800c1f0                __aeabi_dcmpeq
                0x0800c204                __aeabi_dcmplt
                0x0800c218                __aeabi_dcmple
                0x0800c22c                __aeabi_dcmpge
                0x0800c240                __aeabi_dcmpgt
 .text          0x0800c254       0x2c c:/siliconlabs/simplicitystudio/v5/developer/toolchains/gnu_arm/10.3_2021.10/bin/../lib/gcc/arm-none-eabi/10.3.1/thumb/v8-m.main+fp/hard\libgcc.a(_arm_unorddf2.o)
                0x0800c254                __unorddf2
                0x0800c254                __aeabi_dcmpun
 .text.main     0x0800c280       0x18 ./main.o
                0x0800c280                main
 .text.sl_board_default_init
                0x0800c298        0xa ./autogen/sl_board_default_init.o
                0x0800c298                sl_board_default_init
 .text.CHIP_Init
                0x0800c2a2        0x4 ./autogen/sl_event_handler.o
 .text.sl_platform_init
                0x0800c2a6       0x32 ./autogen/sl_event_handler.o
                0x0800c2a6                sl_platform_init
 .text.sl_driver_init
                0x0800c2d8       0x12 ./autogen/sl_event_handler.o
                0x0800c2d8                sl_driver_init
 .text.sl_service_init
                0x0800c2ea       0x1a ./autogen/sl_event_handler.o
                0x0800c2ea                sl_service_init
 .text.sl_stack_init
                0x0800c304        0x4 ./autogen/sl_event_handler.o
                0x0800c304                sl_stack_init
 .text.sl_internal_app_init
                0x0800c308        0xa ./autogen/sl_event_handler.o
                0x0800c308                sl_internal_app_init
 .text.sl_platform_process_action
                0x0800c312        0x4 ./autogen/sl_event_handler.o
                0x0800c312                sl_platform_process_action
 .text.sl_service_process_action
                0x0800c316        0x4 ./autogen/sl_event_handler.o
                0x0800c316                sl_service_process_action
 .text.sl_stack_process_action
                0x0800c31a        0x4 ./autogen/sl_event_handler.o
                0x0800c31a                sl_stack_process_action
 .text.sl_internal_app_process_action
                0x0800c31e        0x4 ./autogen/sl_event_handler.o
                0x0800c31e                sl_internal_app_process_action
 .text.sl_iostream_init_instances
                0x0800c322        0xa ./autogen/sl_event_handler.o
                0x0800c322                sl_iostream_init_instances
 .text.BUS_RegBitRead
                0x0800c32c       0x1a ./autogen/sl_iostream_init_usart_instances.o
 .text.sl_iostream_uart_sleep_on_isr_exit
                0x0800c346       0x1c ./autogen/sl_iostream_init_usart_instances.o
 .text.app_is_ok_to_sleep
                0x0800c362        0x6 ./autogen/sl_power_manager_handler.o
                0x0800c362                app_is_ok_to_sleep
 .text.app_sleep_on_isr_exit
                0x0800c368        0x6 ./autogen/sl_power_manager_handler.o
                0x0800c368                app_sleep_on_isr_exit
 .text.sl_power_manager_is_ok_to_sleep
                0x0800c36e       0x2c ./autogen/sl_power_manager_handler.o
                0x0800c36e                sl_power_manager_is_ok_to_sleep
 .text.sl_power_manager_sleep_on_isr_exit
                0x0800c39a       0x84 ./autogen/sl_power_manager_handler.o
                0x0800c39a                sl_power_manager_sleep_on_isr_exit
 .text.sl_board_configure_vcom
                0x0800c41e        0xc ./gecko_sdk_4.2.2/hardware/board/src/sl_board_control_gpio.o
                0x0800c41e                sl_board_configure_vcom
 .text.sl_board_enable_vcom
                0x0800c42a       0x14 ./gecko_sdk_4.2.2/hardware/board/src/sl_board_control_gpio.o
                0x0800c42a                sl_board_enable_vcom
 .text.sl_board_disable_vcom
                0x0800c43e       0x14 ./gecko_sdk_4.2.2/hardware/board/src/sl_board_control_gpio.o
                0x0800c43e                sl_board_disable_vcom
 .text.sl_board_init
                0x0800c452       0x16 ./gecko_sdk_4.2.2/hardware/board/src/sl_board_init.o
                0x0800c452                sl_board_init
 .text.sl_board_preinit
                0x0800c468        0xe ./gecko_sdk_4.2.2/hardware/board/src/sl_board_init.o
                0x0800c468                sl_board_preinit
 .text.sl_cos_send_config
                0x0800c476        0xc ./gecko_sdk_4.2.2/hardware/driver/configuration_over_swo/src/sl_cos.o
                0x0800c476                sl_cos_send_config
 .text.cs_low   0x0800c482        0xe ./gecko_sdk_4.2.2/hardware/driver/mx25_flash_shutdown/src/sl_mx25_flash_shutdown_eusart/sl_mx25_flash_shutdown.o
 .text.cs_high  0x0800c490        0xe ./gecko_sdk_4.2.2/hardware/driver/mx25_flash_shutdown/src/sl_mx25_flash_shutdown_eusart/sl_mx25_flash_shutdown.o
 .text.Default_Handler
                0x0800c49e        0x2 ./gecko_sdk_4.2.2/platform/Device/SiliconLabs/EFR32MG24/Source/startup_efr32mg24.o
                0x0800c49e                ULFRCO_IRQHandler
                0x0800c49e                AHB2AHB1_IRQHandler
                0x0800c49e                SW2_IRQHandler
                0x0800c49e                TIMER2_IRQHandler
                0x0800c49e                DebugMon_Handler
                0x0800c49e                IADC_IRQHandler
                0x0800c49e                EUSART0_TX_IRQHandler
                0x0800c49e                I2C0_IRQHandler
                0x0800c49e                LFXO_IRQHandler
                0x0800c49e                HardFault_Handler
                0x0800c49e                SMU_SECURE_IRQHandler
                0x0800c49e                SysTick_Handler
                0x0800c49e                SYSRTC_SEQ_IRQHandler
                0x0800c49e                EMUEFP_IRQHandler
                0x0800c49e                PendSV_Handler
                0x0800c49e                NMI_Handler
                0x0800c49e                SYNTH_IRQHandler
                0x0800c49e                HOSTMAILBOX_IRQHandler
                0x0800c49e                I2C1_IRQHandler
                0x0800c49e                WDOG0_IRQHandler
                0x0800c49e                TIMER3_IRQHandler
                0x0800c49e                SYSCFG_IRQHandler
                0x0800c49e                RFECA1_IRQHandler
                0x0800c49e                EMUDG_IRQHandler
                0x0800c49e                MSC_IRQHandler
                0x0800c49e                DPLL0_IRQHandler
                0x0800c49e                UsageFault_Handler
                0x0800c49e                WDOG1_IRQHandler
                0x0800c49e                M33CTI1_IRQHandler
                0x0800c49e                TIMER4_IRQHandler
                0x0800c49e                VDAC0_IRQHandler
                0x0800c49e                SEMBTX_IRQHandler
                0x0800c49e                SW0_IRQHandler
                0x0800c49e                MVP_IRQHandler
                0x0800c49e                LETIMER0_IRQHandler
                0x0800c49e                EUSART1_RX_IRQHandler
                0x0800c49e                TIMER1_IRQHandler
                0x0800c49e                HFRCO0_IRQHandler
                0x0800c49e                SecureFault_Handler
                0x0800c49e                BUFC_IRQHandler
                0x0800c49e                DCDC_IRQHandler
                0x0800c49e                MODEM_IRQHandler
                0x0800c49e                Default_Handler
                0x0800c49e                RAC_SEQ_IRQHandler
                0x0800c49e                FRC_PRI_IRQHandler
                0x0800c49e                SW3_IRQHandler
                0x0800c49e                EMU_IRQHandler
                0x0800c49e                KERNEL0_IRQHandler
                0x0800c49e                FRC_IRQHandler
                0x0800c49e                PCNT0_IRQHandler
                0x0800c49e                KERNEL1_IRQHandler
                0x0800c49e                AGC_IRQHandler
                0x0800c49e                EUSART1_TX_IRQHandler
                0x0800c49e                KEYSCAN_IRQHandler
                0x0800c49e                HFRCOEM23_IRQHandler
                0x0800c49e                sl_app_properties
                0x0800c49e                BURTC_IRQHandler
                0x0800c49e                SEMBRX_IRQHandler
                0x0800c49e                RFECA0_IRQHandler
                0x0800c49e                LFRCO_IRQHandler
                0x0800c49e                VDAC1_IRQHandler
                0x0800c49e                ACMP0_IRQHandler
                0x0800c49e                MemManage_Handler
                0x0800c49e                AHB2AHB0_IRQHandler
                0x0800c49e                SVC_Handler
                0x0800c49e                SMU_S_PRIVILEGED_IRQHandler
                0x0800c49e                SW1_IRQHandler
                0x0800c49e                CMU_IRQHandler
                0x0800c49e                EUSART0_RX_IRQHandler
                0x0800c49e                RAC_RSM_IRQHandler
                0x0800c49e                SETAMPERHOST_IRQHandler
                0x0800c49e                AES_IRQHandler
                0x0800c49e                M33CTI0_IRQHandler
                0x0800c49e                ICACHE0_IRQHandler
                0x0800c49e                SMU_NS_PRIVILEGED_IRQHandler
                0x0800c49e                FPUEXH_IRQHandler
                0x0800c49e                PROTIMER_IRQHandler
                0x0800c49e                ACMP1_IRQHandler
                0x0800c49e                BusFault_Handler
                0x0800c49e                MPAHBRAM_IRQHandler
 .text.SystemCLKIN0Get
                0x0800c4a0        0x6 ./gecko_sdk_4.2.2/platform/Device/SiliconLabs/EFR32MG24/Source/system_efr32mg24.o
                0x0800c4a0                SystemCLKIN0Get
 .text.SystemLFRCOClockGet
                0x0800c4a6        0x8 ./gecko_sdk_4.2.2/platform/Device/SiliconLabs/EFR32MG24/Source/system_efr32mg24.o
                0x0800c4a6                SystemLFRCOClockGet
 .text.SystemULFRCOClockGet
                0x0800c4ae        0x8 ./gecko_sdk_4.2.2/platform/Device/SiliconLabs/EFR32MG24/Source/system_efr32mg24.o
                0x0800c4ae                SystemULFRCOClockGet
 .text.assertEFM
                0x0800c4b6        0x8 ./gecko_sdk_4.2.2/platform/common/src/sl_assert.o
                0x0800c4b6                assertEFM
 .text.sl_slist_init
                0x0800c4be       0x10 ./gecko_sdk_4.2.2/platform/common/src/sl_slist.o
                0x0800c4be                sl_slist_init
 .text.sl_debug_swo_enable_itm
                0x0800c4ce       0x26 ./gecko_sdk_4.2.2/platform/driver/debug/src/sl_debug_swo.o
                0x0800c4ce                sl_debug_swo_enable_itm
 .text.DMADRV_PeripheralMemory
                0x0800c4f4       0x46 ./gecko_sdk_4.2.2/platform/emdrv/dmadrv/src/dmadrv.o
                0x0800c4f4                DMADRV_PeripheralMemory
 .text.SL_CTZ   0x0800c53a       0x2c ./gecko_sdk_4.2.2/platform/emdrv/gpiointerrupt/src/gpiointerrupt.o
 .text.GPIOINT_Init
                0x0800c566       0x36 ./gecko_sdk_4.2.2/platform/emdrv/gpiointerrupt/src/gpiointerrupt.o
                0x0800c566                GPIOINT_Init
 .text.GPIO_EVEN_IRQHandler
                0x0800c59c       0x28 ./gecko_sdk_4.2.2/platform/emdrv/gpiointerrupt/src/gpiointerrupt.o
                0x0800c59c                GPIO_EVEN_IRQHandler
 .text.GPIO_ODD_IRQHandler
                0x0800c5c4       0x28 ./gecko_sdk_4.2.2/platform/emdrv/gpiointerrupt/src/gpiointerrupt.o
                0x0800c5c4                GPIO_ODD_IRQHandler
 .text.SystemCoreClockGet
                0x0800c5ec        0xc ./gecko_sdk_4.2.2/platform/emlib/src/em_cmu.o
 .text.BUS_RegBitRead
                0x0800c5f8       0x1a ./gecko_sdk_4.2.2/platform/emlib/src/em_cmu.o
 .text.BUS_RegMaskedWrite
                0x0800c612       0x34 ./gecko_sdk_4.2.2/platform/emlib/src/em_cmu.o
 .text.sli_em_cmu_SYSCLKInitPreClockSelect
                0x0800c646       0x1a ./gecko_sdk_4.2.2/platform/emlib/src/em_cmu.o
                0x0800c646                sli_em_cmu_SYSCLKInitPreClockSelect
 .text.sli_em_cmu_SYSCLKInitPostClockSelect
                0x0800c660       0x2e ./gecko_sdk_4.2.2/platform/emlib/src/em_cmu.o
                0x0800c660                sli_em_cmu_SYSCLKInitPostClockSelect
 .text.CMU_UpdateWaitStates
                0x0800c68e       0x28 ./gecko_sdk_4.2.2/platform/emlib/src/em_cmu.o
                0x0800c68e                CMU_UpdateWaitStates
 .text.pclkDivMax
                0x0800c6b6       0x10 ./gecko_sdk_4.2.2/platform/emlib/src/em_cmu.o
 .text.waitStateMax
                0x0800c6c6       0x14 ./gecko_sdk_4.2.2/platform/emlib/src/em_cmu.o
 .text.CORE_EnterCritical
                0x0800c6da       0x18 ./gecko_sdk_4.2.2/platform/emlib/src/em_core.o
                0x0800c6da                CORE_EnterCritical
 .text.CORE_ExitCritical
                0x0800c6f2       0x14 ./gecko_sdk_4.2.2/platform/emlib/src/em_core.o
                0x0800c6f2                CORE_ExitCritical
 .text.CORE_EnterAtomic
                0x0800c706       0x20 ./gecko_sdk_4.2.2/platform/emlib/src/em_core.o
                0x0800c706                CORE_EnterAtomic
 .text.CORE_ExitAtomic
                0x0800c726       0x16 ./gecko_sdk_4.2.2/platform/emlib/src/em_core.o
                0x0800c726                CORE_ExitAtomic
 .text.SystemCoreClockUpdate
                0x0800c73c        0xa ./gecko_sdk_4.2.2/platform/emlib/src/em_emu.o
 .text.BUS_RegBitRead
                0x0800c746       0x1a ./gecko_sdk_4.2.2/platform/emlib/src/em_emu.o
 .text.vScaleEM01Cmd
                0x0800c760       0x1c ./gecko_sdk_4.2.2/platform/emlib/src/em_emu.o
 .text.EMU_EFPEM23PresleepHook
                0x0800c77c        0x4 ./gecko_sdk_4.2.2/platform/emlib/src/em_emu.o
                0x0800c77c                EMU_EFPEM23PresleepHook
 .text.EMU_EFPEM23PostsleepHook
                0x0800c780        0x4 ./gecko_sdk_4.2.2/platform/emlib/src/em_emu.o
                0x0800c780                EMU_EFPEM23PostsleepHook
 .text.EMU_Save
                0x0800c784        0x4 ./gecko_sdk_4.2.2/platform/emlib/src/em_emu.o
                0x0800c784                EMU_Save
 .text.EMU_Restore
                0x0800c788        0x4 ./gecko_sdk_4.2.2/platform/emlib/src/em_emu.o
                0x0800c788                EMU_Restore
 .text.EMU_EFPEM01VScale
                0x0800c78c        0xe ./gecko_sdk_4.2.2/platform/emlib/src/em_emu.o
                0x0800c78c                EMU_EFPEM01VScale
 .text.EMU_DCDCUpdatedHook
                0x0800c79a        0x4 ./gecko_sdk_4.2.2/platform/emlib/src/em_emu.o
                0x0800c79a                EMU_DCDCUpdatedHook
 .text.EUSART_StatusGet
                0x0800c79e        0xe ./gecko_sdk_4.2.2/platform/emlib/src/em_eusart.o
 .text.eusart_sync
                0x0800c7ac       0x1c ./gecko_sdk_4.2.2/platform/emlib/src/em_eusart.o
 .text.EUSART_Spi_TxRx
                0x0800c7c8       0x3a ./gecko_sdk_4.2.2/platform/emlib/src/em_eusart.o
                0x0800c7c8                EUSART_Spi_TxRx
 .text.EUSART_Disable
                0x0800c802       0x68 ./gecko_sdk_4.2.2/platform/emlib/src/em_eusart.o
 .text.BUS_RegMaskedWrite
                0x0800c86a       0x34 ./gecko_sdk_4.2.2/platform/emlib/src/em_gpio.o
 .text.GPIO_DbgLocationSet
                0x0800c89e        0xa ./gecko_sdk_4.2.2/platform/emlib/src/em_gpio.o
                0x0800c89e                GPIO_DbgLocationSet
 .text.I2C_IntClear
                0x0800c8a8       0x18 ./gecko_sdk_4.2.2/platform/emlib/src/em_i2c.o
 .text.BUS_RegMaskedWrite
                0x0800c8c0       0x34 ./gecko_sdk_4.2.2/platform/emlib/src/em_i2c.o
 .text.flushRx  0x0800c8f4       0x28 ./gecko_sdk_4.2.2/platform/emlib/src/em_i2c.o
 .text.BUS_RegMaskedClear
                0x0800c91c       0x1a ./gecko_sdk_4.2.2/platform/emlib/src/em_ldma.o
 .text.TIMER_SyncWait
                0x0800c936       0x24 ./gecko_sdk_4.2.2/platform/emlib/src/em_timer.o
                0x0800c936                TIMER_SyncWait
 .text.USART_Tx
                0x0800c95a       0x26 ./gecko_sdk_4.2.2/platform/emlib/src/em_usart.o
                0x0800c95a                USART_Tx
 .text.sl_device_init_nvic
                0x0800c980       0x38 ./gecko_sdk_4.2.2/platform/service/device_init/src/sl_device_init_nvic.o
                0x0800c980                sl_device_init_nvic
 .text.sl_hfxo_manager_init_hardware
                0x0800c9b8        0xa ./gecko_sdk_4.2.2/platform/service/hfxo_manager/src/sl_hfxo_manager.o
                0x0800c9b8                sl_hfxo_manager_init_hardware
 .text.HFXO0_IRQHandler
                0x0800c9c2        0xa ./gecko_sdk_4.2.2/platform/service/hfxo_manager/src/sl_hfxo_manager_hal_s2.o
                0x0800c9c2                HFXO0_IRQHandler
 .text.sl_iostream_write
                0x0800c9cc       0x40 ./gecko_sdk_4.2.2/platform/service/iostream/src/sl_iostream.o
                0x0800c9cc                sl_iostream_write
 .text.sl_iostream_read
                0x0800ca0c       0x50 ./gecko_sdk_4.2.2/platform/service/iostream/src/sl_iostream.o
                0x0800ca0c                sl_iostream_read
 .text.sl_iostream_vprintf
                0x0800ca5c       0x64 ./gecko_sdk_4.2.2/platform/service/iostream/src/sl_iostream.o
                0x0800ca5c                sl_iostream_vprintf
 .text.sl_iostream_printf
                0x0800cac0       0x26 ./gecko_sdk_4.2.2/platform/service/iostream/src/sl_iostream.o
                0x0800cac0                sl_iostream_printf
 .text._close   0x0800cae6        0xc ./gecko_sdk_4.2.2/platform/service/iostream/src/sl_iostream_retarget_stdio.o
                0x0800cae6                _close
 .text._exit    0x0800caf2        0x6 ./gecko_sdk_4.2.2/platform/service/iostream/src/sl_iostream_retarget_stdio.o
                0x0800caf2                _exit
 .text._fstat   0x0800caf8       0x16 ./gecko_sdk_4.2.2/platform/service/iostream/src/sl_iostream_retarget_stdio.o
                0x0800caf8                _fstat
 .text._getpid  0x0800cb0e        0x6 ./gecko_sdk_4.2.2/platform/service/iostream/src/sl_iostream_retarget_stdio.o
                0x0800cb0e                _getpid
 .text._isatty  0x0800cb14        0xc ./gecko_sdk_4.2.2/platform/service/iostream/src/sl_iostream_retarget_stdio.o
                0x0800cb14                _isatty
 .text._kill    0x0800cb20       0x10 ./gecko_sdk_4.2.2/platform/service/iostream/src/sl_iostream_retarget_stdio.o
                0x0800cb20                _kill
 .text._lseek   0x0800cb30       0x10 ./gecko_sdk_4.2.2/platform/service/iostream/src/sl_iostream_retarget_stdio.o
                0x0800cb30                _lseek
 .text._read    0x0800cb40       0x30 ./gecko_sdk_4.2.2/platform/service/iostream/src/sl_iostream_retarget_stdio.o
                0x0800cb40                _read
 .text.sl_power_manager_add_em_requirement
                0x0800cb70       0x2a ./gecko_sdk_4.2.2/platform/service/iostream/src/sl_iostream_uart.o
 .text.sl_power_manager_remove_em_requirement
                0x0800cb9a       0x2a ./gecko_sdk_4.2.2/platform/service/iostream/src/sl_iostream_uart.o
 .text.sleep_on_isr_exit
                0x0800cbc4       0x60 ./gecko_sdk_4.2.2/platform/service/iostream/src/sl_iostream_uart.o
 .text.set_auto_cr_lf
                0x0800cc24       0x1e ./gecko_sdk_4.2.2/platform/service/iostream/src/sl_iostream_uart.o
 .text.get_auto_cr_lf
                0x0800cc42       0x1c ./gecko_sdk_4.2.2/platform/service/iostream/src/sl_iostream_uart.o
 .text.set_rx_energy_mode_restriction
                0x0800cc5e       0x78 ./gecko_sdk_4.2.2/platform/service/iostream/src/sl_iostream_uart.o
 .text.get_rx_energy_mode_restriction
                0x0800ccd6       0x1c ./gecko_sdk_4.2.2/platform/service/iostream/src/sl_iostream_uart.o
 .text.nolock_uart_write
                0x0800ccf2       0xf6 ./gecko_sdk_4.2.2/platform/service/iostream/src/sl_iostream_uart.o
 .text.uart_write
                0x0800cde8       0x1e ./gecko_sdk_4.2.2/platform/service/iostream/src/sl_iostream_uart.o
 .text.uart_read
                0x0800ce06       0x42 ./gecko_sdk_4.2.2/platform/service/iostream/src/sl_iostream_uart.o
 .text.USART_IntClear
                0x0800ce48       0x18 ./gecko_sdk_4.2.2/platform/service/iostream/src/sl_iostream_usart.o
 .text.USART_IntDisable
                0x0800ce60       0x1a ./gecko_sdk_4.2.2/platform/service/iostream/src/sl_iostream_usart.o
 .text.USART_IntEnable
                0x0800ce7a       0x18 ./gecko_sdk_4.2.2/platform/service/iostream/src/sl_iostream_usart.o
 .text.USART_StatusGet
                0x0800ce92        0xe ./gecko_sdk_4.2.2/platform/service/iostream/src/sl_iostream_usart.o
 .text.usart_tx
                0x0800cea0       0x2a ./gecko_sdk_4.2.2/platform/service/iostream/src/sl_iostream_usart.o
 .text.usart_set_next_byte_detect
                0x0800ceca       0x3a ./gecko_sdk_4.2.2/platform/service/iostream/src/sl_iostream_usart.o
 .text.usart_tx_completed
                0x0800cf04       0x46 ./gecko_sdk_4.2.2/platform/service/iostream/src/sl_iostream_usart.o
 .text.usart_deinit
                0x0800cf4a       0xb6 ./gecko_sdk_4.2.2/platform/service/iostream/src/sl_iostream_usart.o
 .text.sli_power_manager_initiate_restore
                0x0800d000       0x1c ./gecko_sdk_4.2.2/platform/service/power_manager/src/sl_power_manager.o
                0x0800d000                sli_power_manager_initiate_restore
 .text.enter_critical_with_primask
                0x0800d01c       0x18 ./gecko_sdk_4.2.2/platform/service/power_manager/src/sl_power_manager.o
 .text.exit_critical_with_primask
                0x0800d034       0x14 ./gecko_sdk_4.2.2/platform/service/power_manager/src/sl_power_manager.o
 .text.SystemCoreClockUpdate
                0x0800d048        0xa ./gecko_sdk_4.2.2/platform/service/power_manager/src/sl_power_manager_hal_s2.o
 .text.sli_power_manager_save_states
                0x0800d052        0xa ./gecko_sdk_4.2.2/platform/service/power_manager/src/sl_power_manager_hal_s2.o
                0x0800d052                sli_power_manager_save_states
 .text.sli_power_manager_get_default_high_frequency_minimum_offtime
                0x0800d05c       0x10 ./gecko_sdk_4.2.2/platform/service/power_manager/src/sl_power_manager_hal_s2.o
                0x0800d05c                sli_power_manager_get_default_high_frequency_minimum_offtime
 .text.sli_power_manager_low_frequency_restore
                0x0800d06c        0x4 ./gecko_sdk_4.2.2/platform/service/power_manager/src/sl_power_manager_hal_s2.o
                0x0800d06c                sli_power_manager_low_frequency_restore
 .text.sl_sleeptimer_restart_timer
                0x0800d070       0x4e ./gecko_sdk_4.2.2/platform/service/sleeptimer/src/sl_sleeptimer.o
                0x0800d070                sl_sleeptimer_restart_timer
 .text.sl_sleeptimer_get_tick_count
                0x0800d0be       0x20 ./gecko_sdk_4.2.2/platform/service/sleeptimer/src/sl_sleeptimer.o
                0x0800d0be                sl_sleeptimer_get_tick_count
 .text.sleeptimer_hal_init_timer
                0x0800d0de       0x76 ./gecko_sdk_4.2.2/platform/service/sleeptimer/src/sl_sleeptimer_hal_sysrtc.o
                0x0800d0de                sleeptimer_hal_init_timer
 .text.sleeptimer_hal_get_counter
                0x0800d154        0xc ./gecko_sdk_4.2.2/platform/service/sleeptimer/src/sl_sleeptimer_hal_sysrtc.o
                0x0800d154                sleeptimer_hal_get_counter
 .text.sleeptimer_hal_get_compare
                0x0800d160       0x10 ./gecko_sdk_4.2.2/platform/service/sleeptimer/src/sl_sleeptimer_hal_sysrtc.o
                0x0800d160                sleeptimer_hal_get_compare
 .text.sleeptimer_hal_enable_int
                0x0800d170       0x46 ./gecko_sdk_4.2.2/platform/service/sleeptimer/src/sl_sleeptimer_hal_sysrtc.o
                0x0800d170                sleeptimer_hal_enable_int
 .text.sli_sleeptimer_hal_is_int_status_set
                0x0800d1b6       0x5a ./gecko_sdk_4.2.2/platform/service/sleeptimer/src/sl_sleeptimer_hal_sysrtc.o
                0x0800d1b6                sli_sleeptimer_hal_is_int_status_set
 .text.SYSRTC_APP_IRQHandler
                0x0800d210       0x6a ./gecko_sdk_4.2.2/platform/service/sleeptimer/src/sl_sleeptimer_hal_sysrtc.o
                0x0800d210                SYSRTC_APP_IRQHandler
 .text.sleeptimer_hal_get_timer_frequency
                0x0800d27a        0xe ./gecko_sdk_4.2.2/platform/service/sleeptimer/src/sl_sleeptimer_hal_sysrtc.o
                0x0800d27a                sleeptimer_hal_get_timer_frequency
 .text.get_time_diff
                0x0800d288       0x12 ./gecko_sdk_4.2.2/platform/service/sleeptimer/src/sl_sleeptimer_hal_sysrtc.o
 .text.sl_system_init
                0x0800d29a       0x1a ./gecko_sdk_4.2.2/platform/service/system/src/sl_system_init.o
                0x0800d29a                sl_system_init
 .text.sl_system_process_action
                0x0800d2b4       0x16 ./gecko_sdk_4.2.2/platform/service/system/src/sl_system_process_action.o
                0x0800d2b4                sl_system_process_action
 .text.SystemCoreClockGet
                0x0800d2ca        0xc ./gecko_sdk_4.2.2/platform/service/udelay/src/sl_udelay.o
 .text.init_PPS
                0x0800d2d6       0x12 ./src/GPIO.o
                0x0800d2d6                init_PPS
 .text.PPS_on   0x0800d2e8        0xe ./src/GPIO.o
                0x0800d2e8                PPS_on
 .text.adxl_init
                0x0800d2f6       0x1e ./src/adxl343.o
                0x0800d2f6                adxl_init
 .text.adxl_config
                0x0800d314       0xae ./src/adxl343.o
                0x0800d314                adxl_config
 .text.adxl_read
                0x0800d3c2       0xc0 ./src/adxl343.o
                0x0800d3c2                adxl_read
 .text.adxl_write
                0x0800d482       0x72 ./src/adxl343.o
                0x0800d482                adxl_write
 .text.adxl_getAccelVals
                0x0800d4f4       0x7a ./src/adxl343.o
                0x0800d4f4                adxl_getAccelVals
 .text.adxl_getAccelEvent
                0x0800d56e       0xd0 ./src/adxl343.o
                0x0800d56e                adxl_getAccelEvent
 .text.TIMER_IntClear
                0x0800d63e       0x18 ./src/irq.o
 .text.TIMER_IntGet
                0x0800d656        0xe ./src/irq.o
 .text.gps_generate_checksum
                0x0800d664       0xde ./src/sam-m8q.o
                0x0800d664                gps_generate_checksum
 .text.gps_generate_ubx_frame_buffer
                0x0800d742       0xb8 ./src/sam-m8q.o
                0x0800d742                gps_generate_ubx_frame_buffer
 .text.TIMER_IntClear
                0x0800d7fa       0x18 ./src/timers.o
 .text.TIMER_IntEnable
                0x0800d812       0x18 ./src/timers.o
 .text.abs      0x0800d82a        0x8 c:/siliconlabs/simplicitystudio/v5/developer/toolchains/gnu_arm/10.3_2021.10/bin/../lib/gcc/arm-none-eabi/10.3.1/../../../../arm-none-eabi/lib/thumb/v8-m.main+fp/hard\libc_nano.a(lib_a-abs.o)
                0x0800d82a                abs
 .text.memcpy   0x0800d832       0x1a c:/siliconlabs/simplicitystudio/v5/developer/toolchains/gnu_arm/10.3_2021.10/bin/../lib/gcc/arm-none-eabi/10.3.1/../../../../arm-none-eabi/lib/thumb/v8-m.main+fp/hard\libc_nano.a(lib_a-memcpy-stub.o)