Archive member included to satisfy reference by file (symbol)

c:/siliconlabs/simplicitystudio/v5/developer/toolchains/gnu_arm/10.3_2021.10/bin/../lib/gcc/arm-none-eabi/10.3.1/thumb/v8-m.main+fp/hard\libgcc.a(_arm_muldf3.o)
                              ./src/sam-m8q.o (__aeabi_dmul)
c:/siliconlabs/simplicitystudio/v5/developer/toolchains/gnu_arm/10.3_2021.10/bin/../lib/gcc/arm-none-eabi/10.3.1/thumb/v8-m.main+fp/hard\libgcc.a(_arm_addsubdf3.o)
                              ./src/sam-m8q.o (__aeabi_f2d)
c:/siliconlabs/simplicitystudio/v5/developer/toolchains/gnu_arm/10.3_2021.10/bin/../lib/gcc/arm-none-eabi/10.3.1/thumb/v8-m.main+fp/hard\libgcc.a(_arm_truncdfsf2.o)
                              ./src/sam-m8q.o (__aeabi_d2f)
c:/siliconlabs/simplicitystudio/v5/developer/toolchains/gnu_arm/10.3_2021.10/bin/../lib/gcc/arm-none-eabi/10.3.1/thumb/v8-m.main+fp/hard\libgcc.a(_aeabi_uldivmod.o)
                              ./gecko_sdk_4.2.2/platform/emlib/src/em_eusart.o (__aeabi_uldivmod)
c:/siliconlabs/simplicitystudio/v5/developer/toolchains/gnu_arm/10.3_2021.10/bin/../lib/gcc/arm-none-eabi/10.3.1/thumb/v8-m.main+fp/hard\libgcc.a(_udivmoddi4.o)
                              c:/siliconlabs/simplicitystudio/v5/developer/toolchains/gnu_arm/10.3_2021.10/bin/../lib/gcc/arm-none-eabi/10.3.1/thumb/v8-m.main+fp/hard\libgcc.a(_aeabi_uldivmod.o) (__udivmoddi4)
c:/siliconlabs/simplicitystudio/v5/developer/toolchains/gnu_arm/10.3_2021.10/bin/../lib/gcc/arm-none-eabi/10.3.1/thumb/v8-m.main+fp/hard\libgcc.a(_dvmd_tls.o)
                              c:/siliconlabs/simplicitystudio/v5/developer/toolchains/gnu_arm/10.3_2021.10/bin/../lib/gcc/arm-none-eabi/10.3.1/thumb/v8-m.main+fp/hard\libgcc.a(_aeabi_uldivmod.o) (__aeabi_ldiv0)
c:/siliconlabs/simplicitystudio/v5/developer/toolchains/gnu_arm/10.3_2021.10/bin/../lib/gcc/arm-none-eabi/10.3.1/../../../../arm-none-eabi/lib/thumb/v8-m.main+fp/hard\libc_nano.a(lib_a-ctype_.o)
                              ./gecko_sdk_4.2.2/platform/common/src/sl_string.o (_ctype_)
c:/siliconlabs/simplicitystudio/v5/developer/toolchains/gnu_arm/10.3_2021.10/bin/../lib/gcc/arm-none-eabi/10.3.1/../../../../arm-none-eabi/lib/thumb/v8-m.main+fp/hard\libc_nano.a(lib_a-exit.o)
                              c:/siliconlabs/simplicitystudio/v5/developer/toolchains/gnu_arm/10.3_2021.10/bin/../lib/gcc/arm-none-eabi/10.3.1/../../../../arm-none-eabi/lib/thumb/v8-m.main+fp/hard/crt0.o (exit)
c:/siliconlabs/simplicitystudio/v5/developer/toolchains/gnu_arm/10.3_2021.10/bin/../lib/gcc/arm-none-eabi/10.3.1/../../../../arm-none-eabi/lib/thumb/v8-m.main+fp/hard\libc_nano.a(lib_a-impure.o)
                              c:/siliconlabs/simplicitystudio/v5/developer/toolchains/gnu_arm/10.3_2021.10/bin/../lib/gcc/arm-none-eabi/10.3.1/../../../../arm-none-eabi/lib/thumb/v8-m.main+fp/hard\libc_nano.a(lib_a-exit.o) (_global_impure_ptr)
c:/siliconlabs/simplicitystudio/v5/developer/toolchains/gnu_arm/10.3_2021.10/bin/../lib/gcc/arm-none-eabi/10.3.1/../../../../arm-none-eabi/lib/thumb/v8-m.main+fp/hard\libc_nano.a(lib_a-init.o)
                              c:/siliconlabs/simplicitystudio/v5/developer/toolchains/gnu_arm/10.3_2021.10/bin/../lib/gcc/arm-none-eabi/10.3.1/../../../../arm-none-eabi/lib/thumb/v8-m.main+fp/hard/crt0.o (__libc_init_array)
c:/siliconlabs/simplicitystudio/v5/developer/toolchains/gnu_arm/10.3_2021.10/bin/../lib/gcc/arm-none-eabi/10.3.1/../../../../arm-none-eabi/lib/thumb/v8-m.main+fp/hard\libc_nano.a(lib_a-memcpy-stub.o)
                              ./gecko_sdk_4.2.2/platform/emdrv/uartdrv/src/uartdrv.o (memcpy)
c:/siliconlabs/simplicitystudio/v5/developer/toolchains/gnu_arm/10.3_2021.10/bin/../lib/gcc/arm-none-eabi/10.3.1/../../../../arm-none-eabi/lib/thumb/v8-m.main+fp/hard\libc_nano.a(lib_a-memset.o)
                              c:/siliconlabs/simplicitystudio/v5/developer/toolchains/gnu_arm/10.3_2021.10/bin/../lib/gcc/arm-none-eabi/10.3.1/../../../../arm-none-eabi/lib/thumb/v8-m.main+fp/hard/crt0.o (memset)
c:/siliconlabs/simplicitystudio/v5/developer/toolchains/gnu_arm/10.3_2021.10/bin/../lib/gcc/arm-none-eabi/10.3.1/../../../../arm-none-eabi/lib/thumb/v8-m.main+fp/hard\libc_nano.a(lib_a-nano-vfprintf_float.o)
                              (_printf_float)
c:/siliconlabs/simplicitystudio/v5/developer/toolchains/gnu_arm/10.3_2021.10/bin/../lib/gcc/arm-none-eabi/10.3.1/../../../../arm-none-eabi/lib/thumb/v8-m.main+fp/hard\libc_nano.a(lib_a-nano-vfprintf_i.o)
                              c:/siliconlabs/simplicitystudio/v5/developer/toolchains/gnu_arm/10.3_2021.10/bin/../lib/gcc/arm-none-eabi/10.3.1/../../../../arm-none-eabi/lib/thumb/v8-m.main+fp/hard\libc_nano.a(lib_a-nano-vfprintf_float.o) (_printf_common)
c:/siliconlabs/simplicitystudio/v5/developer/toolchains/gnu_arm/10.3_2021.10/bin/../lib/gcc/arm-none-eabi/10.3.1/../../../../arm-none-eabi/lib/thumb/v8-m.main+fp/hard\libc_nano.a(lib_a-setvbuf.o)
[...]
Memory Configuration

Name             Origin             Length             Attributes
FLASH            0x08000000         0x0017e000         xr
RAM              0x20000000         0x00040000         xrw
*default*        0x00000000         0xffffffff

Linker script and memory map

LOAD c:/siliconlabs/simplicitystudio/v5/developer/toolchains/gnu_arm/10.3_2021.10/bin/../lib/gcc/arm-none-eabi/10.3.1/thumb/v8-m.main+fp/hard/crti.o
LOAD c:/siliconlabs/simplicitystudio/v5/developer/toolchains/gnu_arm/10.3_2021.10/bin/../lib/gcc/arm-none-eabi/10.3.1/thumb/v8-m.main+fp/hard/crtbegin.o
LOAD c:/siliconlabs/simplicitystudio/v5/developer/toolchains/gnu_arm/10.3_2021.10/bin/../lib/gcc/arm-none-eabi/10.3.1/../../../../arm-none-eabi/lib/thumb/v8-m.main+fp/hard/crt0.o
START GROUP
LOAD ./app.o
LOAD ./main.o
LOAD ./autogen/sl_board_default_init.o
LOAD ./autogen/sl_device_init_clocks.o
LOAD ./autogen/sl_event_handler.o
LOAD ./autogen/sl_iostream_handles.o
LOAD ./autogen/sl_iostream_init_usart_instances.o
LOAD ./autogen/sl_power_manager_handler.o
LOAD ./gecko_sdk_4.2.2/app/common/util/app_log/app_log.o
LOAD ./gecko_sdk_4.2.2/hardware/board/src/sl_board_control_gpio.o
LOAD ./gecko_sdk_4.2.2/hardware/board/src/sl_board_init.o
LOAD ./gecko_sdk_4.2.2/hardware/driver/configuration_over_swo/src/sl_cos.o
LOAD ./gecko_sdk_4.2.2/hardware/driver/mx25_flash_shutdown/src/sl_mx25_flash_shutdown_eusart/sl_mx25_flash_shutdown.o
LOAD ./gecko_sdk_4.2.2/platform/Device/SiliconLabs/EFR32MG24/Source/startup_efr32mg24.o
LOAD ./gecko_sdk_4.2.2/platform/Device/SiliconLabs/EFR32MG24/Source/system_efr32mg24.o
LOAD ./gecko_sdk_4.2.2/platform/common/src/sl_assert.o
LOAD ./gecko_sdk_4.2.2/platform/common/src/sl_slist.o
LOAD ./gecko_sdk_4.2.2/platform/common/src/sl_string.o
LOAD ./gecko_sdk_4.2.2/platform/common/toolchain/src/sl_memory.o
LOAD ./gecko_sdk_4.2.2/platform/driver/debug/src/sl_debug_swo.o
LOAD ./gecko_sdk_4.2.2/platform/emdrv/dmadrv/src/dmadrv.o
LOAD ./gecko_sdk_4.2.2/platform/emdrv/gpiointerrupt/src/gpiointerrupt.o
LOAD ./gecko_sdk_4.2.2/platform/emdrv/uartdrv/src/uartdrv.o
LOAD ./gecko_sdk_4.2.2/platform/emlib/src/em_burtc.o
LOAD ./gecko_sdk_4.2.2/platform/emlib/src/em_cmu.o
LOAD ./gecko_sdk_4.2.2/platform/emlib/src/em_core.o
LOAD ./gecko_sdk_4.2.2/platform/emlib/src/em_emu.o
LOAD ./gecko_sdk_4.2.2/platform/emlib/src/em_eusart.o
LOAD ./gecko_sdk_4.2.2/platform/emlib/src/em_gpio.o
LOAD ./gecko_sdk_4.2.2/platform/emlib/src/em_i2c.o
LOAD ./gecko_sdk_4.2.2/platform/emlib/src/em_ldma.o
LOAD ./gecko_sdk_4.2.2/platform/emlib/src/em_msc.o
LOAD ./gecko_sdk_4.2.2/platform/emlib/src/em_system.o
LOAD ./gecko_sdk_4.2.2/platform/emlib/src/em_timer.o
LOAD ./gecko_sdk_4.2.2/platform/emlib/src/em_usart.o
LOAD ./gecko_sdk_4.2.2/platform/peripheral/src/peripheral_sysrtc.o
LOAD ./gecko_sdk_4.2.2/platform/service/device_init/src/sl_device_init_dcdc_s2.o
LOAD ./gecko_sdk_4.2.2/platform/service/device_init/src/sl_device_init_emu_s2.o
LOAD ./gecko_sdk_4.2.2/platform/service/device_init/src/sl_device_init_hfxo_s2.o
LOAD ./gecko_sdk_4.2.2/platform/service/device_init/src/sl_device_init_lfxo_s2.o
LOAD ./gecko_sdk_4.2.2/platform/service/device_init/src/sl_device_init_nvic.o
LOAD ./gecko_sdk_4.2.2/platform/service/hfxo_manager/src/sl_hfxo_manager.o
LOAD ./gecko_sdk_4.2.2/platform/service/hfxo_manager/src/sl_hfxo_manager_hal_s2.o
LOAD ./gecko_sdk_4.2.2/platform/service/iostream/src/sl_iostream.o
LOAD ./gecko_sdk_4.2.2/platform/service/iostream/src/sl_iostream_retarget_stdio.o
LOAD ./gecko_sdk_4.2.2/platform/service/iostream/src/sl_iostream_stdlib_config.o
LOAD ./gecko_sdk_4.2.2/platform/service/iostream/src/sl_iostream_uart.o
LOAD ./gecko_sdk_4.2.2/platform/service/iostream/src/sl_iostream_usart.o
LOAD ./gecko_sdk_4.2.2/platform/service/power_manager/src/sl_power_manager.o
LOAD ./gecko_sdk_4.2.2/platform/service/power_manager/src/sl_power_manager_debug.o
LOAD ./gecko_sdk_4.2.2/platform/service/power_manager/src/sl_power_manager_hal_s2.o
LOAD ./gecko_sdk_4.2.2/platform/service/sleeptimer/src/sl_sleeptimer.o
LOAD ./gecko_sdk_4.2.2/platform/service/sleeptimer/src/sl_sleeptimer_hal_burtc.o
LOAD ./gecko_sdk_4.2.2/platform/service/sleeptimer/src/sl_sleeptimer_hal_sysrtc.o
LOAD ./gecko_sdk_4.2.2/platform/service/sleeptimer/src/sl_sleeptimer_hal_timer.o
LOAD ./gecko_sdk_4.2.2/platform/service/system/src/sl_system_init.o
LOAD ./gecko_sdk_4.2.2/platform/service/system/src/sl_system_process_action.o
LOAD ./gecko_sdk_4.2.2/platform/service/udelay/src/sl_udelay.o
LOAD ./gecko_sdk_4.2.2/platform/service/udelay/src/sl_udelay_armv6m_gcc.o
LOAD ./src/GPIO.o
LOAD ./src/I2C.o
LOAD ./src/adxl343.o
LOAD ./src/irq.o
LOAD ./src/log.o
LOAD ./src/sam-m8q.o
LOAD ./src/timers.o
LOAD c:/siliconlabs/simplicitystudio/v5/developer/toolchains/gnu_arm/10.3_2021.10/bin/../lib/gcc/arm-none-eabi/10.3.1/thumb/v8-m.main+fp/hard\libgcc.a
LOAD c:/siliconlabs/simplicitystudio/v5/developer/toolchains/gnu_arm/10.3_2021.10/bin/../lib/gcc/arm-none-eabi/10.3.1/../../../../arm-none-eabi/lib/thumb/v8-m.main+fp/hard\libc_nano.a
LOAD c:/siliconlabs/simplicitystudio/v5/developer/toolchains/gnu_arm/10.3_2021.10/bin/../lib/gcc/arm-none-eabi/10.3.1/../../../../arm-none-eabi/lib/thumb/v8-m.main+fp/hard\libm.a
LOAD c:/siliconlabs/simplicitystudio/v5/developer/toolchains/gnu_arm/10.3_2021.10/bin/../lib/gcc/arm-none-eabi/10.3.1/../../../../arm-none-eabi/lib/thumb/v8-m.main+fp/hard\libnosys.a
END GROUP
START GROUP
LOAD c:/siliconlabs/simplicitystudio/v5/developer/toolchains/gnu_arm/10.3_2021.10/bin/../lib/gcc/arm-none-eabi/10.3.1/thumb/v8-m.main+fp/hard\libgcc.a
LOAD c:/siliconlabs/simplicitystudio/v5/developer/toolchains/gnu_arm/10.3_2021.10/bin/../lib/gcc/arm-none-eabi/10.3.1/../../../../arm-none-eabi/lib/thumb/v8-m.main+fp/hard\libc_nano.a
LOAD c:/siliconlabs/simplicitystudio/v5/developer/toolchains/gnu_arm/10.3_2021.10/bin/../lib/gcc/arm-none-eabi/10.3.1/../../../../arm-none-eabi/lib/thumb/v8-m.main+fp/hard\libnosys.a
END GROUP
START GROUP
LOAD c:/siliconlabs/simplicitystudio/v5/developer/toolchains/gnu_arm/10.3_2021.10/bin/../lib/gcc/arm-none-eabi/10.3.1/thumb/v8-m.main+fp/hard\libgcc.a
LOAD c:/siliconlabs/simplicitystudio/v5/developer/toolchains/gnu_arm/10.3_2021.10/bin/../lib/gcc/arm-none-eabi/10.3.1/../../../../arm-none-eabi/lib/thumb/v8-m.main+fp/hard\libg_nano.a
LOAD c:/siliconlabs/simplicitystudio/v5/developer/toolchains/gnu_arm/10.3_2021.10/bin/../lib/gcc/arm-none-eabi/10.3.1/../../../../arm-none-eabi/lib/thumb/v8-m.main+fp/hard\libc_nano.a
END GROUP
START GROUP
LOAD c:/siliconlabs/simplicitystudio/v5/developer/toolchains/gnu_arm/10.3_2021.10/bin/../lib/gcc/arm-none-eabi/10.3.1/thumb/v8-m.main+fp/hard\libgcc.a
LOAD c:/siliconlabs/simplicitystudio/v5/developer/toolchains/gnu_arm/10.3_2021.10/bin/../lib/gcc/arm-none-eabi/10.3.1/../../../../arm-none-eabi/lib/thumb/v8-m.main+fp/hard\libc_nano.a
END GROUP
LOAD c:/siliconlabs/simplicitystudio/v5/developer/toolchains/gnu_arm/10.3_2021.10/bin/../lib/gcc/arm-none-eabi/10.3.1/thumb/v8-m.main+fp/hard/crtend.o
LOAD c:/siliconlabs/simplicitystudio/v5/developer/toolchains/gnu_arm/10.3_2021.10/bin/../lib/gcc/arm-none-eabi/10.3.1/thumb/v8-m.main+fp/hard/crtn.o

.text           0x08000000     0xe4dc
                0x08000000                linker_vectors_begin = .
 *(.vectors)
 .vectors       0x08000000      0x170 ./gecko_sdk_4.2.2/platform/Device/SiliconLabs/EFR32MG24/Source/startup_efr32mg24.o
                0x08000000                __Vectors
                0x08000170                linker_vectors_end = .
                0x08000170                __Vectors_End = .
                0x08000170                __Vectors_Size = (__Vectors_End - __Vectors)
                0x08000170                linker_code_begin = .
 *(SORT_BY_ALIGNMENT(.text*))
 .text          0x08000170        0x8 ./gecko_sdk_4.2.2/platform/service/udelay/src/sl_udelay_armv6m_gcc.o
                0x08000170                sli_delay_loop
 .text.print_nav_pvt_info
                0x08000178      0x200 ./src/sam-m8q.o
                0x08000178                print_nav_pvt_info
 .text._dtoa_r  0x08000378      0xbd8 c:/siliconlabs/simplicitystudio/v5/developer/toolchains/gnu_arm/10.3_2021.10/bin/../lib/gcc/arm-none-eabi/10.3.1/../../../../arm-none-eabi/lib/thumb/v8-m.main+fp/hard\libc_nano.a(lib_a-dtoa.o)
                0x08000378                _dtoa_r
 .text          0x08000f50       0x40 c:/siliconlabs/simplicitystudio/v5/developer/toolchains/gnu_arm/10.3_2021.10/bin/../lib/gcc/arm-none-eabi/10.3.1/thumb/v8-m.main+fp/hard/crtbegin.o
 .text          0x08000f90       0x7c c:/siliconlabs/simplicitystudio/v5/developer/toolchains/gnu_arm/10.3_2021.10/bin/../lib/gcc/arm-none-eabi/10.3.1/../../../../arm-none-eabi/lib/thumb/v8-m.main+fp/hard/crt0.o
                0x08000f90                _stack_init
                0x08000f98                _start
                0x08000f98                _mainCRTStartup
 .text.app_init
                0x0800100c       0x24 ./app.o
                0x0800100c                app_init
 .text.app_process_action
                0x08001030       0x48 ./app.o
                0x08001030                app_process_action
 .text.sl_device_init_clocks
                0x08001078       0xd4 ./autogen/sl_device_init_clocks.o
                0x08001078                sl_device_init_clocks
 .text.GPIO_PinOutGet
                0x0800114c       0x88 ./autogen/sl_iostream_init_usart_instances.o
 .text.sl_iostream_usart_init_vcom
                0x080011d4       0xec ./autogen/sl_iostream_init_usart_instances.o
                0x080011d4                sl_iostream_usart_init_vcom
 .text.sl_iostream_usart_init_instances
                0x080012c0       0x34 ./autogen/sl_iostream_init_usart_instances.o
                0x080012c0                sl_iostream_usart_init_instances
 .text.USART0_TX_IRQHandler
                0x080012f4       0x10 ./autogen/sl_iostream_init_usart_instances.o
                0x080012f4                USART0_TX_IRQHandler
 .text.USART0_RX_IRQHandler
                0x08001304       0x10 ./autogen/sl_iostream_init_usart_instances.o
                0x08001304                USART0_RX_IRQHandler
 .text.sl_iostream_usart_vcom_sleep_on_isr_exit
                0x08001314       0x14 ./autogen/sl_iostream_init_usart_instances.o
                0x08001314                sl_iostream_usart_vcom_sleep_on_isr_exit
 .text.events_handler
                0x08001328       0xb4 ./autogen/sl_iostream_init_usart_instances.o
 .text.app_log_init
                0x080013dc       0x3c ./gecko_sdk_4.2.2/app/common/util/app_log/app_log.o
                0x080013dc                app_log_init
 .text.GPIO_PinOutClear
                0x08001418       0x84 ./gecko_sdk_4.2.2/hardware/driver/mx25_flash_shutdown/src/sl_mx25_flash_shutdown_eusart/sl_mx25_flash_shutdown.o
 .text.GPIO_PinOutSet
                0x0800149c       0x84 ./gecko_sdk_4.2.2/hardware/driver/mx25_flash_shutdown/src/sl_mx25_flash_shutdown_eusart/sl_mx25_flash_shutdown.o
 .text.sl_mx25_flash_shutdown
                0x08001520      0x150 ./gecko_sdk_4.2.2/hardware/driver/mx25_flash_shutdown/src/sl_mx25_flash_shutdown_eusart/sl_mx25_flash_shutdown.o
                0x08001520                sl_mx25_flash_shutdown
 .text.Reset_Handler
                0x08001670       0x98 ./gecko_sdk_4.2.2/platform/Device/SiliconLabs/EFR32MG24/Source/startup_efr32mg24.o
                0x08001670                Reset_Handler
 .text.__NVIC_EnableIRQ
                0x08001708       0x34 ./gecko_sdk_4.2.2/platform/Device/SiliconLabs/EFR32MG24/Source/system_efr32mg24.o
 .text.__NVIC_ClearPendingIRQ
                0x0800173c       0x38 ./gecko_sdk_4.2.2/platform/Device/SiliconLabs/EFR32MG24/Source/system_efr32mg24.o
 .text.SystemInit
                0x08001774       0x90 ./gecko_sdk_4.2.2/platform/Device/SiliconLabs/EFR32MG24/Source/system_efr32mg24.o
                0x08001774                SystemInit
 .text.SystemHFRCODPLLClockGet
                0x08001804        0xc ./gecko_sdk_4.2.2/platform/Device/SiliconLabs/EFR32MG24/Source/system_efr32mg24.o
                0x08001804                SystemHFRCODPLLClockGet
 .text.SystemSYSCLKGet
                0x08001810       0x50 ./gecko_sdk_4.2.2/platform/Device/SiliconLabs/EFR32MG24/Source/system_efr32mg24.o
                0x08001810                SystemSYSCLKGet
 .text.SystemHCLKGet
                0x08001860       0x3c ./gecko_sdk_4.2.2/platform/Device/SiliconLabs/EFR32MG24/Source/system_efr32mg24.o
                0x08001860                SystemHCLKGet
 .text.SystemMaxCoreClockGet
                0x0800189c        0xc ./gecko_sdk_4.2.2/platform/Device/SiliconLabs/EFR32MG24/Source/system_efr32mg24.o
                0x0800189c                SystemMaxCoreClockGet
 .text.SystemHFXOClockGet
                0x080018a8        0xc ./gecko_sdk_4.2.2/platform/Device/SiliconLabs/EFR32MG24/Source/system_efr32mg24.o
                0x080018a8                SystemHFXOClockGet
 .text.SystemHFXOClockSet
                0x080018b4       0x2c ./gecko_sdk_4.2.2/platform/Device/SiliconLabs/EFR32MG24/Source/system_efr32mg24.o
                0x080018b4                SystemHFXOClockSet
 .text.SystemFSRCOClockGet
                0x080018e0        0xc ./gecko_sdk_4.2.2/platform/Device/SiliconLabs/EFR32MG24/Source/system_efr32mg24.o
                0x080018e0                SystemFSRCOClockGet
 .text.SystemHFRCOEM23ClockGet
                0x080018ec       0xe0 ./gecko_sdk_4.2.2/platform/Device/SiliconLabs/EFR32MG24/Source/system_efr32mg24.o
                0x080018ec                SystemHFRCOEM23ClockGet
 .text.SystemLFXOClockGet
                0x080019cc        0xc ./gecko_sdk_4.2.2/platform/Device/SiliconLabs/EFR32MG24/Source/system_efr32mg24.o
                0x080019cc                SystemLFXOClockGet
 .text.sl_slist_push
                0x080019d8       0x38 ./gecko_sdk_4.2.2/platform/common/src/sl_slist.o
                0x080019d8                sl_slist_push
 .text._sbrk    0x08001a10       0x3c ./gecko_sdk_4.2.2/platform/common/toolchain/src/sl_memory.o
                0x08001a10                _sbrk
 .text.BUS_RegBitWrite
                0x08001a4c       0x48 ./gecko_sdk_4.2.2/platform/driver/debug/src/sl_debug_swo.o
 .text.GPIO_DbgSWOEnable
                0x08001a94       0x30 ./gecko_sdk_4.2.2/platform/driver/debug/src/sl_debug_swo.o
 .text.sl_debug_swo_init
                0x08001ac4      0x168 ./gecko_sdk_4.2.2/platform/driver/debug/src/sl_debug_swo.o
                0x08001ac4                sl_debug_swo_init
 .text.DMADRV_AllocateChannel
                0x08001c2c       0xa0 ./gecko_sdk_4.2.2/platform/emdrv/dmadrv/src/dmadrv.o
                0x08001c2c                DMADRV_AllocateChannel
 .text.DMADRV_DeInit
                0x08001ccc       0x78 ./gecko_sdk_4.2.2/platform/emdrv/dmadrv/src/dmadrv.o
                0x08001ccc                DMADRV_DeInit
 .text.DMADRV_FreeChannel
                0x08001d44       0x74 ./gecko_sdk_4.2.2/platform/emdrv/dmadrv/src/dmadrv.o
                0x08001d44                DMADRV_FreeChannel
 .text.DMADRV_Init
                0x08001db8       0x7c ./gecko_sdk_4.2.2/platform/emdrv/dmadrv/src/dmadrv.o
                0x08001db8                DMADRV_Init
 .text.DMADRV_PauseTransfer
                0x08001e34       0x64 ./gecko_sdk_4.2.2/platform/emdrv/dmadrv/src/dmadrv.o
                0x08001e34                DMADRV_PauseTransfer
 .text.DMADRV_ResumeTransfer
                0x08001e98       0x64 ./gecko_sdk_4.2.2/platform/emdrv/dmadrv/src/dmadrv.o
                0x08001e98                DMADRV_ResumeTransfer
 .text.DMADRV_StopTransfer
                0x08001efc       0x64 ./gecko_sdk_4.2.2/platform/emdrv/dmadrv/src/dmadrv.o
                0x08001efc                DMADRV_StopTransfer
 .text.DMADRV_TransferCompletePending
                0x08001f60       0x84 ./gecko_sdk_4.2.2/platform/emdrv/dmadrv/src/dmadrv.o
                0x08001f60                DMADRV_TransferCompletePending
 .text.DMADRV_TransferDone
                0x08001fe4       0x74 ./gecko_sdk_4.2.2/platform/emdrv/dmadrv/src/dmadrv.o
                0x08001fe4                DMADRV_TransferDone
 .text.LDMA_IRQHandler
                0x08002058       0xec ./gecko_sdk_4.2.2/platform/emdrv/dmadrv/src/dmadrv.o
                0x08002058                LDMA_IRQHandler
 .text.StartTransfer
                0x08002144      0x21c ./gecko_sdk_4.2.2/platform/emdrv/dmadrv/src/dmadrv.o
 .text.__NVIC_EnableIRQ
                0x08002360       0x34 ./gecko_sdk_4.2.2/platform/emdrv/gpiointerrupt/src/gpiointerrupt.o
 .text.__NVIC_ClearPendingIRQ
                0x08002394       0x38 ./gecko_sdk_4.2.2/platform/emdrv/gpiointerrupt/src/gpiointerrupt.o
 .text.GPIO_IntClear
                0x080023cc       0x1c ./gecko_sdk_4.2.2/platform/emdrv/gpiointerrupt/src/gpiointerrupt.o
 .text.GPIO_IntGetEnabled
                0x080023e8       0x20 ./gecko_sdk_4.2.2/platform/emdrv/gpiointerrupt/src/gpiointerrupt.o
 .text.GPIOINT_IRQDispatcher
                0x08002408       0x74 ./gecko_sdk_4.2.2/platform/emdrv/gpiointerrupt/src/gpiointerrupt.o
 .text.BUS_RegBitWrite
                0x0800247c       0x48 ./gecko_sdk_4.2.2/platform/emlib/src/em_cmu.o
 .text.EMU_VScaleWait
                0x080024c4       0x1c ./gecko_sdk_4.2.2/platform/emlib/src/em_cmu.o
 .text.EMU_VScaleGet
                0x080024e0       0x1c ./gecko_sdk_4.2.2/platform/emlib/src/em_cmu.o
 .text.MSC_LockGetLocked
                0x080024fc       0x1c ./gecko_sdk_4.2.2/platform/emlib/src/em_cmu.o
 .text.MSC_LockSetLocked
                0x08002518       0x10 ./gecko_sdk_4.2.2/platform/emlib/src/em_cmu.o
 .text.MSC_LockSetUnlocked
                0x08002528       0x10 ./gecko_sdk_4.2.2/platform/emlib/src/em_cmu.o
 .text.MSC_ReadCTRLGet
                0x08002538        0xc ./gecko_sdk_4.2.2/platform/emlib/src/em_cmu.o
 .text.MSC_ReadCTRLSet
                0x08002544       0x14 ./gecko_sdk_4.2.2/platform/emlib/src/em_cmu.o
 .text.CMU_ClockDivGet
                0x08002558       0xec ./gecko_sdk_4.2.2/platform/emlib/src/em_cmu.o
                0x08002558                CMU_ClockDivGet
 .text.CMU_ClockDivSet
                0x08002644      0x1b0 ./gecko_sdk_4.2.2/platform/emlib/src/em_cmu.o
                0x08002644                CMU_ClockDivSet
 .text.CMU_ClockEnable
                0x080027f4       0x74 ./gecko_sdk_4.2.2/platform/emlib/src/em_cmu.o
                0x080027f4                CMU_ClockEnable
 .text.CMU_ClockFreqGet
                0x08002868      0x6a8 ./gecko_sdk_4.2.2/platform/emlib/src/em_cmu.o
                0x08002868                CMU_ClockFreqGet
 .text.CMU_ClockSelectGet
                0x08002f10      0x3e4 ./gecko_sdk_4.2.2/platform/emlib/src/em_cmu.o
                0x08002f10                CMU_ClockSelectGet
 .text.sli_em_cmu_HFXOSetForceEnable
                0x080032f4       0x28 ./gecko_sdk_4.2.2/platform/emlib/src/em_cmu.o
                0x080032f4                sli_em_cmu_HFXOSetForceEnable
 .text.CMU_HFXOInit
                0x0800331c      0x2f4 ./gecko_sdk_4.2.2/platform/emlib/src/em_cmu.o
                0x0800331c                CMU_HFXOInit
 .text.CMU_HFXOCTuneDeltaGet
                0x08003610       0x10 ./gecko_sdk_4.2.2/platform/emlib/src/em_cmu.o
                0x08003610                CMU_HFXOCTuneDeltaGet
 .text.CMU_LFXOInit
                0x08003620      0x120 ./gecko_sdk_4.2.2/platform/emlib/src/em_cmu.o
                0x08003620                CMU_LFXOInit
 .text.CMU_LFXOPrecisionSet
                0x08003740       0x1c ./gecko_sdk_4.2.2/platform/emlib/src/em_cmu.o
                0x08003740                CMU_LFXOPrecisionSet
 .text.eusart0ClkGet
                0x0800375c       0xa8 ./gecko_sdk_4.2.2/platform/emlib/src/em_cmu.o
 .text.em01GrpcClkGet
                0x08003804       0xbc ./gecko_sdk_4.2.2/platform/emlib/src/em_cmu.o
 .text.vdac0ClkGet
                0x080038c0       0xa8 ./gecko_sdk_4.2.2/platform/emlib/src/em_cmu.o
 .text.vdac1ClkGet
                0x08003968       0xa8 ./gecko_sdk_4.2.2/platform/emlib/src/em_cmu.o
 .text.pcnt0ClkGet
                0x08003a10       0x74 ./gecko_sdk_4.2.2/platform/emlib/src/em_cmu.o
 .text.rhclkPrescMax
                0x08003a84       0x18 ./gecko_sdk_4.2.2/platform/emlib/src/em_cmu.o
 .text.rhclkPrescOptimize
                0x08003a9c       0x2c ./gecko_sdk_4.2.2/platform/emlib/src/em_cmu.o
 .text.traceClkGet
                0x08003ac8       0x84 ./gecko_sdk_4.2.2/platform/emlib/src/em_cmu.o
 .text.dpllRefClkGet
                0x08003b4c       0x94 ./gecko_sdk_4.2.2/platform/emlib/src/em_cmu.o
 .text.em01GrpaClkGet
                0x08003be0       0xbc ./gecko_sdk_4.2.2/platform/emlib/src/em_cmu.o
 .text.em23GrpaClkGet
                0x08003c9c       0x84 ./gecko_sdk_4.2.2/platform/emlib/src/em_cmu.o
 .text.em4GrpaClkGet
                0x08003d20       0x84 ./gecko_sdk_4.2.2/platform/emlib/src/em_cmu.o
 .text.getWaitStatesByFrequencyAndVScale
                0x08003da4       0x54 ./gecko_sdk_4.2.2/platform/emlib/src/em_cmu.o
 .text.flashWaitStateControl
                0x08003df8       0x70 ./gecko_sdk_4.2.2/platform/emlib/src/em_cmu.o
 .text.iadcClkGet
                0x08003e68       0x8c ./gecko_sdk_4.2.2/platform/emlib/src/em_cmu.o
 .text.pclkDivOptimize
                0x08003ef4       0x34 ./gecko_sdk_4.2.2/platform/emlib/src/em_cmu.o
 .text.sysrtcClkGet
                0x08003f28       0x84 ./gecko_sdk_4.2.2/platform/emlib/src/em_cmu.o
 .text.wdog0ClkGet
                0x08003fac       0xa0 ./gecko_sdk_4.2.2/platform/emlib/src/em_cmu.o
 .text.wdog1ClkGet
                0x0800404c       0xa0 ./gecko_sdk_4.2.2/platform/emlib/src/em_cmu.o
 .text.sysTickClkGet
                0x080040ec       0x58 ./gecko_sdk_4.2.2/platform/emlib/src/em_cmu.o
 .text.CORE_NvicIRQDisabled
                0x08004144       0x60 ./gecko_sdk_4.2.2/platform/emlib/src/em_core.o
                0x08004144                CORE_NvicIRQDisabled
 .text.EMU_DCDCLock
                0x080041a4       0x14 ./gecko_sdk_4.2.2/platform/emlib/src/em_emu.o
 .text.EMU_DCDCUnlock
                0x080041b8       0x10 ./gecko_sdk_4.2.2/platform/emlib/src/em_emu.o
 .text.EMU_DCDCSync
                0x080041c8       0x20 ./gecko_sdk_4.2.2/platform/emlib/src/em_emu.o
 .text.EMU_VScaleWait
                0x080041e8       0x1c ./gecko_sdk_4.2.2/platform/emlib/src/em_emu.o
 .text.EMU_VScaleGet
                0x08004204       0x1c ./gecko_sdk_4.2.2/platform/emlib/src/em_emu.o
 .text.EMU_EM01Init
                0x08004220       0x24 ./gecko_sdk_4.2.2/platform/emlib/src/em_emu.o
                0x08004220                EMU_EM01Init
 .text.EMU_EM23Init
                0x08004244       0x24 ./gecko_sdk_4.2.2/platform/emlib/src/em_emu.o
                0x08004244                EMU_EM23Init
 .text.EMU_EnterEM2
                0x08004268       0x48 ./gecko_sdk_4.2.2/platform/emlib/src/em_emu.o
                0x08004268                EMU_EnterEM2
 .text.EMU_EnterEM3
                0x080042b0       0x40 ./gecko_sdk_4.2.2/platform/emlib/src/em_emu.o
                0x080042b0                EMU_EnterEM3
 .text.EMU_EM4Init
                0x080042f0       0x24 ./gecko_sdk_4.2.2/platform/emlib/src/em_emu.o
                0x080042f0                EMU_EM4Init
 .text.EMU_VScaleEM01ByClock
                0x08004314       0x5c ./gecko_sdk_4.2.2/platform/emlib/src/em_emu.o
                0x08004314                EMU_VScaleEM01ByClock
 .text.EMU_VScaleEM01
                0x08004370       0xdc ./gecko_sdk_4.2.2/platform/emlib/src/em_emu.o
                0x08004370                EMU_VScaleEM01
 .text.EMU_DCDCModeSet
                0x0800444c       0xc0 ./gecko_sdk_4.2.2/platform/emlib/src/em_emu.o
                0x0800444c                EMU_DCDCModeSet
 .text.EMU_DCDCInit
                0x0800450c       0xa8 ./gecko_sdk_4.2.2/platform/emlib/src/em_emu.o
                0x0800450c                EMU_DCDCInit
 .text.EMU_DCDCSetPFMXModePeakCurrent
                0x080045b4       0xb4 ./gecko_sdk_4.2.2/platform/emlib/src/em_emu.o
                0x080045b4                EMU_DCDCSetPFMXModePeakCurrent
 .text.EUSART_SpiInit
                0x08004668       0xe8 ./gecko_sdk_4.2.2/platform/emlib/src/em_eusart.o
                0x08004668                EUSART_SpiInit
 .text.EUSART_Reset
                0x08004750       0xa4 ./gecko_sdk_4.2.2/platform/emlib/src/em_eusart.o
                0x08004750                EUSART_Reset
 .text.EUSART_Enable
                0x080047f4       0xbc ./gecko_sdk_4.2.2/platform/emlib/src/em_eusart.o
                0x080047f4                EUSART_Enable
 .text.EUSART_BaudrateSet
                0x080048b0      0x290 ./gecko_sdk_4.2.2/platform/emlib/src/em_eusart.o
                0x080048b0                EUSART_BaudrateSet
 .text.EUSART_ClockGet
                0x08004b40       0x48 ./gecko_sdk_4.2.2/platform/emlib/src/em_eusart.o
 .text.EUSART_SyncInitCommon
                0x08004b88      0x240 ./gecko_sdk_4.2.2/platform/emlib/src/em_eusart.o
 .text.GPIO_PinOutClear
                0x08004dc8       0x84 ./gecko_sdk_4.2.2/platform/emlib/src/em_gpio.o
 .text.GPIO_PinOutSet
                0x08004e4c       0x84 ./gecko_sdk_4.2.2/platform/emlib/src/em_gpio.o
 .text.GPIO_PinModeSet
                0x08004ed0      0x124 ./gecko_sdk_4.2.2/platform/emlib/src/em_gpio.o
                0x08004ed0                GPIO_PinModeSet
 .text.BUS_RegBitWrite
                0x08004ff4       0x48 ./gecko_sdk_4.2.2/platform/emlib/src/em_i2c.o
 .text.I2C_BusFreqSet
                0x0800503c      0x1a8 ./gecko_sdk_4.2.2/platform/emlib/src/em_i2c.o
                0x0800503c                I2C_BusFreqSet
 .text.I2C_Enable
                0x080051e4       0x48 ./gecko_sdk_4.2.2/platform/emlib/src/em_i2c.o
                0x080051e4                I2C_Enable
 .text.I2C_Init
                0x0800522c       0x7c ./gecko_sdk_4.2.2/platform/emlib/src/em_i2c.o
                0x0800522c                I2C_Init
 .text.I2C_Transfer
                0x080052a8      0x4c8 ./gecko_sdk_4.2.2/platform/emlib/src/em_i2c.o
                0x080052a8                I2C_Transfer
 .text.I2C_TransferInit
                0x08005770       0xf8 ./gecko_sdk_4.2.2/platform/emlib/src/em_i2c.o
                0x08005770                I2C_TransferInit
 .text.__NVIC_EnableIRQ
                0x08005868       0x34 ./gecko_sdk_4.2.2/platform/emlib/src/em_ldma.o
 .text.__NVIC_DisableIRQ
                0x0800589c       0x44 ./gecko_sdk_4.2.2/platform/emlib/src/em_ldma.o
 .text.__NVIC_ClearPendingIRQ
                0x080058e0       0x38 ./gecko_sdk_4.2.2/platform/emlib/src/em_ldma.o
 .text.__NVIC_SetPriority
                0x08005918       0x50 ./gecko_sdk_4.2.2/platform/emlib/src/em_ldma.o
 .text.BUS_RegBitWrite
                0x08005968       0x48 ./gecko_sdk_4.2.2/platform/emlib/src/em_ldma.o
 .text.LDMA_DeInit
                0x080059b0       0x34 ./gecko_sdk_4.2.2/platform/emlib/src/em_ldma.o
                0x080059b0                LDMA_DeInit
 .text.LDMA_EnableChannelRequest
                0x080059e4       0x40 ./gecko_sdk_4.2.2/platform/emlib/src/em_ldma.o
                0x080059e4                LDMA_EnableChannelRequest
 .text.LDMA_Init
                0x08005a24       0xec ./gecko_sdk_4.2.2/platform/emlib/src/em_ldma.o
                0x08005a24                LDMA_Init
 .text.LDMA_StartTransfer
                0x08005b10      0x208 ./gecko_sdk_4.2.2/platform/emlib/src/em_ldma.o
                0x08005b10                LDMA_StartTransfer
 .text.LDMA_StopTransfer
                0x08005d18       0x54 ./gecko_sdk_4.2.2/platform/emlib/src/em_ldma.o
                0x08005d18                LDMA_StopTransfer
 .text.LDMA_TransferDone
                0x08005d6c       0x68 ./gecko_sdk_4.2.2/platform/emlib/src/em_ldma.o
                0x08005d6c                LDMA_TransferDone
 .text.TIMER_Valid
                0x08005dd4       0x54 ./gecko_sdk_4.2.2/platform/emlib/src/em_timer.o
 .text.TIMER_Init
                0x08005e28      0x130 ./gecko_sdk_4.2.2/platform/emlib/src/em_timer.o
                0x08005e28                TIMER_Init
 .text.prsRxInput
                0x08005f58       0x38 ./gecko_sdk_4.2.2/platform/emlib/src/em_usart.o
 .text.USART_BaudrateAsyncSet
                0x08005f90      0x14c ./gecko_sdk_4.2.2/platform/emlib/src/em_usart.o
                0x08005f90                USART_BaudrateAsyncSet
 .text.USART_Enable
                0x080060dc       0x70 ./gecko_sdk_4.2.2/platform/emlib/src/em_usart.o
                0x080060dc                USART_Enable
 .text.USART_InitAsync
                0x0800614c      0x134 ./gecko_sdk_4.2.2/platform/emlib/src/em_usart.o
                0x0800614c                USART_InitAsync
 .text.USART_Reset
                0x08006280       0xa0 ./gecko_sdk_4.2.2/platform/emlib/src/em_usart.o
                0x08006280                USART_Reset
 .text.sl_sysrtc_wait_sync
                0x08006320       0x20 ./gecko_sdk_4.2.2/platform/peripheral/src/peripheral_sysrtc.o
 .text.sl_sysrtc_wait_ready
                0x08006340       0x2c ./gecko_sdk_4.2.2/platform/peripheral/src/peripheral_sysrtc.o
 .text.sl_sysrtc_stop
                0x0800636c       0x14 ./gecko_sdk_4.2.2/platform/peripheral/src/peripheral_sysrtc.o
 .text.sl_sysrtc_init
                0x08006380       0x38 ./gecko_sdk_4.2.2/platform/peripheral/src/peripheral_sysrtc.o
                0x08006380                sl_sysrtc_init
 .text.sl_sysrtc_enable
                0x080063b8       0x20 ./gecko_sdk_4.2.2/platform/peripheral/src/peripheral_sysrtc.o
                0x080063b8                sl_sysrtc_enable
 .text.sl_sysrtc_disable
                0x080063d8       0x24 ./gecko_sdk_4.2.2/platform/peripheral/src/peripheral_sysrtc.o
                0x080063d8                sl_sysrtc_disable
 .text.sl_sysrtc_init_group
                0x080063fc       0xbc ./gecko_sdk_4.2.2/platform/peripheral/src/peripheral_sysrtc.o
                0x080063fc                sl_sysrtc_init_group
 .text.sl_sysrtc_enable_group_interrupts
                0x080064b8       0x44 ./gecko_sdk_4.2.2/platform/peripheral/src/peripheral_sysrtc.o
                0x080064b8                sl_sysrtc_enable_group_interrupts
 .text.sl_sysrtc_disable_group_interrupts
                0x080064fc       0x44 ./gecko_sdk_4.2.2/platform/peripheral/src/peripheral_sysrtc.o
                0x080064fc                sl_sysrtc_disable_group_interrupts
 .text.sl_sysrtc_clear_group_interrupts
                0x08006540       0x44 ./gecko_sdk_4.2.2/platform/peripheral/src/peripheral_sysrtc.o
                0x08006540                sl_sysrtc_clear_group_interrupts
 .text.sl_sysrtc_get_group_interrupts
                0x08006584       0x3c ./gecko_sdk_4.2.2/platform/peripheral/src/peripheral_sysrtc.o
                0x08006584                sl_sysrtc_get_group_interrupts
 .text.sl_sysrtc_get_group_compare_channel_value
                0x080065c0       0x5c ./gecko_sdk_4.2.2/platform/peripheral/src/peripheral_sysrtc.o
                0x080065c0                sl_sysrtc_get_group_compare_channel_value
 .text.sl_sysrtc_set_group_compare_channel_value
                0x0800661c       0x5c ./gecko_sdk_4.2.2/platform/peripheral/src/peripheral_sysrtc.o
                0x0800661c                sl_sysrtc_set_group_compare_channel_value
 .text.sl_device_init_dcdc
                0x08006678       0x34 ./gecko_sdk_4.2.2/platform/service/device_init/src/sl_device_init_dcdc_s2.o
                0x08006678                sl_device_init_dcdc
 .text.sl_device_init_emu
                0x080066ac       0x34 ./gecko_sdk_4.2.2/platform/service/device_init/src/sl_device_init_emu_s2.o
                0x080066ac                sl_device_init_emu
 .text.sl_device_init_hfxo
                0x080066e0       0xc4 ./gecko_sdk_4.2.2/platform/service/device_init/src/sl_device_init_hfxo_s2.o
                0x080066e0                sl_device_init_hfxo
 .text.sl_device_init_lfxo
                0x080067a4       0x3c ./gecko_sdk_4.2.2/platform/service/device_init/src/sl_device_init_lfxo_s2.o
                0x080067a4                sl_device_init_lfxo
 .text.__NVIC_SetPriority
                0x080067e0       0x50 ./gecko_sdk_4.2.2/platform/service/device_init/src/sl_device_init_nvic.o
 .text.sl_hfxo_manager_init
                0x08006830       0x88 ./gecko_sdk_4.2.2/platform/service/hfxo_manager/src/sl_hfxo_manager.o
                0x08006830                sl_hfxo_manager_init
 .text.sli_hfxo_manager_begin_startup_measurement
                0x080068b8       0x20 ./gecko_sdk_4.2.2/platform/service/hfxo_manager/src/sl_hfxo_manager.o
                0x080068b8                sli_hfxo_manager_begin_startup_measurement
 .text.sli_hfxo_manager_end_startup_measurement
                0x080068d8       0xc8 ./gecko_sdk_4.2.2/platform/service/hfxo_manager/src/sl_hfxo_manager.o
                0x080068d8                sli_hfxo_manager_end_startup_measurement
 .text.sli_hfxo_manager_get_startup_time
                0x080069a0        0xc ./gecko_sdk_4.2.2/platform/service/hfxo_manager/src/sl_hfxo_manager.o
                0x080069a0                sli_hfxo_manager_get_startup_time
 .text.__NVIC_EnableIRQ
                0x080069ac       0x34 ./gecko_sdk_4.2.2/platform/service/hfxo_manager/src/sl_hfxo_manager_hal_s2.o
 .text.__NVIC_ClearPendingIRQ
                0x080069e0       0x38 ./gecko_sdk_4.2.2/platform/service/hfxo_manager/src/sl_hfxo_manager_hal_s2.o
 .text.__NVIC_SetPriority
                0x08006a18       0x50 ./gecko_sdk_4.2.2/platform/service/hfxo_manager/src/sl_hfxo_manager_hal_s2.o
 .text.sli_hfxo_manager_init_hardware
                0x08006a68       0x58 ./gecko_sdk_4.2.2/platform/service/hfxo_manager/src/sl_hfxo_manager_hal_s2.o
                0x08006a68                sli_hfxo_manager_init_hardware
 .text.sli_hfxo_manager_is_hfxo_ready
                0x08006ac0       0x68 ./gecko_sdk_4.2.2/platform/service/hfxo_manager/src/sl_hfxo_manager_hal_s2.o
                0x08006ac0                sli_hfxo_manager_is_hfxo_ready
 .text.sl_hfxo_manager_irq_handler
                0x08006b28       0x64 ./gecko_sdk_4.2.2/platform/service/hfxo_manager/src/sl_hfxo_manager_hal_s2.o
                0x08006b28                sl_hfxo_manager_irq_handler
 .text.sl_iostream_set_default
                0x08006b8c       0x28 ./gecko_sdk_4.2.2/platform/service/iostream/src/sl_iostream.o
                0x08006b8c                sl_iostream_set_default
 .text.sl_iostream_get_default
                0x08006bb4       0x28 ./gecko_sdk_4.2.2/platform/service/iostream/src/sl_iostream.o
                0x08006bb4                sl_iostream_get_default
 .text._write   0x08006bdc       0x34 ./gecko_sdk_4.2.2/platform/service/iostream/src/sl_iostream_retarget_stdio.o
                0x08006bdc                _write
 .text.sl_iostream_stdlib_disable_buffering
                0x08006c10       0x1c ./gecko_sdk_4.2.2/platform/service/iostream/src/sl_iostream_stdlib_config.o
                0x08006c10                sl_iostream_stdlib_disable_buffering
 .text.__NVIC_EnableIRQ
                0x08006c2c       0x34 ./gecko_sdk_4.2.2/platform/service/iostream/src/sl_iostream_uart.o
 .text.__NVIC_DisableIRQ
                0x08006c60       0x44 ./gecko_sdk_4.2.2/platform/service/iostream/src/sl_iostream_uart.o
 .text.__NVIC_ClearPendingIRQ
                0x08006ca4       0x38 ./gecko_sdk_4.2.2/platform/service/iostream/src/sl_iostream_uart.o
 .text.sli_iostream_uart_context_init
                0x08006cdc      0x1e0 ./gecko_sdk_4.2.2/platform/service/iostream/src/sl_iostream_uart.o
                0x08006cdc                sli_iostream_uart_context_init
 .text.sli_uart_txc
                0x08006ebc       0x60 ./gecko_sdk_4.2.2/platform/service/iostream/src/sl_iostream_uart.o
                0x08006ebc                sli_uart_txc
 .text.uart_deinit
                0x08006f1c       0xec ./gecko_sdk_4.2.2/platform/service/iostream/src/sl_iostream_uart.o
 .text.scan_for_ctrl_char
                0x08007008       0xbc ./gecko_sdk_4.2.2/platform/service/iostream/src/sl_iostream_uart.o
 .text.dma_irq_handler
                0x080070c4       0xd0 ./gecko_sdk_4.2.2/platform/service/iostream/src/sl_iostream_uart.o
 .text.get_write_ptr
                0x08007194       0x54 ./gecko_sdk_4.2.2/platform/service/iostream/src/sl_iostream_uart.o
 .text.update_ring_buffer
                0x080071e8      0x148 ./gecko_sdk_4.2.2/platform/service/iostream/src/sl_iostream_uart.o
 .text.read_rx_buffer
                0x08007330      0x1cc ./gecko_sdk_4.2.2/platform/service/iostream/src/sl_iostream_uart.o
 .text.sl_iostream_usart_init
                0x080074fc      0x280 ./gecko_sdk_4.2.2/platform/service/iostream/src/sl_iostream_usart.o
                0x080074fc                sl_iostream_usart_init
 .text.sl_iostream_usart_irq_handler
                0x0800777c      0x120 ./gecko_sdk_4.2.2/platform/service/iostream/src/sl_iostream_usart.o
                0x0800777c                sl_iostream_usart_irq_handler
 .text.sl_power_manager_init
                0x0800789c       0x80 ./gecko_sdk_4.2.2/platform/service/power_manager/src/sl_power_manager.o
                0x0800789c                sl_power_manager_init
 .text.sl_power_manager_sleep
                0x0800791c      0x204 ./gecko_sdk_4.2.2/platform/service/power_manager/src/sl_power_manager.o
                0x0800791c                sl_power_manager_sleep
 .text.sli_power_manager_update_em_requirement
                0x08007b20      0x108 ./gecko_sdk_4.2.2/platform/service/power_manager/src/sl_power_manager.o
                0x08007b20                sli_power_manager_update_em_requirement
 .text.sli_power_manager_get_restore_delay
                0x08007c28       0x48 ./gecko_sdk_4.2.2/platform/service/power_manager/src/sl_power_manager.o
                0x08007c28                sli_power_manager_get_restore_delay
 .text.sl_power_manager_subscribe_em_transition_event
                0x08007c70       0x30 ./gecko_sdk_4.2.2/platform/service/power_manager/src/sl_power_manager.o
                0x08007c70                sl_power_manager_subscribe_em_transition_event
 .text.sl_power_manager_schedule_wakeup_get_restore_overhead_tick
                0x08007ca0       0x14 ./gecko_sdk_4.2.2/platform/service/power_manager/src/sl_power_manager.o
                0x08007ca0                sl_power_manager_schedule_wakeup_get_restore_overhead_tick
 .text.sli_power_manager_convert_delay_us_to_tick
                0x08007cb4       0x2c ./gecko_sdk_4.2.2/platform/service/power_manager/src/sl_power_manager.o
                0x08007cb4                sli_power_manager_convert_delay_us_to_tick
 .text.sl_power_manager_is_latest_wakeup_internal
                0x08007ce0       0x4c ./gecko_sdk_4.2.2/platform/service/power_manager/src/sl_power_manager.o
                0x08007ce0                sl_power_manager_is_latest_wakeup_internal
 .text.get_lowest_em
                0x08007d2c       0x34 ./gecko_sdk_4.2.2/platform/service/power_manager/src/sl_power_manager.o
 .text.power_manager_notify_em_transition
                0x08007d60       0xec ./gecko_sdk_4.2.2/platform/service/power_manager/src/sl_power_manager.o
 .text.evaluate_wakeup
                0x08007e4c       0xf8 ./gecko_sdk_4.2.2/platform/service/power_manager/src/sl_power_manager.o
 .text.update_em1_requirement
                0x08007f44       0x94 ./gecko_sdk_4.2.2/platform/service/power_manager/src/sl_power_manager.o
 .text.clock_restore_and_wait
                0x08007fd8       0x88 ./gecko_sdk_4.2.2/platform/service/power_manager/src/sl_power_manager.o
 .text.clock_restore
                0x08008060       0x6c ./gecko_sdk_4.2.2/platform/service/power_manager/src/sl_power_manager.o
 .text.on_clock_wakeup_timeout
                0x080080cc       0x34 ./gecko_sdk_4.2.2/platform/service/power_manager/src/sl_power_manager.o
 .text.sli_hfxo_manager_notify_ready_for_power_manager
                0x08008100       0x48 ./gecko_sdk_4.2.2/platform/service/power_manager/src/sl_power_manager.o
                0x08008100                sli_hfxo_manager_notify_ready_for_power_manager
 .text.EMU_EnterEM1
                0x08008148       0x18 ./gecko_sdk_4.2.2/platform/service/power_manager/src/sl_power_manager_hal_s2.o
 .text.sli_power_manager_init_hardware
                0x08008160      0x210 ./gecko_sdk_4.2.2/platform/service/power_manager/src/sl_power_manager_hal_s2.o
                0x08008160                sli_power_manager_init_hardware
 .text.sli_power_manager_em23_voltage_scaling_enable_fast_wakeup
                0x08008370       0x88 ./gecko_sdk_4.2.2/platform/service/power_manager/src/sl_power_manager_hal_s2.o
                0x08008370                sli_power_manager_em23_voltage_scaling_enable_fast_wakeup
 .text.EMU_EM23PresleepHook
                0x080083f8       0x30 ./gecko_sdk_4.2.2/platform/service/power_manager/src/sl_power_manager_hal_s2.o
                0x080083f8                EMU_EM23PresleepHook
 .text.EMU_EM23PostsleepHook
                0x08008428       0x70 ./gecko_sdk_4.2.2/platform/service/power_manager/src/sl_power_manager_hal_s2.o
                0x08008428                EMU_EM23PostsleepHook
 .text.sli_power_manager_handle_pre_deepsleep_operations
                0x08008498       0x10 ./gecko_sdk_4.2.2/platform/service/power_manager/src/sl_power_manager_hal_s2.o
                0x08008498                sli_power_manager_handle_pre_deepsleep_operations
 .text.sli_power_manager_restore_high_freq_accuracy_clk
                0x080084a8       0x70 ./gecko_sdk_4.2.2/platform/service/power_manager/src/sl_power_manager_hal_s2.o
                0x080084a8                sli_power_manager_restore_high_freq_accuracy_clk
 .text.sli_power_manager_is_high_freq_accuracy_clk_ready
                0x08008518       0x34 ./gecko_sdk_4.2.2/platform/service/power_manager/src/sl_power_manager_hal_s2.o
                0x08008518                sli_power_manager_is_high_freq_accuracy_clk_ready
 .text.sli_power_manager_restore_states
                0x0800854c       0x48 ./gecko_sdk_4.2.2/platform/service/power_manager/src/sl_power_manager_hal_s2.o
                0x0800854c                sli_power_manager_restore_states
 .text.sli_power_manager_apply_em
                0x08008594       0x50 ./gecko_sdk_4.2.2/platform/service/power_manager/src/sl_power_manager_hal_s2.o
                0x08008594                sli_power_manager_apply_em
 .text.sli_power_manager_get_wakeup_process_time_overhead
                0x080085e4       0x3c ./gecko_sdk_4.2.2/platform/service/power_manager/src/sl_power_manager_hal_s2.o
                0x080085e4                sli_power_manager_get_wakeup_process_time_overhead
 .text.sl_sleeptimer_init
                0x08008620       0xa0 ./gecko_sdk_4.2.2/platform/service/sleeptimer/src/sl_sleeptimer.o
                0x08008620                sl_sleeptimer_init
 .text.sl_sleeptimer_stop_timer
                0x080086c0       0x80 ./gecko_sdk_4.2.2/platform/service/sleeptimer/src/sl_sleeptimer.o
                0x080086c0                sl_sleeptimer_stop_timer
 .text.sl_sleeptimer_get_remaining_time_of_first_timer
                0x08008740       0x94 ./gecko_sdk_4.2.2/platform/service/sleeptimer/src/sl_sleeptimer.o
                0x08008740                sl_sleeptimer_get_remaining_time_of_first_timer
 .text.sli_sleeptimer_is_power_manager_timer_next_to_expire
                0x080087d4       0x18 ./gecko_sdk_4.2.2/platform/service/sleeptimer/src/sl_sleeptimer.o
                0x080087d4                sli_sleeptimer_is_power_manager_timer_next_to_expire
 .text.sl_sleeptimer_get_timer_frequency
                0x080087ec        0xc ./gecko_sdk_4.2.2/platform/service/sleeptimer/src/sl_sleeptimer.o
                0x080087ec                sl_sleeptimer_get_timer_frequency
 .text.process_timer_irq
                0x080087f8      0x258 ./gecko_sdk_4.2.2/platform/service/sleeptimer/src/sl_sleeptimer.o
                0x080087f8                process_timer_irq
 .text.delta_list_insert_timer
                0x08008a50       0xd4 ./gecko_sdk_4.2.2/platform/service/sleeptimer/src/sl_sleeptimer.o
 .text.delta_list_remove_timer
                0x08008b24       0x74 ./gecko_sdk_4.2.2/platform/service/sleeptimer/src/sl_sleeptimer.o
 .text.set_comparator_for_next_timer
                0x08008b98       0x4c ./gecko_sdk_4.2.2/platform/service/sleeptimer/src/sl_sleeptimer.o
 .text.update_delta_list
                0x08008be4       0x70 ./gecko_sdk_4.2.2/platform/service/sleeptimer/src/sl_sleeptimer.o
 .text.create_timer
                0x08008c54       0xa8 ./gecko_sdk_4.2.2/platform/service/sleeptimer/src/sl_sleeptimer.o
 .text.update_next_timer_to_expire_is_power_manager
                0x08008cfc       0x58 ./gecko_sdk_4.2.2/platform/service/sleeptimer/src/sl_sleeptimer.o
 .text.sl_sleeptimer_is_power_manager_early_restore_timer_latest_to_expire
                0x08008d54       0x28 ./gecko_sdk_4.2.2/platform/service/sleeptimer/src/sl_sleeptimer.o
                0x08008d54                sl_sleeptimer_is_power_manager_early_restore_timer_latest_to_expire
 .text.__NVIC_EnableIRQ
                0x08008d7c       0x34 ./gecko_sdk_4.2.2/platform/service/sleeptimer/src/sl_sleeptimer_hal_sysrtc.o
 .text.__NVIC_ClearPendingIRQ
                0x08008db0       0x38 ./gecko_sdk_4.2.2/platform/service/sleeptimer/src/sl_sleeptimer_hal_sysrtc.o
 .text.sl_sysrtc_wait_sync
                0x08008de8       0x20 ./gecko_sdk_4.2.2/platform/service/sleeptimer/src/sl_sleeptimer_hal_sysrtc.o
 .text.sl_sysrtc_get_counter
                0x08008e08       0x14 ./gecko_sdk_4.2.2/platform/service/sleeptimer/src/sl_sleeptimer_hal_sysrtc.o
 .text.sl_sysrtc_set_counter
                0x08008e1c       0x1c ./gecko_sdk_4.2.2/platform/service/sleeptimer/src/sl_sleeptimer_hal_sysrtc.o
 .text.sleeptimer_hal_set_compare
                0x08008e38       0xac ./gecko_sdk_4.2.2/platform/service/sleeptimer/src/sl_sleeptimer_hal_sysrtc.o
                0x08008e38                sleeptimer_hal_set_compare
 .text.sleeptimer_hal_disable_int
                0x08008ee4       0x60 ./gecko_sdk_4.2.2/platform/service/sleeptimer/src/sl_sleeptimer_hal_sysrtc.o
                0x08008ee4                sleeptimer_hal_disable_int
 .text.sleeptimer_hal_set_int
                0x08008f44       0x2c ./gecko_sdk_4.2.2/platform/service/sleeptimer/src/sl_sleeptimer_hal_sysrtc.o
                0x08008f44                sleeptimer_hal_set_int
 .text.sl_udelay_wait
                0x08008f70       0x80 ./gecko_sdk_4.2.2/platform/service/udelay/src/sl_udelay.o
                0x08008f70                sl_udelay_wait
 .text.GPIO_PinOutClear
                0x08008ff0       0x84 ./src/GPIO.o
 .text.init_I2C1
                0x08009074       0x94 ./src/I2C.o
                0x08009074                init_I2C1
 .text.TIMER0_IRQHandler
                0x08009108       0x34 ./src/irq.o
                0x08009108                TIMER0_IRQHandler
 .text.gps_read_flag_set
                0x0800913c       0x1c ./src/sam-m8q.o
                0x0800913c                gps_read_flag_set
 .text.gps_read_pending_data_length
                0x08009158       0x90 ./src/sam-m8q.o
                0x08009158                gps_read_pending_data_length
 .text.gps_read_pending_data
                0x080091e8       0x98 ./src/sam-m8q.o
                0x080091e8                gps_read_pending_data
 .text.gps_enable_periodic_updates
                0x08009280       0xbc ./src/sam-m8q.o
                0x08009280                gps_enable_periodic_updates
 .text.__NVIC_EnableIRQ
                0x0800933c       0x34 ./src/timers.o
 .text.__NVIC_ClearPendingIRQ
                0x08009370       0x38 ./src/timers.o
 .text.TIMER_Valid
                0x080093a8       0x54 ./src/timers.o
 .text.TIMER_MaxCount
                0x080093fc       0xf0 ./src/timers.o
 .text.TIMER_Enable
                0x080094ec       0x44 ./src/timers.o
 .text.TIMER_TopSet
                0x08009530       0x48 ./src/timers.o
 .text.init_timer0
                0x08009578       0x70 ./src/timers.o
                0x08009578                init_timer0
 .text          0x080095e8      0x378 c:/siliconlabs/simplicitystudio/v5/developer/toolchains/gnu_arm/10.3_2021.10/bin/../lib/gcc/arm-none-eabi/10.3.1/thumb/v8-m.main+fp/hard\libgcc.a(_arm_addsubdf3.o)
                0x080095e8                __aeabi_drsub
                0x080095f0                __aeabi_dsub
                0x080095f0                __subdf3
                0x080095f4                __aeabi_dadd
                0x080095f4                __adddf3
                0x0800986c                __floatunsidf
                0x0800986c                __aeabi_ui2d
                0x0800988c                __floatsidf
                0x0800988c                __aeabi_i2d
                0x080098b0                __aeabi_f2d
                0x080098b0                __extendsfdf2
                0x080098f4                __floatundidf
                0x080098f4                __aeabi_ul2d
                0x08009904                __floatdidf
                0x08009904                __aeabi_l2d
 .text          0x08009960       0xa0 c:/siliconlabs/simplicitystudio/v5/developer/toolchains/gnu_arm/10.3_2021.10/bin/../lib/gcc/arm-none-eabi/10.3.1/thumb/v8-m.main+fp/hard\libgcc.a(_arm_truncdfsf2.o)
                0x08009960                __truncdfsf2
                0x08009960                __aeabi_d2f
 .text          0x08009a00       0x30 c:/siliconlabs/simplicitystudio/v5/developer/toolchains/gnu_arm/10.3_2021.10/bin/../lib/gcc/arm-none-eabi/10.3.1/thumb/v8-m.main+fp/hard\libgcc.a(_aeabi_uldivmod.o)
                0x08009a00                __aeabi_uldivmod
 .text          0x08009a30      0x2ec c:/siliconlabs/simplicitystudio/v5/developer/toolchains/gnu_arm/10.3_2021.10/bin/../lib/gcc/arm-none-eabi/10.3.1/thumb/v8-m.main+fp/hard\libgcc.a(_udivmoddi4.o)
                0x08009a30                __udivmoddi4
 .text          0x08009d1c        0x4 c:/siliconlabs/simplicitystudio/v5/developer/toolchains/gnu_arm/10.3_2021.10/bin/../lib/gcc/arm-none-eabi/10.3.1/thumb/v8-m.main+fp/hard\libgcc.a(_dvmd_tls.o)
                0x08009d1c                __aeabi_idiv0
                0x08009d1c                __aeabi_ldiv0
 .text.exit     0x08009d20       0x28 c:/siliconlabs/simplicitystudio/v5/developer/toolchains/gnu_arm/10.3_2021.10/bin/../lib/gcc/arm-none-eabi/10.3.1/../../../../arm-none-eabi/lib/thumb/v8-m.main+fp/hard\libc_nano.a(lib_a-exit.o)
                0x08009d20                exit
 .text.__libc_init_array
                0x08009d48       0x48 c:/siliconlabs/simplicitystudio/v5/developer/toolchains/gnu_arm/10.3_2021.10/bin/../lib/gcc/arm-none-eabi/10.3.1/../../../../arm-none-eabi/lib/thumb/v8-m.main+fp/hard\libc_nano.a(lib_a-init.o)
                0x08009d48                __libc_init_array
 .text._printf_float
                0x08009d90      0x46c c:/siliconlabs/simplicitystudio/v5/developer/toolchains/gnu_arm/10.3_2021.10/bin/../lib/gcc/arm-none-eabi/10.3.1/../../../../arm-none-eabi/lib/thumb/v8-m.main+fp/hard\libc_nano.a(lib_a-nano-vfprintf_float.o)
                0x08009d90                _printf_float
 .text._printf_i
                0x0800a1fc      0x24c c:/siliconlabs/simplicitystudio/v5/developer/toolchains/gnu_arm/10.3_2021.10/bin/../lib/gcc/arm-none-eabi/10.3.1/../../../../arm-none-eabi/lib/thumb/v8-m.main+fp/hard\libc_nano.a(lib_a-nano-vfprintf_i.o)
                0x0800a1fc                _printf_i
 .text.setvbuf  0x0800a448      0x188 c:/siliconlabs/simplicitystudio/v5/developer/toolchains/gnu_arm/10.3_2021.10/bin/../lib/gcc/arm-none-eabi/10.3.1/../../../../arm-none-eabi/lib/thumb/v8-m.main+fp/hard\libc_nano.a(lib_a-setvbuf.o)
                0x0800a448                setvbuf
 .text.vprintf  0x0800a5d0       0x30 c:/siliconlabs/simplicitystudio/v5/developer/toolchains/gnu_arm/10.3_2021.10/bin/../lib/gcc/arm-none-eabi/10.3.1/../../../../arm-none-eabi/lib/thumb/v8-m.main+fp/hard\libc_nano.a(lib_a-vprintf.o)
                0x0800a5d0                viprintf
                0x0800a5d0                vprintf
 .text.__sflush_r
                0x0800a600      0x108 c:/siliconlabs/simplicitystudio/v5/developer/toolchains/gnu_arm/10.3_2021.10/bin/../lib/gcc/arm-none-eabi/10.3.1/../../../../arm-none-eabi/lib/thumb/v8-m.main+fp/hard\libc_nano.a(lib_a-fflush.o)
                0x0800a600                __sflush_r
 .text._fflush_r
                0x0800a708       0x78 c:/siliconlabs/simplicitystudio/v5/developer/toolchains/gnu_arm/10.3_2021.10/bin/../lib/gcc/arm-none-eabi/10.3.1/../../../../arm-none-eabi/lib/thumb/v8-m.main+fp/hard\libc_nano.a(lib_a-fflush.o)
                0x0800a708                _fflush_r
 .text.std      0x0800a780       0x48 c:/siliconlabs/simplicitystudio/v5/developer/toolchains/gnu_arm/10.3_2021.10/bin/../lib/gcc/arm-none-eabi/10.3.1/../../../../arm-none-eabi/lib/thumb/v8-m.main+fp/hard\libc_nano.a(lib_a-findfp.o)
 .text._cleanup_r
                0x0800a7c8        0xc c:/siliconlabs/simplicitystudio/v5/developer/toolchains/gnu_arm/10.3_2021.10/bin/../lib/gcc/arm-none-eabi/10.3.1/../../../../arm-none-eabi/lib/thumb/v8-m.main+fp/hard\libc_nano.a(lib_a-findfp.o)
                0x0800a7c8                _cleanup_r
 .text.__sfp_lock_acquire
                0x0800a7d4        0xc c:/siliconlabs/simplicitystudio/v5/developer/toolchains/gnu_arm/10.3_2021.10/bin/../lib/gcc/arm-none-eabi/10.3.1/../../../../arm-none-eabi/lib/thumb/v8-m.main+fp/hard\libc_nano.a(lib_a-findfp.o)
                0x0800a7d4                __sfp_lock_acquire
 .text.__sfp_lock_release
                0x0800a7e0        0xc c:/siliconlabs/simplicitystudio/v5/developer/toolchains/gnu_arm/10.3_2021.10/bin/../lib/gcc/arm-none-eabi/10.3.1/../../../../arm-none-eabi/lib/thumb/v8-m.main+fp/hard\libc_nano.a(lib_a-findfp.o)
                0x0800a7e0                __sfp_lock_release
 .text.__sinit_lock_acquire
                0x0800a7ec        0xc c:/siliconlabs/simplicitystudio/v5/developer/toolchains/gnu_arm/10.3_2021.10/bin/../lib/gcc/arm-none-eabi/10.3.1/../../../../arm-none-eabi/lib/thumb/v8-m.main+fp/hard\libc_nano.a(lib_a-findfp.o)
                0x0800a7ec                __sinit_lock_acquire
 .text.__sinit_lock_release
                0x0800a7f8        0xc c:/siliconlabs/simplicitystudio/v5/developer/toolchains/gnu_arm/10.3_2021.10/bin/../lib/gcc/arm-none-eabi/10.3.1/../../../../arm-none-eabi/lib/thumb/v8-m.main+fp/hard\libc_nano.a(lib_a-findfp.o)
                0x0800a7f8                __sinit_lock_release
 .text.__sinit  0x0800a804       0x70 c:/siliconlabs/simplicitystudio/v5/developer/toolchains/gnu_arm/10.3_2021.10/bin/../lib/gcc/arm-none-eabi/10.3.1/../../../../arm-none-eabi/lib/thumb/v8-m.main+fp/hard\libc_nano.a(lib_a-findfp.o)
                0x0800a804                __sinit
 .text.__sfp    0x0800a874       0x8c c:/siliconlabs/simplicitystudio/v5/developer/toolchains/gnu_arm/10.3_2021.10/bin/../lib/gcc/arm-none-eabi/10.3.1/../../../../arm-none-eabi/lib/thumb/v8-m.main+fp/hard\libc_nano.a(lib_a-findfp.o)
                0x0800a874                __sfp
 .text._localeconv_r
                0x0800a900        0x8 c:/siliconlabs/simplicitystudio/v5/developer/toolchains/gnu_arm/10.3_2021.10/bin/../lib/gcc/arm-none-eabi/10.3.1/../../../../arm-none-eabi/lib/thumb/v8-m.main+fp/hard\libc_nano.a(lib_a-localeconv.o)
                0x0800a900                _localeconv_r
 .text.__smakebuf_r
                0x0800a908       0x80 c:/siliconlabs/simplicitystudio/v5/developer/toolchains/gnu_arm/10.3_2021.10/bin/../lib/gcc/arm-none-eabi/10.3.1/../../../../arm-none-eabi/lib/thumb/v8-m.main+fp/hard\libc_nano.a(lib_a-makebuf.o)
                0x0800a908                __smakebuf_r
 .text.malloc   0x0800a988       0x10 c:/siliconlabs/simplicitystudio/v5/developer/toolchains/gnu_arm/10.3_2021.10/bin/../lib/gcc/arm-none-eabi/10.3.1/../../../../arm-none-eabi/lib/thumb/v8-m.main+fp/hard\libc_nano.a(lib_a-malloc.o)
                0x0800a988                malloc
 .text._Balloc  0x0800a998       0x80 c:/siliconlabs/simplicitystudio/v5/developer/toolchains/gnu_arm/10.3_2021.10/bin/../lib/gcc/arm-none-eabi/10.3.1/../../../../arm-none-eabi/lib/thumb/v8-m.main+fp/hard\libc_nano.a(lib_a-mprec.o)
                0x0800a998                _Balloc
 .text._Bfree   0x0800aa18       0x44 c:/siliconlabs/simplicitystudio/v5/developer/toolchains/gnu_arm/10.3_2021.10/bin/../lib/gcc/arm-none-eabi/10.3.1/../../../../arm-none-eabi/lib/thumb/v8-m.main+fp/hard\libc_nano.a(lib_a-mprec.o)
                0x0800aa18                _Bfree
 .text.__multadd
                0x0800aa5c       0x90 c:/siliconlabs/simplicitystudio/v5/developer/toolchains/gnu_arm/10.3_2021.10/bin/../lib/gcc/arm-none-eabi/10.3.1/../../../../arm-none-eabi/lib/thumb/v8-m.main+fp/hard\libc_nano.a(lib_a-mprec.o)
                0x0800aa5c                __multadd
 .text.__i2b    0x0800aaec       0x2c c:/siliconlabs/simplicitystudio/v5/developer/toolchains/gnu_arm/10.3_2021.10/bin/../lib/gcc/arm-none-eabi/10.3.1/../../../../arm-none-eabi/lib/thumb/v8-m.main+fp/hard\libc_nano.a(lib_a-mprec.o)
                0x0800aaec                __i2b
 .text.__multiply
                0x0800ab18      0x150 c:/siliconlabs/simplicitystudio/v5/developer/toolchains/gnu_arm/10.3_2021.10/bin/../lib/gcc/arm-none-eabi/10.3.1/../../../../arm-none-eabi/lib/thumb/v8-m.main+fp/hard\libc_nano.a(lib_a-mprec.o)
                0x0800ab18                __multiply
 .text.__pow5mult
                0x0800ac68       0xb4 c:/siliconlabs/simplicitystudio/v5/developer/toolchains/gnu_arm/10.3_2021.10/bin/../lib/gcc/arm-none-eabi/10.3.1/../../../../arm-none-eabi/lib/thumb/v8-m.main+fp/hard\libc_nano.a(lib_a-mprec.o)
                0x0800ac68                __pow5mult
 .text.__lshift
                0x0800ad1c       0xe0 c:/siliconlabs/simplicitystudio/v5/developer/toolchains/gnu_arm/10.3_2021.10/bin/../lib/gcc/arm-none-eabi/10.3.1/../../../../arm-none-eabi/lib/thumb/v8-m.main+fp/hard\libc_nano.a(lib_a-mprec.o)
                0x0800ad1c                __lshift
 .text.__mdiff  0x0800adfc      0x120 c:/siliconlabs/simplicitystudio/v5/developer/toolchains/gnu_arm/10.3_2021.10/bin/../lib/gcc/arm-none-eabi/10.3.1/../../../../arm-none-eabi/lib/thumb/v8-m.main+fp/hard\libc_nano.a(lib_a-mprec.o)
                0x0800adfc                __mdiff
 .text.__d2b    0x0800af1c       0xb8 c:/siliconlabs/simplicitystudio/v5/developer/toolchains/gnu_arm/10.3_2021.10/bin/../lib/gcc/arm-none-eabi/10.3.1/../../../../arm-none-eabi/lib/thumb/v8-m.main+fp/hard\libc_nano.a(lib_a-mprec.o)
                0x0800af1c                __d2b
 .text._free_r  0x0800afd4       0x98 c:/siliconlabs/simplicitystudio/v5/developer/toolchains/gnu_arm/10.3_2021.10/bin/../lib/gcc/arm-none-eabi/10.3.1/../../../../arm-none-eabi/lib/thumb/v8-m.main+fp/hard\libc_nano.a(lib_a-nano-freer.o)
                0x0800afd4                _free_r
 .text.sbrk_aligned
                0x0800b06c       0x40 c:/siliconlabs/simplicitystudio/v5/developer/toolchains/gnu_arm/10.3_2021.10/bin/../lib/gcc/arm-none-eabi/10.3.1/../../../../arm-none-eabi/lib/thumb/v8-m.main+fp/hard\libc_nano.a(lib_a-nano-mallocr.o)
 .text._malloc_r
                0x0800b0ac       0xe8 c:/siliconlabs/simplicitystudio/v5/developer/toolchains/gnu_arm/10.3_2021.10/bin/../lib/gcc/arm-none-eabi/10.3.1/../../../../arm-none-eabi/lib/thumb/v8-m.main+fp/hard\libc_nano.a(lib_a-nano-mallocr.o)
                0x0800b0ac                _malloc_r
 .text._vfprintf_r
                0x0800b194      0x260 c:/siliconlabs/simplicitystudio/v5/developer/toolchains/gnu_arm/10.3_2021.10/bin/../lib/gcc/arm-none-eabi/10.3.1/../../../../arm-none-eabi/lib/thumb/v8-m.main+fp/hard\libc_nano.a(lib_a-nano-vfprintf.o)
                0x0800b194                _vfprintf_r
                0x0800b194                _vfiprintf_r
 .text._sbrk_r  0x0800b3f4       0x20 c:/siliconlabs/simplicitystudio/v5/developer/toolchains/gnu_arm/10.3_2021.10/bin/../lib/gcc/arm-none-eabi/10.3.1/../../../../arm-none-eabi/lib/thumb/v8-m.main+fp/hard\libc_nano.a(lib_a-sbrkr.o)
                0x0800b3f4                _sbrk_r
 .text.__swbuf_r
                0x0800b414       0xa4 c:/siliconlabs/simplicitystudio/v5/developer/toolchains/gnu_arm/10.3_2021.10/bin/../lib/gcc/arm-none-eabi/10.3.1/../../../../arm-none-eabi/lib/thumb/v8-m.main+fp/hard\libc_nano.a(lib_a-wbuf.o)
                0x0800b414                __swbuf_r
 .text._write_r
                0x0800b4b8       0x24 c:/siliconlabs/simplicitystudio/v5/developer/toolchains/gnu_arm/10.3_2021.10/bin/../lib/gcc/arm-none-eabi/10.3.1/../../../../arm-none-eabi/lib/thumb/v8-m.main+fp/hard\libc_nano.a(lib_a-writer.o)
                0x0800b4b8                _write_r
 .text.__swsetup_r
                0x0800b4dc       0xdc c:/siliconlabs/simplicitystudio/v5/developer/toolchains/gnu_arm/10.3_2021.10/bin/../lib/gcc/arm-none-eabi/10.3.1/../../../../arm-none-eabi/lib/thumb/v8-m.main+fp/hard\libc_nano.a(lib_a-wsetup.o)
                0x0800b4dc                __swsetup_r
 .text.__assert_func
                0x0800b5b8       0x3c c:/siliconlabs/simplicitystudio/v5/developer/toolchains/gnu_arm/10.3_2021.10/bin/../lib/gcc/arm-none-eabi/10.3.1/../../../../arm-none-eabi/lib/thumb/v8-m.main+fp/hard\libc_nano.a(lib_a-assert.o)
                0x0800b5b8                __assert_func
 .text._close_r
                0x0800b5f4       0x20 c:/siliconlabs/simplicitystudio/v5/developer/toolchains/gnu_arm/10.3_2021.10/bin/../lib/gcc/arm-none-eabi/10.3.1/../../../../arm-none-eabi/lib/thumb/v8-m.main+fp/hard\libc_nano.a(lib_a-closer.o)
                0x0800b5f4                _close_r
 .text.fprintf  0x0800b614       0x24 c:/siliconlabs/simplicitystudio/v5/developer/toolchains/gnu_arm/10.3_2021.10/bin/../lib/gcc/arm-none-eabi/10.3.1/../../../../arm-none-eabi/lib/thumb/v8-m.main+fp/hard\libc_nano.a(lib_a-fprintf.o)
                0x0800b614                fiprintf
                0x0800b614                fprintf
 .text._fstat_r
                0x0800b638       0x24 c:/siliconlabs/simplicitystudio/v5/developer/toolchains/gnu_arm/10.3_2021.10/bin/../lib/gcc/arm-none-eabi/10.3.1/../../../../arm-none-eabi/lib/thumb/v8-m.main+fp/hard\libc_nano.a(lib_a-fstatr.o)
                0x0800b638                _fstat_r
 .text._isatty_r
                0x0800b65c       0x20 c:/siliconlabs/simplicitystudio/v5/developer/toolchains/gnu_arm/10.3_2021.10/bin/../lib/gcc/arm-none-eabi/10.3.1/../../../../arm-none-eabi/lib/thumb/v8-m.main+fp/hard\libc_nano.a(lib_a-isattyr.o)
                0x0800b65c                _isatty_r
 .text._lseek_r
                0x0800b67c       0x24 c:/siliconlabs/simplicitystudio/v5/developer/toolchains/gnu_arm/10.3_2021.10/bin/../lib/gcc/arm-none-eabi/10.3.1/../../../../arm-none-eabi/lib/thumb/v8-m.main+fp/hard\libc_nano.a(lib_a-lseekr.o)
                0x0800b67c                _lseek_r
 .text.__malloc_lock
                0x0800b6a0        0xc c:/siliconlabs/simplicitystudio/v5/developer/toolchains/gnu_arm/10.3_2021.10/bin/../lib/gcc/arm-none-eabi/10.3.1/../../../../arm-none-eabi/lib/thumb/v8-m.main+fp/hard\libc_nano.a(lib_a-mlock.o)
                0x0800b6a0                __malloc_lock
 .text.__malloc_unlock
                0x0800b6ac        0xc c:/siliconlabs/simplicitystudio/v5/developer/toolchains/gnu_arm/10.3_2021.10/bin/../lib/gcc/arm-none-eabi/10.3.1/../../../../arm-none-eabi/lib/thumb/v8-m.main+fp/hard\libc_nano.a(lib_a-mlock.o)
                0x0800b6ac                __malloc_unlock
 .text._read_r  0x0800b6b8       0x24 c:/siliconlabs/simplicitystudio/v5/developer/toolchains/gnu_arm/10.3_2021.10/bin/../lib/gcc/arm-none-eabi/10.3.1/../../../../arm-none-eabi/lib/thumb/v8-m.main+fp/hard\libc_nano.a(lib_a-readr.o)
                0x0800b6b8                _read_r
 .text.raise    0x0800b6dc       0x10 c:/siliconlabs/simplicitystudio/v5/developer/toolchains/gnu_arm/10.3_2021.10/bin/../lib/gcc/arm-none-eabi/10.3.1/../../../../arm-none-eabi/lib/thumb/v8-m.main+fp/hard\libc_nano.a(lib_a-signal.o)
                0x0800b6dc                raise
 .text._kill_r  0x0800b6ec       0x24 c:/siliconlabs/simplicitystudio/v5/developer/toolchains/gnu_arm/10.3_2021.10/bin/../lib/gcc/arm-none-eabi/10.3.1/../../../../arm-none-eabi/lib/thumb/v8-m.main+fp/hard\libc_nano.a(lib_a-signalr.o)
                0x0800b6ec                _kill_r
 .text          0x0800b710      0x424 c:/siliconlabs/simplicitystudio/v5/developer/toolchains/gnu_arm/10.3_2021.10/bin/../lib/gcc/arm-none-eabi/10.3.1/thumb/v8-m.main+fp/hard\libgcc.a(_arm_muldivdf3.o)
                0x0800b710                __aeabi_dmul
                0x0800b710                __muldf3
                0x0800b964                __divdf3
                0x0800b964                __aeabi_ddiv
 .text          0x0800bb34      0x110 c:/siliconlabs/simplicitystudio/v5/developer/toolchains/gnu_arm/10.3_2021.10/bin/../lib/gcc/arm-none-eabi/10.3.1/thumb/v8-m.main+fp/hard\libgcc.a(_arm_cmpdf2.o)
                0x0800bb34                __gtdf2
                0x0800bb34                __gedf2
                0x0800bb3c                __ltdf2
                0x0800bb3c                __ledf2
                0x0800bb44                __nedf2
                0x0800bb44                __eqdf2
                0x0800bb44                __cmpdf2
                0x0800bbc0                __aeabi_cdrcmple
                0x0800bbd0                __aeabi_cdcmpeq
                0x0800bbd0                __aeabi_cdcmple
                0x0800bbe0                __aeabi_dcmpeq
                0x0800bbf4                __aeabi_dcmplt
                0x0800bc08                __aeabi_dcmple
                0x0800bc1c                __aeabi_dcmpge
                0x0800bc30                __aeabi_dcmpgt
 .text          0x0800bc44       0x2c c:/siliconlabs/simplicitystudio/v5/developer/toolchains/gnu_arm/10.3_2021.10/bin/../lib/gcc/arm-none-eabi/10.3.1/thumb/v8-m.main+fp/hard\libgcc.a(_arm_unorddf2.o)
                0x0800bc44                __unorddf2
                0x0800bc44                __aeabi_dcmpun
 .text          0x0800bc70       0x50 c:/siliconlabs/simplicitystudio/v5/developer/toolchains/gnu_arm/10.3_2021.10/bin/../lib/gcc/arm-none-eabi/10.3.1/thumb/v8-m.main+fp/hard\libgcc.a(_arm_fixdfsi.o)
                0x0800bc70                __aeabi_d2iz
                0x0800bc70                __fixdfsi
 .text.main     0x0800bcc0       0x18 ./main.o
                0x0800bcc0                main
 .text.sl_board_default_init
                0x0800bcd8        0xa ./autogen/sl_board_default_init.o
                0x0800bcd8                sl_board_default_init
 .text.CHIP_Init
                0x0800bce2        0x4 ./autogen/sl_event_handler.o
 .text.sl_platform_init
                0x0800bce6       0x32 ./autogen/sl_event_handler.o
                0x0800bce6                sl_platform_init
 .text.sl_driver_init
                0x0800bd18       0x12 ./autogen/sl_event_handler.o
                0x0800bd18                sl_driver_init
 .text.sl_service_init
                0x0800bd2a       0x1a ./autogen/sl_event_handler.o
                0x0800bd2a                sl_service_init
 .text.sl_stack_init
                0x0800bd44        0x4 ./autogen/sl_event_handler.o
                0x0800bd44                sl_stack_init
 .text.sl_internal_app_init
                0x0800bd48        0xa ./autogen/sl_event_handler.o
                0x0800bd48                sl_internal_app_init
 .text.sl_platform_process_action
                0x0800bd52        0x4 ./autogen/sl_event_handler.o
                0x0800bd52                sl_platform_process_action
 .text.sl_service_process_action
                0x0800bd56        0x4 ./autogen/sl_event_handler.o
                0x0800bd56                sl_service_process_action
 .text.sl_stack_process_action
                0x0800bd5a        0x4 ./autogen/sl_event_handler.o
                0x0800bd5a                sl_stack_process_action
 .text.sl_internal_app_process_action
                0x0800bd5e        0x4 ./autogen/sl_event_handler.o
                0x0800bd5e                sl_internal_app_process_action
 .text.sl_iostream_init_instances
                0x0800bd62        0xa ./autogen/sl_event_handler.o
                0x0800bd62                sl_iostream_init_instances
 .text.BUS_RegBitRead
                0x0800bd6c       0x1a ./autogen/sl_iostream_init_usart_instances.o
 .text.sl_iostream_uart_sleep_on_isr_exit
                0x0800bd86       0x1c ./autogen/sl_iostream_init_usart_instances.o
 .text.app_is_ok_to_sleep
                0x0800bda2        0x6 ./autogen/sl_power_manager_handler.o
                0x0800bda2                app_is_ok_to_sleep
 .text.app_sleep_on_isr_exit
                0x0800bda8        0x6 ./autogen/sl_power_manager_handler.o
                0x0800bda8                app_sleep_on_isr_exit
 .text.sl_power_manager_is_ok_to_sleep
                0x0800bdae       0x2c ./autogen/sl_power_manager_handler.o
                0x0800bdae                sl_power_manager_is_ok_to_sleep
 .text.sl_power_manager_sleep_on_isr_exit
                0x0800bdda       0x84 ./autogen/sl_power_manager_handler.o
                0x0800bdda                sl_power_manager_sleep_on_isr_exit
 .text.sl_board_configure_vcom
                0x0800be5e        0xc ./gecko_sdk_4.2.2/hardware/board/src/sl_board_control_gpio.o
                0x0800be5e                sl_board_configure_vcom
 .text.sl_board_enable_vcom
                0x0800be6a       0x14 ./gecko_sdk_4.2.2/hardware/board/src/sl_board_control_gpio.o
                0x0800be6a                sl_board_enable_vcom
 .text.sl_board_disable_vcom
                0x0800be7e       0x14 ./gecko_sdk_4.2.2/hardware/board/src/sl_board_control_gpio.o
                0x0800be7e                sl_board_disable_vcom
 .text.sl_board_init
                0x0800be92       0x16 ./gecko_sdk_4.2.2/hardware/board/src/sl_board_init.o
                0x0800be92                sl_board_init
 .text.sl_board_preinit
                0x0800bea8        0xe ./gecko_sdk_4.2.2/hardware/board/src/sl_board_init.o
                0x0800bea8                sl_board_preinit
 .text.sl_cos_send_config
                0x0800beb6        0xc ./gecko_sdk_4.2.2/hardware/driver/configuration_over_swo/src/sl_cos.o
                0x0800beb6                sl_cos_send_config
 .text.cs_low   0x0800bec2        0xe ./gecko_sdk_4.2.2/hardware/driver/mx25_flash_shutdown/src/sl_mx25_flash_shutdown_eusart/sl_mx25_flash_shutdown.o
 .text.cs_high  0x0800bed0        0xe ./gecko_sdk_4.2.2/hardware/driver/mx25_flash_shutdown/src/sl_mx25_flash_shutdown_eusart/sl_mx25_flash_shutdown.o
 .text.Default_Handler
                0x0800bede        0x2 ./gecko_sdk_4.2.2/platform/Device/SiliconLabs/EFR32MG24/Source/startup_efr32mg24.o
                0x0800bede                ULFRCO_IRQHandler
                0x0800bede                AHB2AHB1_IRQHandler
                0x0800bede                SW2_IRQHandler
                0x0800bede                TIMER2_IRQHandler
                0x0800bede                DebugMon_Handler
                0x0800bede                IADC_IRQHandler
                0x0800bede                EUSART0_TX_IRQHandler
                0x0800bede                I2C0_IRQHandler
                0x0800bede                LFXO_IRQHandler
                0x0800bede                HardFault_Handler
                0x0800bede                SMU_SECURE_IRQHandler
                0x0800bede                SysTick_Handler
                0x0800bede                SYSRTC_SEQ_IRQHandler
                0x0800bede                EMUEFP_IRQHandler
                0x0800bede                PendSV_Handler
                0x0800bede                NMI_Handler
                0x0800bede                SYNTH_IRQHandler
                0x0800bede                HOSTMAILBOX_IRQHandler
                0x0800bede                I2C1_IRQHandler
                0x0800bede                WDOG0_IRQHandler
                0x0800bede                TIMER3_IRQHandler
                0x0800bede                SYSCFG_IRQHandler
                0x0800bede                RFECA1_IRQHandler
                0x0800bede                EMUDG_IRQHandler
                0x0800bede                MSC_IRQHandler
                0x0800bede                DPLL0_IRQHandler
                0x0800bede                UsageFault_Handler
                0x0800bede                WDOG1_IRQHandler
                0x0800bede                M33CTI1_IRQHandler
                0x0800bede                TIMER4_IRQHandler
                0x0800bede                VDAC0_IRQHandler
                0x0800bede                SEMBTX_IRQHandler
                0x0800bede                SW0_IRQHandler
                0x0800bede                MVP_IRQHandler
                0x0800bede                LETIMER0_IRQHandler
                0x0800bede                EUSART1_RX_IRQHandler
                0x0800bede                TIMER1_IRQHandler
                0x0800bede                HFRCO0_IRQHandler
                0x0800bede                SecureFault_Handler
                0x0800bede                BUFC_IRQHandler
                0x0800bede                DCDC_IRQHandler
                0x0800bede                MODEM_IRQHandler
                0x0800bede                Default_Handler
                0x0800bede                RAC_SEQ_IRQHandler
                0x0800bede                FRC_PRI_IRQHandler
                0x0800bede                SW3_IRQHandler
                0x0800bede                EMU_IRQHandler
                0x0800bede                KERNEL0_IRQHandler
                0x0800bede                FRC_IRQHandler
                0x0800bede                PCNT0_IRQHandler
                0x0800bede                KERNEL1_IRQHandler
                0x0800bede                AGC_IRQHandler
                0x0800bede                EUSART1_TX_IRQHandler
                0x0800bede                KEYSCAN_IRQHandler
                0x0800bede                HFRCOEM23_IRQHandler
                0x0800bede                sl_app_properties
                0x0800bede                BURTC_IRQHandler
                0x0800bede                SEMBRX_IRQHandler
                0x0800bede                RFECA0_IRQHandler
                0x0800bede                LFRCO_IRQHandler
                0x0800bede                VDAC1_IRQHandler
                0x0800bede                ACMP0_IRQHandler
                0x0800bede                MemManage_Handler
                0x0800bede                AHB2AHB0_IRQHandler
                0x0800bede                SVC_Handler
                0x0800bede                SMU_S_PRIVILEGED_IRQHandler
                0x0800bede                SW1_IRQHandler
                0x0800bede                CMU_IRQHandler
                0x0800bede                EUSART0_RX_IRQHandler
                0x0800bede                RAC_RSM_IRQHandler
                0x0800bede                SETAMPERHOST_IRQHandler
                0x0800bede                AES_IRQHandler
                0x0800bede                M33CTI0_IRQHandler
                0x0800bede                ICACHE0_IRQHandler
                0x0800bede                SMU_NS_PRIVILEGED_IRQHandler
                0x0800bede                FPUEXH_IRQHandler
                0x0800bede                PROTIMER_IRQHandler
                0x0800bede                ACMP1_IRQHandler
                0x0800bede                BusFault_Handler
                0x0800bede                MPAHBRAM_IRQHandler
 .text.SystemCLKIN0Get
                0x0800bee0        0x6 ./gecko_sdk_4.2.2/platform/Device/SiliconLabs/EFR32MG24/Source/system_efr32mg24.o
                0x0800bee0                SystemCLKIN0Get
 .text.SystemLFRCOClockGet
                0x0800bee6        0x8 ./gecko_sdk_4.2.2/platform/Device/SiliconLabs/EFR32MG24/Source/system_efr32mg24.o
                0x0800bee6                SystemLFRCOClockGet
 .text.SystemULFRCOClockGet
                0x0800beee        0x8 ./gecko_sdk_4.2.2/platform/Device/SiliconLabs/EFR32MG24/Source/system_efr32mg24.o
                0x0800beee                SystemULFRCOClockGet
 .text.assertEFM
                0x0800bef6        0x8 ./gecko_sdk_4.2.2/platform/common/src/sl_assert.o
                0x0800bef6                assertEFM
 .text.sl_slist_init
                0x0800befe       0x10 ./gecko_sdk_4.2.2/platform/common/src/sl_slist.o
                0x0800befe                sl_slist_init
 .text.sl_debug_swo_enable_itm
                0x0800bf0e       0x26 ./gecko_sdk_4.2.2/platform/driver/debug/src/sl_debug_swo.o
                0x0800bf0e                sl_debug_swo_enable_itm
 .text.DMADRV_PeripheralMemory
                0x0800bf34       0x46 ./gecko_sdk_4.2.2/platform/emdrv/dmadrv/src/dmadrv.o
                0x0800bf34                DMADRV_PeripheralMemory
 .text.SL_CTZ   0x0800bf7a       0x2c ./gecko_sdk_4.2.2/platform/emdrv/gpiointerrupt/src/gpiointerrupt.o
 .text.GPIOINT_Init
                0x0800bfa6       0x36 ./gecko_sdk_4.2.2/platform/emdrv/gpiointerrupt/src/gpiointerrupt.o
                0x0800bfa6                GPIOINT_Init
 .text.GPIO_EVEN_IRQHandler
                0x0800bfdc       0x28 ./gecko_sdk_4.2.2/platform/emdrv/gpiointerrupt/src/gpiointerrupt.o
                0x0800bfdc                GPIO_EVEN_IRQHandler
 .text.GPIO_ODD_IRQHandler
                0x0800c004       0x28 ./gecko_sdk_4.2.2/platform/emdrv/gpiointerrupt/src/gpiointerrupt.o
                0x0800c004                GPIO_ODD_IRQHandler
 .text.SystemCoreClockGet
                0x0800c02c        0xc ./gecko_sdk_4.2.2/platform/emlib/src/em_cmu.o
 .text.BUS_RegBitRead
                0x0800c038       0x1a ./gecko_sdk_4.2.2/platform/emlib/src/em_cmu.o
 .text.BUS_RegMaskedWrite
                0x0800c052       0x34 ./gecko_sdk_4.2.2/platform/emlib/src/em_cmu.o
 .text.sli_em_cmu_SYSCLKInitPreClockSelect
                0x0800c086       0x1a ./gecko_sdk_4.2.2/platform/emlib/src/em_cmu.o
                0x0800c086                sli_em_cmu_SYSCLKInitPreClockSelect
 .text.sli_em_cmu_SYSCLKInitPostClockSelect
                0x0800c0a0       0x2e ./gecko_sdk_4.2.2/platform/emlib/src/em_cmu.o
                0x0800c0a0                sli_em_cmu_SYSCLKInitPostClockSelect
 .text.CMU_UpdateWaitStates
                0x0800c0ce       0x28 ./gecko_sdk_4.2.2/platform/emlib/src/em_cmu.o
                0x0800c0ce                CMU_UpdateWaitStates
 .text.pclkDivMax
                0x0800c0f6       0x10 ./gecko_sdk_4.2.2/platform/emlib/src/em_cmu.o
 .text.waitStateMax
                0x0800c106       0x14 ./gecko_sdk_4.2.2/platform/emlib/src/em_cmu.o
 .text.CORE_EnterCritical
                0x0800c11a       0x18 ./gecko_sdk_4.2.2/platform/emlib/src/em_core.o
                0x0800c11a                CORE_EnterCritical
 .text.CORE_ExitCritical
                0x0800c132       0x14 ./gecko_sdk_4.2.2/platform/emlib/src/em_core.o
                0x0800c132                CORE_ExitCritical
 .text.CORE_EnterAtomic
                0x0800c146       0x20 ./gecko_sdk_4.2.2/platform/emlib/src/em_core.o
                0x0800c146                CORE_EnterAtomic
 .text.CORE_ExitAtomic
                0x0800c166       0x16 ./gecko_sdk_4.2.2/platform/emlib/src/em_core.o
                0x0800c166                CORE_ExitAtomic
 .text.SystemCoreClockUpdate
                0x0800c17c        0xa ./gecko_sdk_4.2.2/platform/emlib/src/em_emu.o
 .text.BUS_RegBitRead
                0x0800c186       0x1a ./gecko_sdk_4.2.2/platform/emlib/src/em_emu.o
 .text.vScaleEM01Cmd
                0x0800c1a0       0x1c ./gecko_sdk_4.2.2/platform/emlib/src/em_emu.o
 .text.EMU_EFPEM23PresleepHook
                0x0800c1bc        0x4 ./gecko_sdk_4.2.2/platform/emlib/src/em_emu.o
                0x0800c1bc                EMU_EFPEM23PresleepHook
 .text.EMU_EFPEM23PostsleepHook
                0x0800c1c0        0x4 ./gecko_sdk_4.2.2/platform/emlib/src/em_emu.o
                0x0800c1c0                EMU_EFPEM23PostsleepHook
 .text.EMU_Save
                0x0800c1c4        0x4 ./gecko_sdk_4.2.2/platform/emlib/src/em_emu.o
                0x0800c1c4                EMU_Save
 .text.EMU_Restore
                0x0800c1c8        0x4 ./gecko_sdk_4.2.2/platform/emlib/src/em_emu.o
                0x0800c1c8                EMU_Restore
 .text.EMU_EFPEM01VScale
                0x0800c1cc        0xe ./gecko_sdk_4.2.2/platform/emlib/src/em_emu.o
                0x0800c1cc                EMU_EFPEM01VScale
 .text.EMU_DCDCUpdatedHook
                0x0800c1da        0x4 ./gecko_sdk_4.2.2/platform/emlib/src/em_emu.o
                0x0800c1da                EMU_DCDCUpdatedHook
 .text.EUSART_StatusGet
                0x0800c1de        0xe ./gecko_sdk_4.2.2/platform/emlib/src/em_eusart.o
 .text.eusart_sync
                0x0800c1ec       0x1c ./gecko_sdk_4.2.2/platform/emlib/src/em_eusart.o
 .text.EUSART_Spi_TxRx
                0x0800c208       0x3a ./gecko_sdk_4.2.2/platform/emlib/src/em_eusart.o
                0x0800c208                EUSART_Spi_TxRx
 .text.EUSART_Disable
                0x0800c242       0x68 ./gecko_sdk_4.2.2/platform/emlib/src/em_eusart.o
 .text.BUS_RegMaskedWrite
                0x0800c2aa       0x34 ./gecko_sdk_4.2.2/platform/emlib/src/em_gpio.o
 .text.GPIO_DbgLocationSet
                0x0800c2de        0xa ./gecko_sdk_4.2.2/platform/emlib/src/em_gpio.o
                0x0800c2de                GPIO_DbgLocationSet
 .text.I2C_IntClear
                0x0800c2e8       0x18 ./gecko_sdk_4.2.2/platform/emlib/src/em_i2c.o
 .text.BUS_RegMaskedWrite
                0x0800c300       0x34 ./gecko_sdk_4.2.2/platform/emlib/src/em_i2c.o
 .text.flushRx  0x0800c334       0x28 ./gecko_sdk_4.2.2/platform/emlib/src/em_i2c.o
 .text.BUS_RegMaskedClear
                0x0800c35c       0x1a ./gecko_sdk_4.2.2/platform/emlib/src/em_ldma.o
 .text.TIMER_SyncWait
                0x0800c376       0x24 ./gecko_sdk_4.2.2/platform/emlib/src/em_timer.o
                0x0800c376                TIMER_SyncWait
 .text.USART_Tx
                0x0800c39a       0x26 ./gecko_sdk_4.2.2/platform/emlib/src/em_usart.o
                0x0800c39a                USART_Tx
 .text.sl_device_init_nvic
                0x0800c3c0       0x38 ./gecko_sdk_4.2.2/platform/service/device_init/src/sl_device_init_nvic.o
                0x0800c3c0                sl_device_init_nvic
 .text.sl_hfxo_manager_init_hardware
                0x0800c3f8        0xa ./gecko_sdk_4.2.2/platform/service/hfxo_manager/src/sl_hfxo_manager.o
                0x0800c3f8                sl_hfxo_manager_init_hardware
 .text.HFXO0_IRQHandler
                0x0800c402        0xa ./gecko_sdk_4.2.2/platform/service/hfxo_manager/src/sl_hfxo_manager_hal_s2.o
                0x0800c402                HFXO0_IRQHandler
 .text.sl_iostream_write
                0x0800c40c       0x40 ./gecko_sdk_4.2.2/platform/service/iostream/src/sl_iostream.o
                0x0800c40c                sl_iostream_write
 .text.sl_iostream_read
                0x0800c44c       0x50 ./gecko_sdk_4.2.2/platform/service/iostream/src/sl_iostream.o
                0x0800c44c                sl_iostream_read
 .text.sl_iostream_vprintf
                0x0800c49c       0x64 ./gecko_sdk_4.2.2/platform/service/iostream/src/sl_iostream.o
                0x0800c49c                sl_iostream_vprintf
 .text.sl_iostream_printf
                0x0800c500       0x26 ./gecko_sdk_4.2.2/platform/service/iostream/src/sl_iostream.o
                0x0800c500                sl_iostream_printf
 .text._close   0x0800c526        0xc ./gecko_sdk_4.2.2/platform/service/iostream/src/sl_iostream_retarget_stdio.o
                0x0800c526                _close
 .text._exit    0x0800c532        0x6 ./gecko_sdk_4.2.2/platform/service/iostream/src/sl_iostream_retarget_stdio.o
                0x0800c532                _exit
 .text._fstat   0x0800c538       0x16 ./gecko_sdk_4.2.2/platform/service/iostream/src/sl_iostream_retarget_stdio.o
                0x0800c538                _fstat
 .text._getpid  0x0800c54e        0x6 ./gecko_sdk_4.2.2/platform/service/iostream/src/sl_iostream_retarget_stdio.o
                0x0800c54e                _getpid
 .text._isatty  0x0800c554        0xc ./gecko_sdk_4.2.2/platform/service/iostream/src/sl_iostream_retarget_stdio.o
                0x0800c554                _isatty
 .text._kill    0x0800c560       0x10 ./gecko_sdk_4.2.2/platform/service/iostream/src/sl_iostream_retarget_stdio.o
                0x0800c560                _kill
 .text._lseek   0x0800c570       0x10 ./gecko_sdk_4.2.2/platform/service/iostream/src/sl_iostream_retarget_stdio.o
                0x0800c570                _lseek
 .text._read    0x0800c580       0x30 ./gecko_sdk_4.2.2/platform/service/iostream/src/sl_iostream_retarget_stdio.o
                0x0800c580                _read
 .text.sl_power_manager_add_em_requirement
                0x0800c5b0       0x2a ./gecko_sdk_4.2.2/platform/service/iostream/src/sl_iostream_uart.o
 .text.sl_power_manager_remove_em_requirement
                0x0800c5da       0x2a ./gecko_sdk_4.2.2/platform/service/iostream/src/sl_iostream_uart.o
 .text.sleep_on_isr_exit
                0x0800c604       0x6a ./gecko_sdk_4.2.2/platform/service/iostream/src/sl_iostream_uart.o
 .text.set_auto_cr_lf
                0x0800c66e       0x1e ./gecko_sdk_4.2.2/platform/service/iostream/src/sl_iostream_uart.o
 .text.get_auto_cr_lf
                0x0800c68c       0x1c ./gecko_sdk_4.2.2/platform/service/iostream/src/sl_iostream_uart.o
 .text.set_rx_energy_mode_restriction
                0x0800c6a8       0x78 ./gecko_sdk_4.2.2/platform/service/iostream/src/sl_iostream_uart.o
 .text.get_rx_energy_mode_restriction
                0x0800c720       0x1c ./gecko_sdk_4.2.2/platform/service/iostream/src/sl_iostream_uart.o
 .text.nolock_uart_write
                0x0800c73c       0xf6 ./gecko_sdk_4.2.2/platform/service/iostream/src/sl_iostream_uart.o
 .text.uart_write
                0x0800c832       0x1e ./gecko_sdk_4.2.2/platform/service/iostream/src/sl_iostream_uart.o
 .text.uart_read
                0x0800c850       0x42 ./gecko_sdk_4.2.2/platform/service/iostream/src/sl_iostream_uart.o
 .text.USART_IntClear
                0x0800c892       0x18 ./gecko_sdk_4.2.2/platform/service/iostream/src/sl_iostream_usart.o
 .text.USART_IntDisable
                0x0800c8aa       0x1a ./gecko_sdk_4.2.2/platform/service/iostream/src/sl_iostream_usart.o
 .text.USART_IntEnable
                0x0800c8c4       0x18 ./gecko_sdk_4.2.2/platform/service/iostream/src/sl_iostream_usart.o
 .text.USART_StatusGet
                0x0800c8dc        0xe ./gecko_sdk_4.2.2/platform/service/iostream/src/sl_iostream_usart.o
 .text.usart_tx
                0x0800c8ea       0x2a ./gecko_sdk_4.2.2/platform/service/iostream/src/sl_iostream_usart.o
 .text.usart_set_next_byte_detect
                0x0800c914       0x3a ./gecko_sdk_4.2.2/platform/service/iostream/src/sl_iostream_usart.o
 .text.usart_tx_completed
                0x0800c94e       0x46 ./gecko_sdk_4.2.2/platform/service/iostream/src/sl_iostream_usart.o
 .text.usart_deinit
                0x0800c994       0xce ./gecko_sdk_4.2.2/platform/service/iostream/src/sl_iostream_usart.o
 .text.sli_power_manager_initiate_restore
                0x0800ca62       0x1c ./gecko_sdk_4.2.2/platform/service/power_manager/src/sl_power_manager.o
                0x0800ca62                sli_power_manager_initiate_restore
 .text.enter_critical_with_primask
                0x0800ca7e       0x18 ./gecko_sdk_4.2.2/platform/service/power_manager/src/sl_power_manager.o
 .text.exit_critical_with_primask
                0x0800ca96       0x14 ./gecko_sdk_4.2.2/platform/service/power_manager/src/sl_power_manager.o
 .text.SystemCoreClockUpdate
                0x0800caaa        0xa ./gecko_sdk_4.2.2/platform/service/power_manager/src/sl_power_manager_hal_s2.o
 .text.sli_power_manager_save_states
                0x0800cab4        0xa ./gecko_sdk_4.2.2/platform/service/power_manager/src/sl_power_manager_hal_s2.o
                0x0800cab4                sli_power_manager_save_states
 .text.sli_power_manager_get_default_high_frequency_minimum_offtime
                0x0800cabe       0x10 ./gecko_sdk_4.2.2/platform/service/power_manager/src/sl_power_manager_hal_s2.o
                0x0800cabe                sli_power_manager_get_default_high_frequency_minimum_offtime
 .text.sli_power_manager_low_frequency_restore
                0x0800cace        0x4 ./gecko_sdk_4.2.2/platform/service/power_manager/src/sl_power_manager_hal_s2.o
                0x0800cace                sli_power_manager_low_frequency_restore
 .text.sl_sleeptimer_restart_timer
                0x0800cad2       0x4e ./gecko_sdk_4.2.2/platform/service/sleeptimer/src/sl_sleeptimer.o
                0x0800cad2                sl_sleeptimer_restart_timer
 .text.sl_sleeptimer_get_tick_count
                0x0800cb20       0x20 ./gecko_sdk_4.2.2/platform/service/sleeptimer/src/sl_sleeptimer.o
                0x0800cb20                sl_sleeptimer_get_tick_count
 .text.sleeptimer_hal_init_timer
                0x0800cb40       0x76 ./gecko_sdk_4.2.2/platform/service/sleeptimer/src/sl_sleeptimer_hal_sysrtc.o
                0x0800cb40                sleeptimer_hal_init_timer
 .text.sleeptimer_hal_get_counter
                0x0800cbb6        0xc ./gecko_sdk_4.2.2/platform/service/sleeptimer/src/sl_sleeptimer_hal_sysrtc.o
                0x0800cbb6                sleeptimer_hal_get_counter
 .text.sleeptimer_hal_get_compare
                0x0800cbc2       0x10 ./gecko_sdk_4.2.2/platform/service/sleeptimer/src/sl_sleeptimer_hal_sysrtc.o
                0x0800cbc2                sleeptimer_hal_get_compare
 .text.sleeptimer_hal_enable_int
                0x0800cbd2       0x46 ./gecko_sdk_4.2.2/platform/service/sleeptimer/src/sl_sleeptimer_hal_sysrtc.o
                0x0800cbd2                sleeptimer_hal_enable_int
 .text.sli_sleeptimer_hal_is_int_status_set
                0x0800cc18       0x5a ./gecko_sdk_4.2.2/platform/service/sleeptimer/src/sl_sleeptimer_hal_sysrtc.o
                0x0800cc18                sli_sleeptimer_hal_is_int_status_set
 .text.SYSRTC_APP_IRQHandler
                0x0800cc72       0x6a ./gecko_sdk_4.2.2/platform/service/sleeptimer/src/sl_sleeptimer_hal_sysrtc.o
                0x0800cc72                SYSRTC_APP_IRQHandler
 .text.sleeptimer_hal_get_timer_frequency
                0x0800ccdc        0xe ./gecko_sdk_4.2.2/platform/service/sleeptimer/src/sl_sleeptimer_hal_sysrtc.o
                0x0800ccdc                sleeptimer_hal_get_timer_frequency
 .text.get_time_diff
                0x0800ccea       0x12 ./gecko_sdk_4.2.2/platform/service/sleeptimer/src/sl_sleeptimer_hal_sysrtc.o
 .text.sl_system_init
                0x0800ccfc       0x1a ./gecko_sdk_4.2.2/platform/service/system/src/sl_system_init.o
                0x0800ccfc                sl_system_init
 .text.sl_system_process_action
                0x0800cd16       0x16 ./gecko_sdk_4.2.2/platform/service/system/src/sl_system_process_action.o
                0x0800cd16                sl_system_process_action
 .text.SystemCoreClockGet
                0x0800cd2c        0xc ./gecko_sdk_4.2.2/platform/service/udelay/src/sl_udelay.o
 .text.init_PPS
                0x0800cd38       0x12 ./src/GPIO.o
                0x0800cd38                init_PPS
 .text.PPS_on   0x0800cd4a        0xe ./src/GPIO.o
                0x0800cd4a                PPS_on
 .text.TIMER_IntClear
                0x0800cd58       0x18 ./src/irq.o
 .text.TIMER_IntGet
                0x0800cd70        0xe ./src/irq.o
 .text.gps_generate_checksum
                0x0800cd7e       0xde ./src/sam-m8q.o
                0x0800cd7e                gps_generate_checksum
 .text.gps_generate_ubx_frame_buffer
                0x0800ce5c       0xb8 ./src/sam-m8q.o
                0x0800ce5c                gps_generate_ubx_frame_buffer
 .text.TIMER_IntClear
                0x0800cf14       0x18 ./src/timers.o
 .text.TIMER_IntEnable
                0x0800cf2c       0x18 ./src/timers.o
 .text.memcpy   0x0800cf44       0x1a c:/siliconlabs/simplicitystudio/v5/developer/toolchains/gnu_arm/10.3_2021.10/bin/../lib/gcc/arm-none-eabi/10.3.1/../../../../arm-none-eabi/lib/thumb/v8-m.main+fp/hard\libc_nano.a(lib_a-memcpy-stub.o)
                0x0800cf44                memcpy
 .text.memset   0x0800cf5e       0x10 c:/siliconlabs/simplicitystudio/v5/developer/toolchains/gnu_arm/10.3_2021.10/bin/../lib/gcc/arm-none-eabi/10.3.1/../../../../arm-none-eabi/lib/thumb/v8-m.main+fp/hard\libc_nano.a(lib_a-memset.o)
                0x0800cf5e                memset
 .text.__cvt    0x0800cf6e       0xc4 c:/siliconlabs/simplicitystudio/v5/developer/toolchains/gnu_arm/10.3_2021.10/bin/../lib/gcc/arm-none-eabi/10.3.1/../../../../arm-none-eabi/lib/thumb/v8-m.main+fp/hard\libc_nano.a(lib_a-nano-vfprintf_float.o)
                0x0800cf6e                __cvt
 .text.__exponent
                0x0800d032       0x7c c:/siliconlabs/simplicitystudio/v5/developer/toolchains/gnu_arm/10.3_2021.10/bin/../lib/gcc/arm-none-eabi/10.3.1/../../../../arm-none-eabi/lib/thumb/v8-m.main+fp/hard\libc_nano.a(lib_a-nano-vfprintf_float.o)
                0x0800d032                __exponent
 .text._printf_common
                0x0800d0ae       0xe0 c:/siliconlabs/simplicitystudio/v5/developer/toolchains/gnu_arm/10.3_2021.10/bin/../lib/gcc/arm-none-eabi/10.3.1/../../../../arm-none-eabi/lib/thumb/v8-m.main+fp/hard\libc_nano.a(lib_a-nano-vfprintf_i.o)
                0x0800d0ae                _printf_common
 .text          0x0800d18e       0x10 c:/siliconlabs/simplicitystudio/v5/developer/toolchains/gnu_arm/10.3_2021.10/bin/../lib/gcc/arm-none-eabi/10.3.1/../../../../arm-none-eabi/lib/thumb/v8-m.main+fp/hard\libc_nano.a(lib_a-strlen.o)
                0x0800d18e                strlen
 .text.quorem   0x0800d19e      0x122 c:/siliconlabs/simplicitystudio/v5/developer/toolchains/gnu_arm/10.3_2021.10/bin/../lib/gcc/arm-none-eabi/10.3.1/../../../../arm-none-eabi/lib/thumb/v8-m.main+fp/hard\libc_nano.a(lib_a-dtoa.o)
 .text.__sfmoreglue
                0x0800d2c0       0x2c c:/siliconlabs/simplicitystudio/v5/developer/toolchains/gnu_arm/10.3_2021.10/bin/../lib/gcc/arm-none-eabi/10.3.1/../../../../arm-none-eabi/lib/thumb/v8-m.main+fp/hard\libc_nano.a(lib_a-findfp.o)
                0x0800d2c0                __sfmoreglue
 .text._fwalk_reent
                0x0800d2ec       0x3e c:/siliconlabs/simplicitystudio/v5/developer/toolchains/gnu_arm/10.3_2021.10/bin/../lib/gcc/arm-none-eabi/10.3.1/../../../../arm-none-eabi/lib/thumb/v8-m.main+fp/hard\libc_nano.a(lib_a-fwalk.o)
                0x0800d2ec                _fwalk_reent
 .text.__retarget_lock_init_recursive