Archive member included to satisfy reference by file (symbol)

c:/siliconlabs/simplicitystudio/v5/developer/toolchains/gnu_arm/10.3_2021.10/bin/../lib/gcc/arm-none-eabi/10.3.1/thumb/v8-m.main+fp/hard\libgcc.a(_aeabi_uldivmod.o)
                              ./gecko_sdk_4.2.1/platform/emlib/src/em_eusart.o (__aeabi_uldivmod)
c:/siliconlabs/simplicitystudio/v5/developer/toolchains/gnu_arm/10.3_2021.10/bin/../lib/gcc/arm-none-eabi/10.3.1/thumb/v8-m.main+fp/hard\libgcc.a(_udivmoddi4.o)
                              c:/siliconlabs/simplicitystudio/v5/developer/toolchains/gnu_arm/10.3_2021.10/bin/../lib/gcc/arm-none-eabi/10.3.1/thumb/v8-m.main+fp/hard\libgcc.a(_aeabi_uldivmod.o) (__udivmoddi4)
c:/siliconlabs/simplicitystudio/v5/developer/toolchains/gnu_arm/10.3_2021.10/bin/../lib/gcc/arm-none-eabi/10.3.1/thumb/v8-m.main+fp/hard\libgcc.a(_dvmd_tls.o)
                              c:/siliconlabs/simplicitystudio/v5/developer/toolchains/gnu_arm/10.3_2021.10/bin/../lib/gcc/arm-none-eabi/10.3.1/thumb/v8-m.main+fp/hard\libgcc.a(_aeabi_uldivmod.o) (__aeabi_ldiv0)
c:/siliconlabs/simplicitystudio/v5/developer/toolchains/gnu_arm/10.3_2021.10/bin/../lib/gcc/arm-none-eabi/10.3.1/../../../../arm-none-eabi/lib/thumb/v8-m.main+fp/hard\libc_nano.a(lib_a-ctype_.o)
                              ./gecko_sdk_4.2.1/platform/common/src/sl_string.o (_ctype_)
c:/siliconlabs/simplicitystudio/v5/developer/toolchains/gnu_arm/10.3_2021.10/bin/../lib/gcc/arm-none-eabi/10.3.1/../../../../arm-none-eabi/lib/thumb/v8-m.main+fp/hard\libc_nano.a(lib_a-exit.o)
                              c:/siliconlabs/simplicitystudio/v5/developer/toolchains/gnu_arm/10.3_2021.10/bin/../lib/gcc/arm-none-eabi/10.3.1/../../../../arm-none-eabi/lib/thumb/v8-m.main+fp/hard/crt0.o (exit)
c:/siliconlabs/simplicitystudio/v5/developer/toolchains/gnu_arm/10.3_2021.10/bin/../lib/gcc/arm-none-eabi/10.3.1/../../../../arm-none-eabi/lib/thumb/v8-m.main+fp/hard\libc_nano.a(lib_a-impure.o)
                              c:/siliconlabs/simplicitystudio/v5/developer/toolchains/gnu_arm/10.3_2021.10/bin/../lib/gcc/arm-none-eabi/10.3.1/../../../../arm-none-eabi/lib/thumb/v8-m.main+fp/hard\libc_nano.a(lib_a-exit.o) (_global_impure_ptr)
c:/siliconlabs/simplicitystudio/v5/developer/toolchains/gnu_arm/10.3_2021.10/bin/../lib/gcc/arm-none-eabi/10.3.1/../../../../arm-none-eabi/lib/thumb/v8-m.main+fp/hard\libc_nano.a(lib_a-init.o)
                              c:/siliconlabs/simplicitystudio/v5/developer/toolchains/gnu_arm/10.3_2021.10/bin/../lib/gcc/arm-none-eabi/10.3.1/../../../../arm-none-eabi/lib/thumb/v8-m.main+fp/hard/crt0.o (__libc_init_array)
c:/siliconlabs/simplicitystudio/v5/developer/toolchains/gnu_arm/10.3_2021.10/bin/../lib/gcc/arm-none-eabi/10.3.1/../../../../arm-none-eabi/lib/thumb/v8-m.main+fp/hard\libc_nano.a(lib_a-memcpy-stub.o)
                              ./gecko_sdk_4.2.1/platform/emdrv/uartdrv/src/uartdrv.o (memcpy)
c:/siliconlabs/simplicitystudio/v5/developer/toolchains/gnu_arm/10.3_2021.10/bin/../lib/gcc/arm-none-eabi/10.3.1/../../../../arm-none-eabi/lib/thumb/v8-m.main+fp/hard\libc_nano.a(lib_a-memset.o)
                              c:/siliconlabs/simplicitystudio/v5/developer/toolchains/gnu_arm/10.3_2021.10/bin/../lib/gcc/arm-none-eabi/10.3.1/../../../../arm-none-eabi/lib/thumb/v8-m.main+fp/hard/crt0.o (memset)
c:/siliconlabs/simplicitystudio/v5/developer/toolchains/gnu_arm/10.3_2021.10/bin/../lib/gcc/arm-none-eabi/10.3.1/../../../../arm-none-eabi/lib/thumb/v8-m.main+fp/hard\libc_nano.a(lib_a-setvbuf.o)
                              ./gecko_sdk_4.2.1/platform/service/iostream/src/sl_iostream_stdlib_config.o (setvbuf)
c:/siliconlabs/simplicitystudio/v5/developer/toolchains/gnu_arm/10.3_2021.10/bin/../lib/gcc/arm-none-eabi/10.3.1/../../../../arm-none-eabi/lib/thumb/v8-m.main+fp/hard\libc_nano.a(lib_a-strcmp.o)
                              ./autogen/sl_iostream_handles.o (strcmp)
c:/siliconlabs/simplicitystudio/v5/developer/toolchains/gnu_arm/10.3_2021.10/bin/../lib/gcc/arm-none-eabi/10.3.1/../../../../arm-none-eabi/lib/thumb/v8-m.main+fp/hard\libc_nano.a(lib_a-vprintf.o)
                              ./gecko_sdk_4.2.1/platform/service/iostream/src/sl_iostream.o (vprintf)
c:/siliconlabs/simplicitystudio/v5/developer/toolchains/gnu_arm/10.3_2021.10/bin/../lib/gcc/arm-none-eabi/10.3.1/../../../../arm-none-eabi/lib/thumb/v8-m.main+fp/hard\libc_nano.a(lib_a-fflush.o)
                              c:/siliconlabs/simplicitystudio/v5/developer/toolchains/gnu_arm/10.3_2021.10/bin/../lib/gcc/arm-none-eabi/10.3.1/../../../../arm-none-eabi/lib/thumb/v8-m.main+fp/hard\libc_nano.a(lib_a-setvbuf.o) (_fflush_r)
c:/siliconlabs/simplicitystudio/v5/developer/toolchains/gnu_arm/10.3_2021.10/bin/../lib/gcc/arm-none-eabi/10.3.1/../../../../arm-none-eabi/lib/thumb/v8-m.main+fp/hard\libc_nano.a(lib_a-findfp.o)
[...]
Memory Configuration

Name             Origin             Length             Attributes
FLASH            0x08000000         0x0017e000         xr
RAM              0x20000000         0x00040000         xrw
*default*        0x00000000         0xffffffff

Linker script and memory map

LOAD c:/siliconlabs/simplicitystudio/v5/developer/toolchains/gnu_arm/10.3_2021.10/bin/../lib/gcc/arm-none-eabi/10.3.1/thumb/v8-m.main+fp/hard/crti.o
LOAD c:/siliconlabs/simplicitystudio/v5/developer/toolchains/gnu_arm/10.3_2021.10/bin/../lib/gcc/arm-none-eabi/10.3.1/thumb/v8-m.main+fp/hard/crtbegin.o
LOAD c:/siliconlabs/simplicitystudio/v5/developer/toolchains/gnu_arm/10.3_2021.10/bin/../lib/gcc/arm-none-eabi/10.3.1/../../../../arm-none-eabi/lib/thumb/v8-m.main+fp/hard/crt0.o
START GROUP
LOAD ./app.o
LOAD ./main.o
LOAD ./autogen/sl_board_default_init.o
LOAD ./autogen/sl_device_init_clocks.o
LOAD ./autogen/sl_event_handler.o
LOAD ./autogen/sl_iostream_handles.o
LOAD ./autogen/sl_iostream_init_usart_instances.o
LOAD ./autogen/sl_power_manager_handler.o
LOAD ./gecko_sdk_4.2.1/app/common/util/app_log/app_log.o
LOAD ./gecko_sdk_4.2.1/hardware/board/src/sl_board_control_gpio.o
LOAD ./gecko_sdk_4.2.1/hardware/board/src/sl_board_init.o
LOAD ./gecko_sdk_4.2.1/hardware/driver/configuration_over_swo/src/sl_cos.o
LOAD ./gecko_sdk_4.2.1/hardware/driver/mx25_flash_shutdown/src/sl_mx25_flash_shutdown_eusart/sl_mx25_flash_shutdown.o
LOAD ./gecko_sdk_4.2.1/platform/Device/SiliconLabs/EFR32MG24/Source/startup_efr32mg24.o
LOAD ./gecko_sdk_4.2.1/platform/Device/SiliconLabs/EFR32MG24/Source/system_efr32mg24.o
LOAD ./gecko_sdk_4.2.1/platform/common/src/sl_assert.o
LOAD ./gecko_sdk_4.2.1/platform/common/src/sl_slist.o
LOAD ./gecko_sdk_4.2.1/platform/common/src/sl_string.o
LOAD ./gecko_sdk_4.2.1/platform/common/toolchain/src/sl_memory.o
LOAD ./gecko_sdk_4.2.1/platform/driver/debug/src/sl_debug_swo.o
LOAD ./gecko_sdk_4.2.1/platform/emdrv/dmadrv/src/dmactrl.o
LOAD ./gecko_sdk_4.2.1/platform/emdrv/dmadrv/src/dmadrv.o
LOAD ./gecko_sdk_4.2.1/platform/emdrv/gpiointerrupt/src/gpiointerrupt.o
LOAD ./gecko_sdk_4.2.1/platform/emdrv/uartdrv/src/uartdrv.o
LOAD ./gecko_sdk_4.2.1/platform/emlib/src/em_burtc.o
LOAD ./gecko_sdk_4.2.1/platform/emlib/src/em_cmu.o
LOAD ./gecko_sdk_4.2.1/platform/emlib/src/em_core.o
LOAD ./gecko_sdk_4.2.1/platform/emlib/src/em_emu.o
LOAD ./gecko_sdk_4.2.1/platform/emlib/src/em_eusart.o
LOAD ./gecko_sdk_4.2.1/platform/emlib/src/em_gpio.o
LOAD ./gecko_sdk_4.2.1/platform/emlib/src/em_i2c.o
LOAD ./gecko_sdk_4.2.1/platform/emlib/src/em_ldma.o
LOAD ./gecko_sdk_4.2.1/platform/emlib/src/em_msc.o
LOAD ./gecko_sdk_4.2.1/platform/emlib/src/em_system.o
LOAD ./gecko_sdk_4.2.1/platform/emlib/src/em_timer.o
LOAD ./gecko_sdk_4.2.1/platform/emlib/src/em_usart.o
LOAD ./gecko_sdk_4.2.1/platform/peripheral/src/peripheral_sysrtc.o
LOAD ./gecko_sdk_4.2.1/platform/service/device_init/src/sl_device_init_dcdc_s2.o
LOAD ./gecko_sdk_4.2.1/platform/service/device_init/src/sl_device_init_emu_s2.o
LOAD ./gecko_sdk_4.2.1/platform/service/device_init/src/sl_device_init_hfxo_s2.o
LOAD ./gecko_sdk_4.2.1/platform/service/device_init/src/sl_device_init_lfxo_s2.o
LOAD ./gecko_sdk_4.2.1/platform/service/device_init/src/sl_device_init_nvic.o
LOAD ./gecko_sdk_4.2.1/platform/service/hfxo_manager/src/sl_hfxo_manager.o
LOAD ./gecko_sdk_4.2.1/platform/service/hfxo_manager/src/sl_hfxo_manager_hal_s2.o
LOAD ./gecko_sdk_4.2.1/platform/service/iostream/src/sl_iostream.o
LOAD ./gecko_sdk_4.2.1/platform/service/iostream/src/sl_iostream_retarget_stdio.o
LOAD ./gecko_sdk_4.2.1/platform/service/iostream/src/sl_iostream_stdlib_config.o
LOAD ./gecko_sdk_4.2.1/platform/service/iostream/src/sl_iostream_uart.o
LOAD ./gecko_sdk_4.2.1/platform/service/iostream/src/sl_iostream_usart.o
LOAD ./gecko_sdk_4.2.1/platform/service/power_manager/src/sl_power_manager.o
LOAD ./gecko_sdk_4.2.1/platform/service/power_manager/src/sl_power_manager_debug.o
LOAD ./gecko_sdk_4.2.1/platform/service/power_manager/src/sl_power_manager_hal_s2.o
LOAD ./gecko_sdk_4.2.1/platform/service/sleeptimer/src/sl_sleeptimer.o
LOAD ./gecko_sdk_4.2.1/platform/service/sleeptimer/src/sl_sleeptimer_hal_burtc.o
LOAD ./gecko_sdk_4.2.1/platform/service/sleeptimer/src/sl_sleeptimer_hal_sysrtc.o
LOAD ./gecko_sdk_4.2.1/platform/service/sleeptimer/src/sl_sleeptimer_hal_timer.o
LOAD ./gecko_sdk_4.2.1/platform/service/system/src/sl_system_init.o
LOAD ./gecko_sdk_4.2.1/platform/service/system/src/sl_system_process_action.o
LOAD ./gecko_sdk_4.2.1/platform/service/udelay/src/sl_udelay.o
LOAD ./gecko_sdk_4.2.1/platform/service/udelay/src/sl_udelay_armv6m_gcc.o
LOAD ./src/GPIO.o
LOAD ./src/I2C.o
LOAD ./src/SPI.o
LOAD ./src/XBee.o
LOAD ./src/adxl343.o
LOAD ./src/irq.o
LOAD ./src/log.o
LOAD ./src/timers.o
LOAD c:/siliconlabs/simplicitystudio/v5/developer/toolchains/gnu_arm/10.3_2021.10/bin/../lib/gcc/arm-none-eabi/10.3.1/thumb/v8-m.main+fp/hard\libgcc.a
LOAD c:/siliconlabs/simplicitystudio/v5/developer/toolchains/gnu_arm/10.3_2021.10/bin/../lib/gcc/arm-none-eabi/10.3.1/../../../../arm-none-eabi/lib/thumb/v8-m.main+fp/hard\libc_nano.a
LOAD c:/siliconlabs/simplicitystudio/v5/developer/toolchains/gnu_arm/10.3_2021.10/bin/../lib/gcc/arm-none-eabi/10.3.1/../../../../arm-none-eabi/lib/thumb/v8-m.main+fp/hard\libm.a
LOAD c:/siliconlabs/simplicitystudio/v5/developer/toolchains/gnu_arm/10.3_2021.10/bin/../lib/gcc/arm-none-eabi/10.3.1/../../../../arm-none-eabi/lib/thumb/v8-m.main+fp/hard\libnosys.a
END GROUP
START GROUP
LOAD c:/siliconlabs/simplicitystudio/v5/developer/toolchains/gnu_arm/10.3_2021.10/bin/../lib/gcc/arm-none-eabi/10.3.1/thumb/v8-m.main+fp/hard\libgcc.a
LOAD c:/siliconlabs/simplicitystudio/v5/developer/toolchains/gnu_arm/10.3_2021.10/bin/../lib/gcc/arm-none-eabi/10.3.1/../../../../arm-none-eabi/lib/thumb/v8-m.main+fp/hard\libc_nano.a
LOAD c:/siliconlabs/simplicitystudio/v5/developer/toolchains/gnu_arm/10.3_2021.10/bin/../lib/gcc/arm-none-eabi/10.3.1/../../../../arm-none-eabi/lib/thumb/v8-m.main+fp/hard\libnosys.a
END GROUP
START GROUP
LOAD c:/siliconlabs/simplicitystudio/v5/developer/toolchains/gnu_arm/10.3_2021.10/bin/../lib/gcc/arm-none-eabi/10.3.1/thumb/v8-m.main+fp/hard\libgcc.a
LOAD c:/siliconlabs/simplicitystudio/v5/developer/toolchains/gnu_arm/10.3_2021.10/bin/../lib/gcc/arm-none-eabi/10.3.1/../../../../arm-none-eabi/lib/thumb/v8-m.main+fp/hard\libg_nano.a
LOAD c:/siliconlabs/simplicitystudio/v5/developer/toolchains/gnu_arm/10.3_2021.10/bin/../lib/gcc/arm-none-eabi/10.3.1/../../../../arm-none-eabi/lib/thumb/v8-m.main+fp/hard\libc_nano.a
END GROUP
START GROUP
LOAD c:/siliconlabs/simplicitystudio/v5/developer/toolchains/gnu_arm/10.3_2021.10/bin/../lib/gcc/arm-none-eabi/10.3.1/thumb/v8-m.main+fp/hard\libgcc.a
LOAD c:/siliconlabs/simplicitystudio/v5/developer/toolchains/gnu_arm/10.3_2021.10/bin/../lib/gcc/arm-none-eabi/10.3.1/../../../../arm-none-eabi/lib/thumb/v8-m.main+fp/hard\libc_nano.a
END GROUP
LOAD c:/siliconlabs/simplicitystudio/v5/developer/toolchains/gnu_arm/10.3_2021.10/bin/../lib/gcc/arm-none-eabi/10.3.1/thumb/v8-m.main+fp/hard/crtend.o
LOAD c:/siliconlabs/simplicitystudio/v5/developer/toolchains/gnu_arm/10.3_2021.10/bin/../lib/gcc/arm-none-eabi/10.3.1/thumb/v8-m.main+fp/hard/crtn.o

.text           0x08000000     0xbe4c
                0x08000000                linker_vectors_begin = .
 *(.vectors)
 .vectors       0x08000000      0x170 ./gecko_sdk_4.2.1/platform/Device/SiliconLabs/EFR32MG24/Source/startup_efr32mg24.o
                0x08000000                __Vectors
                0x08000170                linker_vectors_end = .
                0x08000170                __Vectors_End = .
                0x08000170                __Vectors_Size = (__Vectors_End - __Vectors)
                0x08000170                linker_code_begin = .
 *(SORT_BY_ALIGNMENT(.text*))
 .text          0x08000170        0x8 ./gecko_sdk_4.2.1/platform/service/udelay/src/sl_udelay_armv6m_gcc.o
                0x08000170                sli_delay_loop
 .text          0x08000178       0x40 c:/siliconlabs/simplicitystudio/v5/developer/toolchains/gnu_arm/10.3_2021.10/bin/../lib/gcc/arm-none-eabi/10.3.1/thumb/v8-m.main+fp/hard/crtbegin.o
 .text          0x080001b8       0x7c c:/siliconlabs/simplicitystudio/v5/developer/toolchains/gnu_arm/10.3_2021.10/bin/../lib/gcc/arm-none-eabi/10.3.1/../../../../arm-none-eabi/lib/thumb/v8-m.main+fp/hard/crt0.o
                0x080001b8                _stack_init
                0x080001c0                _start
                0x080001c0                _mainCRTStartup
 .text.app_init
                0x08000234       0x24 ./app.o
                0x08000234                app_init
 .text.app_process_action
                0x08000258      0x244 ./app.o
                0x08000258                app_process_action
 .text.sl_device_init_clocks
                0x0800049c       0xd4 ./autogen/sl_device_init_clocks.o
                0x0800049c                sl_device_init_clocks
 .text.GPIO_PinOutGet
                0x08000570       0x88 ./autogen/sl_iostream_init_usart_instances.o
 .text.sl_iostream_usart_init_vcom
                0x080005f8       0xec ./autogen/sl_iostream_init_usart_instances.o
                0x080005f8                sl_iostream_usart_init_vcom
 .text.sl_iostream_usart_init_instances
                0x080006e4       0x34 ./autogen/sl_iostream_init_usart_instances.o
                0x080006e4                sl_iostream_usart_init_instances
 .text.USART0_TX_IRQHandler
                0x08000718       0x10 ./autogen/sl_iostream_init_usart_instances.o
                0x08000718                USART0_TX_IRQHandler
 .text.USART0_RX_IRQHandler
                0x08000728       0x10 ./autogen/sl_iostream_init_usart_instances.o
                0x08000728                USART0_RX_IRQHandler
 .text.sl_iostream_usart_vcom_sleep_on_isr_exit
                0x08000738       0x14 ./autogen/sl_iostream_init_usart_instances.o
                0x08000738                sl_iostream_usart_vcom_sleep_on_isr_exit
 .text.events_handler
                0x0800074c       0xa8 ./autogen/sl_iostream_init_usart_instances.o
 .text.app_log_init
                0x080007f4       0x3c ./gecko_sdk_4.2.1/app/common/util/app_log/app_log.o
                0x080007f4                app_log_init
 .text.GPIO_PinOutClear
                0x08000830       0x84 ./gecko_sdk_4.2.1/hardware/driver/mx25_flash_shutdown/src/sl_mx25_flash_shutdown_eusart/sl_mx25_flash_shutdown.o
 .text.GPIO_PinOutSet
                0x080008b4       0x84 ./gecko_sdk_4.2.1/hardware/driver/mx25_flash_shutdown/src/sl_mx25_flash_shutdown_eusart/sl_mx25_flash_shutdown.o
 .text.sl_mx25_flash_shutdown
                0x08000938      0x150 ./gecko_sdk_4.2.1/hardware/driver/mx25_flash_shutdown/src/sl_mx25_flash_shutdown_eusart/sl_mx25_flash_shutdown.o
                0x08000938                sl_mx25_flash_shutdown
 .text.Reset_Handler
                0x08000a88       0x98 ./gecko_sdk_4.2.1/platform/Device/SiliconLabs/EFR32MG24/Source/startup_efr32mg24.o
                0x08000a88                Reset_Handler
 .text.__NVIC_EnableIRQ
                0x08000b20       0x34 ./gecko_sdk_4.2.1/platform/Device/SiliconLabs/EFR32MG24/Source/system_efr32mg24.o
 .text.__NVIC_ClearPendingIRQ
                0x08000b54       0x38 ./gecko_sdk_4.2.1/platform/Device/SiliconLabs/EFR32MG24/Source/system_efr32mg24.o
 .text.SystemInit
                0x08000b8c       0x90 ./gecko_sdk_4.2.1/platform/Device/SiliconLabs/EFR32MG24/Source/system_efr32mg24.o
                0x08000b8c                SystemInit
 .text.SystemHFRCODPLLClockGet
                0x08000c1c        0xc ./gecko_sdk_4.2.1/platform/Device/SiliconLabs/EFR32MG24/Source/system_efr32mg24.o
                0x08000c1c                SystemHFRCODPLLClockGet
 .text.SystemSYSCLKGet
                0x08000c28       0x50 ./gecko_sdk_4.2.1/platform/Device/SiliconLabs/EFR32MG24/Source/system_efr32mg24.o
                0x08000c28                SystemSYSCLKGet
 .text.SystemHCLKGet
                0x08000c78       0x3c ./gecko_sdk_4.2.1/platform/Device/SiliconLabs/EFR32MG24/Source/system_efr32mg24.o
                0x08000c78                SystemHCLKGet
 .text.SystemMaxCoreClockGet
                0x08000cb4        0xc ./gecko_sdk_4.2.1/platform/Device/SiliconLabs/EFR32MG24/Source/system_efr32mg24.o
                0x08000cb4                SystemMaxCoreClockGet
 .text.SystemHFXOClockGet
                0x08000cc0        0xc ./gecko_sdk_4.2.1/platform/Device/SiliconLabs/EFR32MG24/Source/system_efr32mg24.o
                0x08000cc0                SystemHFXOClockGet
 .text.SystemHFXOClockSet
                0x08000ccc       0x2c ./gecko_sdk_4.2.1/platform/Device/SiliconLabs/EFR32MG24/Source/system_efr32mg24.o
                0x08000ccc                SystemHFXOClockSet
 .text.SystemFSRCOClockGet
                0x08000cf8        0xc ./gecko_sdk_4.2.1/platform/Device/SiliconLabs/EFR32MG24/Source/system_efr32mg24.o
                0x08000cf8                SystemFSRCOClockGet
 .text.SystemHFRCOEM23ClockGet
                0x08000d04       0xe0 ./gecko_sdk_4.2.1/platform/Device/SiliconLabs/EFR32MG24/Source/system_efr32mg24.o
                0x08000d04                SystemHFRCOEM23ClockGet
 .text.SystemLFXOClockGet
                0x08000de4        0xc ./gecko_sdk_4.2.1/platform/Device/SiliconLabs/EFR32MG24/Source/system_efr32mg24.o
                0x08000de4                SystemLFXOClockGet
 .text.sl_slist_push
                0x08000df0       0x38 ./gecko_sdk_4.2.1/platform/common/src/sl_slist.o
                0x08000df0                sl_slist_push
 .text._sbrk    0x08000e28       0x3c ./gecko_sdk_4.2.1/platform/common/toolchain/src/sl_memory.o
                0x08000e28                _sbrk
 .text.BUS_RegBitWrite
                0x08000e64       0x48 ./gecko_sdk_4.2.1/platform/driver/debug/src/sl_debug_swo.o
 .text.GPIO_DbgSWOEnable
                0x08000eac       0x30 ./gecko_sdk_4.2.1/platform/driver/debug/src/sl_debug_swo.o
 .text.sl_debug_swo_init
                0x08000edc      0x168 ./gecko_sdk_4.2.1/platform/driver/debug/src/sl_debug_swo.o
                0x08000edc                sl_debug_swo_init
 .text.DMADRV_AllocateChannel
                0x08001044       0xa0 ./gecko_sdk_4.2.1/platform/emdrv/dmadrv/src/dmadrv.o
                0x08001044                DMADRV_AllocateChannel
 .text.DMADRV_DeInit
                0x080010e4       0x78 ./gecko_sdk_4.2.1/platform/emdrv/dmadrv/src/dmadrv.o
                0x080010e4                DMADRV_DeInit
 .text.DMADRV_FreeChannel
                0x0800115c       0x74 ./gecko_sdk_4.2.1/platform/emdrv/dmadrv/src/dmadrv.o
                0x0800115c                DMADRV_FreeChannel
 .text.DMADRV_Init
                0x080011d0       0x7c ./gecko_sdk_4.2.1/platform/emdrv/dmadrv/src/dmadrv.o
                0x080011d0                DMADRV_Init
 .text.DMADRV_PauseTransfer
                0x0800124c       0x64 ./gecko_sdk_4.2.1/platform/emdrv/dmadrv/src/dmadrv.o
                0x0800124c                DMADRV_PauseTransfer
 .text.DMADRV_ResumeTransfer
                0x080012b0       0x64 ./gecko_sdk_4.2.1/platform/emdrv/dmadrv/src/dmadrv.o
                0x080012b0                DMADRV_ResumeTransfer
 .text.DMADRV_StopTransfer
                0x08001314       0x64 ./gecko_sdk_4.2.1/platform/emdrv/dmadrv/src/dmadrv.o
                0x08001314                DMADRV_StopTransfer
 .text.DMADRV_TransferCompletePending
                0x08001378       0x84 ./gecko_sdk_4.2.1/platform/emdrv/dmadrv/src/dmadrv.o
                0x08001378                DMADRV_TransferCompletePending
 .text.DMADRV_TransferDone
                0x080013fc       0x74 ./gecko_sdk_4.2.1/platform/emdrv/dmadrv/src/dmadrv.o
                0x080013fc                DMADRV_TransferDone
 .text.LDMA_IRQHandler
                0x08001470       0xec ./gecko_sdk_4.2.1/platform/emdrv/dmadrv/src/dmadrv.o
                0x08001470                LDMA_IRQHandler
 .text.StartTransfer
                0x0800155c      0x21c ./gecko_sdk_4.2.1/platform/emdrv/dmadrv/src/dmadrv.o
 .text.__NVIC_EnableIRQ
                0x08001778       0x34 ./gecko_sdk_4.2.1/platform/emdrv/gpiointerrupt/src/gpiointerrupt.o
 .text.__NVIC_ClearPendingIRQ
                0x080017ac       0x38 ./gecko_sdk_4.2.1/platform/emdrv/gpiointerrupt/src/gpiointerrupt.o
 .text.GPIO_IntClear
                0x080017e4       0x1c ./gecko_sdk_4.2.1/platform/emdrv/gpiointerrupt/src/gpiointerrupt.o
 .text.GPIO_IntGetEnabled
                0x08001800       0x20 ./gecko_sdk_4.2.1/platform/emdrv/gpiointerrupt/src/gpiointerrupt.o
 .text.GPIOINT_IRQDispatcher
                0x08001820       0x74 ./gecko_sdk_4.2.1/platform/emdrv/gpiointerrupt/src/gpiointerrupt.o
 .text.BUS_RegBitWrite
                0x08001894       0x48 ./gecko_sdk_4.2.1/platform/emlib/src/em_cmu.o
 .text.EMU_VScaleWait
                0x080018dc       0x1c ./gecko_sdk_4.2.1/platform/emlib/src/em_cmu.o
 .text.EMU_VScaleGet
                0x080018f8       0x1c ./gecko_sdk_4.2.1/platform/emlib/src/em_cmu.o
 .text.MSC_LockGetLocked
                0x08001914       0x1c ./gecko_sdk_4.2.1/platform/emlib/src/em_cmu.o
 .text.MSC_LockSetLocked
                0x08001930       0x10 ./gecko_sdk_4.2.1/platform/emlib/src/em_cmu.o
 .text.MSC_LockSetUnlocked
                0x08001940       0x10 ./gecko_sdk_4.2.1/platform/emlib/src/em_cmu.o
 .text.MSC_ReadCTRLGet
                0x08001950        0xc ./gecko_sdk_4.2.1/platform/emlib/src/em_cmu.o
 .text.MSC_ReadCTRLSet
                0x0800195c       0x14 ./gecko_sdk_4.2.1/platform/emlib/src/em_cmu.o
 .text.CMU_ClockDivGet
                0x08001970       0xec ./gecko_sdk_4.2.1/platform/emlib/src/em_cmu.o
                0x08001970                CMU_ClockDivGet
 .text.CMU_ClockDivSet
                0x08001a5c      0x1b0 ./gecko_sdk_4.2.1/platform/emlib/src/em_cmu.o
                0x08001a5c                CMU_ClockDivSet
 .text.CMU_ClockEnable
                0x08001c0c       0x74 ./gecko_sdk_4.2.1/platform/emlib/src/em_cmu.o
                0x08001c0c                CMU_ClockEnable
 .text.CMU_ClockFreqGet
                0x08001c80      0x6a8 ./gecko_sdk_4.2.1/platform/emlib/src/em_cmu.o
                0x08001c80                CMU_ClockFreqGet
 .text.CMU_ClockSelectGet
                0x08002328      0x3e4 ./gecko_sdk_4.2.1/platform/emlib/src/em_cmu.o
                0x08002328                CMU_ClockSelectGet
 .text.sli_em_cmu_HFXOSetForceEnable
                0x0800270c       0x28 ./gecko_sdk_4.2.1/platform/emlib/src/em_cmu.o
                0x0800270c                sli_em_cmu_HFXOSetForceEnable
 .text.CMU_HFXOInit
                0x08002734      0x2f4 ./gecko_sdk_4.2.1/platform/emlib/src/em_cmu.o
                0x08002734                CMU_HFXOInit
 .text.CMU_HFXOCTuneDeltaGet
                0x08002a28       0x10 ./gecko_sdk_4.2.1/platform/emlib/src/em_cmu.o
                0x08002a28                CMU_HFXOCTuneDeltaGet
 .text.CMU_LFXOInit
                0x08002a38      0x120 ./gecko_sdk_4.2.1/platform/emlib/src/em_cmu.o
                0x08002a38                CMU_LFXOInit
 .text.CMU_LFXOPrecisionSet
                0x08002b58       0x1c ./gecko_sdk_4.2.1/platform/emlib/src/em_cmu.o
                0x08002b58                CMU_LFXOPrecisionSet
 .text.eusart0ClkGet
                0x08002b74       0xa8 ./gecko_sdk_4.2.1/platform/emlib/src/em_cmu.o
 .text.em01GrpcClkGet
                0x08002c1c       0xbc ./gecko_sdk_4.2.1/platform/emlib/src/em_cmu.o
 .text.vdac0ClkGet
                0x08002cd8       0xa8 ./gecko_sdk_4.2.1/platform/emlib/src/em_cmu.o
 .text.vdac1ClkGet
                0x08002d80       0xa8 ./gecko_sdk_4.2.1/platform/emlib/src/em_cmu.o
 .text.pcnt0ClkGet
                0x08002e28       0x74 ./gecko_sdk_4.2.1/platform/emlib/src/em_cmu.o
 .text.rhclkPrescMax
                0x08002e9c       0x18 ./gecko_sdk_4.2.1/platform/emlib/src/em_cmu.o
 .text.rhclkPrescOptimize
                0x08002eb4       0x2c ./gecko_sdk_4.2.1/platform/emlib/src/em_cmu.o
 .text.traceClkGet
                0x08002ee0       0x84 ./gecko_sdk_4.2.1/platform/emlib/src/em_cmu.o
 .text.dpllRefClkGet
                0x08002f64       0x94 ./gecko_sdk_4.2.1/platform/emlib/src/em_cmu.o
 .text.em01GrpaClkGet
                0x08002ff8       0xbc ./gecko_sdk_4.2.1/platform/emlib/src/em_cmu.o
 .text.em23GrpaClkGet
                0x080030b4       0x84 ./gecko_sdk_4.2.1/platform/emlib/src/em_cmu.o
 .text.em4GrpaClkGet
                0x08003138       0x84 ./gecko_sdk_4.2.1/platform/emlib/src/em_cmu.o
 .text.getWaitStatesByFrequencyAndVScale
                0x080031bc       0x54 ./gecko_sdk_4.2.1/platform/emlib/src/em_cmu.o
 .text.flashWaitStateControl
                0x08003210       0x70 ./gecko_sdk_4.2.1/platform/emlib/src/em_cmu.o
 .text.iadcClkGet
                0x08003280       0x8c ./gecko_sdk_4.2.1/platform/emlib/src/em_cmu.o
 .text.pclkDivOptimize
                0x0800330c       0x34 ./gecko_sdk_4.2.1/platform/emlib/src/em_cmu.o
 .text.sysrtcClkGet
                0x08003340       0x84 ./gecko_sdk_4.2.1/platform/emlib/src/em_cmu.o
 .text.wdog0ClkGet
                0x080033c4       0xa0 ./gecko_sdk_4.2.1/platform/emlib/src/em_cmu.o
 .text.wdog1ClkGet
                0x08003464       0xa0 ./gecko_sdk_4.2.1/platform/emlib/src/em_cmu.o
 .text.sysTickClkGet
                0x08003504       0x58 ./gecko_sdk_4.2.1/platform/emlib/src/em_cmu.o
 .text.CORE_NvicIRQDisabled
                0x0800355c       0x60 ./gecko_sdk_4.2.1/platform/emlib/src/em_core.o
                0x0800355c                CORE_NvicIRQDisabled
 .text.EMU_DCDCLock
                0x080035bc       0x14 ./gecko_sdk_4.2.1/platform/emlib/src/em_emu.o
 .text.EMU_DCDCUnlock
                0x080035d0       0x10 ./gecko_sdk_4.2.1/platform/emlib/src/em_emu.o
 .text.EMU_DCDCSync
                0x080035e0       0x20 ./gecko_sdk_4.2.1/platform/emlib/src/em_emu.o
 .text.EMU_VScaleWait
                0x08003600       0x1c ./gecko_sdk_4.2.1/platform/emlib/src/em_emu.o
 .text.EMU_VScaleGet
                0x0800361c       0x1c ./gecko_sdk_4.2.1/platform/emlib/src/em_emu.o
 .text.EMU_EM01Init
                0x08003638       0x24 ./gecko_sdk_4.2.1/platform/emlib/src/em_emu.o
                0x08003638                EMU_EM01Init
 .text.EMU_EM23Init
                0x0800365c       0x24 ./gecko_sdk_4.2.1/platform/emlib/src/em_emu.o
                0x0800365c                EMU_EM23Init
 .text.EMU_EnterEM2
                0x08003680       0x48 ./gecko_sdk_4.2.1/platform/emlib/src/em_emu.o
                0x08003680                EMU_EnterEM2
 .text.EMU_EnterEM3
                0x080036c8       0x40 ./gecko_sdk_4.2.1/platform/emlib/src/em_emu.o
                0x080036c8                EMU_EnterEM3
 .text.EMU_EM4Init
                0x08003708       0x24 ./gecko_sdk_4.2.1/platform/emlib/src/em_emu.o
                0x08003708                EMU_EM4Init
 .text.EMU_VScaleEM01ByClock
                0x0800372c       0x5c ./gecko_sdk_4.2.1/platform/emlib/src/em_emu.o
                0x0800372c                EMU_VScaleEM01ByClock
 .text.EMU_VScaleEM01
                0x08003788       0xdc ./gecko_sdk_4.2.1/platform/emlib/src/em_emu.o
                0x08003788                EMU_VScaleEM01
 .text.EMU_DCDCModeSet
                0x08003864       0xc0 ./gecko_sdk_4.2.1/platform/emlib/src/em_emu.o
                0x08003864                EMU_DCDCModeSet
 .text.EMU_DCDCInit
                0x08003924       0xa8 ./gecko_sdk_4.2.1/platform/emlib/src/em_emu.o
                0x08003924                EMU_DCDCInit
 .text.EMU_DCDCSetPFMXModePeakCurrent
                0x080039cc       0xb4 ./gecko_sdk_4.2.1/platform/emlib/src/em_emu.o
                0x080039cc                EMU_DCDCSetPFMXModePeakCurrent
 .text.EUSART_SpiInit
                0x08003a80       0xe8 ./gecko_sdk_4.2.1/platform/emlib/src/em_eusart.o
                0x08003a80                EUSART_SpiInit
 .text.EUSART_Reset
                0x08003b68       0xa4 ./gecko_sdk_4.2.1/platform/emlib/src/em_eusart.o
                0x08003b68                EUSART_Reset
 .text.EUSART_Enable
                0x08003c0c       0xbc ./gecko_sdk_4.2.1/platform/emlib/src/em_eusart.o
                0x08003c0c                EUSART_Enable
 .text.EUSART_BaudrateSet
                0x08003cc8      0x290 ./gecko_sdk_4.2.1/platform/emlib/src/em_eusart.o
                0x08003cc8                EUSART_BaudrateSet
 .text.EUSART_ClockGet
                0x08003f58       0x48 ./gecko_sdk_4.2.1/platform/emlib/src/em_eusart.o
 .text.EUSART_SyncInitCommon
                0x08003fa0      0x240 ./gecko_sdk_4.2.1/platform/emlib/src/em_eusart.o
 .text.GPIO_PinOutClear
                0x080041e0       0x84 ./gecko_sdk_4.2.1/platform/emlib/src/em_gpio.o
 .text.GPIO_PinOutSet
                0x08004264       0x84 ./gecko_sdk_4.2.1/platform/emlib/src/em_gpio.o
 .text.GPIO_PinModeSet
                0x080042e8      0x124 ./gecko_sdk_4.2.1/platform/emlib/src/em_gpio.o
                0x080042e8                GPIO_PinModeSet
 .text.BUS_RegBitWrite
                0x0800440c       0x48 ./gecko_sdk_4.2.1/platform/emlib/src/em_i2c.o
 .text.I2C_BusFreqSet
                0x08004454      0x1a8 ./gecko_sdk_4.2.1/platform/emlib/src/em_i2c.o
                0x08004454                I2C_BusFreqSet
 .text.I2C_Enable
                0x080045fc       0x48 ./gecko_sdk_4.2.1/platform/emlib/src/em_i2c.o
                0x080045fc                I2C_Enable
 .text.I2C_Init
                0x08004644       0x7c ./gecko_sdk_4.2.1/platform/emlib/src/em_i2c.o
                0x08004644                I2C_Init
 .text.I2C_Transfer
                0x080046c0      0x4c8 ./gecko_sdk_4.2.1/platform/emlib/src/em_i2c.o
                0x080046c0                I2C_Transfer
 .text.I2C_TransferInit
                0x08004b88       0xf8 ./gecko_sdk_4.2.1/platform/emlib/src/em_i2c.o
                0x08004b88                I2C_TransferInit
 .text.__NVIC_EnableIRQ
                0x08004c80       0x34 ./gecko_sdk_4.2.1/platform/emlib/src/em_ldma.o
 .text.__NVIC_DisableIRQ
                0x08004cb4       0x44 ./gecko_sdk_4.2.1/platform/emlib/src/em_ldma.o
 .text.__NVIC_ClearPendingIRQ
                0x08004cf8       0x38 ./gecko_sdk_4.2.1/platform/emlib/src/em_ldma.o
 .text.__NVIC_SetPriority
                0x08004d30       0x50 ./gecko_sdk_4.2.1/platform/emlib/src/em_ldma.o
 .text.BUS_RegBitWrite
                0x08004d80       0x48 ./gecko_sdk_4.2.1/platform/emlib/src/em_ldma.o
 .text.LDMA_DeInit
                0x08004dc8       0x34 ./gecko_sdk_4.2.1/platform/emlib/src/em_ldma.o
                0x08004dc8                LDMA_DeInit
 .text.LDMA_EnableChannelRequest
                0x08004dfc       0x40 ./gecko_sdk_4.2.1/platform/emlib/src/em_ldma.o
                0x08004dfc                LDMA_EnableChannelRequest
 .text.LDMA_Init
                0x08004e3c       0xec ./gecko_sdk_4.2.1/platform/emlib/src/em_ldma.o
                0x08004e3c                LDMA_Init
 .text.LDMA_StartTransfer
                0x08004f28      0x208 ./gecko_sdk_4.2.1/platform/emlib/src/em_ldma.o
                0x08004f28                LDMA_StartTransfer
 .text.LDMA_StopTransfer
                0x08005130       0x54 ./gecko_sdk_4.2.1/platform/emlib/src/em_ldma.o
                0x08005130                LDMA_StopTransfer
 .text.LDMA_TransferDone
                0x08005184       0x68 ./gecko_sdk_4.2.1/platform/emlib/src/em_ldma.o
                0x08005184                LDMA_TransferDone
 .text.TIMER_Valid
                0x080051ec       0x54 ./gecko_sdk_4.2.1/platform/emlib/src/em_timer.o
 .text.TIMER_Init
                0x08005240      0x130 ./gecko_sdk_4.2.1/platform/emlib/src/em_timer.o
                0x08005240                TIMER_Init
 .text.prsRxInput
                0x08005370       0x38 ./gecko_sdk_4.2.1/platform/emlib/src/em_usart.o
 .text.USART_BaudrateAsyncSet
                0x080053a8      0x14c ./gecko_sdk_4.2.1/platform/emlib/src/em_usart.o
                0x080053a8                USART_BaudrateAsyncSet
 .text.USART_BaudrateSyncSet
                0x080054f4       0x68 ./gecko_sdk_4.2.1/platform/emlib/src/em_usart.o
                0x080054f4                USART_BaudrateSyncSet
 .text.USART_Enable
                0x0800555c       0x70 ./gecko_sdk_4.2.1/platform/emlib/src/em_usart.o
                0x0800555c                USART_Enable
 .text.USART_InitAsync
                0x080055cc      0x134 ./gecko_sdk_4.2.1/platform/emlib/src/em_usart.o
                0x080055cc                USART_InitAsync
 .text.USART_InitSync
                0x08005700      0x108 ./gecko_sdk_4.2.1/platform/emlib/src/em_usart.o
                0x08005700                USART_InitSync
 .text.USART_Reset
                0x08005808       0xa0 ./gecko_sdk_4.2.1/platform/emlib/src/em_usart.o
                0x08005808                USART_Reset
 .text.sl_sysrtc_wait_sync
                0x080058a8       0x20 ./gecko_sdk_4.2.1/platform/peripheral/src/peripheral_sysrtc.o
 .text.sl_sysrtc_wait_ready
                0x080058c8       0x2c ./gecko_sdk_4.2.1/platform/peripheral/src/peripheral_sysrtc.o
 .text.sl_sysrtc_stop
                0x080058f4       0x14 ./gecko_sdk_4.2.1/platform/peripheral/src/peripheral_sysrtc.o
 .text.sl_sysrtc_init
                0x08005908       0x38 ./gecko_sdk_4.2.1/platform/peripheral/src/peripheral_sysrtc.o
                0x08005908                sl_sysrtc_init
 .text.sl_sysrtc_enable
                0x08005940       0x20 ./gecko_sdk_4.2.1/platform/peripheral/src/peripheral_sysrtc.o
                0x08005940                sl_sysrtc_enable
 .text.sl_sysrtc_disable
                0x08005960       0x24 ./gecko_sdk_4.2.1/platform/peripheral/src/peripheral_sysrtc.o
                0x08005960                sl_sysrtc_disable
 .text.sl_sysrtc_init_group
                0x08005984       0xbc ./gecko_sdk_4.2.1/platform/peripheral/src/peripheral_sysrtc.o
                0x08005984                sl_sysrtc_init_group
 .text.sl_sysrtc_enable_group_interrupts
                0x08005a40       0x44 ./gecko_sdk_4.2.1/platform/peripheral/src/peripheral_sysrtc.o
                0x08005a40                sl_sysrtc_enable_group_interrupts
 .text.sl_sysrtc_disable_group_interrupts
                0x08005a84       0x44 ./gecko_sdk_4.2.1/platform/peripheral/src/peripheral_sysrtc.o
                0x08005a84                sl_sysrtc_disable_group_interrupts
 .text.sl_sysrtc_clear_group_interrupts
                0x08005ac8       0x44 ./gecko_sdk_4.2.1/platform/peripheral/src/peripheral_sysrtc.o
                0x08005ac8                sl_sysrtc_clear_group_interrupts
 .text.sl_sysrtc_get_group_interrupts
                0x08005b0c       0x3c ./gecko_sdk_4.2.1/platform/peripheral/src/peripheral_sysrtc.o
                0x08005b0c                sl_sysrtc_get_group_interrupts
 .text.sl_sysrtc_get_group_compare_channel_value
                0x08005b48       0x5c ./gecko_sdk_4.2.1/platform/peripheral/src/peripheral_sysrtc.o
                0x08005b48                sl_sysrtc_get_group_compare_channel_value
 .text.sl_sysrtc_set_group_compare_channel_value
                0x08005ba4       0x5c ./gecko_sdk_4.2.1/platform/peripheral/src/peripheral_sysrtc.o
                0x08005ba4                sl_sysrtc_set_group_compare_channel_value
 .text.sl_device_init_dcdc
                0x08005c00       0x34 ./gecko_sdk_4.2.1/platform/service/device_init/src/sl_device_init_dcdc_s2.o
                0x08005c00                sl_device_init_dcdc
 .text.sl_device_init_emu
                0x08005c34       0x34 ./gecko_sdk_4.2.1/platform/service/device_init/src/sl_device_init_emu_s2.o
                0x08005c34                sl_device_init_emu
 .text.sl_device_init_hfxo
                0x08005c68       0xc4 ./gecko_sdk_4.2.1/platform/service/device_init/src/sl_device_init_hfxo_s2.o
                0x08005c68                sl_device_init_hfxo
 .text.sl_device_init_lfxo
                0x08005d2c       0x3c ./gecko_sdk_4.2.1/platform/service/device_init/src/sl_device_init_lfxo_s2.o
                0x08005d2c                sl_device_init_lfxo
 .text.__NVIC_SetPriority
                0x08005d68       0x50 ./gecko_sdk_4.2.1/platform/service/device_init/src/sl_device_init_nvic.o
 .text.sl_hfxo_manager_init
                0x08005db8       0x88 ./gecko_sdk_4.2.1/platform/service/hfxo_manager/src/sl_hfxo_manager.o
                0x08005db8                sl_hfxo_manager_init
 .text.sli_hfxo_manager_begin_startup_measurement
                0x08005e40       0x20 ./gecko_sdk_4.2.1/platform/service/hfxo_manager/src/sl_hfxo_manager.o
                0x08005e40                sli_hfxo_manager_begin_startup_measurement
 .text.sli_hfxo_manager_end_startup_measurement
                0x08005e60       0xc8 ./gecko_sdk_4.2.1/platform/service/hfxo_manager/src/sl_hfxo_manager.o
                0x08005e60                sli_hfxo_manager_end_startup_measurement
 .text.sli_hfxo_manager_get_startup_time
                0x08005f28        0xc ./gecko_sdk_4.2.1/platform/service/hfxo_manager/src/sl_hfxo_manager.o
                0x08005f28                sli_hfxo_manager_get_startup_time
 .text.__NVIC_EnableIRQ
                0x08005f34       0x34 ./gecko_sdk_4.2.1/platform/service/hfxo_manager/src/sl_hfxo_manager_hal_s2.o
 .text.__NVIC_ClearPendingIRQ
                0x08005f68       0x38 ./gecko_sdk_4.2.1/platform/service/hfxo_manager/src/sl_hfxo_manager_hal_s2.o
 .text.__NVIC_SetPriority
                0x08005fa0       0x50 ./gecko_sdk_4.2.1/platform/service/hfxo_manager/src/sl_hfxo_manager_hal_s2.o
 .text.sli_hfxo_manager_init_hardware
                0x08005ff0       0x58 ./gecko_sdk_4.2.1/platform/service/hfxo_manager/src/sl_hfxo_manager_hal_s2.o
                0x08005ff0                sli_hfxo_manager_init_hardware
 .text.sli_hfxo_manager_is_hfxo_ready
                0x08006048       0x68 ./gecko_sdk_4.2.1/platform/service/hfxo_manager/src/sl_hfxo_manager_hal_s2.o
                0x08006048                sli_hfxo_manager_is_hfxo_ready
 .text.sl_hfxo_manager_irq_handler
                0x080060b0       0x64 ./gecko_sdk_4.2.1/platform/service/hfxo_manager/src/sl_hfxo_manager_hal_s2.o
                0x080060b0                sl_hfxo_manager_irq_handler
 .text.sl_iostream_set_default
                0x08006114       0x28 ./gecko_sdk_4.2.1/platform/service/iostream/src/sl_iostream.o
                0x08006114                sl_iostream_set_default
 .text.sl_iostream_get_default
                0x0800613c       0x28 ./gecko_sdk_4.2.1/platform/service/iostream/src/sl_iostream.o
                0x0800613c                sl_iostream_get_default
 .text._write   0x08006164       0x34 ./gecko_sdk_4.2.1/platform/service/iostream/src/sl_iostream_retarget_stdio.o
                0x08006164                _write
 .text.sl_iostream_stdlib_disable_buffering
                0x08006198       0x1c ./gecko_sdk_4.2.1/platform/service/iostream/src/sl_iostream_stdlib_config.o
                0x08006198                sl_iostream_stdlib_disable_buffering
 .text.__NVIC_EnableIRQ
                0x080061b4       0x34 ./gecko_sdk_4.2.1/platform/service/iostream/src/sl_iostream_uart.o
 .text.__NVIC_DisableIRQ
                0x080061e8       0x44 ./gecko_sdk_4.2.1/platform/service/iostream/src/sl_iostream_uart.o
 .text.__NVIC_ClearPendingIRQ
                0x0800622c       0x38 ./gecko_sdk_4.2.1/platform/service/iostream/src/sl_iostream_uart.o
 .text.sli_iostream_uart_context_init
                0x08006264      0x1e0 ./gecko_sdk_4.2.1/platform/service/iostream/src/sl_iostream_uart.o
                0x08006264                sli_iostream_uart_context_init
 .text.sli_uart_txc
                0x08006444       0x60 ./gecko_sdk_4.2.1/platform/service/iostream/src/sl_iostream_uart.o
                0x08006444                sli_uart_txc
 .text.uart_deinit
                0x080064a4       0xec ./gecko_sdk_4.2.1/platform/service/iostream/src/sl_iostream_uart.o
 .text.scan_for_ctrl_char
                0x08006590       0xbc ./gecko_sdk_4.2.1/platform/service/iostream/src/sl_iostream_uart.o
 .text.dma_irq_handler
                0x0800664c       0xd0 ./gecko_sdk_4.2.1/platform/service/iostream/src/sl_iostream_uart.o
 .text.get_write_ptr
                0x0800671c       0x54 ./gecko_sdk_4.2.1/platform/service/iostream/src/sl_iostream_uart.o
 .text.update_ring_buffer
                0x08006770      0x148 ./gecko_sdk_4.2.1/platform/service/iostream/src/sl_iostream_uart.o
 .text.read_rx_buffer
                0x080068b8      0x1cc ./gecko_sdk_4.2.1/platform/service/iostream/src/sl_iostream_uart.o
 .text.sl_iostream_usart_init
                0x08006a84      0x280 ./gecko_sdk_4.2.1/platform/service/iostream/src/sl_iostream_usart.o
                0x08006a84                sl_iostream_usart_init
 .text.sl_iostream_usart_irq_handler
                0x08006d04      0x120 ./gecko_sdk_4.2.1/platform/service/iostream/src/sl_iostream_usart.o
                0x08006d04                sl_iostream_usart_irq_handler
 .text.sl_power_manager_init
                0x08006e24       0x80 ./gecko_sdk_4.2.1/platform/service/power_manager/src/sl_power_manager.o
                0x08006e24                sl_power_manager_init
 .text.sl_power_manager_sleep
                0x08006ea4      0x204 ./gecko_sdk_4.2.1/platform/service/power_manager/src/sl_power_manager.o
                0x08006ea4                sl_power_manager_sleep
 .text.sli_power_manager_update_em_requirement
                0x080070a8      0x108 ./gecko_sdk_4.2.1/platform/service/power_manager/src/sl_power_manager.o
                0x080070a8                sli_power_manager_update_em_requirement
 .text.sli_power_manager_get_restore_delay
                0x080071b0       0x48 ./gecko_sdk_4.2.1/platform/service/power_manager/src/sl_power_manager.o
                0x080071b0                sli_power_manager_get_restore_delay
 .text.sl_power_manager_subscribe_em_transition_event
                0x080071f8       0x30 ./gecko_sdk_4.2.1/platform/service/power_manager/src/sl_power_manager.o
                0x080071f8                sl_power_manager_subscribe_em_transition_event
 .text.sl_power_manager_schedule_wakeup_get_restore_overhead_tick
                0x08007228       0x14 ./gecko_sdk_4.2.1/platform/service/power_manager/src/sl_power_manager.o
                0x08007228                sl_power_manager_schedule_wakeup_get_restore_overhead_tick
 .text.sli_power_manager_convert_delay_us_to_tick
                0x0800723c       0x2c ./gecko_sdk_4.2.1/platform/service/power_manager/src/sl_power_manager.o
                0x0800723c                sli_power_manager_convert_delay_us_to_tick
 .text.sl_power_manager_is_latest_wakeup_internal
                0x08007268       0x4c ./gecko_sdk_4.2.1/platform/service/power_manager/src/sl_power_manager.o
                0x08007268                sl_power_manager_is_latest_wakeup_internal
 .text.get_lowest_em
                0x080072b4       0x34 ./gecko_sdk_4.2.1/platform/service/power_manager/src/sl_power_manager.o
 .text.power_manager_notify_em_transition
                0x080072e8       0xec ./gecko_sdk_4.2.1/platform/service/power_manager/src/sl_power_manager.o
 .text.evaluate_wakeup
                0x080073d4       0xf8 ./gecko_sdk_4.2.1/platform/service/power_manager/src/sl_power_manager.o
 .text.update_em1_requirement
                0x080074cc       0x94 ./gecko_sdk_4.2.1/platform/service/power_manager/src/sl_power_manager.o
 .text.clock_restore_and_wait
                0x08007560       0x88 ./gecko_sdk_4.2.1/platform/service/power_manager/src/sl_power_manager.o
 .text.clock_restore
                0x080075e8       0x6c ./gecko_sdk_4.2.1/platform/service/power_manager/src/sl_power_manager.o
 .text.on_clock_wakeup_timeout
                0x08007654       0x34 ./gecko_sdk_4.2.1/platform/service/power_manager/src/sl_power_manager.o
 .text.sli_hfxo_manager_notify_ready_for_power_manager
                0x08007688       0x48 ./gecko_sdk_4.2.1/platform/service/power_manager/src/sl_power_manager.o
                0x08007688                sli_hfxo_manager_notify_ready_for_power_manager
 .text.EMU_EnterEM1
                0x080076d0       0x18 ./gecko_sdk_4.2.1/platform/service/power_manager/src/sl_power_manager_hal_s2.o
 .text.sli_power_manager_init_hardware
                0x080076e8      0x210 ./gecko_sdk_4.2.1/platform/service/power_manager/src/sl_power_manager_hal_s2.o
                0x080076e8                sli_power_manager_init_hardware
 .text.sli_power_manager_em23_voltage_scaling_enable_fast_wakeup
                0x080078f8       0x88 ./gecko_sdk_4.2.1/platform/service/power_manager/src/sl_power_manager_hal_s2.o
                0x080078f8                sli_power_manager_em23_voltage_scaling_enable_fast_wakeup
 .text.EMU_EM23PresleepHook
                0x08007980       0x30 ./gecko_sdk_4.2.1/platform/service/power_manager/src/sl_power_manager_hal_s2.o
                0x08007980                EMU_EM23PresleepHook
 .text.EMU_EM23PostsleepHook
                0x080079b0       0x70 ./gecko_sdk_4.2.1/platform/service/power_manager/src/sl_power_manager_hal_s2.o
                0x080079b0                EMU_EM23PostsleepHook
 .text.sli_power_manager_handle_pre_deepsleep_operations
                0x08007a20       0x10 ./gecko_sdk_4.2.1/platform/service/power_manager/src/sl_power_manager_hal_s2.o
                0x08007a20                sli_power_manager_handle_pre_deepsleep_operations
 .text.sli_power_manager_restore_high_freq_accuracy_clk
                0x08007a30       0x70 ./gecko_sdk_4.2.1/platform/service/power_manager/src/sl_power_manager_hal_s2.o
                0x08007a30                sli_power_manager_restore_high_freq_accuracy_clk
 .text.sli_power_manager_is_high_freq_accuracy_clk_ready
                0x08007aa0       0x34 ./gecko_sdk_4.2.1/platform/service/power_manager/src/sl_power_manager_hal_s2.o
                0x08007aa0                sli_power_manager_is_high_freq_accuracy_clk_ready
 .text.sli_power_manager_restore_states
                0x08007ad4       0x48 ./gecko_sdk_4.2.1/platform/service/power_manager/src/sl_power_manager_hal_s2.o
                0x08007ad4                sli_power_manager_restore_states
 .text.sli_power_manager_apply_em
                0x08007b1c       0x50 ./gecko_sdk_4.2.1/platform/service/power_manager/src/sl_power_manager_hal_s2.o
                0x08007b1c                sli_power_manager_apply_em
 .text.sli_power_manager_get_wakeup_process_time_overhead
                0x08007b6c       0x3c ./gecko_sdk_4.2.1/platform/service/power_manager/src/sl_power_manager_hal_s2.o
                0x08007b6c                sli_power_manager_get_wakeup_process_time_overhead
 .text.sl_sleeptimer_init
                0x08007ba8       0xa0 ./gecko_sdk_4.2.1/platform/service/sleeptimer/src/sl_sleeptimer.o
                0x08007ba8                sl_sleeptimer_init
 .text.sl_sleeptimer_stop_timer
                0x08007c48       0x80 ./gecko_sdk_4.2.1/platform/service/sleeptimer/src/sl_sleeptimer.o
                0x08007c48                sl_sleeptimer_stop_timer
 .text.sl_sleeptimer_get_remaining_time_of_first_timer
                0x08007cc8       0x94 ./gecko_sdk_4.2.1/platform/service/sleeptimer/src/sl_sleeptimer.o
                0x08007cc8                sl_sleeptimer_get_remaining_time_of_first_timer
 .text.sli_sleeptimer_is_power_manager_timer_next_to_expire
                0x08007d5c       0x18 ./gecko_sdk_4.2.1/platform/service/sleeptimer/src/sl_sleeptimer.o
                0x08007d5c                sli_sleeptimer_is_power_manager_timer_next_to_expire
 .text.sl_sleeptimer_get_timer_frequency
                0x08007d74        0xc ./gecko_sdk_4.2.1/platform/service/sleeptimer/src/sl_sleeptimer.o
                0x08007d74                sl_sleeptimer_get_timer_frequency
 .text.process_timer_irq
                0x08007d80      0x258 ./gecko_sdk_4.2.1/platform/service/sleeptimer/src/sl_sleeptimer.o
                0x08007d80                process_timer_irq
 .text.delta_list_insert_timer
                0x08007fd8       0xd4 ./gecko_sdk_4.2.1/platform/service/sleeptimer/src/sl_sleeptimer.o
 .text.delta_list_remove_timer
                0x080080ac       0x74 ./gecko_sdk_4.2.1/platform/service/sleeptimer/src/sl_sleeptimer.o
 .text.set_comparator_for_next_timer
                0x08008120       0x4c ./gecko_sdk_4.2.1/platform/service/sleeptimer/src/sl_sleeptimer.o
 .text.update_delta_list
                0x0800816c       0x70 ./gecko_sdk_4.2.1/platform/service/sleeptimer/src/sl_sleeptimer.o
 .text.create_timer
                0x080081dc       0xa8 ./gecko_sdk_4.2.1/platform/service/sleeptimer/src/sl_sleeptimer.o
 .text.update_next_timer_to_expire_is_power_manager
                0x08008284       0x58 ./gecko_sdk_4.2.1/platform/service/sleeptimer/src/sl_sleeptimer.o
 .text.sl_sleeptimer_is_power_manager_early_restore_timer_latest_to_expire
                0x080082dc       0x28 ./gecko_sdk_4.2.1/platform/service/sleeptimer/src/sl_sleeptimer.o
                0x080082dc                sl_sleeptimer_is_power_manager_early_restore_timer_latest_to_expire
 .text.__NVIC_EnableIRQ
                0x08008304       0x34 ./gecko_sdk_4.2.1/platform/service/sleeptimer/src/sl_sleeptimer_hal_sysrtc.o
 .text.__NVIC_ClearPendingIRQ
                0x08008338       0x38 ./gecko_sdk_4.2.1/platform/service/sleeptimer/src/sl_sleeptimer_hal_sysrtc.o
 .text.sl_sysrtc_wait_sync
                0x08008370       0x20 ./gecko_sdk_4.2.1/platform/service/sleeptimer/src/sl_sleeptimer_hal_sysrtc.o
 .text.sl_sysrtc_get_counter
                0x08008390       0x14 ./gecko_sdk_4.2.1/platform/service/sleeptimer/src/sl_sleeptimer_hal_sysrtc.o
 .text.sl_sysrtc_set_counter
                0x080083a4       0x1c ./gecko_sdk_4.2.1/platform/service/sleeptimer/src/sl_sleeptimer_hal_sysrtc.o
 .text.sleeptimer_hal_set_compare
                0x080083c0       0xac ./gecko_sdk_4.2.1/platform/service/sleeptimer/src/sl_sleeptimer_hal_sysrtc.o
                0x080083c0                sleeptimer_hal_set_compare
 .text.sleeptimer_hal_disable_int
                0x0800846c       0x60 ./gecko_sdk_4.2.1/platform/service/sleeptimer/src/sl_sleeptimer_hal_sysrtc.o
                0x0800846c                sleeptimer_hal_disable_int
 .text.sleeptimer_hal_set_int
                0x080084cc       0x2c ./gecko_sdk_4.2.1/platform/service/sleeptimer/src/sl_sleeptimer_hal_sysrtc.o
                0x080084cc                sleeptimer_hal_set_int
 .text.sl_udelay_wait
                0x080084f8       0x80 ./gecko_sdk_4.2.1/platform/service/udelay/src/sl_udelay.o
                0x080084f8                sl_udelay_wait
 .text.GPIO_PinOutToggle
                0x08008578       0x84 ./src/GPIO.o
 .text.init_I2C0
                0x080085fc       0x98 ./src/I2C.o
                0x080085fc                init_I2C0
 .text.init_usart0
                0x08008694       0xf0 ./src/SPI.o
                0x08008694                init_usart0
 .text.queryXBeeFwVersion
                0x08008784       0xd0 ./src/XBee.o
                0x08008784                queryXBeeFwVersion
 .text.TIMER0_IRQHandler
                0x08008854       0x3c ./src/irq.o
                0x08008854                TIMER0_IRQHandler
 .text.__NVIC_EnableIRQ
                0x08008890       0x34 ./src/timers.o
 .text.__NVIC_ClearPendingIRQ
                0x080088c4       0x38 ./src/timers.o
 .text.TIMER_Valid
                0x080088fc       0x54 ./src/timers.o
 .text.TIMER_MaxCount
                0x08008950       0xf0 ./src/timers.o
 .text.TIMER_Enable
                0x08008a40       0x44 ./src/timers.o
 .text.TIMER_TopSet
                0x08008a84       0x48 ./src/timers.o
 .text.init_timer0
                0x08008acc       0x70 ./src/timers.o
                0x08008acc                init_timer0
 .text          0x08008b3c       0x30 c:/siliconlabs/simplicitystudio/v5/developer/toolchains/gnu_arm/10.3_2021.10/bin/../lib/gcc/arm-none-eabi/10.3.1/thumb/v8-m.main+fp/hard\libgcc.a(_aeabi_uldivmod.o)
                0x08008b3c                __aeabi_uldivmod
 .text          0x08008b6c      0x2ec c:/siliconlabs/simplicitystudio/v5/developer/toolchains/gnu_arm/10.3_2021.10/bin/../lib/gcc/arm-none-eabi/10.3.1/thumb/v8-m.main+fp/hard\libgcc.a(_udivmoddi4.o)
                0x08008b6c                __udivmoddi4
 .text          0x08008e58        0x4 c:/siliconlabs/simplicitystudio/v5/developer/toolchains/gnu_arm/10.3_2021.10/bin/../lib/gcc/arm-none-eabi/10.3.1/thumb/v8-m.main+fp/hard\libgcc.a(_dvmd_tls.o)
                0x08008e58                __aeabi_idiv0
                0x08008e58                __aeabi_ldiv0
 .text.exit     0x08008e5c       0x28 c:/siliconlabs/simplicitystudio/v5/developer/toolchains/gnu_arm/10.3_2021.10/bin/../lib/gcc/arm-none-eabi/10.3.1/../../../../arm-none-eabi/lib/thumb/v8-m.main+fp/hard\libc_nano.a(lib_a-exit.o)
                0x08008e5c                exit
 .text.__libc_init_array
                0x08008e84       0x48 c:/siliconlabs/simplicitystudio/v5/developer/toolchains/gnu_arm/10.3_2021.10/bin/../lib/gcc/arm-none-eabi/10.3.1/../../../../arm-none-eabi/lib/thumb/v8-m.main+fp/hard\libc_nano.a(lib_a-init.o)
                0x08008e84                __libc_init_array
 .text.setvbuf  0x08008ecc      0x188 c:/siliconlabs/simplicitystudio/v5/developer/toolchains/gnu_arm/10.3_2021.10/bin/../lib/gcc/arm-none-eabi/10.3.1/../../../../arm-none-eabi/lib/thumb/v8-m.main+fp/hard\libc_nano.a(lib_a-setvbuf.o)
                0x08008ecc                setvbuf
 .text.vprintf  0x08009054       0x30 c:/siliconlabs/simplicitystudio/v5/developer/toolchains/gnu_arm/10.3_2021.10/bin/../lib/gcc/arm-none-eabi/10.3.1/../../../../arm-none-eabi/lib/thumb/v8-m.main+fp/hard\libc_nano.a(lib_a-vprintf.o)
                0x08009054                viprintf
                0x08009054                vprintf
 .text.__sflush_r
                0x08009084      0x108 c:/siliconlabs/simplicitystudio/v5/developer/toolchains/gnu_arm/10.3_2021.10/bin/../lib/gcc/arm-none-eabi/10.3.1/../../../../arm-none-eabi/lib/thumb/v8-m.main+fp/hard\libc_nano.a(lib_a-fflush.o)
                0x08009084                __sflush_r
 .text._fflush_r
                0x0800918c       0x78 c:/siliconlabs/simplicitystudio/v5/developer/toolchains/gnu_arm/10.3_2021.10/bin/../lib/gcc/arm-none-eabi/10.3.1/../../../../arm-none-eabi/lib/thumb/v8-m.main+fp/hard\libc_nano.a(lib_a-fflush.o)
                0x0800918c                _fflush_r
 .text.std      0x08009204       0x48 c:/siliconlabs/simplicitystudio/v5/developer/toolchains/gnu_arm/10.3_2021.10/bin/../lib/gcc/arm-none-eabi/10.3.1/../../../../arm-none-eabi/lib/thumb/v8-m.main+fp/hard\libc_nano.a(lib_a-findfp.o)
 .text._cleanup_r
                0x0800924c        0xc c:/siliconlabs/simplicitystudio/v5/developer/toolchains/gnu_arm/10.3_2021.10/bin/../lib/gcc/arm-none-eabi/10.3.1/../../../../arm-none-eabi/lib/thumb/v8-m.main+fp/hard\libc_nano.a(lib_a-findfp.o)
                0x0800924c                _cleanup_r
 .text.__sfp_lock_acquire
                0x08009258        0xc c:/siliconlabs/simplicitystudio/v5/developer/toolchains/gnu_arm/10.3_2021.10/bin/../lib/gcc/arm-none-eabi/10.3.1/../../../../arm-none-eabi/lib/thumb/v8-m.main+fp/hard\libc_nano.a(lib_a-findfp.o)
                0x08009258                __sfp_lock_acquire
 .text.__sfp_lock_release
                0x08009264        0xc c:/siliconlabs/simplicitystudio/v5/developer/toolchains/gnu_arm/10.3_2021.10/bin/../lib/gcc/arm-none-eabi/10.3.1/../../../../arm-none-eabi/lib/thumb/v8-m.main+fp/hard\libc_nano.a(lib_a-findfp.o)
                0x08009264                __sfp_lock_release
 .text.__sinit_lock_acquire
                0x08009270        0xc c:/siliconlabs/simplicitystudio/v5/developer/toolchains/gnu_arm/10.3_2021.10/bin/../lib/gcc/arm-none-eabi/10.3.1/../../../../arm-none-eabi/lib/thumb/v8-m.main+fp/hard\libc_nano.a(lib_a-findfp.o)
                0x08009270                __sinit_lock_acquire
 .text.__sinit_lock_release
                0x0800927c        0xc c:/siliconlabs/simplicitystudio/v5/developer/toolchains/gnu_arm/10.3_2021.10/bin/../lib/gcc/arm-none-eabi/10.3.1/../../../../arm-none-eabi/lib/thumb/v8-m.main+fp/hard\libc_nano.a(lib_a-findfp.o)
                0x0800927c                __sinit_lock_release
 .text.__sinit  0x08009288       0x70 c:/siliconlabs/simplicitystudio/v5/developer/toolchains/gnu_arm/10.3_2021.10/bin/../lib/gcc/arm-none-eabi/10.3.1/../../../../arm-none-eabi/lib/thumb/v8-m.main+fp/hard\libc_nano.a(lib_a-findfp.o)
                0x08009288                __sinit
 .text.__sfp    0x080092f8       0x8c c:/siliconlabs/simplicitystudio/v5/developer/toolchains/gnu_arm/10.3_2021.10/bin/../lib/gcc/arm-none-eabi/10.3.1/../../../../arm-none-eabi/lib/thumb/v8-m.main+fp/hard\libc_nano.a(lib_a-findfp.o)
                0x080092f8                __sfp
 .text.__smakebuf_r
                0x08009384       0x80 c:/siliconlabs/simplicitystudio/v5/developer/toolchains/gnu_arm/10.3_2021.10/bin/../lib/gcc/arm-none-eabi/10.3.1/../../../../arm-none-eabi/lib/thumb/v8-m.main+fp/hard\libc_nano.a(lib_a-makebuf.o)
                0x08009384                __smakebuf_r
 .text.malloc   0x08009404       0x10 c:/siliconlabs/simplicitystudio/v5/developer/toolchains/gnu_arm/10.3_2021.10/bin/../lib/gcc/arm-none-eabi/10.3.1/../../../../arm-none-eabi/lib/thumb/v8-m.main+fp/hard\libc_nano.a(lib_a-malloc.o)
                0x08009404                malloc
 .text._free_r  0x08009414       0x98 c:/siliconlabs/simplicitystudio/v5/developer/toolchains/gnu_arm/10.3_2021.10/bin/../lib/gcc/arm-none-eabi/10.3.1/../../../../arm-none-eabi/lib/thumb/v8-m.main+fp/hard\libc_nano.a(lib_a-nano-freer.o)
                0x08009414                _free_r
 .text.sbrk_aligned
                0x080094ac       0x40 c:/siliconlabs/simplicitystudio/v5/developer/toolchains/gnu_arm/10.3_2021.10/bin/../lib/gcc/arm-none-eabi/10.3.1/../../../../arm-none-eabi/lib/thumb/v8-m.main+fp/hard\libc_nano.a(lib_a-nano-mallocr.o)
 .text._malloc_r
                0x080094ec       0xe8 c:/siliconlabs/simplicitystudio/v5/developer/toolchains/gnu_arm/10.3_2021.10/bin/../lib/gcc/arm-none-eabi/10.3.1/../../../../arm-none-eabi/lib/thumb/v8-m.main+fp/hard\libc_nano.a(lib_a-nano-mallocr.o)
                0x080094ec                _malloc_r
 .text._vfprintf_r
                0x080095d4      0x260 c:/siliconlabs/simplicitystudio/v5/developer/toolchains/gnu_arm/10.3_2021.10/bin/../lib/gcc/arm-none-eabi/10.3.1/../../../../arm-none-eabi/lib/thumb/v8-m.main+fp/hard\libc_nano.a(lib_a-nano-vfprintf.o)
                0x080095d4                _vfprintf_r
                0x080095d4                _vfiprintf_r
 .text._printf_i
                0x08009834      0x24c c:/siliconlabs/simplicitystudio/v5/developer/toolchains/gnu_arm/10.3_2021.10/bin/../lib/gcc/arm-none-eabi/10.3.1/../../../../arm-none-eabi/lib/thumb/v8-m.main+fp/hard\libc_nano.a(lib_a-nano-vfprintf_i.o)
                0x08009834                _printf_i
 .text._sbrk_r  0x08009a80       0x20 c:/siliconlabs/simplicitystudio/v5/developer/toolchains/gnu_arm/10.3_2021.10/bin/../lib/gcc/arm-none-eabi/10.3.1/../../../../arm-none-eabi/lib/thumb/v8-m.main+fp/hard\libc_nano.a(lib_a-sbrkr.o)
                0x08009a80                _sbrk_r
 .text.__swbuf_r
                0x08009aa0       0xa4 c:/siliconlabs/simplicitystudio/v5/developer/toolchains/gnu_arm/10.3_2021.10/bin/../lib/gcc/arm-none-eabi/10.3.1/../../../../arm-none-eabi/lib/thumb/v8-m.main+fp/hard\libc_nano.a(lib_a-wbuf.o)
                0x08009aa0                __swbuf_r
 .text._write_r
                0x08009b44       0x24 c:/siliconlabs/simplicitystudio/v5/developer/toolchains/gnu_arm/10.3_2021.10/bin/../lib/gcc/arm-none-eabi/10.3.1/../../../../arm-none-eabi/lib/thumb/v8-m.main+fp/hard\libc_nano.a(lib_a-writer.o)
                0x08009b44                _write_r
 .text.__swsetup_r
                0x08009b68       0xdc c:/siliconlabs/simplicitystudio/v5/developer/toolchains/gnu_arm/10.3_2021.10/bin/../lib/gcc/arm-none-eabi/10.3.1/../../../../arm-none-eabi/lib/thumb/v8-m.main+fp/hard\libc_nano.a(lib_a-wsetup.o)
                0x08009b68                __swsetup_r
 .text._close_r
                0x08009c44       0x20 c:/siliconlabs/simplicitystudio/v5/developer/toolchains/gnu_arm/10.3_2021.10/bin/../lib/gcc/arm-none-eabi/10.3.1/../../../../arm-none-eabi/lib/thumb/v8-m.main+fp/hard\libc_nano.a(lib_a-closer.o)
                0x08009c44                _close_r
 .text._fstat_r
                0x08009c64       0x24 c:/siliconlabs/simplicitystudio/v5/developer/toolchains/gnu_arm/10.3_2021.10/bin/../lib/gcc/arm-none-eabi/10.3.1/../../../../arm-none-eabi/lib/thumb/v8-m.main+fp/hard\libc_nano.a(lib_a-fstatr.o)
                0x08009c64                _fstat_r
 .text._isatty_r
                0x08009c88       0x20 c:/siliconlabs/simplicitystudio/v5/developer/toolchains/gnu_arm/10.3_2021.10/bin/../lib/gcc/arm-none-eabi/10.3.1/../../../../arm-none-eabi/lib/thumb/v8-m.main+fp/hard\libc_nano.a(lib_a-isattyr.o)
                0x08009c88                _isatty_r
 .text._lseek_r
                0x08009ca8       0x24 c:/siliconlabs/simplicitystudio/v5/developer/toolchains/gnu_arm/10.3_2021.10/bin/../lib/gcc/arm-none-eabi/10.3.1/../../../../arm-none-eabi/lib/thumb/v8-m.main+fp/hard\libc_nano.a(lib_a-lseekr.o)
                0x08009ca8                _lseek_r
 .text.__malloc_lock
                0x08009ccc        0xc c:/siliconlabs/simplicitystudio/v5/developer/toolchains/gnu_arm/10.3_2021.10/bin/../lib/gcc/arm-none-eabi/10.3.1/../../../../arm-none-eabi/lib/thumb/v8-m.main+fp/hard\libc_nano.a(lib_a-mlock.o)
                0x08009ccc                __malloc_lock
 .text.__malloc_unlock
                0x08009cd8        0xc c:/siliconlabs/simplicitystudio/v5/developer/toolchains/gnu_arm/10.3_2021.10/bin/../lib/gcc/arm-none-eabi/10.3.1/../../../../arm-none-eabi/lib/thumb/v8-m.main+fp/hard\libc_nano.a(lib_a-mlock.o)
                0x08009cd8                __malloc_unlock
 .text._read_r  0x08009ce4       0x24 c:/siliconlabs/simplicitystudio/v5/developer/toolchains/gnu_arm/10.3_2021.10/bin/../lib/gcc/arm-none-eabi/10.3.1/../../../../arm-none-eabi/lib/thumb/v8-m.main+fp/hard\libc_nano.a(lib_a-readr.o)
                0x08009ce4                _read_r
 .text.main     0x08009d08       0x18 ./main.o
                0x08009d08                main
 .text.sl_board_default_init
                0x08009d20        0xa ./autogen/sl_board_default_init.o
                0x08009d20                sl_board_default_init
 .text.CHIP_Init
                0x08009d2a        0x4 ./autogen/sl_event_handler.o
 .text.sl_platform_init
                0x08009d2e       0x32 ./autogen/sl_event_handler.o
                0x08009d2e                sl_platform_init
 .text.sl_driver_init
                0x08009d60       0x12 ./autogen/sl_event_handler.o
                0x08009d60                sl_driver_init
 .text.sl_service_init
                0x08009d72       0x1a ./autogen/sl_event_handler.o
                0x08009d72                sl_service_init
 .text.sl_stack_init
                0x08009d8c        0x4 ./autogen/sl_event_handler.o
                0x08009d8c                sl_stack_init
 .text.sl_internal_app_init
                0x08009d90        0xa ./autogen/sl_event_handler.o
                0x08009d90                sl_internal_app_init
 .text.sl_platform_process_action
                0x08009d9a        0x4 ./autogen/sl_event_handler.o
                0x08009d9a                sl_platform_process_action
 .text.sl_service_process_action
                0x08009d9e        0x4 ./autogen/sl_event_handler.o
                0x08009d9e                sl_service_process_action
 .text.sl_stack_process_action
                0x08009da2        0x4 ./autogen/sl_event_handler.o
                0x08009da2                sl_stack_process_action
 .text.sl_internal_app_process_action
                0x08009da6        0x4 ./autogen/sl_event_handler.o
                0x08009da6                sl_internal_app_process_action
 .text.sl_iostream_init_instances
                0x08009daa        0xa ./autogen/sl_event_handler.o
                0x08009daa                sl_iostream_init_instances
 .text.BUS_RegBitRead
                0x08009db4       0x1a ./autogen/sl_iostream_init_usart_instances.o
 .text.sl_iostream_uart_sleep_on_isr_exit
                0x08009dce       0x1c ./autogen/sl_iostream_init_usart_instances.o
 .text.app_is_ok_to_sleep
                0x08009dea        0x6 ./autogen/sl_power_manager_handler.o
                0x08009dea                app_is_ok_to_sleep
 .text.app_sleep_on_isr_exit
                0x08009df0        0x6 ./autogen/sl_power_manager_handler.o
                0x08009df0                app_sleep_on_isr_exit
 .text.sl_power_manager_is_ok_to_sleep
                0x08009df6       0x2c ./autogen/sl_power_manager_handler.o
                0x08009df6                sl_power_manager_is_ok_to_sleep
 .text.sl_power_manager_sleep_on_isr_exit
                0x08009e22       0x84 ./autogen/sl_power_manager_handler.o
                0x08009e22                sl_power_manager_sleep_on_isr_exit
 .text._app_log_time
                0x08009ea6        0x4 ./gecko_sdk_4.2.1/app/common/util/app_log/app_log.o
                0x08009ea6                _app_log_time
 .text._app_log_counter
                0x08009eaa        0x4 ./gecko_sdk_4.2.1/app/common/util/app_log/app_log.o
                0x08009eaa                _app_log_counter
 .text.sl_board_configure_vcom
                0x08009eae        0xc ./gecko_sdk_4.2.1/hardware/board/src/sl_board_control_gpio.o
                0x08009eae                sl_board_configure_vcom
 .text.sl_board_enable_vcom
                0x08009eba       0x14 ./gecko_sdk_4.2.1/hardware/board/src/sl_board_control_gpio.o
                0x08009eba                sl_board_enable_vcom
 .text.sl_board_disable_vcom
                0x08009ece       0x14 ./gecko_sdk_4.2.1/hardware/board/src/sl_board_control_gpio.o
                0x08009ece                sl_board_disable_vcom
 .text.sl_board_init
                0x08009ee2       0x16 ./gecko_sdk_4.2.1/hardware/board/src/sl_board_init.o
                0x08009ee2                sl_board_init
 .text.sl_board_preinit
                0x08009ef8        0xe ./gecko_sdk_4.2.1/hardware/board/src/sl_board_init.o
                0x08009ef8                sl_board_preinit
 .text.sl_cos_send_config
                0x08009f06        0xc ./gecko_sdk_4.2.1/hardware/driver/configuration_over_swo/src/sl_cos.o
                0x08009f06                sl_cos_send_config
 .text.cs_low   0x08009f12        0xe ./gecko_sdk_4.2.1/hardware/driver/mx25_flash_shutdown/src/sl_mx25_flash_shutdown_eusart/sl_mx25_flash_shutdown.o
 .text.cs_high  0x08009f20        0xe ./gecko_sdk_4.2.1/hardware/driver/mx25_flash_shutdown/src/sl_mx25_flash_shutdown_eusart/sl_mx25_flash_shutdown.o
 .text.Default_Handler
                0x08009f2e        0x2 ./gecko_sdk_4.2.1/platform/Device/SiliconLabs/EFR32MG24/Source/startup_efr32mg24.o
                0x08009f2e                ULFRCO_IRQHandler
                0x08009f2e                AHB2AHB1_IRQHandler
                0x08009f2e                SW2_IRQHandler
                0x08009f2e                TIMER2_IRQHandler
                0x08009f2e                DebugMon_Handler
                0x08009f2e                IADC_IRQHandler
                0x08009f2e                EUSART0_TX_IRQHandler
                0x08009f2e                I2C0_IRQHandler
                0x08009f2e                LFXO_IRQHandler
                0x08009f2e                HardFault_Handler
                0x08009f2e                SMU_SECURE_IRQHandler
                0x08009f2e                SysTick_Handler
                0x08009f2e                SYSRTC_SEQ_IRQHandler
                0x08009f2e                EMUEFP_IRQHandler
                0x08009f2e                PendSV_Handler
                0x08009f2e                NMI_Handler
                0x08009f2e                SYNTH_IRQHandler
                0x08009f2e                HOSTMAILBOX_IRQHandler
                0x08009f2e                I2C1_IRQHandler
                0x08009f2e                WDOG0_IRQHandler
                0x08009f2e                TIMER3_IRQHandler
                0x08009f2e                SYSCFG_IRQHandler
                0x08009f2e                RFECA1_IRQHandler
                0x08009f2e                EMUDG_IRQHandler
                0x08009f2e                MSC_IRQHandler
                0x08009f2e                DPLL0_IRQHandler
                0x08009f2e                UsageFault_Handler
                0x08009f2e                WDOG1_IRQHandler
                0x08009f2e                M33CTI1_IRQHandler
                0x08009f2e                TIMER4_IRQHandler
                0x08009f2e                VDAC0_IRQHandler
                0x08009f2e                SEMBTX_IRQHandler
                0x08009f2e                SW0_IRQHandler
                0x08009f2e                MVP_IRQHandler
                0x08009f2e                LETIMER0_IRQHandler
                0x08009f2e                EUSART1_RX_IRQHandler
                0x08009f2e                TIMER1_IRQHandler
                0x08009f2e                HFRCO0_IRQHandler
                0x08009f2e                SecureFault_Handler
                0x08009f2e                BUFC_IRQHandler
                0x08009f2e                DCDC_IRQHandler
                0x08009f2e                MODEM_IRQHandler
                0x08009f2e                Default_Handler
                0x08009f2e                RAC_SEQ_IRQHandler
                0x08009f2e                FRC_PRI_IRQHandler
                0x08009f2e                SW3_IRQHandler
                0x08009f2e                EMU_IRQHandler
                0x08009f2e                KERNEL0_IRQHandler
                0x08009f2e                FRC_IRQHandler
                0x08009f2e                PCNT0_IRQHandler
                0x08009f2e                KERNEL1_IRQHandler
                0x08009f2e                AGC_IRQHandler
                0x08009f2e                EUSART1_TX_IRQHandler
                0x08009f2e                KEYSCAN_IRQHandler
                0x08009f2e                HFRCOEM23_IRQHandler
                0x08009f2e                sl_app_properties
                0x08009f2e                BURTC_IRQHandler
                0x08009f2e                SEMBRX_IRQHandler
                0x08009f2e                RFECA0_IRQHandler
                0x08009f2e                LFRCO_IRQHandler
                0x08009f2e                VDAC1_IRQHandler
                0x08009f2e                ACMP0_IRQHandler
                0x08009f2e                MemManage_Handler
                0x08009f2e                AHB2AHB0_IRQHandler
                0x08009f2e                SVC_Handler
                0x08009f2e                SMU_S_PRIVILEGED_IRQHandler
                0x08009f2e                SW1_IRQHandler
                0x08009f2e                CMU_IRQHandler
                0x08009f2e                EUSART0_RX_IRQHandler
                0x08009f2e                RAC_RSM_IRQHandler
                0x08009f2e                SETAMPERHOST_IRQHandler
                0x08009f2e                AES_IRQHandler
                0x08009f2e                M33CTI0_IRQHandler
                0x08009f2e                ICACHE0_IRQHandler
                0x08009f2e                SMU_NS_PRIVILEGED_IRQHandler
                0x08009f2e                FPUEXH_IRQHandler
                0x08009f2e                PROTIMER_IRQHandler
                0x08009f2e                ACMP1_IRQHandler
                0x08009f2e                BusFault_Handler
                0x08009f2e                MPAHBRAM_IRQHandler
 .text.SystemCLKIN0Get
                0x08009f30        0x6 ./gecko_sdk_4.2.1/platform/Device/SiliconLabs/EFR32MG24/Source/system_efr32mg24.o
                0x08009f30                SystemCLKIN0Get
 .text.SystemLFRCOClockGet
                0x08009f36        0x8 ./gecko_sdk_4.2.1/platform/Device/SiliconLabs/EFR32MG24/Source/system_efr32mg24.o
                0x08009f36                SystemLFRCOClockGet
 .text.SystemULFRCOClockGet
                0x08009f3e        0x8 ./gecko_sdk_4.2.1/platform/Device/SiliconLabs/EFR32MG24/Source/system_efr32mg24.o
                0x08009f3e                SystemULFRCOClockGet
 .text.assertEFM
                0x08009f46        0x8 ./gecko_sdk_4.2.1/platform/common/src/sl_assert.o
                0x08009f46                assertEFM
 .text.sl_slist_init
                0x08009f4e       0x10 ./gecko_sdk_4.2.1/platform/common/src/sl_slist.o
                0x08009f4e                sl_slist_init
 .text.sl_debug_swo_enable_itm
                0x08009f5e       0x26 ./gecko_sdk_4.2.1/platform/driver/debug/src/sl_debug_swo.o
                0x08009f5e                sl_debug_swo_enable_itm
 .text.DMADRV_PeripheralMemory
                0x08009f84       0x46 ./gecko_sdk_4.2.1/platform/emdrv/dmadrv/src/dmadrv.o
                0x08009f84                DMADRV_PeripheralMemory
 .text.SL_CTZ   0x08009fca       0x2c ./gecko_sdk_4.2.1/platform/emdrv/gpiointerrupt/src/gpiointerrupt.o
 .text.GPIOINT_Init
                0x08009ff6       0x36 ./gecko_sdk_4.2.1/platform/emdrv/gpiointerrupt/src/gpiointerrupt.o
                0x08009ff6                GPIOINT_Init
 .text.GPIO_EVEN_IRQHandler
                0x0800a02c       0x28 ./gecko_sdk_4.2.1/platform/emdrv/gpiointerrupt/src/gpiointerrupt.o
                0x0800a02c                GPIO_EVEN_IRQHandler
 .text.GPIO_ODD_IRQHandler
                0x0800a054       0x28 ./gecko_sdk_4.2.1/platform/emdrv/gpiointerrupt/src/gpiointerrupt.o
                0x0800a054                GPIO_ODD_IRQHandler
 .text.SystemCoreClockGet
                0x0800a07c        0xc ./gecko_sdk_4.2.1/platform/emlib/src/em_cmu.o
 .text.BUS_RegBitRead
                0x0800a088       0x1a ./gecko_sdk_4.2.1/platform/emlib/src/em_cmu.o
 .text.BUS_RegMaskedWrite
                0x0800a0a2       0x34 ./gecko_sdk_4.2.1/platform/emlib/src/em_cmu.o
 .text.sli_em_cmu_SYSCLKInitPreClockSelect
                0x0800a0d6       0x1a ./gecko_sdk_4.2.1/platform/emlib/src/em_cmu.o
                0x0800a0d6                sli_em_cmu_SYSCLKInitPreClockSelect
 .text.sli_em_cmu_SYSCLKInitPostClockSelect
                0x0800a0f0       0x2e ./gecko_sdk_4.2.1/platform/emlib/src/em_cmu.o
                0x0800a0f0                sli_em_cmu_SYSCLKInitPostClockSelect
 .text.CMU_UpdateWaitStates
                0x0800a11e       0x28 ./gecko_sdk_4.2.1/platform/emlib/src/em_cmu.o
                0x0800a11e                CMU_UpdateWaitStates
 .text.pclkDivMax
                0x0800a146       0x10 ./gecko_sdk_4.2.1/platform/emlib/src/em_cmu.o
 .text.waitStateMax
                0x0800a156       0x14 ./gecko_sdk_4.2.1/platform/emlib/src/em_cmu.o
 .text.CORE_EnterCritical
                0x0800a16a       0x18 ./gecko_sdk_4.2.1/platform/emlib/src/em_core.o
                0x0800a16a                CORE_EnterCritical
 .text.CORE_ExitCritical
                0x0800a182       0x14 ./gecko_sdk_4.2.1/platform/emlib/src/em_core.o
                0x0800a182                CORE_ExitCritical
 .text.CORE_EnterAtomic
                0x0800a196       0x20 ./gecko_sdk_4.2.1/platform/emlib/src/em_core.o
                0x0800a196                CORE_EnterAtomic
 .text.CORE_ExitAtomic
                0x0800a1b6       0x16 ./gecko_sdk_4.2.1/platform/emlib/src/em_core.o
                0x0800a1b6                CORE_ExitAtomic
 .text.SystemCoreClockUpdate
                0x0800a1cc        0xa ./gecko_sdk_4.2.1/platform/emlib/src/em_emu.o
 .text.BUS_RegBitRead
                0x0800a1d6       0x1a ./gecko_sdk_4.2.1/platform/emlib/src/em_emu.o
 .text.vScaleEM01Cmd
                0x0800a1f0       0x1c ./gecko_sdk_4.2.1/platform/emlib/src/em_emu.o
 .text.EMU_EFPEM23PresleepHook
                0x0800a20c        0x4 ./gecko_sdk_4.2.1/platform/emlib/src/em_emu.o
                0x0800a20c                EMU_EFPEM23PresleepHook
 .text.EMU_EFPEM23PostsleepHook
                0x0800a210        0x4 ./gecko_sdk_4.2.1/platform/emlib/src/em_emu.o
                0x0800a210                EMU_EFPEM23PostsleepHook
 .text.EMU_Save
                0x0800a214        0x4 ./gecko_sdk_4.2.1/platform/emlib/src/em_emu.o
                0x0800a214                EMU_Save
 .text.EMU_Restore
                0x0800a218        0x4 ./gecko_sdk_4.2.1/platform/emlib/src/em_emu.o
                0x0800a218                EMU_Restore
 .text.EMU_EFPEM01VScale
                0x0800a21c        0xe ./gecko_sdk_4.2.1/platform/emlib/src/em_emu.o
                0x0800a21c                EMU_EFPEM01VScale
 .text.EMU_DCDCUpdatedHook
                0x0800a22a        0x4 ./gecko_sdk_4.2.1/platform/emlib/src/em_emu.o
                0x0800a22a                EMU_DCDCUpdatedHook
 .text.EUSART_StatusGet
                0x0800a22e        0xe ./gecko_sdk_4.2.1/platform/emlib/src/em_eusart.o
 .text.eusart_sync
                0x0800a23c       0x1c ./gecko_sdk_4.2.1/platform/emlib/src/em_eusart.o
 .text.EUSART_Spi_TxRx
                0x0800a258       0x3a ./gecko_sdk_4.2.1/platform/emlib/src/em_eusart.o
                0x0800a258                EUSART_Spi_TxRx
 .text.EUSART_Disable
                0x0800a292       0x68 ./gecko_sdk_4.2.1/platform/emlib/src/em_eusart.o
 .text.BUS_RegMaskedWrite
                0x0800a2fa       0x34 ./gecko_sdk_4.2.1/platform/emlib/src/em_gpio.o
 .text.GPIO_DbgLocationSet
                0x0800a32e        0xa ./gecko_sdk_4.2.1/platform/emlib/src/em_gpio.o
                0x0800a32e                GPIO_DbgLocationSet
 .text.I2C_IntClear
                0x0800a338       0x18 ./gecko_sdk_4.2.1/platform/emlib/src/em_i2c.o
 .text.BUS_RegMaskedWrite
                0x0800a350       0x34 ./gecko_sdk_4.2.1/platform/emlib/src/em_i2c.o
 .text.flushRx  0x0800a384       0x28 ./gecko_sdk_4.2.1/platform/emlib/src/em_i2c.o
 .text.BUS_RegMaskedClear
                0x0800a3ac       0x1a ./gecko_sdk_4.2.1/platform/emlib/src/em_ldma.o
 .text.TIMER_SyncWait
                0x0800a3c6       0x24 ./gecko_sdk_4.2.1/platform/emlib/src/em_timer.o
                0x0800a3c6                TIMER_SyncWait
 .text.USART_Rx
                0x0800a3ea       0x1e ./gecko_sdk_4.2.1/platform/emlib/src/em_usart.o
                0x0800a3ea                USART_Rx
 .text.USART_SpiTransfer
                0x0800a408       0x3a ./gecko_sdk_4.2.1/platform/emlib/src/em_usart.o
                0x0800a408                USART_SpiTransfer
 .text.USART_Tx
                0x0800a442       0x26 ./gecko_sdk_4.2.1/platform/emlib/src/em_usart.o
                0x0800a442                USART_Tx
 .text.sl_device_init_nvic
                0x0800a468       0x38 ./gecko_sdk_4.2.1/platform/service/device_init/src/sl_device_init_nvic.o
                0x0800a468                sl_device_init_nvic
 .text.sl_hfxo_manager_init_hardware
                0x0800a4a0        0xa ./gecko_sdk_4.2.1/platform/service/hfxo_manager/src/sl_hfxo_manager.o
                0x0800a4a0                sl_hfxo_manager_init_hardware
 .text.HFXO0_IRQHandler
                0x0800a4aa        0xa ./gecko_sdk_4.2.1/platform/service/hfxo_manager/src/sl_hfxo_manager_hal_s2.o
                0x0800a4aa                HFXO0_IRQHandler
 .text.sl_iostream_write
                0x0800a4b4       0x40 ./gecko_sdk_4.2.1/platform/service/iostream/src/sl_iostream.o
                0x0800a4b4                sl_iostream_write
 .text.sl_iostream_read
                0x0800a4f4       0x50 ./gecko_sdk_4.2.1/platform/service/iostream/src/sl_iostream.o
                0x0800a4f4                sl_iostream_read
 .text.sl_iostream_vprintf
                0x0800a544       0x64 ./gecko_sdk_4.2.1/platform/service/iostream/src/sl_iostream.o
                0x0800a544                sl_iostream_vprintf
 .text.sl_iostream_printf
                0x0800a5a8       0x26 ./gecko_sdk_4.2.1/platform/service/iostream/src/sl_iostream.o
                0x0800a5a8                sl_iostream_printf
 .text._close   0x0800a5ce        0xc ./gecko_sdk_4.2.1/platform/service/iostream/src/sl_iostream_retarget_stdio.o
                0x0800a5ce                _close
 .text._exit    0x0800a5da        0x6 ./gecko_sdk_4.2.1/platform/service/iostream/src/sl_iostream_retarget_stdio.o
                0x0800a5da                _exit
 .text._fstat   0x0800a5e0       0x16 ./gecko_sdk_4.2.1/platform/service/iostream/src/sl_iostream_retarget_stdio.o
                0x0800a5e0                _fstat
 .text._isatty  0x0800a5f6        0xc ./gecko_sdk_4.2.1/platform/service/iostream/src/sl_iostream_retarget_stdio.o
                0x0800a5f6                _isatty
 .text._lseek   0x0800a602       0x10 ./gecko_sdk_4.2.1/platform/service/iostream/src/sl_iostream_retarget_stdio.o
                0x0800a602                _lseek
 .text._read    0x0800a612       0x30 ./gecko_sdk_4.2.1/platform/service/iostream/src/sl_iostream_retarget_stdio.o
                0x0800a612                _read
 .text.sl_power_manager_add_em_requirement
                0x0800a642       0x2a ./gecko_sdk_4.2.1/platform/service/iostream/src/sl_iostream_uart.o
 .text.sl_power_manager_remove_em_requirement
                0x0800a66c       0x2a ./gecko_sdk_4.2.1/platform/service/iostream/src/sl_iostream_uart.o
 .text.sleep_on_isr_exit
                0x0800a696       0x60 ./gecko_sdk_4.2.1/platform/service/iostream/src/sl_iostream_uart.o
 .text.set_auto_cr_lf
                0x0800a6f6       0x1e ./gecko_sdk_4.2.1/platform/service/iostream/src/sl_iostream_uart.o
 .text.get_auto_cr_lf
                0x0800a714       0x1c ./gecko_sdk_4.2.1/platform/service/iostream/src/sl_iostream_uart.o
 .text.set_rx_energy_mode_restriction
                0x0800a730       0x78 ./gecko_sdk_4.2.1/platform/service/iostream/src/sl_iostream_uart.o
 .text.get_rx_energy_mode_restriction
                0x0800a7a8       0x1c ./gecko_sdk_4.2.1/platform/service/iostream/src/sl_iostream_uart.o
 .text.nolock_uart_write
                0x0800a7c4       0xf6 ./gecko_sdk_4.2.1/platform/service/iostream/src/sl_iostream_uart.o
 .text.uart_write
                0x0800a8ba       0x1e ./gecko_sdk_4.2.1/platform/service/iostream/src/sl_iostream_uart.o
 .text.uart_read
                0x0800a8d8       0x42 ./gecko_sdk_4.2.1/platform/service/iostream/src/sl_iostream_uart.o
 .text.USART_IntClear
                0x0800a91a       0x18 ./gecko_sdk_4.2.1/platform/service/iostream/src/sl_iostream_usart.o
 .text.USART_IntDisable
                0x0800a932       0x1a ./gecko_sdk_4.2.1/platform/service/iostream/src/sl_iostream_usart.o
 .text.USART_IntEnable
                0x0800a94c       0x18 ./gecko_sdk_4.2.1/platform/service/iostream/src/sl_iostream_usart.o
 .text.USART_StatusGet
                0x0800a964        0xe ./gecko_sdk_4.2.1/platform/service/iostream/src/sl_iostream_usart.o
 .text.usart_tx
                0x0800a972       0x2a ./gecko_sdk_4.2.1/platform/service/iostream/src/sl_iostream_usart.o
 .text.usart_set_next_byte_detect
                0x0800a99c       0x3a ./gecko_sdk_4.2.1/platform/service/iostream/src/sl_iostream_usart.o
 .text.usart_tx_completed
                0x0800a9d6       0x46 ./gecko_sdk_4.2.1/platform/service/iostream/src/sl_iostream_usart.o
 .text.usart_deinit
                0x0800aa1c       0xb6 ./gecko_sdk_4.2.1/platform/service/iostream/src/sl_iostream_usart.o
 .text.sli_power_manager_initiate_restore
                0x0800aad2       0x1c ./gecko_sdk_4.2.1/platform/service/power_manager/src/sl_power_manager.o
                0x0800aad2                sli_power_manager_initiate_restore
 .text.enter_critical_with_primask
                0x0800aaee       0x18 ./gecko_sdk_4.2.1/platform/service/power_manager/src/sl_power_manager.o
 .text.exit_critical_with_primask
                0x0800ab06       0x14 ./gecko_sdk_4.2.1/platform/service/power_manager/src/sl_power_manager.o
 .text.SystemCoreClockUpdate
                0x0800ab1a        0xa ./gecko_sdk_4.2.1/platform/service/power_manager/src/sl_power_manager_hal_s2.o
 .text.sli_power_manager_save_states
                0x0800ab24        0xa ./gecko_sdk_4.2.1/platform/service/power_manager/src/sl_power_manager_hal_s2.o
                0x0800ab24                sli_power_manager_save_states
 .text.sli_power_manager_get_default_high_frequency_minimum_offtime
                0x0800ab2e       0x10 ./gecko_sdk_4.2.1/platform/service/power_manager/src/sl_power_manager_hal_s2.o
                0x0800ab2e                sli_power_manager_get_default_high_frequency_minimum_offtime
 .text.sli_power_manager_low_frequency_restore
                0x0800ab3e        0x4 ./gecko_sdk_4.2.1/platform/service/power_manager/src/sl_power_manager_hal_s2.o
                0x0800ab3e                sli_power_manager_low_frequency_restore
 .text.sl_sleeptimer_restart_timer
                0x0800ab42       0x4e ./gecko_sdk_4.2.1/platform/service/sleeptimer/src/sl_sleeptimer.o
                0x0800ab42                sl_sleeptimer_restart_timer
 .text.sl_sleeptimer_get_tick_count
                0x0800ab90       0x20 ./gecko_sdk_4.2.1/platform/service/sleeptimer/src/sl_sleeptimer.o
                0x0800ab90                sl_sleeptimer_get_tick_count
 .text.sleeptimer_hal_init_timer
                0x0800abb0       0x76 ./gecko_sdk_4.2.1/platform/service/sleeptimer/src/sl_sleeptimer_hal_sysrtc.o
                0x0800abb0                sleeptimer_hal_init_timer
 .text.sleeptimer_hal_get_counter
                0x0800ac26        0xc ./gecko_sdk_4.2.1/platform/service/sleeptimer/src/sl_sleeptimer_hal_sysrtc.o
                0x0800ac26                sleeptimer_hal_get_counter
 .text.sleeptimer_hal_get_compare
                0x0800ac32       0x10 ./gecko_sdk_4.2.1/platform/service/sleeptimer/src/sl_sleeptimer_hal_sysrtc.o
                0x0800ac32                sleeptimer_hal_get_compare
 .text.sleeptimer_hal_enable_int
                0x0800ac42       0x46 ./gecko_sdk_4.2.1/platform/service/sleeptimer/src/sl_sleeptimer_hal_sysrtc.o
                0x0800ac42                sleeptimer_hal_enable_int
 .text.sli_sleeptimer_hal_is_int_status_set
                0x0800ac88       0x5a ./gecko_sdk_4.2.1/platform/service/sleeptimer/src/sl_sleeptimer_hal_sysrtc.o
                0x0800ac88                sli_sleeptimer_hal_is_int_status_set
 .text.SYSRTC_APP_IRQHandler
                0x0800ace2       0x6a ./gecko_sdk_4.2.1/platform/service/sleeptimer/src/sl_sleeptimer_hal_sysrtc.o
                0x0800ace2                SYSRTC_APP_IRQHandler
 .text.sleeptimer_hal_get_timer_frequency
                0x0800ad4c        0xe ./gecko_sdk_4.2.1/platform/service/sleeptimer/src/sl_sleeptimer_hal_sysrtc.o
                0x0800ad4c                sleeptimer_hal_get_timer_frequency
 .text.get_time_diff
                0x0800ad5a       0x12 ./gecko_sdk_4.2.1/platform/service/sleeptimer/src/sl_sleeptimer_hal_sysrtc.o
 .text.sl_system_init
                0x0800ad6c       0x1a ./gecko_sdk_4.2.1/platform/service/system/src/sl_system_init.o
                0x0800ad6c                sl_system_init
 .text.sl_system_process_action
                0x0800ad86       0x16 ./gecko_sdk_4.2.1/platform/service/system/src/sl_system_process_action.o
                0x0800ad86                sl_system_process_action
 .text.SystemCoreClockGet
                0x0800ad9c        0xc ./gecko_sdk_4.2.1/platform/service/udelay/src/sl_udelay.o
 .text.init_LED0
                0x0800ada8       0x12 ./src/GPIO.o
                0x0800ada8                init_LED0
 .text.toggleLED0
                0x0800adba        0xe ./src/GPIO.o
                0x0800adba                toggleLED0
 .text.calcChecksum
                0x0800adc8       0x44 ./src/XBee.o
                0x0800adc8                calcChecksum
 .text.verifyChecksum
                0x0800ae0c       0x46 ./src/XBee.o
                0x0800ae0c                verifyChecksum
 .text.adxl_init
                0x0800ae52       0x1e ./src/adxl343.o
                0x0800ae52                adxl_init
 .text.adxl_read
                0x0800ae70       0xc0 ./src/adxl343.o
                0x0800ae70                adxl_read
 .text.adxl_write
                0x0800af30       0x72 ./src/adxl343.o
                0x0800af30                adxl_write
 .text.TIMER_IntClear
                0x0800afa2       0x18 ./src/irq.o
 .text.TIMER_IntGet
                0x0800afba        0xe ./src/irq.o
 .text.loggerGetTimestamp
                0x0800afc8        0x6 ./src/log.o
                0x0800afc8                loggerGetTimestamp
 .text.TIMER_IntClear
                0x0800afce       0x18 ./src/timers.o
 .text.TIMER_IntEnable
                0x0800afe6       0x18 ./src/timers.o
 .text.memcpy   0x0800affe       0x1a c:/siliconlabs/simplicitystudio/v5/developer/toolchains/gnu_arm/10.3_2021.10/bin/../lib/gcc/arm-none-eabi/10.3.1/../../../../arm-none-eabi/lib/thumb/v8-m.main+fp/hard\libc_nano.a(lib_a-memcpy-stub.o)
                0x0800affe                memcpy
 .text.memset   0x0800b018       0x10 c:/siliconlabs/simplicitystudio/v5/developer/toolchains/gnu_arm/10.3_2021.10/bin/../lib/gcc/arm-none-eabi/10.3.1/../../../../arm-none-eabi/lib/thumb/v8-m.main+fp/hard\libc_nano.a(lib_a-memset.o)
                0x0800b018                memset
 .text.__sfmoreglue
                0x0800b028       0x2c c:/siliconlabs/simplicitystudio/v5/developer/toolchains/gnu_arm/10.3_2021.10/bin/../lib/gcc/arm-none-eabi/10.3.1/../../../../arm-none-eabi/lib/thumb/v8-m.main+fp/hard\libc_nano.a(lib_a-findfp.o)
                0x0800b028                __sfmoreglue
 .text._fwalk_reent
                0x0800b054       0x3e c:/siliconlabs/simplicitystudio/v5/developer/toolchains/gnu_arm/10.3_2021.10/bin/../lib/gcc/arm-none-eabi/10.3.1/../../../../arm-none-eabi/lib/thumb/v8-m.main+fp/hard\libc_nano.a(lib_a-fwalk.o)
                0x0800b054                _fwalk_reent
 .text.__retarget_lock_init_recursive
                0x0800b092        0x2 c:/siliconlabs/simplicitystudio/v5/developer/toolchains/gnu_arm/10.3_2021.10/bin/../lib/gcc/arm-none-eabi/10.3.1/../../../../arm-none-eabi/lib/thumb/v8-m.main+fp/hard\libc_nano.a(lib_a-lock.o)
                0x0800b092                __retarget_lock_init_recursive
 .text.__retarget_lock_acquire_recursive
                0x0800b094        0x2 c:/siliconlabs/simplicitystudio/v5/developer/toolchains/gnu_arm/10.3_2021.10/bin/../lib/gcc/arm-none-eabi/10.3.1/../../../../arm-none-eabi/lib/thumb/v8-m.main+fp/hard\libc_nano.a(lib_a-lock.o)
                0x0800b094                __retarget_lock_acquire_recursive
 .text.__retarget_lock_release_recursive
                0x0800b096        0x2 c:/siliconlabs/simplicitystudio/v5/developer/toolchains/gnu_arm/10.3_2021.10/bin/../lib/gcc/arm-none-eabi/10.3.1/../../../../arm-none-eabi/lib/thumb/v8-m.main+fp/hard\libc_nano.a(lib_a-lock.o)
                0x0800b096                __retarget_lock_release_recursive
 .text.__swhatbuf_r
                0x0800b098       0x4a c:/siliconlabs/simplicitystudio/v5/developer/toolchains/gnu_arm/10.3_2021.10/bin/../lib/gcc/arm-none-eabi/10.3.1/../../../../arm-none-eabi/lib/thumb/v8-m.main+fp/hard\libc_nano.a(lib_a-makebuf.o)
                0x0800b098                __swhatbuf_r
 .text.__sfputc_r
                0x0800b0e2       0x2e c:/siliconlabs/simplicitystudio/v5/developer/toolchains/gnu_arm/10.3_2021.10/bin/../lib/gcc/arm-none-eabi/10.3.1/../../../../arm-none-eabi/lib/thumb/v8-m.main+fp/hard\libc_nano.a(lib_a-nano-vfprintf.o)
 .text.__sfputs_r
                0x0800b110       0x24 c:/siliconlabs/simplicitystudio/v5/developer/toolchains/gnu_arm/10.3_2021.10/bin/../lib/gcc/arm-none-eabi/10.3.1/../../../../arm-none-eabi/lib/thumb/v8-m.main+fp/hard\libc_nano.a(lib_a-nano-vfprintf.o)
                0x0800b110                __sfputs_r
 .text._printf_common
                0x0800b134       0xe0 c:/siliconlabs/simplicitystudio/v5/developer/toolchains/gnu_arm/10.3_2021.10/bin/../lib/gcc/arm-none-eabi/10.3.1/../../../../arm-none-eabi/lib/thumb/v8-m.main+fp/hard\libc_nano.a(lib_a-nano-vfprintf_i.o)
                0x0800b134                _printf_common
 .text.__sread  0x0800b214       0x22 c:/siliconlabs/simplicitystudio/v5/developer/toolchains/gnu_arm/10.3_2021.10/bin/../lib/gcc/arm-none-eabi/10.3.1/../../../../arm-none-eabi/lib/thumb/v8-m.main+fp/hard\libc_nano.a(lib_a-stdio.o)
                0x0800b214                __sread
 .text.__swrite
                0x0800b236       0x38 c:/siliconlabs/simplicitystudio/v5/developer/toolchains/gnu_arm/10.3_2021.10/bin/../lib/gcc/arm-none-eabi/10.3.1/../../../../arm-none-eabi/lib/thumb/v8-m.main+fp/hard\libc_nano.a(lib_a-stdio.o)
                0x0800b236                __swrite
 .text.__sseek  0x0800b26e       0x24 c:/siliconlabs/simplicitystudio/v5/developer/toolchains/gnu_arm/10.3_2021.10/bin/../lib/gcc/arm-none-eabi/10.3.1/../../../../arm-none-eabi/lib/thumb/v8-m.main+fp/hard\libc_nano.a(lib_a-stdio.o)
                0x0800b26e                __sseek
 .text.__sclose
                0x0800b292        0x8 c:/siliconlabs/simplicitystudio/v5/developer/toolchains/gnu_arm/10.3_2021.10/bin/../lib/gcc/arm-none-eabi/10.3.1/../../../../arm-none-eabi/lib/thumb/v8-m.main+fp/hard\libc_nano.a(lib_a-stdio.o)
                0x0800b292                __sclose
 .text.memchr   0x0800b29a       0x1c c:/siliconlabs/simplicitystudio/v5/developer/toolchains/gnu_arm/10.3_2021.10/bin/../lib/gcc/arm-none-eabi/10.3.1/../../../../arm-none-eabi/lib/thumb/v8-m.main+fp/hard\libc_nano.a(lib_a-memchr-stub.o)
                0x0800b29a                memchr
                0x0800b2b6                linker_code_end = .
 *(.init)
 *fill*         0x0800b2b6        0x2 
 .init          0x0800b2b8        0x4 c:/siliconlabs/simplicitystudio/v5/developer/toolchains/gnu_arm/10.3_2021.10/bin/../lib/gcc/arm-none-eabi/10.3.1/thumb/v8-m.main+fp/hard/crti.o
                0x0800b2b8                _init
 .init          0x0800b2bc        0x8 c:/siliconlabs/simplicitystudio/v5/developer/toolchains/gnu_arm/10.3_2021.10/bin/../lib/gcc/arm-none-eabi/10.3.1/thumb/v8-m.main+fp/hard/crtn.o
 *(.fini)
 .fini          0x0800b2c4        0x4 c:/siliconlabs/simplicitystudio/v5/developer/toolchains/gnu_arm/10.3_2021.10/bin/../lib/gcc/arm-none-eabi/10.3.1/thumb/v8-m.main+fp/hard/crti.o
                0x0800b2c4                _fini
 .fini          0x0800b2c8        0x8 c:/siliconlabs/simplicitystudio/v5/developer/toolchains/gnu_arm/10.3_2021.10/bin/../lib/gcc/arm-none-eabi/10.3.1/thumb/v8-m.main+fp/hard/crtn.o
 *crtbegin.o(.ctors)
 *crtbegin?.o(.ctors)
 *(EXCLUDE_FILE(*crtend.o *crtend?.o) .ctors)
 *(SORT_BY_NAME(.ctors.*))
 *(.ctors)
 *crtbegin.o(.dtors)
 *crtbegin?.o(.dtors)
 *(EXCLUDE_FILE(*crtend.o *crtend?.o) .dtors)
 *(SORT_BY_NAME(.dtors.*))
 *(.dtors)
 *(.rodata*)
 .rodata        0x0800b2d0      0x12d ./app.o
 *fill*         0x0800b3fd        0x3 
 .rodata.__func__.0
                0x0800b400       0x13 ./app.o
 *fill*         0x0800b413        0x1 
 .rodata        0x0800b414       0xa8 ./autogen/sl_iostream_init_usart_instances.o
 .rodata        0x0800b4bc       0x80 ./gecko_sdk_4.2.1/hardware/driver/mx25_flash_shutdown/src/sl_mx25_flash_shutdown_eusart/sl_mx25_flash_shutdown.o
 .rodata        0x0800b53c       0x4e ./gecko_sdk_4.2.1/platform/common/src/sl_slist.o
 *fill*         0x0800b58a        0x2 
 .rodata        0x0800b58c       0x4b ./gecko_sdk_4.2.1/platform/driver/debug/src/sl_debug_swo.o
 *fill*         0x0800b5d7        0x1 
 .rodata        0x0800b5d8        0x4 ./gecko_sdk_4.2.1/platform/emdrv/dmadrv/src/dmadrv.o
 .rodata        0x0800b5dc       0x97 ./gecko_sdk_4.2.1/platform/emlib/src/em_cmu.o
 *fill*         0x0800b673        0x1 
 .rodata        0x0800b674       0x4c ./gecko_sdk_4.2.1/platform/emlib/src/em_core.o
 .rodata        0x0800b6c0       0x4b ./gecko_sdk_4.2.1/platform/emlib/src/em_emu.o
 *fill*         0x0800b70b        0x1 
 .rodata        0x0800b70c       0x4e ./gecko_sdk_4.2.1/platform/emlib/src/em_eusart.o
 *fill*         0x0800b75a        0x2 
 .rodata        0x0800b75c       0xe4 ./gecko_sdk_4.2.1/platform/emlib/src/em_gpio.o
 .rodata        0x0800b840       0x97 ./gecko_sdk_4.2.1/platform/emlib/src/em_i2c.o
 *fill*         0x0800b8d7        0x1 
 .rodata.i2cNSum
                0x0800b8d8        0x4 ./gecko_sdk_4.2.1/platform/emlib/src/em_i2c.o
 .rodata        0x0800b8dc       0x7c ./gecko_sdk_4.2.1/platform/emlib/src/em_ldma.o
 .rodata        0x0800b958       0x9d ./gecko_sdk_4.2.1/platform/emlib/src/em_timer.o
 *fill*         0x0800b9f5        0x3 
 .rodata        0x0800b9f8       0x31 ./gecko_sdk_4.2.1/platform/emlib/src/em_usart.o
 *fill*         0x0800ba29        0x3 
 .rodata        0x0800ba2c       0x5b ./gecko_sdk_4.2.1/platform/peripheral/src/peripheral_sysrtc.o
 *fill*         0x0800ba87        0x1 
 .rodata        0x0800ba88        0x7 ./gecko_sdk_4.2.1/platform/service/device_init/src/sl_device_init_dcdc_s2.o
 *fill*         0x0800ba8f        0x1 
 .rodata        0x0800ba90       0x28 ./gecko_sdk_4.2.1/platform/service/device_init/src/sl_device_init_hfxo_s2.o
 .rodata        0x0800bab8       0x14 ./gecko_sdk_4.2.1/platform/service/device_init/src/sl_device_init_lfxo_s2.o
 .rodata        0x0800bacc       0x4e ./gecko_sdk_4.2.1/platform/service/iostream/src/sl_iostream_retarget_stdio.o
 *fill*         0x0800bb1a        0x2 
 .rodata        0x0800bb1c       0x44 ./gecko_sdk_4.2.1/platform/service/iostream/src/sl_iostream_uart.o
 .rodata        0x0800bb60       0x65 ./gecko_sdk_4.2.1/platform/service/power_manager/src/sl_power_manager.o
 *fill*         0x0800bbc5        0x3 
 .rodata        0x0800bbc8       0x6c ./gecko_sdk_4.2.1/platform/service/power_manager/src/sl_power_manager_hal_s2.o
 .rodata        0x0800bc34       0x5f ./gecko_sdk_4.2.1/platform/service/sleeptimer/src/sl_sleeptimer.o
 *fill*         0x0800bc93        0x1 
 .rodata        0x0800bc94       0x57 ./gecko_sdk_4.2.1/platform/service/udelay/src/sl_udelay.o
 *fill*         0x0800bceb        0x1 
 .rodata        0x0800bcec       0x4c ./src/GPIO.o
 .rodata        0x0800bd38       0x10 ./src/I2C.o
 .rodata        0x0800bd48       0x1c ./src/SPI.o
 .rodata        0x0800bd64       0x4d ./src/timers.o
 *fill*         0x0800bdb1        0x3 
 .rodata._global_impure_ptr
                0x0800bdb4        0x4 c:/siliconlabs/simplicitystudio/v5/developer/toolchains/gnu_arm/10.3_2021.10/bin/../lib/gcc/arm-none-eabi/10.3.1/../../../../arm-none-eabi/lib/thumb/v8-m.main+fp/hard\libc_nano.a(lib_a-impure.o)
                0x0800bdb4                _global_impure_ptr
 .rodata.__sf_fake_stderr