Archive member included to satisfy reference by file (symbol)

c:/siliconlabs/simplicitystudio/v5/developer/toolchains/gnu_arm/10.3_2021.10/bin/../lib/gcc/arm-none-eabi/10.3.1/thumb/v8-m.main+fp/hard\libgcc.a(_arm_addsubdf3.o)
                              ./src/adxl343.o (__aeabi_i2d)
c:/siliconlabs/simplicitystudio/v5/developer/toolchains/gnu_arm/10.3_2021.10/bin/../lib/gcc/arm-none-eabi/10.3.1/thumb/v8-m.main+fp/hard\libgcc.a(_arm_muldivdf3.o)
                              ./src/adxl343.o (__aeabi_ddiv)
c:/siliconlabs/simplicitystudio/v5/developer/toolchains/gnu_arm/10.3_2021.10/bin/../lib/gcc/arm-none-eabi/10.3.1/thumb/v8-m.main+fp/hard\libgcc.a(_arm_fixdfsi.o)
                              ./src/adxl343.o (__aeabi_d2iz)
c:/siliconlabs/simplicitystudio/v5/developer/toolchains/gnu_arm/10.3_2021.10/bin/../lib/gcc/arm-none-eabi/10.3.1/thumb/v8-m.main+fp/hard\libgcc.a(_aeabi_uldivmod.o)
                              ./gecko_sdk_4.2.1/platform/emlib/src/em_eusart.o (__aeabi_uldivmod)
c:/siliconlabs/simplicitystudio/v5/developer/toolchains/gnu_arm/10.3_2021.10/bin/../lib/gcc/arm-none-eabi/10.3.1/thumb/v8-m.main+fp/hard\libgcc.a(_udivmoddi4.o)
                              c:/siliconlabs/simplicitystudio/v5/developer/toolchains/gnu_arm/10.3_2021.10/bin/../lib/gcc/arm-none-eabi/10.3.1/thumb/v8-m.main+fp/hard\libgcc.a(_aeabi_uldivmod.o) (__udivmoddi4)
c:/siliconlabs/simplicitystudio/v5/developer/toolchains/gnu_arm/10.3_2021.10/bin/../lib/gcc/arm-none-eabi/10.3.1/thumb/v8-m.main+fp/hard\libgcc.a(_dvmd_tls.o)
                              c:/siliconlabs/simplicitystudio/v5/developer/toolchains/gnu_arm/10.3_2021.10/bin/../lib/gcc/arm-none-eabi/10.3.1/thumb/v8-m.main+fp/hard\libgcc.a(_aeabi_uldivmod.o) (__aeabi_ldiv0)
c:/siliconlabs/simplicitystudio/v5/developer/toolchains/gnu_arm/10.3_2021.10/bin/../lib/gcc/arm-none-eabi/10.3.1/../../../../arm-none-eabi/lib/thumb/v8-m.main+fp/hard\libc_nano.a(lib_a-abs.o)
                              ./src/adxl343.o (abs)
c:/siliconlabs/simplicitystudio/v5/developer/toolchains/gnu_arm/10.3_2021.10/bin/../lib/gcc/arm-none-eabi/10.3.1/../../../../arm-none-eabi/lib/thumb/v8-m.main+fp/hard\libc_nano.a(lib_a-ctype_.o)
                              ./gecko_sdk_4.2.1/platform/common/src/sl_string.o (_ctype_)
c:/siliconlabs/simplicitystudio/v5/developer/toolchains/gnu_arm/10.3_2021.10/bin/../lib/gcc/arm-none-eabi/10.3.1/../../../../arm-none-eabi/lib/thumb/v8-m.main+fp/hard\libc_nano.a(lib_a-exit.o)
                              c:/siliconlabs/simplicitystudio/v5/developer/toolchains/gnu_arm/10.3_2021.10/bin/../lib/gcc/arm-none-eabi/10.3.1/../../../../arm-none-eabi/lib/thumb/v8-m.main+fp/hard/crt0.o (exit)
c:/siliconlabs/simplicitystudio/v5/developer/toolchains/gnu_arm/10.3_2021.10/bin/../lib/gcc/arm-none-eabi/10.3.1/../../../../arm-none-eabi/lib/thumb/v8-m.main+fp/hard\libc_nano.a(lib_a-impure.o)
                              c:/siliconlabs/simplicitystudio/v5/developer/toolchains/gnu_arm/10.3_2021.10/bin/../lib/gcc/arm-none-eabi/10.3.1/../../../../arm-none-eabi/lib/thumb/v8-m.main+fp/hard\libc_nano.a(lib_a-exit.o) (_global_impure_ptr)
c:/siliconlabs/simplicitystudio/v5/developer/toolchains/gnu_arm/10.3_2021.10/bin/../lib/gcc/arm-none-eabi/10.3.1/../../../../arm-none-eabi/lib/thumb/v8-m.main+fp/hard\libc_nano.a(lib_a-init.o)
                              c:/siliconlabs/simplicitystudio/v5/developer/toolchains/gnu_arm/10.3_2021.10/bin/../lib/gcc/arm-none-eabi/10.3.1/../../../../arm-none-eabi/lib/thumb/v8-m.main+fp/hard/crt0.o (__libc_init_array)
c:/siliconlabs/simplicitystudio/v5/developer/toolchains/gnu_arm/10.3_2021.10/bin/../lib/gcc/arm-none-eabi/10.3.1/../../../../arm-none-eabi/lib/thumb/v8-m.main+fp/hard\libc_nano.a(lib_a-memcpy-stub.o)
                              ./gecko_sdk_4.2.1/platform/service/iostream/src/sl_iostream_uart.o (memcpy)
c:/siliconlabs/simplicitystudio/v5/developer/toolchains/gnu_arm/10.3_2021.10/bin/../lib/gcc/arm-none-eabi/10.3.1/../../../../arm-none-eabi/lib/thumb/v8-m.main+fp/hard\libc_nano.a(lib_a-memset.o)
                              c:/siliconlabs/simplicitystudio/v5/developer/toolchains/gnu_arm/10.3_2021.10/bin/../lib/gcc/arm-none-eabi/10.3.1/../../../../arm-none-eabi/lib/thumb/v8-m.main+fp/hard/crt0.o (memset)
c:/siliconlabs/simplicitystudio/v5/developer/toolchains/gnu_arm/10.3_2021.10/bin/../lib/gcc/arm-none-eabi/10.3.1/../../../../arm-none-eabi/lib/thumb/v8-m.main+fp/hard\libc_nano.a(lib_a-setvbuf.o)
                              ./gecko_sdk_4.2.1/platform/service/iostream/src/sl_iostream_stdlib_config.o (setvbuf)
c:/siliconlabs/simplicitystudio/v5/developer/toolchains/gnu_arm/10.3_2021.10/bin/../lib/gcc/arm-none-eabi/10.3.1/../../../../arm-none-eabi/lib/thumb/v8-m.main+fp/hard\libc_nano.a(lib_a-strcmp.o)
                              ./autogen/sl_iostream_handles.o (strcmp)
[...]
Memory Configuration

Name             Origin             Length             Attributes
FLASH            0x08000000         0x0017e000         xr
RAM              0x20000000         0x00040000         xrw
*default*        0x00000000         0xffffffff

Linker script and memory map

LOAD c:/siliconlabs/simplicitystudio/v5/developer/toolchains/gnu_arm/10.3_2021.10/bin/../lib/gcc/arm-none-eabi/10.3.1/thumb/v8-m.main+fp/hard/crti.o
LOAD c:/siliconlabs/simplicitystudio/v5/developer/toolchains/gnu_arm/10.3_2021.10/bin/../lib/gcc/arm-none-eabi/10.3.1/thumb/v8-m.main+fp/hard/crtbegin.o
LOAD c:/siliconlabs/simplicitystudio/v5/developer/toolchains/gnu_arm/10.3_2021.10/bin/../lib/gcc/arm-none-eabi/10.3.1/../../../../arm-none-eabi/lib/thumb/v8-m.main+fp/hard/crt0.o
START GROUP
LOAD ./app.o
LOAD ./main.o
LOAD ./autogen/sl_device_init_clocks.o
LOAD ./autogen/sl_event_handler.o
LOAD ./autogen/sl_iostream_handles.o
LOAD ./autogen/sl_iostream_init_usart_instances.o
LOAD ./autogen/sl_power_manager_handler.o
LOAD ./gecko_sdk_4.2.1/app/common/util/app_log/app_log.o
LOAD ./gecko_sdk_4.2.1/platform/Device/SiliconLabs/EFR32MG24/Source/startup_efr32mg24.o
LOAD ./gecko_sdk_4.2.1/platform/Device/SiliconLabs/EFR32MG24/Source/system_efr32mg24.o
LOAD ./gecko_sdk_4.2.1/platform/common/src/sl_assert.o
LOAD ./gecko_sdk_4.2.1/platform/common/src/sl_slist.o
LOAD ./gecko_sdk_4.2.1/platform/common/src/sl_string.o
LOAD ./gecko_sdk_4.2.1/platform/common/toolchain/src/sl_memory.o
LOAD ./gecko_sdk_4.2.1/platform/emdrv/dmadrv/src/dmactrl.o
LOAD ./gecko_sdk_4.2.1/platform/emdrv/dmadrv/src/dmadrv.o
LOAD ./gecko_sdk_4.2.1/platform/emlib/src/em_burtc.o
LOAD ./gecko_sdk_4.2.1/platform/emlib/src/em_cmu.o
LOAD ./gecko_sdk_4.2.1/platform/emlib/src/em_core.o
LOAD ./gecko_sdk_4.2.1/platform/emlib/src/em_emu.o
LOAD ./gecko_sdk_4.2.1/platform/emlib/src/em_eusart.o
LOAD ./gecko_sdk_4.2.1/platform/emlib/src/em_gpio.o
LOAD ./gecko_sdk_4.2.1/platform/emlib/src/em_i2c.o
LOAD ./gecko_sdk_4.2.1/platform/emlib/src/em_ldma.o
LOAD ./gecko_sdk_4.2.1/platform/emlib/src/em_msc.o
LOAD ./gecko_sdk_4.2.1/platform/emlib/src/em_system.o
LOAD ./gecko_sdk_4.2.1/platform/emlib/src/em_timer.o
LOAD ./gecko_sdk_4.2.1/platform/emlib/src/em_usart.o
LOAD ./gecko_sdk_4.2.1/platform/peripheral/src/peripheral_sysrtc.o
LOAD ./gecko_sdk_4.2.1/platform/service/device_init/src/sl_device_init_dcdc_s2.o
LOAD ./gecko_sdk_4.2.1/platform/service/device_init/src/sl_device_init_emu_s2.o
LOAD ./gecko_sdk_4.2.1/platform/service/device_init/src/sl_device_init_hfxo_s2.o
LOAD ./gecko_sdk_4.2.1/platform/service/device_init/src/sl_device_init_lfxo_s2.o
LOAD ./gecko_sdk_4.2.1/platform/service/device_init/src/sl_device_init_nvic.o
LOAD ./gecko_sdk_4.2.1/platform/service/hfxo_manager/src/sl_hfxo_manager.o
LOAD ./gecko_sdk_4.2.1/platform/service/hfxo_manager/src/sl_hfxo_manager_hal_s2.o
LOAD ./gecko_sdk_4.2.1/platform/service/iostream/src/sl_iostream.o
LOAD ./gecko_sdk_4.2.1/platform/service/iostream/src/sl_iostream_retarget_stdio.o
LOAD ./gecko_sdk_4.2.1/platform/service/iostream/src/sl_iostream_stdlib_config.o
LOAD ./gecko_sdk_4.2.1/platform/service/iostream/src/sl_iostream_uart.o
LOAD ./gecko_sdk_4.2.1/platform/service/iostream/src/sl_iostream_usart.o
LOAD ./gecko_sdk_4.2.1/platform/service/power_manager/src/sl_power_manager.o
LOAD ./gecko_sdk_4.2.1/platform/service/power_manager/src/sl_power_manager_debug.o
LOAD ./gecko_sdk_4.2.1/platform/service/power_manager/src/sl_power_manager_hal_s2.o
LOAD ./gecko_sdk_4.2.1/platform/service/sleeptimer/src/sl_sleeptimer.o
LOAD ./gecko_sdk_4.2.1/platform/service/sleeptimer/src/sl_sleeptimer_hal_burtc.o
LOAD ./gecko_sdk_4.2.1/platform/service/sleeptimer/src/sl_sleeptimer_hal_sysrtc.o
LOAD ./gecko_sdk_4.2.1/platform/service/sleeptimer/src/sl_sleeptimer_hal_timer.o
LOAD ./gecko_sdk_4.2.1/platform/service/system/src/sl_system_init.o
LOAD ./gecko_sdk_4.2.1/platform/service/system/src/sl_system_process_action.o
LOAD ./gecko_sdk_4.2.1/platform/service/udelay/src/sl_udelay.o
LOAD ./gecko_sdk_4.2.1/platform/service/udelay/src/sl_udelay_armv6m_gcc.o
LOAD ./src/GPIO.o
LOAD ./src/I2C.o
LOAD ./src/adxl343.o
LOAD ./src/irq.o
LOAD ./src/log.o
LOAD ./src/timers.o
LOAD c:/siliconlabs/simplicitystudio/v5/developer/toolchains/gnu_arm/10.3_2021.10/bin/../lib/gcc/arm-none-eabi/10.3.1/thumb/v8-m.main+fp/hard\libgcc.a
LOAD c:/siliconlabs/simplicitystudio/v5/developer/toolchains/gnu_arm/10.3_2021.10/bin/../lib/gcc/arm-none-eabi/10.3.1/../../../../arm-none-eabi/lib/thumb/v8-m.main+fp/hard\libc_nano.a
LOAD c:/siliconlabs/simplicitystudio/v5/developer/toolchains/gnu_arm/10.3_2021.10/bin/../lib/gcc/arm-none-eabi/10.3.1/../../../../arm-none-eabi/lib/thumb/v8-m.main+fp/hard\libm.a
LOAD c:/siliconlabs/simplicitystudio/v5/developer/toolchains/gnu_arm/10.3_2021.10/bin/../lib/gcc/arm-none-eabi/10.3.1/../../../../arm-none-eabi/lib/thumb/v8-m.main+fp/hard\libnosys.a
END GROUP
START GROUP
LOAD c:/siliconlabs/simplicitystudio/v5/developer/toolchains/gnu_arm/10.3_2021.10/bin/../lib/gcc/arm-none-eabi/10.3.1/thumb/v8-m.main+fp/hard\libgcc.a
LOAD c:/siliconlabs/simplicitystudio/v5/developer/toolchains/gnu_arm/10.3_2021.10/bin/../lib/gcc/arm-none-eabi/10.3.1/../../../../arm-none-eabi/lib/thumb/v8-m.main+fp/hard\libc_nano.a
LOAD c:/siliconlabs/simplicitystudio/v5/developer/toolchains/gnu_arm/10.3_2021.10/bin/../lib/gcc/arm-none-eabi/10.3.1/../../../../arm-none-eabi/lib/thumb/v8-m.main+fp/hard\libnosys.a
END GROUP
START GROUP
LOAD c:/siliconlabs/simplicitystudio/v5/developer/toolchains/gnu_arm/10.3_2021.10/bin/../lib/gcc/arm-none-eabi/10.3.1/thumb/v8-m.main+fp/hard\libgcc.a
LOAD c:/siliconlabs/simplicitystudio/v5/developer/toolchains/gnu_arm/10.3_2021.10/bin/../lib/gcc/arm-none-eabi/10.3.1/../../../../arm-none-eabi/lib/thumb/v8-m.main+fp/hard\libg_nano.a
LOAD c:/siliconlabs/simplicitystudio/v5/developer/toolchains/gnu_arm/10.3_2021.10/bin/../lib/gcc/arm-none-eabi/10.3.1/../../../../arm-none-eabi/lib/thumb/v8-m.main+fp/hard\libc_nano.a
END GROUP
START GROUP
LOAD c:/siliconlabs/simplicitystudio/v5/developer/toolchains/gnu_arm/10.3_2021.10/bin/../lib/gcc/arm-none-eabi/10.3.1/thumb/v8-m.main+fp/hard\libgcc.a
LOAD c:/siliconlabs/simplicitystudio/v5/developer/toolchains/gnu_arm/10.3_2021.10/bin/../lib/gcc/arm-none-eabi/10.3.1/../../../../arm-none-eabi/lib/thumb/v8-m.main+fp/hard\libc_nano.a
END GROUP
LOAD c:/siliconlabs/simplicitystudio/v5/developer/toolchains/gnu_arm/10.3_2021.10/bin/../lib/gcc/arm-none-eabi/10.3.1/thumb/v8-m.main+fp/hard/crtend.o
LOAD c:/siliconlabs/simplicitystudio/v5/developer/toolchains/gnu_arm/10.3_2021.10/bin/../lib/gcc/arm-none-eabi/10.3.1/thumb/v8-m.main+fp/hard/crtn.o

.text           0x08000000     0xab10
                0x08000000                linker_vectors_begin = .
 *(.vectors)
 .vectors       0x08000000      0x170 ./gecko_sdk_4.2.1/platform/Device/SiliconLabs/EFR32MG24/Source/startup_efr32mg24.o
                0x08000000                __Vectors
                0x08000170                linker_vectors_end = .
                0x08000170                __Vectors_End = .
                0x08000170                __Vectors_Size = (__Vectors_End - __Vectors)
                0x08000170                linker_code_begin = .
 *(SORT_BY_ALIGNMENT(.text*))
 .text          0x08000170       0x40 c:/siliconlabs/simplicitystudio/v5/developer/toolchains/gnu_arm/10.3_2021.10/bin/../lib/gcc/arm-none-eabi/10.3.1/thumb/v8-m.main+fp/hard/crtbegin.o
 .text          0x080001b0       0x7c c:/siliconlabs/simplicitystudio/v5/developer/toolchains/gnu_arm/10.3_2021.10/bin/../lib/gcc/arm-none-eabi/10.3.1/../../../../arm-none-eabi/lib/thumb/v8-m.main+fp/hard/crt0.o
                0x080001b0                _stack_init
                0x080001b8                _start
                0x080001b8                _mainCRTStartup
 .text.app_init
                0x0800022c       0x40 ./app.o
                0x0800022c                app_init
 .text.app_process_action
                0x0800026c      0x114 ./app.o
                0x0800026c                app_process_action
 .text.sl_device_init_clocks
                0x08000380       0xd4 ./autogen/sl_device_init_clocks.o
                0x08000380                sl_device_init_clocks
 .text.GPIO_PinOutGet
                0x08000454       0x88 ./autogen/sl_iostream_init_usart_instances.o
 .text.sl_iostream_usart_init_vcom
                0x080004dc       0xe0 ./autogen/sl_iostream_init_usart_instances.o
                0x080004dc                sl_iostream_usart_init_vcom
 .text.sl_iostream_usart_init_instances
                0x080005bc       0x34 ./autogen/sl_iostream_init_usart_instances.o
                0x080005bc                sl_iostream_usart_init_instances
 .text.USART0_TX_IRQHandler
                0x080005f0       0x10 ./autogen/sl_iostream_init_usart_instances.o
                0x080005f0                USART0_TX_IRQHandler
 .text.USART0_RX_IRQHandler
                0x08000600       0x10 ./autogen/sl_iostream_init_usart_instances.o
                0x08000600                USART0_RX_IRQHandler
 .text.sl_iostream_usart_vcom_sleep_on_isr_exit
                0x08000610       0x14 ./autogen/sl_iostream_init_usart_instances.o
                0x08000610                sl_iostream_usart_vcom_sleep_on_isr_exit
 .text.events_handler
                0x08000624       0xa8 ./autogen/sl_iostream_init_usart_instances.o
 .text.app_log_init
                0x080006cc       0x3c ./gecko_sdk_4.2.1/app/common/util/app_log/app_log.o
                0x080006cc                app_log_init
 .text.Reset_Handler
                0x08000708       0x98 ./gecko_sdk_4.2.1/platform/Device/SiliconLabs/EFR32MG24/Source/startup_efr32mg24.o
                0x08000708                Reset_Handler
 .text.__NVIC_EnableIRQ
                0x080007a0       0x34 ./gecko_sdk_4.2.1/platform/Device/SiliconLabs/EFR32MG24/Source/system_efr32mg24.o
 .text.__NVIC_ClearPendingIRQ
                0x080007d4       0x38 ./gecko_sdk_4.2.1/platform/Device/SiliconLabs/EFR32MG24/Source/system_efr32mg24.o
 .text.SystemInit
                0x0800080c       0x90 ./gecko_sdk_4.2.1/platform/Device/SiliconLabs/EFR32MG24/Source/system_efr32mg24.o
                0x0800080c                SystemInit
 .text.SystemHFRCODPLLClockGet
                0x0800089c        0xc ./gecko_sdk_4.2.1/platform/Device/SiliconLabs/EFR32MG24/Source/system_efr32mg24.o
                0x0800089c                SystemHFRCODPLLClockGet
 .text.SystemSYSCLKGet
                0x080008a8       0x50 ./gecko_sdk_4.2.1/platform/Device/SiliconLabs/EFR32MG24/Source/system_efr32mg24.o
                0x080008a8                SystemSYSCLKGet
 .text.SystemHCLKGet
                0x080008f8       0x3c ./gecko_sdk_4.2.1/platform/Device/SiliconLabs/EFR32MG24/Source/system_efr32mg24.o
                0x080008f8                SystemHCLKGet
 .text.SystemMaxCoreClockGet
                0x08000934        0xc ./gecko_sdk_4.2.1/platform/Device/SiliconLabs/EFR32MG24/Source/system_efr32mg24.o
                0x08000934                SystemMaxCoreClockGet
 .text.SystemHFXOClockGet
                0x08000940        0xc ./gecko_sdk_4.2.1/platform/Device/SiliconLabs/EFR32MG24/Source/system_efr32mg24.o
                0x08000940                SystemHFXOClockGet
 .text.SystemHFXOClockSet
                0x0800094c       0x2c ./gecko_sdk_4.2.1/platform/Device/SiliconLabs/EFR32MG24/Source/system_efr32mg24.o
                0x0800094c                SystemHFXOClockSet
 .text.SystemFSRCOClockGet
                0x08000978        0xc ./gecko_sdk_4.2.1/platform/Device/SiliconLabs/EFR32MG24/Source/system_efr32mg24.o
                0x08000978                SystemFSRCOClockGet
 .text.SystemHFRCOEM23ClockGet
                0x08000984       0xe0 ./gecko_sdk_4.2.1/platform/Device/SiliconLabs/EFR32MG24/Source/system_efr32mg24.o
                0x08000984                SystemHFRCOEM23ClockGet
 .text.SystemLFXOClockGet
                0x08000a64        0xc ./gecko_sdk_4.2.1/platform/Device/SiliconLabs/EFR32MG24/Source/system_efr32mg24.o
                0x08000a64                SystemLFXOClockGet
 .text.sl_slist_push
                0x08000a70       0x38 ./gecko_sdk_4.2.1/platform/common/src/sl_slist.o
                0x08000a70                sl_slist_push
 .text._sbrk    0x08000aa8       0x3c ./gecko_sdk_4.2.1/platform/common/toolchain/src/sl_memory.o
                0x08000aa8                _sbrk
 .text.DMADRV_AllocateChannel
                0x08000ae4       0xa0 ./gecko_sdk_4.2.1/platform/emdrv/dmadrv/src/dmadrv.o
                0x08000ae4                DMADRV_AllocateChannel
 .text.DMADRV_DeInit
                0x08000b84       0x78 ./gecko_sdk_4.2.1/platform/emdrv/dmadrv/src/dmadrv.o
                0x08000b84                DMADRV_DeInit
 .text.DMADRV_FreeChannel
                0x08000bfc       0x74 ./gecko_sdk_4.2.1/platform/emdrv/dmadrv/src/dmadrv.o
                0x08000bfc                DMADRV_FreeChannel
 .text.DMADRV_Init
                0x08000c70       0x7c ./gecko_sdk_4.2.1/platform/emdrv/dmadrv/src/dmadrv.o
                0x08000c70                DMADRV_Init
 .text.DMADRV_PauseTransfer
                0x08000cec       0x64 ./gecko_sdk_4.2.1/platform/emdrv/dmadrv/src/dmadrv.o
                0x08000cec                DMADRV_PauseTransfer
 .text.DMADRV_ResumeTransfer
                0x08000d50       0x64 ./gecko_sdk_4.2.1/platform/emdrv/dmadrv/src/dmadrv.o
                0x08000d50                DMADRV_ResumeTransfer
 .text.DMADRV_StopTransfer
                0x08000db4       0x64 ./gecko_sdk_4.2.1/platform/emdrv/dmadrv/src/dmadrv.o
                0x08000db4                DMADRV_StopTransfer
 .text.DMADRV_TransferCompletePending
                0x08000e18       0x84 ./gecko_sdk_4.2.1/platform/emdrv/dmadrv/src/dmadrv.o
                0x08000e18                DMADRV_TransferCompletePending
 .text.DMADRV_TransferDone
                0x08000e9c       0x74 ./gecko_sdk_4.2.1/platform/emdrv/dmadrv/src/dmadrv.o
                0x08000e9c                DMADRV_TransferDone
 .text.LDMA_IRQHandler
                0x08000f10       0xec ./gecko_sdk_4.2.1/platform/emdrv/dmadrv/src/dmadrv.o
                0x08000f10                LDMA_IRQHandler
 .text.StartTransfer
                0x08000ffc      0x21c ./gecko_sdk_4.2.1/platform/emdrv/dmadrv/src/dmadrv.o
 .text.BUS_RegBitWrite
                0x08001218       0x48 ./gecko_sdk_4.2.1/platform/emlib/src/em_cmu.o
 .text.EMU_VScaleWait
                0x08001260       0x1c ./gecko_sdk_4.2.1/platform/emlib/src/em_cmu.o
 .text.EMU_VScaleGet
                0x0800127c       0x1c ./gecko_sdk_4.2.1/platform/emlib/src/em_cmu.o
 .text.MSC_LockGetLocked
                0x08001298       0x1c ./gecko_sdk_4.2.1/platform/emlib/src/em_cmu.o
 .text.MSC_LockSetLocked
                0x080012b4       0x10 ./gecko_sdk_4.2.1/platform/emlib/src/em_cmu.o
 .text.MSC_LockSetUnlocked
                0x080012c4       0x10 ./gecko_sdk_4.2.1/platform/emlib/src/em_cmu.o
 .text.MSC_ReadCTRLGet
                0x080012d4        0xc ./gecko_sdk_4.2.1/platform/emlib/src/em_cmu.o
 .text.MSC_ReadCTRLSet
                0x080012e0       0x14 ./gecko_sdk_4.2.1/platform/emlib/src/em_cmu.o
 .text.CMU_ClockDivGet
                0x080012f4       0xec ./gecko_sdk_4.2.1/platform/emlib/src/em_cmu.o
                0x080012f4                CMU_ClockDivGet
 .text.CMU_ClockDivSet
                0x080013e0      0x1b0 ./gecko_sdk_4.2.1/platform/emlib/src/em_cmu.o
                0x080013e0                CMU_ClockDivSet
 .text.CMU_ClockEnable
                0x08001590       0x74 ./gecko_sdk_4.2.1/platform/emlib/src/em_cmu.o
                0x08001590                CMU_ClockEnable
 .text.CMU_ClockFreqGet
                0x08001604      0x6a8 ./gecko_sdk_4.2.1/platform/emlib/src/em_cmu.o
                0x08001604                CMU_ClockFreqGet
 .text.CMU_ClockSelectGet
                0x08001cac      0x3e4 ./gecko_sdk_4.2.1/platform/emlib/src/em_cmu.o
                0x08001cac                CMU_ClockSelectGet
 .text.sli_em_cmu_HFXOSetForceEnable
                0x08002090       0x28 ./gecko_sdk_4.2.1/platform/emlib/src/em_cmu.o
                0x08002090                sli_em_cmu_HFXOSetForceEnable
 .text.CMU_HFXOInit
                0x080020b8      0x2f4 ./gecko_sdk_4.2.1/platform/emlib/src/em_cmu.o
                0x080020b8                CMU_HFXOInit
 .text.CMU_HFXOCTuneDeltaGet
                0x080023ac       0x10 ./gecko_sdk_4.2.1/platform/emlib/src/em_cmu.o
                0x080023ac                CMU_HFXOCTuneDeltaGet
 .text.CMU_LFXOInit
                0x080023bc      0x120 ./gecko_sdk_4.2.1/platform/emlib/src/em_cmu.o
                0x080023bc                CMU_LFXOInit
 .text.CMU_LFXOPrecisionSet
                0x080024dc       0x1c ./gecko_sdk_4.2.1/platform/emlib/src/em_cmu.o
                0x080024dc                CMU_LFXOPrecisionSet
 .text.eusart0ClkGet
                0x080024f8       0xa8 ./gecko_sdk_4.2.1/platform/emlib/src/em_cmu.o
 .text.em01GrpcClkGet
                0x080025a0       0xbc ./gecko_sdk_4.2.1/platform/emlib/src/em_cmu.o
 .text.vdac0ClkGet
                0x0800265c       0xa8 ./gecko_sdk_4.2.1/platform/emlib/src/em_cmu.o
 .text.vdac1ClkGet
                0x08002704       0xa8 ./gecko_sdk_4.2.1/platform/emlib/src/em_cmu.o
 .text.pcnt0ClkGet
                0x080027ac       0x74 ./gecko_sdk_4.2.1/platform/emlib/src/em_cmu.o
 .text.rhclkPrescMax
                0x08002820       0x18 ./gecko_sdk_4.2.1/platform/emlib/src/em_cmu.o
 .text.rhclkPrescOptimize
                0x08002838       0x2c ./gecko_sdk_4.2.1/platform/emlib/src/em_cmu.o
 .text.traceClkGet
                0x08002864       0x84 ./gecko_sdk_4.2.1/platform/emlib/src/em_cmu.o
 .text.dpllRefClkGet
                0x080028e8       0x94 ./gecko_sdk_4.2.1/platform/emlib/src/em_cmu.o
 .text.em01GrpaClkGet
                0x0800297c       0xbc ./gecko_sdk_4.2.1/platform/emlib/src/em_cmu.o
 .text.em23GrpaClkGet
                0x08002a38       0x84 ./gecko_sdk_4.2.1/platform/emlib/src/em_cmu.o
 .text.em4GrpaClkGet
                0x08002abc       0x84 ./gecko_sdk_4.2.1/platform/emlib/src/em_cmu.o
 .text.getWaitStatesByFrequencyAndVScale
                0x08002b40       0x54 ./gecko_sdk_4.2.1/platform/emlib/src/em_cmu.o
 .text.flashWaitStateControl
                0x08002b94       0x70 ./gecko_sdk_4.2.1/platform/emlib/src/em_cmu.o
 .text.iadcClkGet
                0x08002c04       0x8c ./gecko_sdk_4.2.1/platform/emlib/src/em_cmu.o
 .text.pclkDivOptimize
                0x08002c90       0x34 ./gecko_sdk_4.2.1/platform/emlib/src/em_cmu.o
 .text.sysrtcClkGet
                0x08002cc4       0x84 ./gecko_sdk_4.2.1/platform/emlib/src/em_cmu.o
 .text.wdog0ClkGet
                0x08002d48       0xa0 ./gecko_sdk_4.2.1/platform/emlib/src/em_cmu.o
 .text.wdog1ClkGet
                0x08002de8       0xa0 ./gecko_sdk_4.2.1/platform/emlib/src/em_cmu.o
 .text.sysTickClkGet
                0x08002e88       0x58 ./gecko_sdk_4.2.1/platform/emlib/src/em_cmu.o
 .text.EMU_DCDCLock
                0x08002ee0       0x14 ./gecko_sdk_4.2.1/platform/emlib/src/em_emu.o
 .text.EMU_DCDCUnlock
                0x08002ef4       0x10 ./gecko_sdk_4.2.1/platform/emlib/src/em_emu.o
 .text.EMU_DCDCSync
                0x08002f04       0x20 ./gecko_sdk_4.2.1/platform/emlib/src/em_emu.o
 .text.EMU_VScaleWait
                0x08002f24       0x1c ./gecko_sdk_4.2.1/platform/emlib/src/em_emu.o
 .text.EMU_VScaleGet
                0x08002f40       0x1c ./gecko_sdk_4.2.1/platform/emlib/src/em_emu.o
 .text.EMU_EM01Init
                0x08002f5c       0x24 ./gecko_sdk_4.2.1/platform/emlib/src/em_emu.o
                0x08002f5c                EMU_EM01Init
 .text.EMU_EM23Init
                0x08002f80       0x24 ./gecko_sdk_4.2.1/platform/emlib/src/em_emu.o
                0x08002f80                EMU_EM23Init
 .text.EMU_EnterEM2
                0x08002fa4       0x48 ./gecko_sdk_4.2.1/platform/emlib/src/em_emu.o
                0x08002fa4                EMU_EnterEM2
 .text.EMU_EnterEM3
                0x08002fec       0x40 ./gecko_sdk_4.2.1/platform/emlib/src/em_emu.o
                0x08002fec                EMU_EnterEM3
 .text.EMU_EM4Init
                0x0800302c       0x24 ./gecko_sdk_4.2.1/platform/emlib/src/em_emu.o
                0x0800302c                EMU_EM4Init
 .text.EMU_VScaleEM01ByClock
                0x08003050       0x5c ./gecko_sdk_4.2.1/platform/emlib/src/em_emu.o
                0x08003050                EMU_VScaleEM01ByClock
 .text.EMU_VScaleEM01
                0x080030ac       0xdc ./gecko_sdk_4.2.1/platform/emlib/src/em_emu.o
                0x080030ac                EMU_VScaleEM01
 .text.EMU_DCDCModeSet
                0x08003188       0xc0 ./gecko_sdk_4.2.1/platform/emlib/src/em_emu.o
                0x08003188                EMU_DCDCModeSet
 .text.EMU_DCDCInit
                0x08003248       0xa8 ./gecko_sdk_4.2.1/platform/emlib/src/em_emu.o
                0x08003248                EMU_DCDCInit
 .text.EMU_DCDCSetPFMXModePeakCurrent
                0x080032f0       0xb4 ./gecko_sdk_4.2.1/platform/emlib/src/em_emu.o
                0x080032f0                EMU_DCDCSetPFMXModePeakCurrent
 .text.BUS_RegBitWrite
                0x080033a4       0x48 ./gecko_sdk_4.2.1/platform/emlib/src/em_gpio.o
 .text.GPIO_IntClear
                0x080033ec       0x1c ./gecko_sdk_4.2.1/platform/emlib/src/em_gpio.o
 .text.GPIO_PinOutClear
                0x08003408       0x84 ./gecko_sdk_4.2.1/platform/emlib/src/em_gpio.o
 .text.GPIO_PinOutSet
                0x0800348c       0x84 ./gecko_sdk_4.2.1/platform/emlib/src/em_gpio.o
 .text.GPIO_ExtIntConfig
                0x08003510      0x16c ./gecko_sdk_4.2.1/platform/emlib/src/em_gpio.o
                0x08003510                GPIO_ExtIntConfig
 .text.GPIO_PinModeSet
                0x0800367c      0x124 ./gecko_sdk_4.2.1/platform/emlib/src/em_gpio.o
                0x0800367c                GPIO_PinModeSet
 .text.BUS_RegBitWrite
                0x080037a0       0x48 ./gecko_sdk_4.2.1/platform/emlib/src/em_i2c.o
 .text.I2C_BusFreqSet
                0x080037e8      0x1a8 ./gecko_sdk_4.2.1/platform/emlib/src/em_i2c.o
                0x080037e8                I2C_BusFreqSet
 .text.I2C_Enable
                0x08003990       0x48 ./gecko_sdk_4.2.1/platform/emlib/src/em_i2c.o
                0x08003990                I2C_Enable
 .text.I2C_Init
                0x080039d8       0x7c ./gecko_sdk_4.2.1/platform/emlib/src/em_i2c.o
                0x080039d8                I2C_Init
 .text.I2C_Transfer
                0x08003a54      0x4c8 ./gecko_sdk_4.2.1/platform/emlib/src/em_i2c.o
                0x08003a54                I2C_Transfer
 .text.I2C_TransferInit
                0x08003f1c       0xf8 ./gecko_sdk_4.2.1/platform/emlib/src/em_i2c.o
                0x08003f1c                I2C_TransferInit
 .text.__NVIC_EnableIRQ
                0x08004014       0x34 ./gecko_sdk_4.2.1/platform/emlib/src/em_ldma.o
 .text.__NVIC_DisableIRQ
                0x08004048       0x44 ./gecko_sdk_4.2.1/platform/emlib/src/em_ldma.o
 .text.__NVIC_ClearPendingIRQ
                0x0800408c       0x38 ./gecko_sdk_4.2.1/platform/emlib/src/em_ldma.o
 .text.__NVIC_SetPriority
                0x080040c4       0x50 ./gecko_sdk_4.2.1/platform/emlib/src/em_ldma.o
 .text.BUS_RegBitWrite
                0x08004114       0x48 ./gecko_sdk_4.2.1/platform/emlib/src/em_ldma.o
 .text.LDMA_DeInit
                0x0800415c       0x34 ./gecko_sdk_4.2.1/platform/emlib/src/em_ldma.o
                0x0800415c                LDMA_DeInit
 .text.LDMA_EnableChannelRequest
                0x08004190       0x40 ./gecko_sdk_4.2.1/platform/emlib/src/em_ldma.o
                0x08004190                LDMA_EnableChannelRequest
 .text.LDMA_Init
                0x080041d0       0xec ./gecko_sdk_4.2.1/platform/emlib/src/em_ldma.o
                0x080041d0                LDMA_Init
 .text.LDMA_StartTransfer
                0x080042bc      0x208 ./gecko_sdk_4.2.1/platform/emlib/src/em_ldma.o
                0x080042bc                LDMA_StartTransfer
 .text.LDMA_StopTransfer
                0x080044c4       0x54 ./gecko_sdk_4.2.1/platform/emlib/src/em_ldma.o
                0x080044c4                LDMA_StopTransfer
 .text.LDMA_TransferDone
                0x08004518       0x68 ./gecko_sdk_4.2.1/platform/emlib/src/em_ldma.o
                0x08004518                LDMA_TransferDone
 .text.TIMER_Valid
                0x08004580       0x54 ./gecko_sdk_4.2.1/platform/emlib/src/em_timer.o
 .text.TIMER_Init
                0x080045d4      0x130 ./gecko_sdk_4.2.1/platform/emlib/src/em_timer.o
                0x080045d4                TIMER_Init
 .text.prsRxInput
                0x08004704       0x38 ./gecko_sdk_4.2.1/platform/emlib/src/em_usart.o
 .text.USART_BaudrateAsyncSet
                0x0800473c      0x14c ./gecko_sdk_4.2.1/platform/emlib/src/em_usart.o
                0x0800473c                USART_BaudrateAsyncSet
 .text.USART_Enable
                0x08004888       0x70 ./gecko_sdk_4.2.1/platform/emlib/src/em_usart.o
                0x08004888                USART_Enable
 .text.USART_InitAsync
                0x080048f8      0x134 ./gecko_sdk_4.2.1/platform/emlib/src/em_usart.o
                0x080048f8                USART_InitAsync
 .text.USART_Reset
                0x08004a2c       0xa0 ./gecko_sdk_4.2.1/platform/emlib/src/em_usart.o
                0x08004a2c                USART_Reset
 .text.sl_sysrtc_wait_sync
                0x08004acc       0x20 ./gecko_sdk_4.2.1/platform/peripheral/src/peripheral_sysrtc.o
 .text.sl_sysrtc_wait_ready
                0x08004aec       0x2c ./gecko_sdk_4.2.1/platform/peripheral/src/peripheral_sysrtc.o
 .text.sl_sysrtc_stop
                0x08004b18       0x14 ./gecko_sdk_4.2.1/platform/peripheral/src/peripheral_sysrtc.o
 .text.sl_sysrtc_init
                0x08004b2c       0x38 ./gecko_sdk_4.2.1/platform/peripheral/src/peripheral_sysrtc.o
                0x08004b2c                sl_sysrtc_init
 .text.sl_sysrtc_enable
                0x08004b64       0x20 ./gecko_sdk_4.2.1/platform/peripheral/src/peripheral_sysrtc.o
                0x08004b64                sl_sysrtc_enable
 .text.sl_sysrtc_disable
                0x08004b84       0x24 ./gecko_sdk_4.2.1/platform/peripheral/src/peripheral_sysrtc.o
                0x08004b84                sl_sysrtc_disable
 .text.sl_sysrtc_init_group
                0x08004ba8       0xbc ./gecko_sdk_4.2.1/platform/peripheral/src/peripheral_sysrtc.o
                0x08004ba8                sl_sysrtc_init_group
 .text.sl_sysrtc_enable_group_interrupts
                0x08004c64       0x44 ./gecko_sdk_4.2.1/platform/peripheral/src/peripheral_sysrtc.o
                0x08004c64                sl_sysrtc_enable_group_interrupts
 .text.sl_sysrtc_disable_group_interrupts
                0x08004ca8       0x44 ./gecko_sdk_4.2.1/platform/peripheral/src/peripheral_sysrtc.o
                0x08004ca8                sl_sysrtc_disable_group_interrupts
 .text.sl_sysrtc_clear_group_interrupts
                0x08004cec       0x44 ./gecko_sdk_4.2.1/platform/peripheral/src/peripheral_sysrtc.o
                0x08004cec                sl_sysrtc_clear_group_interrupts
 .text.sl_sysrtc_get_group_interrupts
                0x08004d30       0x3c ./gecko_sdk_4.2.1/platform/peripheral/src/peripheral_sysrtc.o
                0x08004d30                sl_sysrtc_get_group_interrupts
 .text.sl_sysrtc_get_group_compare_channel_value
                0x08004d6c       0x5c ./gecko_sdk_4.2.1/platform/peripheral/src/peripheral_sysrtc.o
                0x08004d6c                sl_sysrtc_get_group_compare_channel_value
 .text.sl_sysrtc_set_group_compare_channel_value
                0x08004dc8       0x5c ./gecko_sdk_4.2.1/platform/peripheral/src/peripheral_sysrtc.o
                0x08004dc8                sl_sysrtc_set_group_compare_channel_value
 .text.sl_device_init_dcdc
                0x08004e24       0x34 ./gecko_sdk_4.2.1/platform/service/device_init/src/sl_device_init_dcdc_s2.o
                0x08004e24                sl_device_init_dcdc
 .text.sl_device_init_emu
                0x08004e58       0x34 ./gecko_sdk_4.2.1/platform/service/device_init/src/sl_device_init_emu_s2.o
                0x08004e58                sl_device_init_emu
 .text.sl_device_init_hfxo
                0x08004e8c       0xc4 ./gecko_sdk_4.2.1/platform/service/device_init/src/sl_device_init_hfxo_s2.o
                0x08004e8c                sl_device_init_hfxo
 .text.sl_device_init_lfxo
                0x08004f50       0x3c ./gecko_sdk_4.2.1/platform/service/device_init/src/sl_device_init_lfxo_s2.o
                0x08004f50                sl_device_init_lfxo
 .text.__NVIC_SetPriority
                0x08004f8c       0x50 ./gecko_sdk_4.2.1/platform/service/device_init/src/sl_device_init_nvic.o
 .text.sl_hfxo_manager_init
                0x08004fdc       0x88 ./gecko_sdk_4.2.1/platform/service/hfxo_manager/src/sl_hfxo_manager.o
                0x08004fdc                sl_hfxo_manager_init
 .text.sli_hfxo_manager_begin_startup_measurement
                0x08005064       0x20 ./gecko_sdk_4.2.1/platform/service/hfxo_manager/src/sl_hfxo_manager.o
                0x08005064                sli_hfxo_manager_begin_startup_measurement
 .text.sli_hfxo_manager_end_startup_measurement
                0x08005084       0xc8 ./gecko_sdk_4.2.1/platform/service/hfxo_manager/src/sl_hfxo_manager.o
                0x08005084                sli_hfxo_manager_end_startup_measurement
 .text.sli_hfxo_manager_get_startup_time
                0x0800514c        0xc ./gecko_sdk_4.2.1/platform/service/hfxo_manager/src/sl_hfxo_manager.o
                0x0800514c                sli_hfxo_manager_get_startup_time
 .text.__NVIC_EnableIRQ
                0x08005158       0x34 ./gecko_sdk_4.2.1/platform/service/hfxo_manager/src/sl_hfxo_manager_hal_s2.o
 .text.__NVIC_ClearPendingIRQ
                0x0800518c       0x38 ./gecko_sdk_4.2.1/platform/service/hfxo_manager/src/sl_hfxo_manager_hal_s2.o
 .text.__NVIC_SetPriority
                0x080051c4       0x50 ./gecko_sdk_4.2.1/platform/service/hfxo_manager/src/sl_hfxo_manager_hal_s2.o
 .text.sli_hfxo_manager_init_hardware
                0x08005214       0x58 ./gecko_sdk_4.2.1/platform/service/hfxo_manager/src/sl_hfxo_manager_hal_s2.o
                0x08005214                sli_hfxo_manager_init_hardware
 .text.sli_hfxo_manager_is_hfxo_ready
                0x0800526c       0x68 ./gecko_sdk_4.2.1/platform/service/hfxo_manager/src/sl_hfxo_manager_hal_s2.o
                0x0800526c                sli_hfxo_manager_is_hfxo_ready
 .text.sl_hfxo_manager_irq_handler
                0x080052d4       0x64 ./gecko_sdk_4.2.1/platform/service/hfxo_manager/src/sl_hfxo_manager_hal_s2.o
                0x080052d4                sl_hfxo_manager_irq_handler
 .text.sl_iostream_set_default
                0x08005338       0x28 ./gecko_sdk_4.2.1/platform/service/iostream/src/sl_iostream.o
                0x08005338                sl_iostream_set_default
 .text.sl_iostream_get_default
                0x08005360       0x28 ./gecko_sdk_4.2.1/platform/service/iostream/src/sl_iostream.o
                0x08005360                sl_iostream_get_default
 .text._write   0x08005388       0x34 ./gecko_sdk_4.2.1/platform/service/iostream/src/sl_iostream_retarget_stdio.o
                0x08005388                _write
 .text.sl_iostream_stdlib_disable_buffering
                0x080053bc       0x1c ./gecko_sdk_4.2.1/platform/service/iostream/src/sl_iostream_stdlib_config.o
                0x080053bc                sl_iostream_stdlib_disable_buffering
 .text.__NVIC_EnableIRQ
                0x080053d8       0x34 ./gecko_sdk_4.2.1/platform/service/iostream/src/sl_iostream_uart.o
 .text.__NVIC_DisableIRQ
                0x0800540c       0x44 ./gecko_sdk_4.2.1/platform/service/iostream/src/sl_iostream_uart.o
 .text.__NVIC_ClearPendingIRQ
                0x08005450       0x38 ./gecko_sdk_4.2.1/platform/service/iostream/src/sl_iostream_uart.o
 .text.sli_iostream_uart_context_init
                0x08005488      0x1e0 ./gecko_sdk_4.2.1/platform/service/iostream/src/sl_iostream_uart.o
                0x08005488                sli_iostream_uart_context_init
 .text.sli_uart_txc
                0x08005668       0x60 ./gecko_sdk_4.2.1/platform/service/iostream/src/sl_iostream_uart.o
                0x08005668                sli_uart_txc
 .text.uart_deinit
                0x080056c8       0xec ./gecko_sdk_4.2.1/platform/service/iostream/src/sl_iostream_uart.o
 .text.scan_for_ctrl_char
                0x080057b4       0xbc ./gecko_sdk_4.2.1/platform/service/iostream/src/sl_iostream_uart.o
 .text.dma_irq_handler
                0x08005870       0xd0 ./gecko_sdk_4.2.1/platform/service/iostream/src/sl_iostream_uart.o
 .text.get_write_ptr
                0x08005940       0x54 ./gecko_sdk_4.2.1/platform/service/iostream/src/sl_iostream_uart.o
 .text.update_ring_buffer
                0x08005994      0x148 ./gecko_sdk_4.2.1/platform/service/iostream/src/sl_iostream_uart.o
 .text.read_rx_buffer
                0x08005adc      0x1cc ./gecko_sdk_4.2.1/platform/service/iostream/src/sl_iostream_uart.o
 .text.sl_iostream_usart_init
                0x08005ca8      0x280 ./gecko_sdk_4.2.1/platform/service/iostream/src/sl_iostream_usart.o
                0x08005ca8                sl_iostream_usart_init
 .text.sl_iostream_usart_irq_handler
                0x08005f28      0x120 ./gecko_sdk_4.2.1/platform/service/iostream/src/sl_iostream_usart.o
                0x08005f28                sl_iostream_usart_irq_handler
 .text.sl_power_manager_init
                0x08006048       0x80 ./gecko_sdk_4.2.1/platform/service/power_manager/src/sl_power_manager.o
                0x08006048                sl_power_manager_init
 .text.sl_power_manager_sleep
                0x080060c8      0x204 ./gecko_sdk_4.2.1/platform/service/power_manager/src/sl_power_manager.o
                0x080060c8                sl_power_manager_sleep
 .text.sli_power_manager_update_em_requirement
                0x080062cc      0x108 ./gecko_sdk_4.2.1/platform/service/power_manager/src/sl_power_manager.o
                0x080062cc                sli_power_manager_update_em_requirement
 .text.sli_power_manager_get_restore_delay
                0x080063d4       0x48 ./gecko_sdk_4.2.1/platform/service/power_manager/src/sl_power_manager.o
                0x080063d4                sli_power_manager_get_restore_delay
 .text.sl_power_manager_subscribe_em_transition_event
                0x0800641c       0x30 ./gecko_sdk_4.2.1/platform/service/power_manager/src/sl_power_manager.o
                0x0800641c                sl_power_manager_subscribe_em_transition_event
 .text.sl_power_manager_schedule_wakeup_get_restore_overhead_tick
                0x0800644c       0x14 ./gecko_sdk_4.2.1/platform/service/power_manager/src/sl_power_manager.o
                0x0800644c                sl_power_manager_schedule_wakeup_get_restore_overhead_tick
 .text.sli_power_manager_convert_delay_us_to_tick
                0x08006460       0x2c ./gecko_sdk_4.2.1/platform/service/power_manager/src/sl_power_manager.o
                0x08006460                sli_power_manager_convert_delay_us_to_tick
 .text.sl_power_manager_is_latest_wakeup_internal
                0x0800648c       0x4c ./gecko_sdk_4.2.1/platform/service/power_manager/src/sl_power_manager.o
                0x0800648c                sl_power_manager_is_latest_wakeup_internal
 .text.get_lowest_em
                0x080064d8       0x34 ./gecko_sdk_4.2.1/platform/service/power_manager/src/sl_power_manager.o
 .text.power_manager_notify_em_transition
                0x0800650c       0xec ./gecko_sdk_4.2.1/platform/service/power_manager/src/sl_power_manager.o
 .text.evaluate_wakeup
                0x080065f8       0xf8 ./gecko_sdk_4.2.1/platform/service/power_manager/src/sl_power_manager.o
 .text.update_em1_requirement
                0x080066f0       0x94 ./gecko_sdk_4.2.1/platform/service/power_manager/src/sl_power_manager.o
 .text.clock_restore_and_wait
                0x08006784       0x88 ./gecko_sdk_4.2.1/platform/service/power_manager/src/sl_power_manager.o
 .text.clock_restore
                0x0800680c       0x6c ./gecko_sdk_4.2.1/platform/service/power_manager/src/sl_power_manager.o
 .text.on_clock_wakeup_timeout
                0x08006878       0x34 ./gecko_sdk_4.2.1/platform/service/power_manager/src/sl_power_manager.o
 .text.sli_hfxo_manager_notify_ready_for_power_manager
                0x080068ac       0x48 ./gecko_sdk_4.2.1/platform/service/power_manager/src/sl_power_manager.o
                0x080068ac                sli_hfxo_manager_notify_ready_for_power_manager
 .text.EMU_EnterEM1
                0x080068f4       0x18 ./gecko_sdk_4.2.1/platform/service/power_manager/src/sl_power_manager_hal_s2.o
 .text.sli_power_manager_init_hardware
                0x0800690c      0x210 ./gecko_sdk_4.2.1/platform/service/power_manager/src/sl_power_manager_hal_s2.o
                0x0800690c                sli_power_manager_init_hardware
 .text.sli_power_manager_em23_voltage_scaling_enable_fast_wakeup
                0x08006b1c       0x88 ./gecko_sdk_4.2.1/platform/service/power_manager/src/sl_power_manager_hal_s2.o
                0x08006b1c                sli_power_manager_em23_voltage_scaling_enable_fast_wakeup
 .text.EMU_EM23PresleepHook
                0x08006ba4       0x30 ./gecko_sdk_4.2.1/platform/service/power_manager/src/sl_power_manager_hal_s2.o
                0x08006ba4                EMU_EM23PresleepHook
 .text.EMU_EM23PostsleepHook
                0x08006bd4       0x70 ./gecko_sdk_4.2.1/platform/service/power_manager/src/sl_power_manager_hal_s2.o
                0x08006bd4                EMU_EM23PostsleepHook
 .text.sli_power_manager_handle_pre_deepsleep_operations
                0x08006c44       0x10 ./gecko_sdk_4.2.1/platform/service/power_manager/src/sl_power_manager_hal_s2.o
                0x08006c44                sli_power_manager_handle_pre_deepsleep_operations
 .text.sli_power_manager_restore_high_freq_accuracy_clk
                0x08006c54       0x70 ./gecko_sdk_4.2.1/platform/service/power_manager/src/sl_power_manager_hal_s2.o
                0x08006c54                sli_power_manager_restore_high_freq_accuracy_clk
 .text.sli_power_manager_is_high_freq_accuracy_clk_ready
                0x08006cc4       0x34 ./gecko_sdk_4.2.1/platform/service/power_manager/src/sl_power_manager_hal_s2.o
                0x08006cc4                sli_power_manager_is_high_freq_accuracy_clk_ready
 .text.sli_power_manager_restore_states
                0x08006cf8       0x48 ./gecko_sdk_4.2.1/platform/service/power_manager/src/sl_power_manager_hal_s2.o
                0x08006cf8                sli_power_manager_restore_states
 .text.sli_power_manager_apply_em
                0x08006d40       0x50 ./gecko_sdk_4.2.1/platform/service/power_manager/src/sl_power_manager_hal_s2.o
                0x08006d40                sli_power_manager_apply_em
 .text.sli_power_manager_get_wakeup_process_time_overhead
                0x08006d90       0x3c ./gecko_sdk_4.2.1/platform/service/power_manager/src/sl_power_manager_hal_s2.o
                0x08006d90                sli_power_manager_get_wakeup_process_time_overhead
 .text.sl_sleeptimer_init
                0x08006dcc       0xa0 ./gecko_sdk_4.2.1/platform/service/sleeptimer/src/sl_sleeptimer.o
                0x08006dcc                sl_sleeptimer_init
 .text.sl_sleeptimer_stop_timer
                0x08006e6c       0x80 ./gecko_sdk_4.2.1/platform/service/sleeptimer/src/sl_sleeptimer.o
                0x08006e6c                sl_sleeptimer_stop_timer
 .text.sl_sleeptimer_get_remaining_time_of_first_timer
                0x08006eec       0x94 ./gecko_sdk_4.2.1/platform/service/sleeptimer/src/sl_sleeptimer.o
                0x08006eec                sl_sleeptimer_get_remaining_time_of_first_timer
 .text.sli_sleeptimer_is_power_manager_timer_next_to_expire
                0x08006f80       0x18 ./gecko_sdk_4.2.1/platform/service/sleeptimer/src/sl_sleeptimer.o
                0x08006f80                sli_sleeptimer_is_power_manager_timer_next_to_expire
 .text.sl_sleeptimer_get_timer_frequency
                0x08006f98        0xc ./gecko_sdk_4.2.1/platform/service/sleeptimer/src/sl_sleeptimer.o
                0x08006f98                sl_sleeptimer_get_timer_frequency
 .text.process_timer_irq
                0x08006fa4      0x258 ./gecko_sdk_4.2.1/platform/service/sleeptimer/src/sl_sleeptimer.o
                0x08006fa4                process_timer_irq
 .text.delta_list_insert_timer
                0x080071fc       0xd4 ./gecko_sdk_4.2.1/platform/service/sleeptimer/src/sl_sleeptimer.o
 .text.delta_list_remove_timer
                0x080072d0       0x74 ./gecko_sdk_4.2.1/platform/service/sleeptimer/src/sl_sleeptimer.o
 .text.set_comparator_for_next_timer
                0x08007344       0x4c ./gecko_sdk_4.2.1/platform/service/sleeptimer/src/sl_sleeptimer.o
 .text.update_delta_list
                0x08007390       0x70 ./gecko_sdk_4.2.1/platform/service/sleeptimer/src/sl_sleeptimer.o
 .text.create_timer
                0x08007400       0xa8 ./gecko_sdk_4.2.1/platform/service/sleeptimer/src/sl_sleeptimer.o
 .text.update_next_timer_to_expire_is_power_manager
                0x080074a8       0x58 ./gecko_sdk_4.2.1/platform/service/sleeptimer/src/sl_sleeptimer.o
 .text.sl_sleeptimer_is_power_manager_early_restore_timer_latest_to_expire
                0x08007500       0x28 ./gecko_sdk_4.2.1/platform/service/sleeptimer/src/sl_sleeptimer.o
                0x08007500                sl_sleeptimer_is_power_manager_early_restore_timer_latest_to_expire
 .text.__NVIC_EnableIRQ
                0x08007528       0x34 ./gecko_sdk_4.2.1/platform/service/sleeptimer/src/sl_sleeptimer_hal_sysrtc.o
 .text.__NVIC_ClearPendingIRQ
                0x0800755c       0x38 ./gecko_sdk_4.2.1/platform/service/sleeptimer/src/sl_sleeptimer_hal_sysrtc.o
 .text.sl_sysrtc_wait_sync
                0x08007594       0x20 ./gecko_sdk_4.2.1/platform/service/sleeptimer/src/sl_sleeptimer_hal_sysrtc.o
 .text.sl_sysrtc_get_counter
                0x080075b4       0x14 ./gecko_sdk_4.2.1/platform/service/sleeptimer/src/sl_sleeptimer_hal_sysrtc.o
 .text.sl_sysrtc_set_counter
                0x080075c8       0x1c ./gecko_sdk_4.2.1/platform/service/sleeptimer/src/sl_sleeptimer_hal_sysrtc.o
 .text.sleeptimer_hal_set_compare
                0x080075e4       0xac ./gecko_sdk_4.2.1/platform/service/sleeptimer/src/sl_sleeptimer_hal_sysrtc.o
                0x080075e4                sleeptimer_hal_set_compare
 .text.sleeptimer_hal_disable_int
                0x08007690       0x60 ./gecko_sdk_4.2.1/platform/service/sleeptimer/src/sl_sleeptimer_hal_sysrtc.o
                0x08007690                sleeptimer_hal_disable_int
 .text.sleeptimer_hal_set_int
                0x080076f0       0x2c ./gecko_sdk_4.2.1/platform/service/sleeptimer/src/sl_sleeptimer_hal_sysrtc.o
                0x080076f0                sleeptimer_hal_set_int
 .text.__NVIC_EnableIRQ
                0x0800771c       0x34 ./src/GPIO.o
 .text.__NVIC_ClearPendingIRQ
                0x08007750       0x38 ./src/GPIO.o
 .text.init_I2C0
                0x08007788       0x90 ./src/I2C.o
                0x08007788                init_I2C0
 .text.GPIO_IntClear
                0x08007818       0x1c ./src/irq.o
 .text.GPIO_IntGet
                0x08007834       0x10 ./src/irq.o
 .text.TIMER0_IRQHandler
                0x08007844       0x38 ./src/irq.o
                0x08007844                TIMER0_IRQHandler
 .text.GPIO_EVEN_IRQHandler
                0x0800787c       0x30 ./src/irq.o
                0x0800787c                GPIO_EVEN_IRQHandler
 .text.__NVIC_EnableIRQ
                0x080078ac       0x34 ./src/timers.o
 .text.__NVIC_ClearPendingIRQ
                0x080078e0       0x38 ./src/timers.o
 .text.TIMER_Valid
                0x08007918       0x54 ./src/timers.o
 .text.TIMER_MaxCount
                0x0800796c       0xf0 ./src/timers.o
 .text.TIMER_Enable
                0x08007a5c       0x44 ./src/timers.o
 .text.TIMER_TopSet
                0x08007aa0       0x48 ./src/timers.o
 .text.init_timer0
                0x08007ae8       0x70 ./src/timers.o
                0x08007ae8                init_timer0
 .text          0x08007b58       0x30 c:/siliconlabs/simplicitystudio/v5/developer/toolchains/gnu_arm/10.3_2021.10/bin/../lib/gcc/arm-none-eabi/10.3.1/thumb/v8-m.main+fp/hard\libgcc.a(_aeabi_uldivmod.o)
                0x08007b58                __aeabi_uldivmod
 .text          0x08007b88      0x2ec c:/siliconlabs/simplicitystudio/v5/developer/toolchains/gnu_arm/10.3_2021.10/bin/../lib/gcc/arm-none-eabi/10.3.1/thumb/v8-m.main+fp/hard\libgcc.a(_udivmoddi4.o)
                0x08007b88                __udivmoddi4
 .text          0x08007e74        0x4 c:/siliconlabs/simplicitystudio/v5/developer/toolchains/gnu_arm/10.3_2021.10/bin/../lib/gcc/arm-none-eabi/10.3.1/thumb/v8-m.main+fp/hard\libgcc.a(_dvmd_tls.o)
                0x08007e74                __aeabi_idiv0
                0x08007e74                __aeabi_ldiv0
 .text.exit     0x08007e78       0x28 c:/siliconlabs/simplicitystudio/v5/developer/toolchains/gnu_arm/10.3_2021.10/bin/../lib/gcc/arm-none-eabi/10.3.1/../../../../arm-none-eabi/lib/thumb/v8-m.main+fp/hard\libc_nano.a(lib_a-exit.o)
                0x08007e78                exit
 .text.__libc_init_array
                0x08007ea0       0x48 c:/siliconlabs/simplicitystudio/v5/developer/toolchains/gnu_arm/10.3_2021.10/bin/../lib/gcc/arm-none-eabi/10.3.1/../../../../arm-none-eabi/lib/thumb/v8-m.main+fp/hard\libc_nano.a(lib_a-init.o)
                0x08007ea0                __libc_init_array
 .text.setvbuf  0x08007ee8      0x188 c:/siliconlabs/simplicitystudio/v5/developer/toolchains/gnu_arm/10.3_2021.10/bin/../lib/gcc/arm-none-eabi/10.3.1/../../../../arm-none-eabi/lib/thumb/v8-m.main+fp/hard\libc_nano.a(lib_a-setvbuf.o)
                0x08007ee8                setvbuf
 .text.vprintf  0x08008070       0x30 c:/siliconlabs/simplicitystudio/v5/developer/toolchains/gnu_arm/10.3_2021.10/bin/../lib/gcc/arm-none-eabi/10.3.1/../../../../arm-none-eabi/lib/thumb/v8-m.main+fp/hard\libc_nano.a(lib_a-vprintf.o)
                0x08008070                viprintf
                0x08008070                vprintf
 .text.__sflush_r
                0x080080a0      0x108 c:/siliconlabs/simplicitystudio/v5/developer/toolchains/gnu_arm/10.3_2021.10/bin/../lib/gcc/arm-none-eabi/10.3.1/../../../../arm-none-eabi/lib/thumb/v8-m.main+fp/hard\libc_nano.a(lib_a-fflush.o)
                0x080080a0                __sflush_r
 .text._fflush_r
                0x080081a8       0x78 c:/siliconlabs/simplicitystudio/v5/developer/toolchains/gnu_arm/10.3_2021.10/bin/../lib/gcc/arm-none-eabi/10.3.1/../../../../arm-none-eabi/lib/thumb/v8-m.main+fp/hard\libc_nano.a(lib_a-fflush.o)
                0x080081a8                _fflush_r
 .text.std      0x08008220       0x48 c:/siliconlabs/simplicitystudio/v5/developer/toolchains/gnu_arm/10.3_2021.10/bin/../lib/gcc/arm-none-eabi/10.3.1/../../../../arm-none-eabi/lib/thumb/v8-m.main+fp/hard\libc_nano.a(lib_a-findfp.o)
 .text._cleanup_r
                0x08008268        0xc c:/siliconlabs/simplicitystudio/v5/developer/toolchains/gnu_arm/10.3_2021.10/bin/../lib/gcc/arm-none-eabi/10.3.1/../../../../arm-none-eabi/lib/thumb/v8-m.main+fp/hard\libc_nano.a(lib_a-findfp.o)
                0x08008268                _cleanup_r
 .text.__sfp_lock_acquire
                0x08008274        0xc c:/siliconlabs/simplicitystudio/v5/developer/toolchains/gnu_arm/10.3_2021.10/bin/../lib/gcc/arm-none-eabi/10.3.1/../../../../arm-none-eabi/lib/thumb/v8-m.main+fp/hard\libc_nano.a(lib_a-findfp.o)
                0x08008274                __sfp_lock_acquire
 .text.__sfp_lock_release
                0x08008280        0xc c:/siliconlabs/simplicitystudio/v5/developer/toolchains/gnu_arm/10.3_2021.10/bin/../lib/gcc/arm-none-eabi/10.3.1/../../../../arm-none-eabi/lib/thumb/v8-m.main+fp/hard\libc_nano.a(lib_a-findfp.o)
                0x08008280                __sfp_lock_release
 .text.__sinit_lock_acquire
                0x0800828c        0xc c:/siliconlabs/simplicitystudio/v5/developer/toolchains/gnu_arm/10.3_2021.10/bin/../lib/gcc/arm-none-eabi/10.3.1/../../../../arm-none-eabi/lib/thumb/v8-m.main+fp/hard\libc_nano.a(lib_a-findfp.o)
                0x0800828c                __sinit_lock_acquire
 .text.__sinit_lock_release
                0x08008298        0xc c:/siliconlabs/simplicitystudio/v5/developer/toolchains/gnu_arm/10.3_2021.10/bin/../lib/gcc/arm-none-eabi/10.3.1/../../../../arm-none-eabi/lib/thumb/v8-m.main+fp/hard\libc_nano.a(lib_a-findfp.o)
                0x08008298                __sinit_lock_release
 .text.__sinit  0x080082a4       0x70 c:/siliconlabs/simplicitystudio/v5/developer/toolchains/gnu_arm/10.3_2021.10/bin/../lib/gcc/arm-none-eabi/10.3.1/../../../../arm-none-eabi/lib/thumb/v8-m.main+fp/hard\libc_nano.a(lib_a-findfp.o)
                0x080082a4                __sinit
 .text.__sfp    0x08008314       0x8c c:/siliconlabs/simplicitystudio/v5/developer/toolchains/gnu_arm/10.3_2021.10/bin/../lib/gcc/arm-none-eabi/10.3.1/../../../../arm-none-eabi/lib/thumb/v8-m.main+fp/hard\libc_nano.a(lib_a-findfp.o)
                0x08008314                __sfp
 .text.__smakebuf_r
                0x080083a0       0x80 c:/siliconlabs/simplicitystudio/v5/developer/toolchains/gnu_arm/10.3_2021.10/bin/../lib/gcc/arm-none-eabi/10.3.1/../../../../arm-none-eabi/lib/thumb/v8-m.main+fp/hard\libc_nano.a(lib_a-makebuf.o)
                0x080083a0                __smakebuf_r
 .text.malloc   0x08008420       0x10 c:/siliconlabs/simplicitystudio/v5/developer/toolchains/gnu_arm/10.3_2021.10/bin/../lib/gcc/arm-none-eabi/10.3.1/../../../../arm-none-eabi/lib/thumb/v8-m.main+fp/hard\libc_nano.a(lib_a-malloc.o)
                0x08008420                malloc
 .text._free_r  0x08008430       0x98 c:/siliconlabs/simplicitystudio/v5/developer/toolchains/gnu_arm/10.3_2021.10/bin/../lib/gcc/arm-none-eabi/10.3.1/../../../../arm-none-eabi/lib/thumb/v8-m.main+fp/hard\libc_nano.a(lib_a-nano-freer.o)
                0x08008430                _free_r
 .text.sbrk_aligned
                0x080084c8       0x40 c:/siliconlabs/simplicitystudio/v5/developer/toolchains/gnu_arm/10.3_2021.10/bin/../lib/gcc/arm-none-eabi/10.3.1/../../../../arm-none-eabi/lib/thumb/v8-m.main+fp/hard\libc_nano.a(lib_a-nano-mallocr.o)
 .text._malloc_r
                0x08008508       0xe8 c:/siliconlabs/simplicitystudio/v5/developer/toolchains/gnu_arm/10.3_2021.10/bin/../lib/gcc/arm-none-eabi/10.3.1/../../../../arm-none-eabi/lib/thumb/v8-m.main+fp/hard\libc_nano.a(lib_a-nano-mallocr.o)
                0x08008508                _malloc_r
 .text._vfprintf_r
                0x080085f0      0x260 c:/siliconlabs/simplicitystudio/v5/developer/toolchains/gnu_arm/10.3_2021.10/bin/../lib/gcc/arm-none-eabi/10.3.1/../../../../arm-none-eabi/lib/thumb/v8-m.main+fp/hard\libc_nano.a(lib_a-nano-vfprintf.o)
                0x080085f0                _vfprintf_r
                0x080085f0                _vfiprintf_r
 .text._printf_i
                0x08008850      0x24c c:/siliconlabs/simplicitystudio/v5/developer/toolchains/gnu_arm/10.3_2021.10/bin/../lib/gcc/arm-none-eabi/10.3.1/../../../../arm-none-eabi/lib/thumb/v8-m.main+fp/hard\libc_nano.a(lib_a-nano-vfprintf_i.o)
                0x08008850                _printf_i
 .text._sbrk_r  0x08008a9c       0x20 c:/siliconlabs/simplicitystudio/v5/developer/toolchains/gnu_arm/10.3_2021.10/bin/../lib/gcc/arm-none-eabi/10.3.1/../../../../arm-none-eabi/lib/thumb/v8-m.main+fp/hard\libc_nano.a(lib_a-sbrkr.o)
                0x08008a9c                _sbrk_r
 .text.__swbuf_r
                0x08008abc       0xa4 c:/siliconlabs/simplicitystudio/v5/developer/toolchains/gnu_arm/10.3_2021.10/bin/../lib/gcc/arm-none-eabi/10.3.1/../../../../arm-none-eabi/lib/thumb/v8-m.main+fp/hard\libc_nano.a(lib_a-wbuf.o)
                0x08008abc                __swbuf_r
 .text._write_r
                0x08008b60       0x24 c:/siliconlabs/simplicitystudio/v5/developer/toolchains/gnu_arm/10.3_2021.10/bin/../lib/gcc/arm-none-eabi/10.3.1/../../../../arm-none-eabi/lib/thumb/v8-m.main+fp/hard\libc_nano.a(lib_a-writer.o)
                0x08008b60                _write_r
 .text.__swsetup_r
                0x08008b84       0xdc c:/siliconlabs/simplicitystudio/v5/developer/toolchains/gnu_arm/10.3_2021.10/bin/../lib/gcc/arm-none-eabi/10.3.1/../../../../arm-none-eabi/lib/thumb/v8-m.main+fp/hard\libc_nano.a(lib_a-wsetup.o)
                0x08008b84                __swsetup_r
 .text._close_r
                0x08008c60       0x20 c:/siliconlabs/simplicitystudio/v5/developer/toolchains/gnu_arm/10.3_2021.10/bin/../lib/gcc/arm-none-eabi/10.3.1/../../../../arm-none-eabi/lib/thumb/v8-m.main+fp/hard\libc_nano.a(lib_a-closer.o)
                0x08008c60                _close_r
 .text._fstat_r
                0x08008c80       0x24 c:/siliconlabs/simplicitystudio/v5/developer/toolchains/gnu_arm/10.3_2021.10/bin/../lib/gcc/arm-none-eabi/10.3.1/../../../../arm-none-eabi/lib/thumb/v8-m.main+fp/hard\libc_nano.a(lib_a-fstatr.o)
                0x08008c80                _fstat_r
 .text._isatty_r
                0x08008ca4       0x20 c:/siliconlabs/simplicitystudio/v5/developer/toolchains/gnu_arm/10.3_2021.10/bin/../lib/gcc/arm-none-eabi/10.3.1/../../../../arm-none-eabi/lib/thumb/v8-m.main+fp/hard\libc_nano.a(lib_a-isattyr.o)
                0x08008ca4                _isatty_r
 .text._lseek_r
                0x08008cc4       0x24 c:/siliconlabs/simplicitystudio/v5/developer/toolchains/gnu_arm/10.3_2021.10/bin/../lib/gcc/arm-none-eabi/10.3.1/../../../../arm-none-eabi/lib/thumb/v8-m.main+fp/hard\libc_nano.a(lib_a-lseekr.o)
                0x08008cc4                _lseek_r
 .text.__malloc_lock
                0x08008ce8        0xc c:/siliconlabs/simplicitystudio/v5/developer/toolchains/gnu_arm/10.3_2021.10/bin/../lib/gcc/arm-none-eabi/10.3.1/../../../../arm-none-eabi/lib/thumb/v8-m.main+fp/hard\libc_nano.a(lib_a-mlock.o)
                0x08008ce8                __malloc_lock
 .text.__malloc_unlock
                0x08008cf4        0xc c:/siliconlabs/simplicitystudio/v5/developer/toolchains/gnu_arm/10.3_2021.10/bin/../lib/gcc/arm-none-eabi/10.3.1/../../../../arm-none-eabi/lib/thumb/v8-m.main+fp/hard\libc_nano.a(lib_a-mlock.o)
                0x08008cf4                __malloc_unlock
 .text._read_r  0x08008d00       0x24 c:/siliconlabs/simplicitystudio/v5/developer/toolchains/gnu_arm/10.3_2021.10/bin/../lib/gcc/arm-none-eabi/10.3.1/../../../../arm-none-eabi/lib/thumb/v8-m.main+fp/hard\libc_nano.a(lib_a-readr.o)
                0x08008d00                _read_r
 .text.sl_power_manager_add_em_requirement
                0x08008d24       0x2a ./app.o
 .text.main     0x08008d4e       0x18 ./main.o
                0x08008d4e                main
 .text.CHIP_Init
                0x08008d66        0x4 ./autogen/sl_event_handler.o
 .text.sl_platform_init
                0x08008d6a       0x2a ./autogen/sl_event_handler.o
                0x08008d6a                sl_platform_init
 .text.sl_driver_init
                0x08008d94        0x4 ./autogen/sl_event_handler.o
                0x08008d94                sl_driver_init
 .text.sl_service_init
                0x08008d98       0x16 ./autogen/sl_event_handler.o
                0x08008d98                sl_service_init
 .text.sl_stack_init
                0x08008dae        0x4 ./autogen/sl_event_handler.o
                0x08008dae                sl_stack_init
 .text.sl_internal_app_init
                0x08008db2        0xa ./autogen/sl_event_handler.o
                0x08008db2                sl_internal_app_init
 .text.sl_platform_process_action
                0x08008dbc        0x4 ./autogen/sl_event_handler.o
                0x08008dbc                sl_platform_process_action
 .text.sl_service_process_action
                0x08008dc0        0x4 ./autogen/sl_event_handler.o
                0x08008dc0                sl_service_process_action
 .text.sl_stack_process_action
                0x08008dc4        0x4 ./autogen/sl_event_handler.o
                0x08008dc4                sl_stack_process_action
 .text.sl_internal_app_process_action
                0x08008dc8        0x4 ./autogen/sl_event_handler.o
                0x08008dc8                sl_internal_app_process_action
 .text.sl_iostream_init_instances
                0x08008dcc        0xa ./autogen/sl_event_handler.o
                0x08008dcc                sl_iostream_init_instances
 .text.BUS_RegBitRead
                0x08008dd6       0x1a ./autogen/sl_iostream_init_usart_instances.o
 .text.sl_iostream_uart_sleep_on_isr_exit
                0x08008df0       0x1c ./autogen/sl_iostream_init_usart_instances.o
 .text.app_is_ok_to_sleep
                0x08008e0c        0x6 ./autogen/sl_power_manager_handler.o
                0x08008e0c                app_is_ok_to_sleep
 .text.app_sleep_on_isr_exit
                0x08008e12        0x6 ./autogen/sl_power_manager_handler.o
                0x08008e12                app_sleep_on_isr_exit
 .text.sl_power_manager_is_ok_to_sleep
                0x08008e18       0x2c ./autogen/sl_power_manager_handler.o
                0x08008e18                sl_power_manager_is_ok_to_sleep
 .text.sl_power_manager_sleep_on_isr_exit
                0x08008e44       0x84 ./autogen/sl_power_manager_handler.o
                0x08008e44                sl_power_manager_sleep_on_isr_exit
 .text._app_log_time
                0x08008ec8        0x4 ./gecko_sdk_4.2.1/app/common/util/app_log/app_log.o
                0x08008ec8                _app_log_time
 .text._app_log_counter
                0x08008ecc        0x4 ./gecko_sdk_4.2.1/app/common/util/app_log/app_log.o
                0x08008ecc                _app_log_counter
 .text.Default_Handler
                0x08008ed0        0x2 ./gecko_sdk_4.2.1/platform/Device/SiliconLabs/EFR32MG24/Source/startup_efr32mg24.o
                0x08008ed0                ULFRCO_IRQHandler
                0x08008ed0                AHB2AHB1_IRQHandler
                0x08008ed0                SW2_IRQHandler
                0x08008ed0                TIMER2_IRQHandler
                0x08008ed0                DebugMon_Handler
                0x08008ed0                IADC_IRQHandler
                0x08008ed0                EUSART0_TX_IRQHandler
                0x08008ed0                I2C0_IRQHandler
                0x08008ed0                LFXO_IRQHandler
                0x08008ed0                HardFault_Handler
                0x08008ed0                SMU_SECURE_IRQHandler
                0x08008ed0                SysTick_Handler
                0x08008ed0                SYSRTC_SEQ_IRQHandler
                0x08008ed0                EMUEFP_IRQHandler
                0x08008ed0                PendSV_Handler
                0x08008ed0                NMI_Handler
                0x08008ed0                SYNTH_IRQHandler
                0x08008ed0                HOSTMAILBOX_IRQHandler
                0x08008ed0                I2C1_IRQHandler
                0x08008ed0                WDOG0_IRQHandler
                0x08008ed0                TIMER3_IRQHandler
                0x08008ed0                SYSCFG_IRQHandler
                0x08008ed0                RFECA1_IRQHandler
                0x08008ed0                EMUDG_IRQHandler
                0x08008ed0                MSC_IRQHandler
                0x08008ed0                DPLL0_IRQHandler
                0x08008ed0                UsageFault_Handler
                0x08008ed0                WDOG1_IRQHandler
                0x08008ed0                M33CTI1_IRQHandler
                0x08008ed0                TIMER4_IRQHandler
                0x08008ed0                VDAC0_IRQHandler
                0x08008ed0                SEMBTX_IRQHandler
                0x08008ed0                SW0_IRQHandler
                0x08008ed0                MVP_IRQHandler
                0x08008ed0                LETIMER0_IRQHandler
                0x08008ed0                EUSART1_RX_IRQHandler
                0x08008ed0                TIMER1_IRQHandler
                0x08008ed0                HFRCO0_IRQHandler
                0x08008ed0                SecureFault_Handler
                0x08008ed0                BUFC_IRQHandler
                0x08008ed0                DCDC_IRQHandler
                0x08008ed0                MODEM_IRQHandler
                0x08008ed0                Default_Handler
                0x08008ed0                RAC_SEQ_IRQHandler
                0x08008ed0                FRC_PRI_IRQHandler
                0x08008ed0                SW3_IRQHandler
                0x08008ed0                EMU_IRQHandler
                0x08008ed0                KERNEL0_IRQHandler
                0x08008ed0                FRC_IRQHandler
                0x08008ed0                PCNT0_IRQHandler
                0x08008ed0                KERNEL1_IRQHandler
                0x08008ed0                AGC_IRQHandler
                0x08008ed0                EUSART1_TX_IRQHandler
                0x08008ed0                KEYSCAN_IRQHandler
                0x08008ed0                HFRCOEM23_IRQHandler
                0x08008ed0                sl_app_properties
                0x08008ed0                BURTC_IRQHandler
                0x08008ed0                SEMBRX_IRQHandler
                0x08008ed0                RFECA0_IRQHandler
                0x08008ed0                LFRCO_IRQHandler
                0x08008ed0                VDAC1_IRQHandler
                0x08008ed0                ACMP0_IRQHandler
                0x08008ed0                MemManage_Handler
                0x08008ed0                AHB2AHB0_IRQHandler
                0x08008ed0                SVC_Handler
                0x08008ed0                SMU_S_PRIVILEGED_IRQHandler
                0x08008ed0                SW1_IRQHandler
                0x08008ed0                CMU_IRQHandler
                0x08008ed0                EUSART0_RX_IRQHandler
                0x08008ed0                RAC_RSM_IRQHandler
                0x08008ed0                SETAMPERHOST_IRQHandler
                0x08008ed0                GPIO_ODD_IRQHandler
                0x08008ed0                AES_IRQHandler
                0x08008ed0                M33CTI0_IRQHandler
                0x08008ed0                ICACHE0_IRQHandler
                0x08008ed0                SMU_NS_PRIVILEGED_IRQHandler
                0x08008ed0                FPUEXH_IRQHandler
                0x08008ed0                PROTIMER_IRQHandler
                0x08008ed0                ACMP1_IRQHandler
                0x08008ed0                BusFault_Handler
                0x08008ed0                MPAHBRAM_IRQHandler
 .text.SystemCLKIN0Get
                0x08008ed2        0x6 ./gecko_sdk_4.2.1/platform/Device/SiliconLabs/EFR32MG24/Source/system_efr32mg24.o
                0x08008ed2                SystemCLKIN0Get
 .text.SystemLFRCOClockGet
                0x08008ed8        0x8 ./gecko_sdk_4.2.1/platform/Device/SiliconLabs/EFR32MG24/Source/system_efr32mg24.o
                0x08008ed8                SystemLFRCOClockGet
 .text.SystemULFRCOClockGet
                0x08008ee0        0x8 ./gecko_sdk_4.2.1/platform/Device/SiliconLabs/EFR32MG24/Source/system_efr32mg24.o
                0x08008ee0                SystemULFRCOClockGet
 .text.assertEFM
                0x08008ee8        0x8 ./gecko_sdk_4.2.1/platform/common/src/sl_assert.o
                0x08008ee8                assertEFM
 .text.sl_slist_init
                0x08008ef0       0x10 ./gecko_sdk_4.2.1/platform/common/src/sl_slist.o
                0x08008ef0                sl_slist_init
 .text.DMADRV_PeripheralMemory
                0x08008f00       0x46 ./gecko_sdk_4.2.1/platform/emdrv/dmadrv/src/dmadrv.o
                0x08008f00                DMADRV_PeripheralMemory
 .text.SystemCoreClockGet
                0x08008f46        0xc ./gecko_sdk_4.2.1/platform/emlib/src/em_cmu.o
 .text.BUS_RegBitRead
                0x08008f52       0x1a ./gecko_sdk_4.2.1/platform/emlib/src/em_cmu.o
 .text.BUS_RegMaskedWrite
                0x08008f6c       0x34 ./gecko_sdk_4.2.1/platform/emlib/src/em_cmu.o
 .text.sli_em_cmu_SYSCLKInitPreClockSelect
                0x08008fa0       0x1a ./gecko_sdk_4.2.1/platform/emlib/src/em_cmu.o
                0x08008fa0                sli_em_cmu_SYSCLKInitPreClockSelect
 .text.sli_em_cmu_SYSCLKInitPostClockSelect
                0x08008fba       0x2e ./gecko_sdk_4.2.1/platform/emlib/src/em_cmu.o
                0x08008fba                sli_em_cmu_SYSCLKInitPostClockSelect
 .text.CMU_UpdateWaitStates
                0x08008fe8       0x28 ./gecko_sdk_4.2.1/platform/emlib/src/em_cmu.o
                0x08008fe8                CMU_UpdateWaitStates
 .text.pclkDivMax
                0x08009010       0x10 ./gecko_sdk_4.2.1/platform/emlib/src/em_cmu.o
 .text.waitStateMax
                0x08009020       0x14 ./gecko_sdk_4.2.1/platform/emlib/src/em_cmu.o
 .text.CORE_EnterCritical
                0x08009034       0x18 ./gecko_sdk_4.2.1/platform/emlib/src/em_core.o
                0x08009034                CORE_EnterCritical
 .text.CORE_ExitCritical
                0x0800904c       0x14 ./gecko_sdk_4.2.1/platform/emlib/src/em_core.o
                0x0800904c                CORE_ExitCritical
 .text.CORE_EnterAtomic
                0x08009060       0x20 ./gecko_sdk_4.2.1/platform/emlib/src/em_core.o
                0x08009060                CORE_EnterAtomic
 .text.CORE_ExitAtomic
                0x08009080       0x16 ./gecko_sdk_4.2.1/platform/emlib/src/em_core.o
                0x08009080                CORE_ExitAtomic
 .text.SystemCoreClockUpdate
                0x08009096        0xa ./gecko_sdk_4.2.1/platform/emlib/src/em_emu.o
 .text.BUS_RegBitRead
                0x080090a0       0x1a ./gecko_sdk_4.2.1/platform/emlib/src/em_emu.o
 .text.vScaleEM01Cmd
                0x080090ba       0x1c ./gecko_sdk_4.2.1/platform/emlib/src/em_emu.o
 .text.EMU_EFPEM23PresleepHook
                0x080090d6        0x4 ./gecko_sdk_4.2.1/platform/emlib/src/em_emu.o
                0x080090d6                EMU_EFPEM23PresleepHook
 .text.EMU_EFPEM23PostsleepHook
                0x080090da        0x4 ./gecko_sdk_4.2.1/platform/emlib/src/em_emu.o
                0x080090da                EMU_EFPEM23PostsleepHook
 .text.EMU_Save
                0x080090de        0x4 ./gecko_sdk_4.2.1/platform/emlib/src/em_emu.o
                0x080090de                EMU_Save
 .text.EMU_Restore
                0x080090e2        0x4 ./gecko_sdk_4.2.1/platform/emlib/src/em_emu.o
                0x080090e2                EMU_Restore
 .text.EMU_EFPEM01VScale
                0x080090e6        0xe ./gecko_sdk_4.2.1/platform/emlib/src/em_emu.o
                0x080090e6                EMU_EFPEM01VScale
 .text.EMU_DCDCUpdatedHook
                0x080090f4        0x4 ./gecko_sdk_4.2.1/platform/emlib/src/em_emu.o
                0x080090f4                EMU_DCDCUpdatedHook
 .text.BUS_RegMaskedWrite
                0x080090f8       0x34 ./gecko_sdk_4.2.1/platform/emlib/src/em_gpio.o
 .text.I2C_IntClear
                0x0800912c       0x18 ./gecko_sdk_4.2.1/platform/emlib/src/em_i2c.o
 .text.BUS_RegMaskedWrite
                0x08009144       0x34 ./gecko_sdk_4.2.1/platform/emlib/src/em_i2c.o
 .text.flushRx  0x08009178       0x28 ./gecko_sdk_4.2.1/platform/emlib/src/em_i2c.o
 .text.BUS_RegMaskedClear
                0x080091a0       0x1a ./gecko_sdk_4.2.1/platform/emlib/src/em_ldma.o
 .text.TIMER_SyncWait
                0x080091ba       0x24 ./gecko_sdk_4.2.1/platform/emlib/src/em_timer.o
                0x080091ba                TIMER_SyncWait
 .text.USART_Tx
                0x080091de       0x26 ./gecko_sdk_4.2.1/platform/emlib/src/em_usart.o
                0x080091de                USART_Tx
 .text.sl_device_init_nvic
                0x08009204       0x38 ./gecko_sdk_4.2.1/platform/service/device_init/src/sl_device_init_nvic.o
                0x08009204                sl_device_init_nvic
 .text.sl_hfxo_manager_init_hardware
                0x0800923c        0xa ./gecko_sdk_4.2.1/platform/service/hfxo_manager/src/sl_hfxo_manager.o
                0x0800923c                sl_hfxo_manager_init_hardware
 .text.HFXO0_IRQHandler
                0x08009246        0xa ./gecko_sdk_4.2.1/platform/service/hfxo_manager/src/sl_hfxo_manager_hal_s2.o
                0x08009246                HFXO0_IRQHandler
 .text.sl_iostream_write
                0x08009250       0x40 ./gecko_sdk_4.2.1/platform/service/iostream/src/sl_iostream.o
                0x08009250                sl_iostream_write
 .text.sl_iostream_read
                0x08009290       0x50 ./gecko_sdk_4.2.1/platform/service/iostream/src/sl_iostream.o
                0x08009290                sl_iostream_read
 .text.sl_iostream_vprintf
                0x080092e0       0x64 ./gecko_sdk_4.2.1/platform/service/iostream/src/sl_iostream.o
                0x080092e0                sl_iostream_vprintf
 .text.sl_iostream_printf
                0x08009344       0x26 ./gecko_sdk_4.2.1/platform/service/iostream/src/sl_iostream.o
                0x08009344                sl_iostream_printf
 .text._close   0x0800936a        0xc ./gecko_sdk_4.2.1/platform/service/iostream/src/sl_iostream_retarget_stdio.o
                0x0800936a                _close
 .text._exit    0x08009376        0x6 ./gecko_sdk_4.2.1/platform/service/iostream/src/sl_iostream_retarget_stdio.o
                0x08009376                _exit
 .text._fstat   0x0800937c       0x16 ./gecko_sdk_4.2.1/platform/service/iostream/src/sl_iostream_retarget_stdio.o
                0x0800937c                _fstat
 .text._isatty  0x08009392        0xc ./gecko_sdk_4.2.1/platform/service/iostream/src/sl_iostream_retarget_stdio.o
                0x08009392                _isatty
 .text._lseek   0x0800939e       0x10 ./gecko_sdk_4.2.1/platform/service/iostream/src/sl_iostream_retarget_stdio.o
                0x0800939e                _lseek
 .text._read    0x080093ae       0x30 ./gecko_sdk_4.2.1/platform/service/iostream/src/sl_iostream_retarget_stdio.o
                0x080093ae                _read
 .text.sl_power_manager_add_em_requirement
                0x080093de       0x2a ./gecko_sdk_4.2.1/platform/service/iostream/src/sl_iostream_uart.o
 .text.sl_power_manager_remove_em_requirement
                0x08009408       0x2a ./gecko_sdk_4.2.1/platform/service/iostream/src/sl_iostream_uart.o
 .text.sleep_on_isr_exit
                0x08009432       0x60 ./gecko_sdk_4.2.1/platform/service/iostream/src/sl_iostream_uart.o
 .text.set_auto_cr_lf
                0x08009492       0x1e ./gecko_sdk_4.2.1/platform/service/iostream/src/sl_iostream_uart.o
 .text.get_auto_cr_lf
                0x080094b0       0x1c ./gecko_sdk_4.2.1/platform/service/iostream/src/sl_iostream_uart.o
 .text.set_rx_energy_mode_restriction
                0x080094cc       0x78 ./gecko_sdk_4.2.1/platform/service/iostream/src/sl_iostream_uart.o
 .text.get_rx_energy_mode_restriction
                0x08009544       0x1c ./gecko_sdk_4.2.1/platform/service/iostream/src/sl_iostream_uart.o
 .text.nolock_uart_write
                0x08009560       0xf6 ./gecko_sdk_4.2.1/platform/service/iostream/src/sl_iostream_uart.o
 .text.uart_write
                0x08009656       0x1e ./gecko_sdk_4.2.1/platform/service/iostream/src/sl_iostream_uart.o
 .text.uart_read
                0x08009674       0x42 ./gecko_sdk_4.2.1/platform/service/iostream/src/sl_iostream_uart.o
 .text.USART_IntClear
                0x080096b6       0x18 ./gecko_sdk_4.2.1/platform/service/iostream/src/sl_iostream_usart.o
 .text.USART_IntDisable
                0x080096ce       0x1a ./gecko_sdk_4.2.1/platform/service/iostream/src/sl_iostream_usart.o
 .text.USART_IntEnable
                0x080096e8       0x18 ./gecko_sdk_4.2.1/platform/service/iostream/src/sl_iostream_usart.o
 .text.USART_StatusGet
                0x08009700        0xe ./gecko_sdk_4.2.1/platform/service/iostream/src/sl_iostream_usart.o
 .text.usart_tx
                0x0800970e       0x2a ./gecko_sdk_4.2.1/platform/service/iostream/src/sl_iostream_usart.o
 .text.usart_set_next_byte_detect
                0x08009738       0x3a ./gecko_sdk_4.2.1/platform/service/iostream/src/sl_iostream_usart.o
 .text.usart_tx_completed
                0x08009772       0x46 ./gecko_sdk_4.2.1/platform/service/iostream/src/sl_iostream_usart.o
 .text.usart_deinit
                0x080097b8       0xb6 ./gecko_sdk_4.2.1/platform/service/iostream/src/sl_iostream_usart.o
 .text.sli_power_manager_initiate_restore
                0x0800986e       0x1c ./gecko_sdk_4.2.1/platform/service/power_manager/src/sl_power_manager.o
                0x0800986e                sli_power_manager_initiate_restore
 .text.enter_critical_with_primask
                0x0800988a       0x18 ./gecko_sdk_4.2.1/platform/service/power_manager/src/sl_power_manager.o
 .text.exit_critical_with_primask
                0x080098a2       0x14 ./gecko_sdk_4.2.1/platform/service/power_manager/src/sl_power_manager.o
 .text.SystemCoreClockUpdate
                0x080098b6        0xa ./gecko_sdk_4.2.1/platform/service/power_manager/src/sl_power_manager_hal_s2.o
 .text.sli_power_manager_save_states
                0x080098c0        0xa ./gecko_sdk_4.2.1/platform/service/power_manager/src/sl_power_manager_hal_s2.o
                0x080098c0                sli_power_manager_save_states
 .text.sli_power_manager_get_default_high_frequency_minimum_offtime
                0x080098ca       0x10 ./gecko_sdk_4.2.1/platform/service/power_manager/src/sl_power_manager_hal_s2.o
                0x080098ca                sli_power_manager_get_default_high_frequency_minimum_offtime
 .text.sli_power_manager_low_frequency_restore
                0x080098da        0x4 ./gecko_sdk_4.2.1/platform/service/power_manager/src/sl_power_manager_hal_s2.o
                0x080098da                sli_power_manager_low_frequency_restore
 .text.sl_sleeptimer_restart_timer
                0x080098de       0x4e ./gecko_sdk_4.2.1/platform/service/sleeptimer/src/sl_sleeptimer.o
                0x080098de                sl_sleeptimer_restart_timer
 .text.sl_sleeptimer_get_tick_count
                0x0800992c       0x20 ./gecko_sdk_4.2.1/platform/service/sleeptimer/src/sl_sleeptimer.o
                0x0800992c                sl_sleeptimer_get_tick_count
 .text.sleeptimer_hal_init_timer
                0x0800994c       0x76 ./gecko_sdk_4.2.1/platform/service/sleeptimer/src/sl_sleeptimer_hal_sysrtc.o
                0x0800994c                sleeptimer_hal_init_timer
 .text.sleeptimer_hal_get_counter
                0x080099c2        0xc ./gecko_sdk_4.2.1/platform/service/sleeptimer/src/sl_sleeptimer_hal_sysrtc.o
                0x080099c2                sleeptimer_hal_get_counter
 .text.sleeptimer_hal_get_compare
                0x080099ce       0x10 ./gecko_sdk_4.2.1/platform/service/sleeptimer/src/sl_sleeptimer_hal_sysrtc.o
                0x080099ce                sleeptimer_hal_get_compare
 .text.sleeptimer_hal_enable_int
                0x080099de       0x46 ./gecko_sdk_4.2.1/platform/service/sleeptimer/src/sl_sleeptimer_hal_sysrtc.o
                0x080099de                sleeptimer_hal_enable_int
 .text.sli_sleeptimer_hal_is_int_status_set
                0x08009a24       0x5a ./gecko_sdk_4.2.1/platform/service/sleeptimer/src/sl_sleeptimer_hal_sysrtc.o
                0x08009a24                sli_sleeptimer_hal_is_int_status_set
 .text.SYSRTC_APP_IRQHandler
                0x08009a7e       0x6a ./gecko_sdk_4.2.1/platform/service/sleeptimer/src/sl_sleeptimer_hal_sysrtc.o
                0x08009a7e                SYSRTC_APP_IRQHandler
 .text.sleeptimer_hal_get_timer_frequency
                0x08009ae8        0xe ./gecko_sdk_4.2.1/platform/service/sleeptimer/src/sl_sleeptimer_hal_sysrtc.o
                0x08009ae8                sleeptimer_hal_get_timer_frequency
 .text.get_time_diff
                0x08009af6       0x12 ./gecko_sdk_4.2.1/platform/service/sleeptimer/src/sl_sleeptimer_hal_sysrtc.o
 .text.sl_system_init
                0x08009b08       0x1a ./gecko_sdk_4.2.1/platform/service/system/src/sl_system_init.o
                0x08009b08                sl_system_init
 .text.sl_system_process_action
                0x08009b22       0x16 ./gecko_sdk_4.2.1/platform/service/system/src/sl_system_process_action.o
                0x08009b22                sl_system_process_action
 .text.init_GPIO
                0x08009b38       0x70 ./src/GPIO.o
                0x08009b38                init_GPIO
 .text.adxl_init
                0x08009ba8       0x1e ./src/adxl343.o
                0x08009ba8                adxl_init
 .text.adxl_config
                0x08009bc6       0xae ./src/adxl343.o
                0x08009bc6                adxl_config
 .text.adxl_read
                0x08009c74       0xc0 ./src/adxl343.o
                0x08009c74                adxl_read
 .text.adxl_write
                0x08009d34       0x72 ./src/adxl343.o
                0x08009d34                adxl_write
 .text.adxl_getAccelVals
                0x08009da6       0x7a ./src/adxl343.o
                0x08009da6                adxl_getAccelVals
 .text.adxl_getAccelEvent
                0x08009e20       0xd0 ./src/adxl343.o
                0x08009e20                adxl_getAccelEvent
 .text.TIMER_IntClear
                0x08009ef0       0x18 ./src/irq.o
 .text.TIMER_IntGet
                0x08009f08        0xe ./src/irq.o
 .text.loggerGetTimestamp
                0x08009f16        0x6 ./src/log.o
                0x08009f16                loggerGetTimestamp
 .text.TIMER_IntClear
                0x08009f1c       0x18 ./src/timers.o
 .text.TIMER_IntEnable
                0x08009f34       0x18 ./src/timers.o
 .text.abs      0x08009f4c        0x8 c:/siliconlabs/simplicitystudio/v5/developer/toolchains/gnu_arm/10.3_2021.10/bin/../lib/gcc/arm-none-eabi/10.3.1/../../../../arm-none-eabi/lib/thumb/v8-m.main+fp/hard\libc_nano.a(lib_a-abs.o)
                0x08009f4c                abs
 .text.memcpy   0x08009f54       0x1a c:/siliconlabs/simplicitystudio/v5/developer/toolchains/gnu_arm/10.3_2021.10/bin/../lib/gcc/arm-none-eabi/10.3.1/../../../../arm-none-eabi/lib/thumb/v8-m.main+fp/hard\libc_nano.a(lib_a-memcpy-stub.o)
                0x08009f54                memcpy
 .text.memset   0x08009f6e       0x10 c:/siliconlabs/simplicitystudio/v5/developer/toolchains/gnu_arm/10.3_2021.10/bin/../lib/gcc/arm-none-eabi/10.3.1/../../../../arm-none-eabi/lib/thumb/v8-m.main+fp/hard\libc_nano.a(lib_a-memset.o)
                0x08009f6e                memset
 .text.__sfmoreglue
                0x08009f7e       0x2c c:/siliconlabs/simplicitystudio/v5/developer/toolchains/gnu_arm/10.3_2021.10/bin/../lib/gcc/arm-none-eabi/10.3.1/../../../../arm-none-eabi/lib/thumb/v8-m.main+fp/hard\libc_nano.a(lib_a-findfp.o)
                0x08009f7e                __sfmoreglue
 .text._fwalk_reent
                0x08009faa       0x3e c:/siliconlabs/simplicitystudio/v5/developer/toolchains/gnu_arm/10.3_2021.10/bin/../lib/gcc/arm-none-eabi/10.3.1/../../../../arm-none-eabi/lib/thumb/v8-m.main+fp/hard\libc_nano.a(lib_a-fwalk.o)
                0x08009faa                _fwalk_reent
 .text.__retarget_lock_init_recursive
                0x08009fe8        0x2 c:/siliconlabs/simplicitystudio/v5/developer/toolchains/gnu_arm/10.3_2021.10/bin/../lib/gcc/arm-none-eabi/10.3.1/../../../../arm-none-eabi/lib/thumb/v8-m.main+fp/hard\libc_nano.a(lib_a-lock.o)
                0x08009fe8                __retarget_lock_init_recursive
 .text.__retarget_lock_acquire_recursive
                0x08009fea        0x2 c:/siliconlabs/simplicitystudio/v5/developer/toolchains/gnu_arm/10.3_2021.10/bin/../lib/gcc/arm-none-eabi/10.3.1/../../../../arm-none-eabi/lib/thumb/v8-m.main+fp/hard\libc_nano.a(lib_a-lock.o)
                0x08009fea                __retarget_lock_acquire_recursive
 .text.__retarget_lock_release_recursive
                0x08009fec        0x2 c:/siliconlabs/simplicitystudio/v5/developer/toolchains/gnu_arm/10.3_2021.10/bin/../lib/gcc/arm-none-eabi/10.3.1/../../../../arm-none-eabi/lib/thumb/v8-m.main+fp/hard\libc_nano.a(lib_a-lock.o)
                0x08009fec                __retarget_lock_release_recursive
 .text.__swhatbuf_r
                0x08009fee       0x4a c:/siliconlabs/simplicitystudio/v5/developer/toolchains/gnu_arm/10.3_2021.10/bin/../lib/gcc/arm-none-eabi/10.3.1/../../../../arm-none-eabi/lib/thumb/v8-m.main+fp/hard\libc_nano.a(lib_a-makebuf.o)
                0x08009fee                __swhatbuf_r
 .text.__sfputc_r
                0x0800a038       0x2e c:/siliconlabs/simplicitystudio/v5/developer/toolchains/gnu_arm/10.3_2021.10/bin/../lib/gcc/arm-none-eabi/10.3.1/../../../../arm-none-eabi/lib/thumb/v8-m.main+fp/hard\libc_nano.a(lib_a-nano-vfprintf.o)
 .text.__sfputs_r
                0x0800a066       0x24 c:/siliconlabs/simplicitystudio/v5/developer/toolchains/gnu_arm/10.3_2021.10/bin/../lib/gcc/arm-none-eabi/10.3.1/../../../../arm-none-eabi/lib/thumb/v8-m.main+fp/hard\libc_nano.a(lib_a-nano-vfprintf.o)
                0x0800a066                __sfputs_r
 .text._printf_common
                0x0800a08a       0xe0 c:/siliconlabs/simplicitystudio/v5/developer/toolchains/gnu_arm/10.3_2021.10/bin/../lib/gcc/arm-none-eabi/10.3.1/../../../../arm-none-eabi/lib/thumb/v8-m.main+fp/hard\libc_nano.a(lib_a-nano-vfprintf_i.o)
                0x0800a08a                _printf_common
 .text.__sread  0x0800a16a       0x22 c:/siliconlabs/simplicitystudio/v5/developer/toolchains/gnu_arm/10.3_2021.10/bin/../lib/gcc/arm-none-eabi/10.3.1/../../../../arm-none-eabi/lib/thumb/v8-m.main+fp/hard\libc_nano.a(lib_a-stdio.o)
                0x0800a16a                __sread
 .text.__swrite
                0x0800a18c       0x38 c:/siliconlabs/simplicitystudio/v5/developer/toolchains/gnu_arm/10.3_2021.10/bin/../lib/gcc/arm-none-eabi/10.3.1/../../../../arm-none-eabi/lib/thumb/v8-m.main+fp/hard\libc_nano.a(lib_a-stdio.o)
                0x0800a18c                __swrite
 .text.__sseek  0x0800a1c4       0x24 c:/siliconlabs/simplicitystudio/v5/developer/toolchains/gnu_arm/10.3_2021.10/bin/../lib/gcc/arm-none-eabi/10.3.1/../../../../arm-none-eabi/lib/thumb/v8-m.main+fp/hard\libc_nano.a(lib_a-stdio.o)
                0x0800a1c4                __sseek
 .text.__sclose
                0x0800a1e8        0x8 c:/siliconlabs/simplicitystudio/v5/developer/toolchains/gnu_arm/10.3_2021.10/bin/../lib/gcc/arm-none-eabi/10.3.1/../../../../arm-none-eabi/lib/thumb/v8-m.main+fp/hard\libc_nano.a(lib_a-stdio.o)
                0x0800a1e8                __sclose
 .text.memchr   0x0800a1f0       0x1c c:/siliconlabs/simplicitystudio/v5/developer/toolchains/gnu_arm/10.3_2021.10/bin/../lib/gcc/arm-none-eabi/10.3.1/../../../../arm-none-eabi/lib/thumb/v8-m.main+fp/hard\libc_nano.a(lib_a-memchr-stub.o)
                0x0800a1f0                memchr
                0x0800a20c                linker_code_end = .
 *(.init)
 .init          0x0800a20c        0x4 c:/siliconlabs/simplicitystudio/v5/developer/toolchains/gnu_arm/10.3_2021.10/bin/../lib/gcc/arm-none-eabi/10.3.1/thumb/v8-m.main+fp/hard/crti.o
                0x0800a20c                _init
 .init          0x0800a210        0x8 c:/siliconlabs/simplicitystudio/v5/developer/toolchains/gnu_arm/10.3_2021.10/bin/../lib/gcc/arm-none-eabi/10.3.1/thumb/v8-m.main+fp/hard/crtn.o
 *(.fini)
 .fini          0x0800a218        0x4 c:/siliconlabs/simplicitystudio/v5/developer/toolchains/gnu_arm/10.3_2021.10/bin/../lib/gcc/arm-none-eabi/10.3.1/thumb/v8-m.main+fp/hard/crti.o
                0x0800a218                _fini
 .fini          0x0800a21c        0x8 c:/siliconlabs/simplicitystudio/v5/developer/toolchains/gnu_arm/10.3_2021.10/bin/../lib/gcc/arm-none-eabi/10.3.1/thumb/v8-m.main+fp/hard/crtn.o
 *crtbegin.o(.ctors)
 *crtbegin?.o(.ctors)
 *(EXCLUDE_FILE(*crtend.o *crtend?.o) .ctors)
 *(SORT_BY_NAME(.ctors.*))
 *(.ctors)
 *crtbegin.o(.dtors)
 *crtbegin?.o(.dtors)
 *(EXCLUDE_FILE(*crtend.o *crtend?.o) .dtors)
 *(SORT_BY_NAME(.dtors.*))
 *(.dtors)
 *(.rodata*)
 .rodata        0x0800a224       0xc7 ./app.o
 *fill*         0x0800a2eb        0x1 
 .rodata.__func__.0
                0x0800a2ec       0x13 ./app.o
 *fill*         0x0800a2ff        0x1 
 .rodata        0x0800a300       0xa8 ./autogen/sl_iostream_init_usart_instances.o
 .rodata        0x0800a3a8       0x4e ./gecko_sdk_4.2.1/platform/common/src/sl_slist.o
 *fill*         0x0800a3f6        0x2 
 .rodata        0x0800a3f8        0x4 ./gecko_sdk_4.2.1/platform/emdrv/dmadrv/src/dmadrv.o
 .rodata        0x0800a3fc       0x97 ./gecko_sdk_4.2.1/platform/emlib/src/em_cmu.o
 *fill*         0x0800a493        0x1 
 .rodata        0x0800a494       0x4b ./gecko_sdk_4.2.1/platform/emlib/src/em_emu.o
 *fill*         0x0800a4df        0x1 
 .rodata        0x0800a4e0       0xe4 ./gecko_sdk_4.2.1/platform/emlib/src/em_gpio.o
 .rodata        0x0800a5c4       0x97 ./gecko_sdk_4.2.1/platform/emlib/src/em_i2c.o
 *fill*         0x0800a65b        0x1 
 .rodata.i2cNSum
                0x0800a65c        0x4 ./gecko_sdk_4.2.1/platform/emlib/src/em_i2c.o
 .rodata        0x0800a660       0x7c ./gecko_sdk_4.2.1/platform/emlib/src/em_ldma.o
 .rodata        0x0800a6dc       0x9d ./gecko_sdk_4.2.1/platform/emlib/src/em_timer.o
 *fill*         0x0800a779        0x3 
 .rodata        0x0800a77c       0x31 ./gecko_sdk_4.2.1/platform/emlib/src/em_usart.o
 *fill*         0x0800a7ad        0x3 
 .rodata        0x0800a7b0       0x5b ./gecko_sdk_4.2.1/platform/peripheral/src/peripheral_sysrtc.o
 *fill*         0x0800a80b        0x1 
 .rodata        0x0800a80c        0x7 ./gecko_sdk_4.2.1/platform/service/device_init/src/sl_device_init_dcdc_s2.o
 *fill*         0x0800a813        0x1 
 .rodata        0x0800a814       0x28 ./gecko_sdk_4.2.1/platform/service/device_init/src/sl_device_init_hfxo_s2.o
 .rodata        0x0800a83c       0x14 ./gecko_sdk_4.2.1/platform/service/device_init/src/sl_device_init_lfxo_s2.o
 .rodata        0x0800a850       0x4e ./gecko_sdk_4.2.1/platform/service/iostream/src/sl_iostream_retarget_stdio.o
 *fill*         0x0800a89e        0x2 
 .rodata        0x0800a8a0       0x44 ./gecko_sdk_4.2.1/platform/service/iostream/src/sl_iostream_uart.o
 .rodata        0x0800a8e4       0x65 ./gecko_sdk_4.2.1/platform/service/power_manager/src/sl_power_manager.o
 *fill*         0x0800a949        0x3 
 .rodata        0x0800a94c       0x6c ./gecko_sdk_4.2.1/platform/service/power_manager/src/sl_power_manager_hal_s2.o
 .rodata        0x0800a9b8       0x5f ./gecko_sdk_4.2.1/platform/service/sleeptimer/src/sl_sleeptimer.o
 *fill*         0x0800aa17        0x1 
 .rodata        0x0800aa18       0x10 ./src/I2C.o
 .rodata        0x0800aa28       0x4d ./src/timers.o
 *fill*         0x0800aa75        0x3 
 .rodata._global_impure_ptr
                0x0800aa78        0x4 c:/siliconlabs/simplicitystudio/v5/developer/toolchains/gnu_arm/10.3_2021.10/bin/../lib/gcc/arm-none-eabi/10.3.1/../../../../arm-none-eabi/lib/thumb/v8-m.main+fp/hard\libc_nano.a(lib_a-impure.o)
                0x0800aa78                _global_impure_ptr
 .rodata.__sf_fake_stderr
                0x0800aa7c       0x20 c:/siliconlabs/simplicitystudio/v5/developer/toolchains/gnu_arm/10.3_2021.10/bin/../lib/gcc/arm-none-eabi/10.3.1/../../../../arm-none-eabi/lib/thumb/v8-m.main+fp/hard\libc_nano.a(lib_a-findfp.o)
                0x0800aa7c                __sf_fake_stderr
 .rodata.__sf_fake_stdin
                0x0800aa9c       0x20 c:/siliconlabs/simplicitystudio/v5/developer/toolchains/gnu_arm/10.3_2021.10/bin/../lib/gcc/arm-none-eabi/10.3.1/../../../../arm-none-eabi/lib/thumb/v8-m.main+fp/hard\libc_nano.a(lib_a-findfp.o)
                0x0800aa9c                __sf_fake_stdin
 .rodata.__sf_fake_stdout
                0x0800aabc       0x20 c:/siliconlabs/simplicitystudio/v5/developer/toolchains/gnu_arm/10.3_2021.10/bin/../lib/gcc/arm-none-eabi/10.3.1/../../../../arm-none-eabi/lib/thumb/v8-m.main+fp/hard\libc_nano.a(lib_a-findfp.o)
                0x0800aabc                __sf_fake_stdout
 .rodata._vfprintf_r.str1.1
                0x0800aadc       0x11 c:/siliconlabs/simplicitystudio/v5/developer/toolchains/gnu_arm/10.3_2021.10/bin/../lib/gcc/arm-none-eabi/10.3.1/../../../../arm-none-eabi/lib/thumb/v8-m.main+fp/hard\libc_nano.a(lib_a-nano-vfprintf.o)
 .rodata._printf_i.str1.1
                0x0800aaed       0x22 c:/siliconlabs/simplicitystudio/v5/developer/toolchains/gnu_arm/10.3_2021.10/bin/../lib/gcc/arm-none-eabi/10.3.1/../../../../arm-none-eabi/lib/thumb/v8-m.main+fp/hard\libc_nano.a(lib_a-nano-vfprintf_i.o)
 *(.eh_frame*)
 *fill*         0x0800ab0f        0x1 
 .eh_frame      0x0800ab10        0x0 c:/siliconlabs/simplicitystudio/v5/developer/toolchains/gnu_arm/10.3_2021.10/bin/../lib/gcc/arm-none-eabi/10.3.1/thumb/v8-m.main+fp/hard/crtbegin.o

.glue_7         0x0800ab10        0x0
 .glue_7        0x0800ab10        0x0 linker stubs

.glue_7t        0x0800ab10        0x0
 .glue_7t       0x0800ab10        0x0 linker stubs

.vfp11_veneer   0x0800ab10        0x0
 .vfp11_veneer  0x0800ab10        0x0 linker stubs

.v4_bx          0x0800ab10        0x0
 .v4_bx         0x0800ab10        0x0 linker stubs

.iplt           0x0800ab10        0x0
 .iplt          0x0800ab10        0x0 c:/siliconlabs/simplicitystudio/v5/developer/toolchains/gnu_arm/10.3_2021.10/bin/../lib/gcc/arm-none-eabi/10.3.1/thumb/v8-m.main+fp/hard/crtbegin.o

.ARM.extab
 *(.ARM.extab* .gnu.linkonce.armextab.*)
                0x0800ab10                __exidx_start = .

.ARM.exidx      0x0800ab10        0x8
 *(.ARM.exidx* .gnu.linkonce.armexidx.*)
 .ARM.exidx     0x0800ab10        0x8 c:/siliconlabs/simplicitystudio/v5/developer/toolchains/gnu_arm/10.3_2021.10/bin/../lib/gcc/arm-none-eabi/10.3.1/../../../../arm-none-eabi/lib/thumb/v8-m.main+fp/hard/crt0.o
                                 0x10 (size before relaxing)
 .ARM.exidx     0x0800ab18        0x0 c:/siliconlabs/simplicitystudio/v5/developer/toolchains/gnu_arm/10.3_2021.10/bin/../lib/gcc/arm-none-eabi/10.3.1/thumb/v8-m.main+fp/hard\libgcc.a(_udivmoddi4.o)
                                  0x8 (size before relaxing)
                0x0800ab18                __exidx_end = .

.rel.dyn        0x0800ab18        0x0
 .rel.iplt      0x0800ab18        0x0 c:/siliconlabs/simplicitystudio/v5/developer/toolchains/gnu_arm/10.3_2021.10/bin/../lib/gcc/arm-none-eabi/10.3.1/thumb/v8-m.main+fp/hard/crtbegin.o

.copy.table     0x0800ab18        0xc
                0x0800ab18                . = ALIGN (0x4)
                0x0800ab18                __copy_table_start__ = .
                0x0800ab18        0x4 LONG 0x800ab24 __etext
                0x0800ab1c        0x4 LONG 0x20001000 __data_start__
                0x0800ab20        0x4 LONG 0x25 ((__data_end__ - __data_start__) / 0x4)
                0x0800ab24                __copy_table_end__ = .

.zero.table     0x0800ab24        0x0
                0x0800ab24                . = ALIGN (0x4)
                0x0800ab24                __zero_table_start__ = .
                0x0800ab24                __zero_table_end__ = .
                0x0800ab24                __etext = .
                0x20000000                . = ORIGIN (RAM)

.stack          0x20000000     0x1000
                0x20000000                __StackLimit = .
 *(.stack*)
 .stack         0x20000000     0x1000 ./gecko_sdk_4.2.1/platform/common/toolchain/src/sl_memory.o
                0x20001000                . = ALIGN (0x4)
                0x20001000                __StackTop = .
                0x20001000                PROVIDE (__stack = __StackTop)

.noinit
 *(.noinit*)

.data           0x20001000       0x94 load address 0x0800ab24
                0x20001000                . = ALIGN (0x4)
                0x20001000                __data_start__ = .
 *(vtable)
 *(SORT_BY_ALIGNMENT(.data*))
 .data.events_info
                0x20001000        0x8 ./autogen/sl_iostream_init_usart_instances.o
 .data.sl_iostream_vcom_handle
                0x20001008        0x4 ./autogen/sl_iostream_init_usart_instances.o
                0x20001008                sl_iostream_vcom_handle
 .data.SystemHFXOClock
                0x2000100c        0x4 ./gecko_sdk_4.2.1/platform/Device/SiliconLabs/EFR32MG24/Source/system_efr32mg24.o
 .data.SystemLFXOClock
                0x20001010        0x4 ./gecko_sdk_4.2.1/platform/Device/SiliconLabs/EFR32MG24/Source/system_efr32mg24.o
 .data.SystemHFRCODPLLClock
                0x20001014        0x4 ./gecko_sdk_4.2.1/platform/Device/SiliconLabs/EFR32MG24/Source/system_efr32mg24.o
 .data.SystemCoreClock
                0x20001018        0x4 ./gecko_sdk_4.2.1/platform/Device/SiliconLabs/EFR32MG24/Source/system_efr32mg24.o
                0x20001018                SystemCoreClock
 .data.heap_end.0
                0x2000101c        0x4 ./gecko_sdk_4.2.1/platform/common/toolchain/src/sl_memory.o
 .data._impure_ptr
                0x20001020        0x4 c:/siliconlabs/simplicitystudio/v5/developer/toolchains/gnu_arm/10.3_2021.10/bin/../lib/gcc/arm-none-eabi/10.3.1/../../../../arm-none-eabi/lib/thumb/v8-m.main+fp/hard\libc_nano.a(lib_a-impure.o)
                0x20001020                _impure_ptr
 .data.impure_data
                0x20001024       0x60 c:/siliconlabs/simplicitystudio/v5/developer/toolchains/gnu_arm/10.3_2021.10/bin/../lib/gcc/arm-none-eabi/10.3.1/../../../../arm-none-eabi/lib/thumb/v8-m.main+fp/hard\libc_nano.a(lib_a-impure.o)
 .data.lfxo_precision
                0x20001084        0x2 ./gecko_sdk_4.2.1/platform/emlib/src/em_cmu.o
 .data.level_filter_enabled
                0x20001086        0x1 ./gecko_sdk_4.2.1/app/common/util/app_log/app_log.o
 .data.level_filter_threshold
                0x20001087        0x1 ./gecko_sdk_4.2.1/app/common/util/app_log/app_log.o
 .data.level_mask
                0x20001088        0x1 ./gecko_sdk_4.2.1/app/common/util/app_log/app_log.o
 .data.ctuneDelta
                0x20001089        0x1 ./gecko_sdk_4.2.1/platform/emlib/src/em_cmu.o
 .data.is_fast_wakeup_enabled
                0x2000108a        0x1 ./gecko_sdk_4.2.1/platform/service/power_manager/src/sl_power_manager_hal_s2.o
 .data.cc_disabled
                0x2000108b        0x1 ./gecko_sdk_4.2.1/platform/service/sleeptimer/src/sl_sleeptimer_hal_sysrtc.o
                0x2000108c                . = ALIGN (0x4)
                [!provide]                PROVIDE (__ram_func_section_start = .)
 *(.ram)
                [!provide]                PROVIDE (__ram_func_section_end = .)
                0x2000108c                . = ALIGN (0x4)
                0x2000108c                PROVIDE (__preinit_array_start = .)
 *(.preinit_array)
                0x2000108c                PROVIDE (__preinit_array_end = .)