Archive member included to satisfy reference by file (symbol)

c:/siliconlabs/simplicitystudio/v5/developer/toolchains/gnu_arm/10.3_2021.10/bin/../lib/gcc/arm-none-eabi/10.3.1/thumb/v8-m.main+fp/hard\libgcc.a(_aeabi_uldivmod.o)
                              ./gecko_sdk_4.2.1/platform/emlib/src/em_eusart.o (__aeabi_uldivmod)
c:/siliconlabs/simplicitystudio/v5/developer/toolchains/gnu_arm/10.3_2021.10/bin/../lib/gcc/arm-none-eabi/10.3.1/thumb/v8-m.main+fp/hard\libgcc.a(_udivmoddi4.o)
                              c:/siliconlabs/simplicitystudio/v5/developer/toolchains/gnu_arm/10.3_2021.10/bin/../lib/gcc/arm-none-eabi/10.3.1/thumb/v8-m.main+fp/hard\libgcc.a(_aeabi_uldivmod.o) (__udivmoddi4)
c:/siliconlabs/simplicitystudio/v5/developer/toolchains/gnu_arm/10.3_2021.10/bin/../lib/gcc/arm-none-eabi/10.3.1/thumb/v8-m.main+fp/hard\libgcc.a(_dvmd_tls.o)
                              c:/siliconlabs/simplicitystudio/v5/developer/toolchains/gnu_arm/10.3_2021.10/bin/../lib/gcc/arm-none-eabi/10.3.1/thumb/v8-m.main+fp/hard\libgcc.a(_aeabi_uldivmod.o) (__aeabi_ldiv0)
c:/siliconlabs/simplicitystudio/v5/developer/toolchains/gnu_arm/10.3_2021.10/bin/../lib/gcc/arm-none-eabi/10.3.1/../../../../arm-none-eabi/lib/thumb/v8-m.main+fp/hard\libc_nano.a(lib_a-ctype_.o)
                              ./gecko_sdk_4.2.1/platform/common/src/sl_string.o (_ctype_)
c:/siliconlabs/simplicitystudio/v5/developer/toolchains/gnu_arm/10.3_2021.10/bin/../lib/gcc/arm-none-eabi/10.3.1/../../../../arm-none-eabi/lib/thumb/v8-m.main+fp/hard\libc_nano.a(lib_a-exit.o)
                              c:/siliconlabs/simplicitystudio/v5/developer/toolchains/gnu_arm/10.3_2021.10/bin/../lib/gcc/arm-none-eabi/10.3.1/../../../../arm-none-eabi/lib/thumb/v8-m.main+fp/hard/crt0.o (exit)
c:/siliconlabs/simplicitystudio/v5/developer/toolchains/gnu_arm/10.3_2021.10/bin/../lib/gcc/arm-none-eabi/10.3.1/../../../../arm-none-eabi/lib/thumb/v8-m.main+fp/hard\libc_nano.a(lib_a-impure.o)
                              c:/siliconlabs/simplicitystudio/v5/developer/toolchains/gnu_arm/10.3_2021.10/bin/../lib/gcc/arm-none-eabi/10.3.1/../../../../arm-none-eabi/lib/thumb/v8-m.main+fp/hard\libc_nano.a(lib_a-exit.o) (_global_impure_ptr)
c:/siliconlabs/simplicitystudio/v5/developer/toolchains/gnu_arm/10.3_2021.10/bin/../lib/gcc/arm-none-eabi/10.3.1/../../../../arm-none-eabi/lib/thumb/v8-m.main+fp/hard\libc_nano.a(lib_a-init.o)
                              c:/siliconlabs/simplicitystudio/v5/developer/toolchains/gnu_arm/10.3_2021.10/bin/../lib/gcc/arm-none-eabi/10.3.1/../../../../arm-none-eabi/lib/thumb/v8-m.main+fp/hard/crt0.o (__libc_init_array)
c:/siliconlabs/simplicitystudio/v5/developer/toolchains/gnu_arm/10.3_2021.10/bin/../lib/gcc/arm-none-eabi/10.3.1/../../../../arm-none-eabi/lib/thumb/v8-m.main+fp/hard\libc_nano.a(lib_a-memcpy-stub.o)
                              ./gecko_sdk_4.2.1/platform/emdrv/uartdrv/src/uartdrv.o (memcpy)
c:/siliconlabs/simplicitystudio/v5/developer/toolchains/gnu_arm/10.3_2021.10/bin/../lib/gcc/arm-none-eabi/10.3.1/../../../../arm-none-eabi/lib/thumb/v8-m.main+fp/hard\libc_nano.a(lib_a-memset.o)
                              c:/siliconlabs/simplicitystudio/v5/developer/toolchains/gnu_arm/10.3_2021.10/bin/../lib/gcc/arm-none-eabi/10.3.1/../../../../arm-none-eabi/lib/thumb/v8-m.main+fp/hard/crt0.o (memset)
c:/siliconlabs/simplicitystudio/v5/developer/toolchains/gnu_arm/10.3_2021.10/bin/../lib/gcc/arm-none-eabi/10.3.1/../../../../arm-none-eabi/lib/thumb/v8-m.main+fp/hard\libc_nano.a(lib_a-setvbuf.o)
                              ./gecko_sdk_4.2.1/platform/service/iostream/src/sl_iostream_stdlib_config.o (setvbuf)
c:/siliconlabs/simplicitystudio/v5/developer/toolchains/gnu_arm/10.3_2021.10/bin/../lib/gcc/arm-none-eabi/10.3.1/../../../../arm-none-eabi/lib/thumb/v8-m.main+fp/hard\libc_nano.a(lib_a-strcmp.o)
                              ./autogen/sl_iostream_handles.o (strcmp)
c:/siliconlabs/simplicitystudio/v5/developer/toolchains/gnu_arm/10.3_2021.10/bin/../lib/gcc/arm-none-eabi/10.3.1/../../../../arm-none-eabi/lib/thumb/v8-m.main+fp/hard\libc_nano.a(lib_a-vprintf.o)
                              ./gecko_sdk_4.2.1/platform/service/iostream/src/sl_iostream.o (vprintf)
c:/siliconlabs/simplicitystudio/v5/developer/toolchains/gnu_arm/10.3_2021.10/bin/../lib/gcc/arm-none-eabi/10.3.1/../../../../arm-none-eabi/lib/thumb/v8-m.main+fp/hard\libc_nano.a(lib_a-fflush.o)
                              c:/siliconlabs/simplicitystudio/v5/developer/toolchains/gnu_arm/10.3_2021.10/bin/../lib/gcc/arm-none-eabi/10.3.1/../../../../arm-none-eabi/lib/thumb/v8-m.main+fp/hard\libc_nano.a(lib_a-setvbuf.o) (_fflush_r)
c:/siliconlabs/simplicitystudio/v5/developer/toolchains/gnu_arm/10.3_2021.10/bin/../lib/gcc/arm-none-eabi/10.3.1/../../../../arm-none-eabi/lib/thumb/v8-m.main+fp/hard\libc_nano.a(lib_a-findfp.o)
[...]
Memory Configuration

Name             Origin             Length             Attributes
FLASH            0x08000000         0x0017e000         xr
RAM              0x20000000         0x00040000         xrw
*default*        0x00000000         0xffffffff

Linker script and memory map

LOAD c:/siliconlabs/simplicitystudio/v5/developer/toolchains/gnu_arm/10.3_2021.10/bin/../lib/gcc/arm-none-eabi/10.3.1/thumb/v8-m.main+fp/hard/crti.o
LOAD c:/siliconlabs/simplicitystudio/v5/developer/toolchains/gnu_arm/10.3_2021.10/bin/../lib/gcc/arm-none-eabi/10.3.1/thumb/v8-m.main+fp/hard/crtbegin.o
LOAD c:/siliconlabs/simplicitystudio/v5/developer/toolchains/gnu_arm/10.3_2021.10/bin/../lib/gcc/arm-none-eabi/10.3.1/../../../../arm-none-eabi/lib/thumb/v8-m.main+fp/hard/crt0.o
START GROUP
LOAD ./app.o
LOAD ./main.o
LOAD ./autogen/sl_board_default_init.o
LOAD ./autogen/sl_device_init_clocks.o
LOAD ./autogen/sl_event_handler.o
LOAD ./autogen/sl_iostream_handles.o
LOAD ./autogen/sl_iostream_init_usart_instances.o
LOAD ./autogen/sl_power_manager_handler.o
LOAD ./gecko_sdk_4.2.1/app/common/util/app_log/app_log.o
LOAD ./gecko_sdk_4.2.1/hardware/board/src/sl_board_control_gpio.o
LOAD ./gecko_sdk_4.2.1/hardware/board/src/sl_board_init.o
LOAD ./gecko_sdk_4.2.1/hardware/driver/configuration_over_swo/src/sl_cos.o
LOAD ./gecko_sdk_4.2.1/hardware/driver/mx25_flash_shutdown/src/sl_mx25_flash_shutdown_eusart/sl_mx25_flash_shutdown.o
LOAD ./gecko_sdk_4.2.1/platform/Device/SiliconLabs/EFR32MG24/Source/startup_efr32mg24.o
LOAD ./gecko_sdk_4.2.1/platform/Device/SiliconLabs/EFR32MG24/Source/system_efr32mg24.o
LOAD ./gecko_sdk_4.2.1/platform/common/src/sl_assert.o
LOAD ./gecko_sdk_4.2.1/platform/common/src/sl_slist.o
LOAD ./gecko_sdk_4.2.1/platform/common/src/sl_string.o
LOAD ./gecko_sdk_4.2.1/platform/common/toolchain/src/sl_memory.o
LOAD ./gecko_sdk_4.2.1/platform/driver/debug/src/sl_debug_swo.o
LOAD ./gecko_sdk_4.2.1/platform/emdrv/dmadrv/src/dmactrl.o
LOAD ./gecko_sdk_4.2.1/platform/emdrv/dmadrv/src/dmadrv.o
LOAD ./gecko_sdk_4.2.1/platform/emdrv/gpiointerrupt/src/gpiointerrupt.o
LOAD ./gecko_sdk_4.2.1/platform/emdrv/uartdrv/src/uartdrv.o
LOAD ./gecko_sdk_4.2.1/platform/emlib/src/em_burtc.o
LOAD ./gecko_sdk_4.2.1/platform/emlib/src/em_cmu.o
LOAD ./gecko_sdk_4.2.1/platform/emlib/src/em_core.o
LOAD ./gecko_sdk_4.2.1/platform/emlib/src/em_emu.o
LOAD ./gecko_sdk_4.2.1/platform/emlib/src/em_eusart.o
LOAD ./gecko_sdk_4.2.1/platform/emlib/src/em_gpio.o
LOAD ./gecko_sdk_4.2.1/platform/emlib/src/em_i2c.o
LOAD ./gecko_sdk_4.2.1/platform/emlib/src/em_ldma.o
LOAD ./gecko_sdk_4.2.1/platform/emlib/src/em_msc.o
LOAD ./gecko_sdk_4.2.1/platform/emlib/src/em_system.o
LOAD ./gecko_sdk_4.2.1/platform/emlib/src/em_timer.o
LOAD ./gecko_sdk_4.2.1/platform/emlib/src/em_usart.o
LOAD ./gecko_sdk_4.2.1/platform/peripheral/src/peripheral_sysrtc.o
LOAD ./gecko_sdk_4.2.1/platform/service/device_init/src/sl_device_init_dcdc_s2.o
LOAD ./gecko_sdk_4.2.1/platform/service/device_init/src/sl_device_init_emu_s2.o
LOAD ./gecko_sdk_4.2.1/platform/service/device_init/src/sl_device_init_hfxo_s2.o
LOAD ./gecko_sdk_4.2.1/platform/service/device_init/src/sl_device_init_lfxo_s2.o
LOAD ./gecko_sdk_4.2.1/platform/service/device_init/src/sl_device_init_nvic.o
LOAD ./gecko_sdk_4.2.1/platform/service/hfxo_manager/src/sl_hfxo_manager.o
LOAD ./gecko_sdk_4.2.1/platform/service/hfxo_manager/src/sl_hfxo_manager_hal_s2.o
LOAD ./gecko_sdk_4.2.1/platform/service/iostream/src/sl_iostream.o
LOAD ./gecko_sdk_4.2.1/platform/service/iostream/src/sl_iostream_retarget_stdio.o
LOAD ./gecko_sdk_4.2.1/platform/service/iostream/src/sl_iostream_stdlib_config.o
LOAD ./gecko_sdk_4.2.1/platform/service/iostream/src/sl_iostream_uart.o
LOAD ./gecko_sdk_4.2.1/platform/service/iostream/src/sl_iostream_usart.o
LOAD ./gecko_sdk_4.2.1/platform/service/power_manager/src/sl_power_manager.o
LOAD ./gecko_sdk_4.2.1/platform/service/power_manager/src/sl_power_manager_debug.o
LOAD ./gecko_sdk_4.2.1/platform/service/power_manager/src/sl_power_manager_hal_s2.o
LOAD ./gecko_sdk_4.2.1/platform/service/sleeptimer/src/sl_sleeptimer.o
LOAD ./gecko_sdk_4.2.1/platform/service/sleeptimer/src/sl_sleeptimer_hal_burtc.o
LOAD ./gecko_sdk_4.2.1/platform/service/sleeptimer/src/sl_sleeptimer_hal_sysrtc.o
LOAD ./gecko_sdk_4.2.1/platform/service/sleeptimer/src/sl_sleeptimer_hal_timer.o
LOAD ./gecko_sdk_4.2.1/platform/service/system/src/sl_system_init.o
LOAD ./gecko_sdk_4.2.1/platform/service/system/src/sl_system_process_action.o
LOAD ./gecko_sdk_4.2.1/platform/service/udelay/src/sl_udelay.o
LOAD ./gecko_sdk_4.2.1/platform/service/udelay/src/sl_udelay_armv6m_gcc.o
LOAD ./src/GPIO.o
LOAD ./src/I2C.o
LOAD ./src/adxl343.o
LOAD ./src/irq.o
LOAD ./src/log.o
LOAD ./src/timers.o
LOAD c:/siliconlabs/simplicitystudio/v5/developer/toolchains/gnu_arm/10.3_2021.10/bin/../lib/gcc/arm-none-eabi/10.3.1/thumb/v8-m.main+fp/hard\libgcc.a
LOAD c:/siliconlabs/simplicitystudio/v5/developer/toolchains/gnu_arm/10.3_2021.10/bin/../lib/gcc/arm-none-eabi/10.3.1/../../../../arm-none-eabi/lib/thumb/v8-m.main+fp/hard\libc_nano.a
LOAD c:/siliconlabs/simplicitystudio/v5/developer/toolchains/gnu_arm/10.3_2021.10/bin/../lib/gcc/arm-none-eabi/10.3.1/../../../../arm-none-eabi/lib/thumb/v8-m.main+fp/hard\libm.a
LOAD c:/siliconlabs/simplicitystudio/v5/developer/toolchains/gnu_arm/10.3_2021.10/bin/../lib/gcc/arm-none-eabi/10.3.1/../../../../arm-none-eabi/lib/thumb/v8-m.main+fp/hard\libnosys.a
END GROUP
START GROUP
LOAD c:/siliconlabs/simplicitystudio/v5/developer/toolchains/gnu_arm/10.3_2021.10/bin/../lib/gcc/arm-none-eabi/10.3.1/thumb/v8-m.main+fp/hard\libgcc.a
LOAD c:/siliconlabs/simplicitystudio/v5/developer/toolchains/gnu_arm/10.3_2021.10/bin/../lib/gcc/arm-none-eabi/10.3.1/../../../../arm-none-eabi/lib/thumb/v8-m.main+fp/hard\libc_nano.a
LOAD c:/siliconlabs/simplicitystudio/v5/developer/toolchains/gnu_arm/10.3_2021.10/bin/../lib/gcc/arm-none-eabi/10.3.1/../../../../arm-none-eabi/lib/thumb/v8-m.main+fp/hard\libnosys.a
END GROUP
START GROUP
LOAD c:/siliconlabs/simplicitystudio/v5/developer/toolchains/gnu_arm/10.3_2021.10/bin/../lib/gcc/arm-none-eabi/10.3.1/thumb/v8-m.main+fp/hard\libgcc.a
LOAD c:/siliconlabs/simplicitystudio/v5/developer/toolchains/gnu_arm/10.3_2021.10/bin/../lib/gcc/arm-none-eabi/10.3.1/../../../../arm-none-eabi/lib/thumb/v8-m.main+fp/hard\libg_nano.a
LOAD c:/siliconlabs/simplicitystudio/v5/developer/toolchains/gnu_arm/10.3_2021.10/bin/../lib/gcc/arm-none-eabi/10.3.1/../../../../arm-none-eabi/lib/thumb/v8-m.main+fp/hard\libc_nano.a
END GROUP
START GROUP
LOAD c:/siliconlabs/simplicitystudio/v5/developer/toolchains/gnu_arm/10.3_2021.10/bin/../lib/gcc/arm-none-eabi/10.3.1/thumb/v8-m.main+fp/hard\libgcc.a
LOAD c:/siliconlabs/simplicitystudio/v5/developer/toolchains/gnu_arm/10.3_2021.10/bin/../lib/gcc/arm-none-eabi/10.3.1/../../../../arm-none-eabi/lib/thumb/v8-m.main+fp/hard\libc_nano.a
END GROUP
LOAD c:/siliconlabs/simplicitystudio/v5/developer/toolchains/gnu_arm/10.3_2021.10/bin/../lib/gcc/arm-none-eabi/10.3.1/thumb/v8-m.main+fp/hard/crtend.o
LOAD c:/siliconlabs/simplicitystudio/v5/developer/toolchains/gnu_arm/10.3_2021.10/bin/../lib/gcc/arm-none-eabi/10.3.1/thumb/v8-m.main+fp/hard/crtn.o

.text           0x08000000     0xb6dc
                0x08000000                linker_vectors_begin = .
 *(.vectors)
 .vectors       0x08000000      0x170 ./gecko_sdk_4.2.1/platform/Device/SiliconLabs/EFR32MG24/Source/startup_efr32mg24.o
                0x08000000                __Vectors
                0x08000170                linker_vectors_end = .
                0x08000170                __Vectors_End = .
                0x08000170                __Vectors_Size = (__Vectors_End - __Vectors)
                0x08000170                linker_code_begin = .
 *(SORT_BY_ALIGNMENT(.text*))
 .text          0x08000170        0x8 ./gecko_sdk_4.2.1/platform/service/udelay/src/sl_udelay_armv6m_gcc.o
                0x08000170                sli_delay_loop
 .text          0x08000178       0x40 c:/siliconlabs/simplicitystudio/v5/developer/toolchains/gnu_arm/10.3_2021.10/bin/../lib/gcc/arm-none-eabi/10.3.1/thumb/v8-m.main+fp/hard/crtbegin.o
 .text          0x080001b8       0x7c c:/siliconlabs/simplicitystudio/v5/developer/toolchains/gnu_arm/10.3_2021.10/bin/../lib/gcc/arm-none-eabi/10.3.1/../../../../arm-none-eabi/lib/thumb/v8-m.main+fp/hard/crt0.o
                0x080001b8                _stack_init
                0x080001c0                _start
                0x080001c0                _mainCRTStartup
 .text.app_init
                0x08000234       0x24 ./app.o
                0x08000234                app_init
 .text.app_process_action
                0x08000258       0x78 ./app.o
                0x08000258                app_process_action
 .text.sl_device_init_clocks
                0x080002d0       0xd4 ./autogen/sl_device_init_clocks.o
                0x080002d0                sl_device_init_clocks
 .text.GPIO_PinOutGet
                0x080003a4       0x88 ./autogen/sl_iostream_init_usart_instances.o
 .text.sl_iostream_usart_init_vcom
                0x0800042c       0xec ./autogen/sl_iostream_init_usart_instances.o
                0x0800042c                sl_iostream_usart_init_vcom
 .text.sl_iostream_usart_init_instances
                0x08000518       0x34 ./autogen/sl_iostream_init_usart_instances.o
                0x08000518                sl_iostream_usart_init_instances
 .text.USART0_TX_IRQHandler
                0x0800054c       0x10 ./autogen/sl_iostream_init_usart_instances.o
                0x0800054c                USART0_TX_IRQHandler
 .text.USART0_RX_IRQHandler
                0x0800055c       0x10 ./autogen/sl_iostream_init_usart_instances.o
                0x0800055c                USART0_RX_IRQHandler
 .text.sl_iostream_usart_vcom_sleep_on_isr_exit
                0x0800056c       0x14 ./autogen/sl_iostream_init_usart_instances.o
                0x0800056c                sl_iostream_usart_vcom_sleep_on_isr_exit
 .text.events_handler
                0x08000580       0xa8 ./autogen/sl_iostream_init_usart_instances.o
 .text.app_log_init
                0x08000628       0x3c ./gecko_sdk_4.2.1/app/common/util/app_log/app_log.o
                0x08000628                app_log_init
 .text.GPIO_PinOutClear
                0x08000664       0x84 ./gecko_sdk_4.2.1/hardware/driver/mx25_flash_shutdown/src/sl_mx25_flash_shutdown_eusart/sl_mx25_flash_shutdown.o
 .text.GPIO_PinOutSet
                0x080006e8       0x84 ./gecko_sdk_4.2.1/hardware/driver/mx25_flash_shutdown/src/sl_mx25_flash_shutdown_eusart/sl_mx25_flash_shutdown.o
 .text.sl_mx25_flash_shutdown
                0x0800076c      0x150 ./gecko_sdk_4.2.1/hardware/driver/mx25_flash_shutdown/src/sl_mx25_flash_shutdown_eusart/sl_mx25_flash_shutdown.o
                0x0800076c                sl_mx25_flash_shutdown
 .text.Reset_Handler
                0x080008bc       0x98 ./gecko_sdk_4.2.1/platform/Device/SiliconLabs/EFR32MG24/Source/startup_efr32mg24.o
                0x080008bc                Reset_Handler
 .text.__NVIC_EnableIRQ
                0x08000954       0x34 ./gecko_sdk_4.2.1/platform/Device/SiliconLabs/EFR32MG24/Source/system_efr32mg24.o
 .text.__NVIC_ClearPendingIRQ
                0x08000988       0x38 ./gecko_sdk_4.2.1/platform/Device/SiliconLabs/EFR32MG24/Source/system_efr32mg24.o
 .text.SystemInit
                0x080009c0       0x90 ./gecko_sdk_4.2.1/platform/Device/SiliconLabs/EFR32MG24/Source/system_efr32mg24.o
                0x080009c0                SystemInit
 .text.SystemHFRCODPLLClockGet
                0x08000a50        0xc ./gecko_sdk_4.2.1/platform/Device/SiliconLabs/EFR32MG24/Source/system_efr32mg24.o
                0x08000a50                SystemHFRCODPLLClockGet
 .text.SystemSYSCLKGet
                0x08000a5c       0x50 ./gecko_sdk_4.2.1/platform/Device/SiliconLabs/EFR32MG24/Source/system_efr32mg24.o
                0x08000a5c                SystemSYSCLKGet
 .text.SystemHCLKGet
                0x08000aac       0x3c ./gecko_sdk_4.2.1/platform/Device/SiliconLabs/EFR32MG24/Source/system_efr32mg24.o
                0x08000aac                SystemHCLKGet
 .text.SystemMaxCoreClockGet
                0x08000ae8        0xc ./gecko_sdk_4.2.1/platform/Device/SiliconLabs/EFR32MG24/Source/system_efr32mg24.o
                0x08000ae8                SystemMaxCoreClockGet
 .text.SystemHFXOClockGet
                0x08000af4        0xc ./gecko_sdk_4.2.1/platform/Device/SiliconLabs/EFR32MG24/Source/system_efr32mg24.o
                0x08000af4                SystemHFXOClockGet
 .text.SystemHFXOClockSet
                0x08000b00       0x2c ./gecko_sdk_4.2.1/platform/Device/SiliconLabs/EFR32MG24/Source/system_efr32mg24.o
                0x08000b00                SystemHFXOClockSet
 .text.SystemFSRCOClockGet
                0x08000b2c        0xc ./gecko_sdk_4.2.1/platform/Device/SiliconLabs/EFR32MG24/Source/system_efr32mg24.o
                0x08000b2c                SystemFSRCOClockGet
 .text.SystemHFRCOEM23ClockGet
                0x08000b38       0xe0 ./gecko_sdk_4.2.1/platform/Device/SiliconLabs/EFR32MG24/Source/system_efr32mg24.o
                0x08000b38                SystemHFRCOEM23ClockGet
 .text.SystemLFXOClockGet
                0x08000c18        0xc ./gecko_sdk_4.2.1/platform/Device/SiliconLabs/EFR32MG24/Source/system_efr32mg24.o
                0x08000c18                SystemLFXOClockGet
 .text.sl_slist_push
                0x08000c24       0x38 ./gecko_sdk_4.2.1/platform/common/src/sl_slist.o
                0x08000c24                sl_slist_push
 .text._sbrk    0x08000c5c       0x3c ./gecko_sdk_4.2.1/platform/common/toolchain/src/sl_memory.o
                0x08000c5c                _sbrk
 .text.BUS_RegBitWrite
                0x08000c98       0x48 ./gecko_sdk_4.2.1/platform/driver/debug/src/sl_debug_swo.o
 .text.GPIO_DbgSWOEnable
                0x08000ce0       0x30 ./gecko_sdk_4.2.1/platform/driver/debug/src/sl_debug_swo.o
 .text.sl_debug_swo_init
                0x08000d10      0x168 ./gecko_sdk_4.2.1/platform/driver/debug/src/sl_debug_swo.o
                0x08000d10                sl_debug_swo_init
 .text.DMADRV_AllocateChannel
                0x08000e78       0xa0 ./gecko_sdk_4.2.1/platform/emdrv/dmadrv/src/dmadrv.o
                0x08000e78                DMADRV_AllocateChannel
 .text.DMADRV_DeInit
                0x08000f18       0x78 ./gecko_sdk_4.2.1/platform/emdrv/dmadrv/src/dmadrv.o
                0x08000f18                DMADRV_DeInit
 .text.DMADRV_FreeChannel
                0x08000f90       0x74 ./gecko_sdk_4.2.1/platform/emdrv/dmadrv/src/dmadrv.o
                0x08000f90                DMADRV_FreeChannel
 .text.DMADRV_Init
                0x08001004       0x7c ./gecko_sdk_4.2.1/platform/emdrv/dmadrv/src/dmadrv.o
                0x08001004                DMADRV_Init
 .text.DMADRV_PauseTransfer
                0x08001080       0x64 ./gecko_sdk_4.2.1/platform/emdrv/dmadrv/src/dmadrv.o
                0x08001080                DMADRV_PauseTransfer
 .text.DMADRV_ResumeTransfer
                0x080010e4       0x64 ./gecko_sdk_4.2.1/platform/emdrv/dmadrv/src/dmadrv.o
                0x080010e4                DMADRV_ResumeTransfer
 .text.DMADRV_StopTransfer
                0x08001148       0x64 ./gecko_sdk_4.2.1/platform/emdrv/dmadrv/src/dmadrv.o
                0x08001148                DMADRV_StopTransfer
 .text.DMADRV_TransferCompletePending
                0x080011ac       0x84 ./gecko_sdk_4.2.1/platform/emdrv/dmadrv/src/dmadrv.o
                0x080011ac                DMADRV_TransferCompletePending
 .text.DMADRV_TransferDone
                0x08001230       0x74 ./gecko_sdk_4.2.1/platform/emdrv/dmadrv/src/dmadrv.o
                0x08001230                DMADRV_TransferDone
 .text.LDMA_IRQHandler
                0x080012a4       0xec ./gecko_sdk_4.2.1/platform/emdrv/dmadrv/src/dmadrv.o
                0x080012a4                LDMA_IRQHandler
 .text.StartTransfer
                0x08001390      0x21c ./gecko_sdk_4.2.1/platform/emdrv/dmadrv/src/dmadrv.o
 .text.__NVIC_EnableIRQ
                0x080015ac       0x34 ./gecko_sdk_4.2.1/platform/emdrv/gpiointerrupt/src/gpiointerrupt.o
 .text.__NVIC_ClearPendingIRQ
                0x080015e0       0x38 ./gecko_sdk_4.2.1/platform/emdrv/gpiointerrupt/src/gpiointerrupt.o
 .text.GPIO_IntClear
                0x08001618       0x1c ./gecko_sdk_4.2.1/platform/emdrv/gpiointerrupt/src/gpiointerrupt.o
 .text.GPIO_IntGetEnabled
                0x08001634       0x20 ./gecko_sdk_4.2.1/platform/emdrv/gpiointerrupt/src/gpiointerrupt.o
 .text.GPIOINT_IRQDispatcher
                0x08001654       0x74 ./gecko_sdk_4.2.1/platform/emdrv/gpiointerrupt/src/gpiointerrupt.o
 .text.BUS_RegBitWrite
                0x080016c8       0x48 ./gecko_sdk_4.2.1/platform/emlib/src/em_cmu.o
 .text.EMU_VScaleWait
                0x08001710       0x1c ./gecko_sdk_4.2.1/platform/emlib/src/em_cmu.o
 .text.EMU_VScaleGet
                0x0800172c       0x1c ./gecko_sdk_4.2.1/platform/emlib/src/em_cmu.o
 .text.MSC_LockGetLocked
                0x08001748       0x1c ./gecko_sdk_4.2.1/platform/emlib/src/em_cmu.o
 .text.MSC_LockSetLocked
                0x08001764       0x10 ./gecko_sdk_4.2.1/platform/emlib/src/em_cmu.o
 .text.MSC_LockSetUnlocked
                0x08001774       0x10 ./gecko_sdk_4.2.1/platform/emlib/src/em_cmu.o
 .text.MSC_ReadCTRLGet
                0x08001784        0xc ./gecko_sdk_4.2.1/platform/emlib/src/em_cmu.o
 .text.MSC_ReadCTRLSet
                0x08001790       0x14 ./gecko_sdk_4.2.1/platform/emlib/src/em_cmu.o
 .text.CMU_ClockDivGet
                0x080017a4       0xec ./gecko_sdk_4.2.1/platform/emlib/src/em_cmu.o
                0x080017a4                CMU_ClockDivGet
 .text.CMU_ClockDivSet
                0x08001890      0x1b0 ./gecko_sdk_4.2.1/platform/emlib/src/em_cmu.o
                0x08001890                CMU_ClockDivSet
 .text.CMU_ClockEnable
                0x08001a40       0x74 ./gecko_sdk_4.2.1/platform/emlib/src/em_cmu.o
                0x08001a40                CMU_ClockEnable
 .text.CMU_ClockFreqGet
                0x08001ab4      0x6a8 ./gecko_sdk_4.2.1/platform/emlib/src/em_cmu.o
                0x08001ab4                CMU_ClockFreqGet
 .text.CMU_ClockSelectGet
                0x0800215c      0x3e4 ./gecko_sdk_4.2.1/platform/emlib/src/em_cmu.o
                0x0800215c                CMU_ClockSelectGet
 .text.sli_em_cmu_HFXOSetForceEnable
                0x08002540       0x28 ./gecko_sdk_4.2.1/platform/emlib/src/em_cmu.o
                0x08002540                sli_em_cmu_HFXOSetForceEnable
 .text.CMU_HFXOInit
                0x08002568      0x2f4 ./gecko_sdk_4.2.1/platform/emlib/src/em_cmu.o
                0x08002568                CMU_HFXOInit
 .text.CMU_HFXOCTuneDeltaGet
                0x0800285c       0x10 ./gecko_sdk_4.2.1/platform/emlib/src/em_cmu.o
                0x0800285c                CMU_HFXOCTuneDeltaGet
 .text.CMU_LFXOInit
                0x0800286c      0x120 ./gecko_sdk_4.2.1/platform/emlib/src/em_cmu.o
                0x0800286c                CMU_LFXOInit
 .text.CMU_LFXOPrecisionSet
                0x0800298c       0x1c ./gecko_sdk_4.2.1/platform/emlib/src/em_cmu.o
                0x0800298c                CMU_LFXOPrecisionSet
 .text.eusart0ClkGet
                0x080029a8       0xa8 ./gecko_sdk_4.2.1/platform/emlib/src/em_cmu.o
 .text.em01GrpcClkGet
                0x08002a50       0xbc ./gecko_sdk_4.2.1/platform/emlib/src/em_cmu.o
 .text.vdac0ClkGet
                0x08002b0c       0xa8 ./gecko_sdk_4.2.1/platform/emlib/src/em_cmu.o
 .text.vdac1ClkGet
                0x08002bb4       0xa8 ./gecko_sdk_4.2.1/platform/emlib/src/em_cmu.o
 .text.pcnt0ClkGet
                0x08002c5c       0x74 ./gecko_sdk_4.2.1/platform/emlib/src/em_cmu.o
 .text.rhclkPrescMax
                0x08002cd0       0x18 ./gecko_sdk_4.2.1/platform/emlib/src/em_cmu.o
 .text.rhclkPrescOptimize
                0x08002ce8       0x2c ./gecko_sdk_4.2.1/platform/emlib/src/em_cmu.o
 .text.traceClkGet
                0x08002d14       0x84 ./gecko_sdk_4.2.1/platform/emlib/src/em_cmu.o
 .text.dpllRefClkGet
                0x08002d98       0x94 ./gecko_sdk_4.2.1/platform/emlib/src/em_cmu.o
 .text.em01GrpaClkGet
                0x08002e2c       0xbc ./gecko_sdk_4.2.1/platform/emlib/src/em_cmu.o
 .text.em23GrpaClkGet
                0x08002ee8       0x84 ./gecko_sdk_4.2.1/platform/emlib/src/em_cmu.o
 .text.em4GrpaClkGet
                0x08002f6c       0x84 ./gecko_sdk_4.2.1/platform/emlib/src/em_cmu.o
 .text.getWaitStatesByFrequencyAndVScale
                0x08002ff0       0x54 ./gecko_sdk_4.2.1/platform/emlib/src/em_cmu.o
 .text.flashWaitStateControl
                0x08003044       0x70 ./gecko_sdk_4.2.1/platform/emlib/src/em_cmu.o
 .text.iadcClkGet
                0x080030b4       0x8c ./gecko_sdk_4.2.1/platform/emlib/src/em_cmu.o
 .text.pclkDivOptimize
                0x08003140       0x34 ./gecko_sdk_4.2.1/platform/emlib/src/em_cmu.o
 .text.sysrtcClkGet
                0x08003174       0x84 ./gecko_sdk_4.2.1/platform/emlib/src/em_cmu.o
 .text.wdog0ClkGet
                0x080031f8       0xa0 ./gecko_sdk_4.2.1/platform/emlib/src/em_cmu.o
 .text.wdog1ClkGet
                0x08003298       0xa0 ./gecko_sdk_4.2.1/platform/emlib/src/em_cmu.o
 .text.sysTickClkGet
                0x08003338       0x58 ./gecko_sdk_4.2.1/platform/emlib/src/em_cmu.o
 .text.CORE_NvicIRQDisabled
                0x08003390       0x60 ./gecko_sdk_4.2.1/platform/emlib/src/em_core.o
                0x08003390                CORE_NvicIRQDisabled
 .text.EMU_DCDCLock
                0x080033f0       0x14 ./gecko_sdk_4.2.1/platform/emlib/src/em_emu.o
 .text.EMU_DCDCUnlock
                0x08003404       0x10 ./gecko_sdk_4.2.1/platform/emlib/src/em_emu.o
 .text.EMU_DCDCSync
                0x08003414       0x20 ./gecko_sdk_4.2.1/platform/emlib/src/em_emu.o
 .text.EMU_VScaleWait
                0x08003434       0x1c ./gecko_sdk_4.2.1/platform/emlib/src/em_emu.o
 .text.EMU_VScaleGet
                0x08003450       0x1c ./gecko_sdk_4.2.1/platform/emlib/src/em_emu.o
 .text.EMU_EM01Init
                0x0800346c       0x24 ./gecko_sdk_4.2.1/platform/emlib/src/em_emu.o
                0x0800346c                EMU_EM01Init
 .text.EMU_EM23Init
                0x08003490       0x24 ./gecko_sdk_4.2.1/platform/emlib/src/em_emu.o
                0x08003490                EMU_EM23Init
 .text.EMU_EnterEM2
                0x080034b4       0x48 ./gecko_sdk_4.2.1/platform/emlib/src/em_emu.o
                0x080034b4                EMU_EnterEM2
 .text.EMU_EnterEM3
                0x080034fc       0x40 ./gecko_sdk_4.2.1/platform/emlib/src/em_emu.o
                0x080034fc                EMU_EnterEM3
 .text.EMU_EM4Init
                0x0800353c       0x24 ./gecko_sdk_4.2.1/platform/emlib/src/em_emu.o
                0x0800353c                EMU_EM4Init
 .text.EMU_VScaleEM01ByClock
                0x08003560       0x5c ./gecko_sdk_4.2.1/platform/emlib/src/em_emu.o
                0x08003560                EMU_VScaleEM01ByClock
 .text.EMU_VScaleEM01
                0x080035bc       0xdc ./gecko_sdk_4.2.1/platform/emlib/src/em_emu.o
                0x080035bc                EMU_VScaleEM01
 .text.EMU_DCDCModeSet
                0x08003698       0xc0 ./gecko_sdk_4.2.1/platform/emlib/src/em_emu.o
                0x08003698                EMU_DCDCModeSet
 .text.EMU_DCDCInit
                0x08003758       0xa8 ./gecko_sdk_4.2.1/platform/emlib/src/em_emu.o
                0x08003758                EMU_DCDCInit
 .text.EMU_DCDCSetPFMXModePeakCurrent
                0x08003800       0xb4 ./gecko_sdk_4.2.1/platform/emlib/src/em_emu.o
                0x08003800                EMU_DCDCSetPFMXModePeakCurrent
 .text.EUSART_SpiInit
                0x080038b4       0xe8 ./gecko_sdk_4.2.1/platform/emlib/src/em_eusart.o
                0x080038b4                EUSART_SpiInit
 .text.EUSART_Reset
                0x0800399c       0xa4 ./gecko_sdk_4.2.1/platform/emlib/src/em_eusart.o
                0x0800399c                EUSART_Reset
 .text.EUSART_Enable
                0x08003a40       0xbc ./gecko_sdk_4.2.1/platform/emlib/src/em_eusart.o
                0x08003a40                EUSART_Enable
 .text.EUSART_BaudrateSet
                0x08003afc      0x290 ./gecko_sdk_4.2.1/platform/emlib/src/em_eusart.o
                0x08003afc                EUSART_BaudrateSet
 .text.EUSART_ClockGet
                0x08003d8c       0x48 ./gecko_sdk_4.2.1/platform/emlib/src/em_eusart.o
 .text.EUSART_SyncInitCommon
                0x08003dd4      0x240 ./gecko_sdk_4.2.1/platform/emlib/src/em_eusart.o
 .text.GPIO_PinOutClear
                0x08004014       0x84 ./gecko_sdk_4.2.1/platform/emlib/src/em_gpio.o
 .text.GPIO_PinOutSet
                0x08004098       0x84 ./gecko_sdk_4.2.1/platform/emlib/src/em_gpio.o
 .text.GPIO_PinModeSet
                0x0800411c      0x124 ./gecko_sdk_4.2.1/platform/emlib/src/em_gpio.o
                0x0800411c                GPIO_PinModeSet
 .text.BUS_RegBitWrite
                0x08004240       0x48 ./gecko_sdk_4.2.1/platform/emlib/src/em_i2c.o
 .text.I2C_BusFreqSet
                0x08004288      0x1a8 ./gecko_sdk_4.2.1/platform/emlib/src/em_i2c.o
                0x08004288                I2C_BusFreqSet
 .text.I2C_Enable
                0x08004430       0x48 ./gecko_sdk_4.2.1/platform/emlib/src/em_i2c.o
                0x08004430                I2C_Enable
 .text.I2C_Init
                0x08004478       0x7c ./gecko_sdk_4.2.1/platform/emlib/src/em_i2c.o
                0x08004478                I2C_Init
 .text.I2C_Transfer
                0x080044f4      0x4c8 ./gecko_sdk_4.2.1/platform/emlib/src/em_i2c.o
                0x080044f4                I2C_Transfer
 .text.I2C_TransferInit
                0x080049bc       0xf8 ./gecko_sdk_4.2.1/platform/emlib/src/em_i2c.o
                0x080049bc                I2C_TransferInit
 .text.__NVIC_EnableIRQ
                0x08004ab4       0x34 ./gecko_sdk_4.2.1/platform/emlib/src/em_ldma.o
 .text.__NVIC_DisableIRQ
                0x08004ae8       0x44 ./gecko_sdk_4.2.1/platform/emlib/src/em_ldma.o
 .text.__NVIC_ClearPendingIRQ
                0x08004b2c       0x38 ./gecko_sdk_4.2.1/platform/emlib/src/em_ldma.o
 .text.__NVIC_SetPriority
                0x08004b64       0x50 ./gecko_sdk_4.2.1/platform/emlib/src/em_ldma.o
 .text.BUS_RegBitWrite
                0x08004bb4       0x48 ./gecko_sdk_4.2.1/platform/emlib/src/em_ldma.o
 .text.LDMA_DeInit
                0x08004bfc       0x34 ./gecko_sdk_4.2.1/platform/emlib/src/em_ldma.o
                0x08004bfc                LDMA_DeInit
 .text.LDMA_EnableChannelRequest
                0x08004c30       0x40 ./gecko_sdk_4.2.1/platform/emlib/src/em_ldma.o
                0x08004c30                LDMA_EnableChannelRequest
 .text.LDMA_Init
                0x08004c70       0xec ./gecko_sdk_4.2.1/platform/emlib/src/em_ldma.o
                0x08004c70                LDMA_Init
 .text.LDMA_StartTransfer
                0x08004d5c      0x208 ./gecko_sdk_4.2.1/platform/emlib/src/em_ldma.o
                0x08004d5c                LDMA_StartTransfer
 .text.LDMA_StopTransfer
                0x08004f64       0x54 ./gecko_sdk_4.2.1/platform/emlib/src/em_ldma.o
                0x08004f64                LDMA_StopTransfer
 .text.LDMA_TransferDone
                0x08004fb8       0x68 ./gecko_sdk_4.2.1/platform/emlib/src/em_ldma.o
                0x08004fb8                LDMA_TransferDone
 .text.TIMER_Valid
                0x08005020       0x54 ./gecko_sdk_4.2.1/platform/emlib/src/em_timer.o
 .text.TIMER_Init
                0x08005074      0x130 ./gecko_sdk_4.2.1/platform/emlib/src/em_timer.o
                0x08005074                TIMER_Init
 .text.prsRxInput
                0x080051a4       0x38 ./gecko_sdk_4.2.1/platform/emlib/src/em_usart.o
 .text.USART_BaudrateAsyncSet
                0x080051dc      0x14c ./gecko_sdk_4.2.1/platform/emlib/src/em_usart.o
                0x080051dc                USART_BaudrateAsyncSet
 .text.USART_Enable
                0x08005328       0x70 ./gecko_sdk_4.2.1/platform/emlib/src/em_usart.o
                0x08005328                USART_Enable
 .text.USART_InitAsync
                0x08005398      0x134 ./gecko_sdk_4.2.1/platform/emlib/src/em_usart.o
                0x08005398                USART_InitAsync
 .text.USART_Reset
                0x080054cc       0xa0 ./gecko_sdk_4.2.1/platform/emlib/src/em_usart.o
                0x080054cc                USART_Reset
 .text.sl_sysrtc_wait_sync
                0x0800556c       0x20 ./gecko_sdk_4.2.1/platform/peripheral/src/peripheral_sysrtc.o
 .text.sl_sysrtc_wait_ready
                0x0800558c       0x2c ./gecko_sdk_4.2.1/platform/peripheral/src/peripheral_sysrtc.o
 .text.sl_sysrtc_stop
                0x080055b8       0x14 ./gecko_sdk_4.2.1/platform/peripheral/src/peripheral_sysrtc.o
 .text.sl_sysrtc_init
                0x080055cc       0x38 ./gecko_sdk_4.2.1/platform/peripheral/src/peripheral_sysrtc.o
                0x080055cc                sl_sysrtc_init
 .text.sl_sysrtc_enable
                0x08005604       0x20 ./gecko_sdk_4.2.1/platform/peripheral/src/peripheral_sysrtc.o
                0x08005604                sl_sysrtc_enable
 .text.sl_sysrtc_disable
                0x08005624       0x24 ./gecko_sdk_4.2.1/platform/peripheral/src/peripheral_sysrtc.o
                0x08005624                sl_sysrtc_disable
 .text.sl_sysrtc_init_group
                0x08005648       0xbc ./gecko_sdk_4.2.1/platform/peripheral/src/peripheral_sysrtc.o
                0x08005648                sl_sysrtc_init_group
 .text.sl_sysrtc_enable_group_interrupts
                0x08005704       0x44 ./gecko_sdk_4.2.1/platform/peripheral/src/peripheral_sysrtc.o
                0x08005704                sl_sysrtc_enable_group_interrupts
 .text.sl_sysrtc_disable_group_interrupts
                0x08005748       0x44 ./gecko_sdk_4.2.1/platform/peripheral/src/peripheral_sysrtc.o
                0x08005748                sl_sysrtc_disable_group_interrupts
 .text.sl_sysrtc_clear_group_interrupts
                0x0800578c       0x44 ./gecko_sdk_4.2.1/platform/peripheral/src/peripheral_sysrtc.o
                0x0800578c                sl_sysrtc_clear_group_interrupts
 .text.sl_sysrtc_get_group_interrupts
                0x080057d0       0x3c ./gecko_sdk_4.2.1/platform/peripheral/src/peripheral_sysrtc.o
                0x080057d0                sl_sysrtc_get_group_interrupts
 .text.sl_sysrtc_get_group_compare_channel_value
                0x0800580c       0x5c ./gecko_sdk_4.2.1/platform/peripheral/src/peripheral_sysrtc.o
                0x0800580c                sl_sysrtc_get_group_compare_channel_value
 .text.sl_sysrtc_set_group_compare_channel_value
                0x08005868       0x5c ./gecko_sdk_4.2.1/platform/peripheral/src/peripheral_sysrtc.o
                0x08005868                sl_sysrtc_set_group_compare_channel_value
 .text.sl_device_init_dcdc
                0x080058c4       0x34 ./gecko_sdk_4.2.1/platform/service/device_init/src/sl_device_init_dcdc_s2.o
                0x080058c4                sl_device_init_dcdc
 .text.sl_device_init_emu
                0x080058f8       0x34 ./gecko_sdk_4.2.1/platform/service/device_init/src/sl_device_init_emu_s2.o
                0x080058f8                sl_device_init_emu
 .text.sl_device_init_hfxo
                0x0800592c       0xc4 ./gecko_sdk_4.2.1/platform/service/device_init/src/sl_device_init_hfxo_s2.o
                0x0800592c                sl_device_init_hfxo
 .text.sl_device_init_lfxo
                0x080059f0       0x3c ./gecko_sdk_4.2.1/platform/service/device_init/src/sl_device_init_lfxo_s2.o
                0x080059f0                sl_device_init_lfxo
 .text.__NVIC_SetPriority
                0x08005a2c       0x50 ./gecko_sdk_4.2.1/platform/service/device_init/src/sl_device_init_nvic.o
 .text.sl_hfxo_manager_init
                0x08005a7c       0x88 ./gecko_sdk_4.2.1/platform/service/hfxo_manager/src/sl_hfxo_manager.o
                0x08005a7c                sl_hfxo_manager_init
 .text.sli_hfxo_manager_begin_startup_measurement
                0x08005b04       0x20 ./gecko_sdk_4.2.1/platform/service/hfxo_manager/src/sl_hfxo_manager.o
                0x08005b04                sli_hfxo_manager_begin_startup_measurement
 .text.sli_hfxo_manager_end_startup_measurement
                0x08005b24       0xc8 ./gecko_sdk_4.2.1/platform/service/hfxo_manager/src/sl_hfxo_manager.o
                0x08005b24                sli_hfxo_manager_end_startup_measurement
 .text.sli_hfxo_manager_get_startup_time
                0x08005bec        0xc ./gecko_sdk_4.2.1/platform/service/hfxo_manager/src/sl_hfxo_manager.o
                0x08005bec                sli_hfxo_manager_get_startup_time
 .text.__NVIC_EnableIRQ
                0x08005bf8       0x34 ./gecko_sdk_4.2.1/platform/service/hfxo_manager/src/sl_hfxo_manager_hal_s2.o
 .text.__NVIC_ClearPendingIRQ
                0x08005c2c       0x38 ./gecko_sdk_4.2.1/platform/service/hfxo_manager/src/sl_hfxo_manager_hal_s2.o
 .text.__NVIC_SetPriority
                0x08005c64       0x50 ./gecko_sdk_4.2.1/platform/service/hfxo_manager/src/sl_hfxo_manager_hal_s2.o
 .text.sli_hfxo_manager_init_hardware
                0x08005cb4       0x58 ./gecko_sdk_4.2.1/platform/service/hfxo_manager/src/sl_hfxo_manager_hal_s2.o
                0x08005cb4                sli_hfxo_manager_init_hardware
 .text.sli_hfxo_manager_is_hfxo_ready
                0x08005d0c       0x68 ./gecko_sdk_4.2.1/platform/service/hfxo_manager/src/sl_hfxo_manager_hal_s2.o
                0x08005d0c                sli_hfxo_manager_is_hfxo_ready
 .text.sl_hfxo_manager_irq_handler
                0x08005d74       0x64 ./gecko_sdk_4.2.1/platform/service/hfxo_manager/src/sl_hfxo_manager_hal_s2.o
                0x08005d74                sl_hfxo_manager_irq_handler
 .text.sl_iostream_set_default
                0x08005dd8       0x28 ./gecko_sdk_4.2.1/platform/service/iostream/src/sl_iostream.o
                0x08005dd8                sl_iostream_set_default
 .text.sl_iostream_get_default
                0x08005e00       0x28 ./gecko_sdk_4.2.1/platform/service/iostream/src/sl_iostream.o
                0x08005e00                sl_iostream_get_default
 .text._write   0x08005e28       0x34 ./gecko_sdk_4.2.1/platform/service/iostream/src/sl_iostream_retarget_stdio.o
                0x08005e28                _write
 .text.sl_iostream_stdlib_disable_buffering
                0x08005e5c       0x1c ./gecko_sdk_4.2.1/platform/service/iostream/src/sl_iostream_stdlib_config.o
                0x08005e5c                sl_iostream_stdlib_disable_buffering
 .text.__NVIC_EnableIRQ
                0x08005e78       0x34 ./gecko_sdk_4.2.1/platform/service/iostream/src/sl_iostream_uart.o
 .text.__NVIC_DisableIRQ
                0x08005eac       0x44 ./gecko_sdk_4.2.1/platform/service/iostream/src/sl_iostream_uart.o
 .text.__NVIC_ClearPendingIRQ
                0x08005ef0       0x38 ./gecko_sdk_4.2.1/platform/service/iostream/src/sl_iostream_uart.o
 .text.sli_iostream_uart_context_init
                0x08005f28      0x1e0 ./gecko_sdk_4.2.1/platform/service/iostream/src/sl_iostream_uart.o
                0x08005f28                sli_iostream_uart_context_init
 .text.sli_uart_txc
                0x08006108       0x60 ./gecko_sdk_4.2.1/platform/service/iostream/src/sl_iostream_uart.o
                0x08006108                sli_uart_txc
 .text.uart_deinit
                0x08006168       0xec ./gecko_sdk_4.2.1/platform/service/iostream/src/sl_iostream_uart.o
 .text.scan_for_ctrl_char
                0x08006254       0xbc ./gecko_sdk_4.2.1/platform/service/iostream/src/sl_iostream_uart.o
 .text.dma_irq_handler
                0x08006310       0xd0 ./gecko_sdk_4.2.1/platform/service/iostream/src/sl_iostream_uart.o
 .text.get_write_ptr
                0x080063e0       0x54 ./gecko_sdk_4.2.1/platform/service/iostream/src/sl_iostream_uart.o
 .text.update_ring_buffer
                0x08006434      0x148 ./gecko_sdk_4.2.1/platform/service/iostream/src/sl_iostream_uart.o
 .text.read_rx_buffer
                0x0800657c      0x1cc ./gecko_sdk_4.2.1/platform/service/iostream/src/sl_iostream_uart.o
 .text.sl_iostream_usart_init
                0x08006748      0x280 ./gecko_sdk_4.2.1/platform/service/iostream/src/sl_iostream_usart.o
                0x08006748                sl_iostream_usart_init
 .text.sl_iostream_usart_irq_handler
                0x080069c8      0x120 ./gecko_sdk_4.2.1/platform/service/iostream/src/sl_iostream_usart.o
                0x080069c8                sl_iostream_usart_irq_handler
 .text.sl_power_manager_init
                0x08006ae8       0x80 ./gecko_sdk_4.2.1/platform/service/power_manager/src/sl_power_manager.o
                0x08006ae8                sl_power_manager_init
 .text.sl_power_manager_sleep
                0x08006b68      0x204 ./gecko_sdk_4.2.1/platform/service/power_manager/src/sl_power_manager.o
                0x08006b68                sl_power_manager_sleep
 .text.sli_power_manager_update_em_requirement
                0x08006d6c      0x108 ./gecko_sdk_4.2.1/platform/service/power_manager/src/sl_power_manager.o
                0x08006d6c                sli_power_manager_update_em_requirement
 .text.sli_power_manager_get_restore_delay
                0x08006e74       0x48 ./gecko_sdk_4.2.1/platform/service/power_manager/src/sl_power_manager.o
                0x08006e74                sli_power_manager_get_restore_delay
 .text.sl_power_manager_subscribe_em_transition_event
                0x08006ebc       0x30 ./gecko_sdk_4.2.1/platform/service/power_manager/src/sl_power_manager.o
                0x08006ebc                sl_power_manager_subscribe_em_transition_event
 .text.sl_power_manager_schedule_wakeup_get_restore_overhead_tick
                0x08006eec       0x14 ./gecko_sdk_4.2.1/platform/service/power_manager/src/sl_power_manager.o
                0x08006eec                sl_power_manager_schedule_wakeup_get_restore_overhead_tick
 .text.sli_power_manager_convert_delay_us_to_tick
                0x08006f00       0x2c ./gecko_sdk_4.2.1/platform/service/power_manager/src/sl_power_manager.o
                0x08006f00                sli_power_manager_convert_delay_us_to_tick
 .text.sl_power_manager_is_latest_wakeup_internal
                0x08006f2c       0x4c ./gecko_sdk_4.2.1/platform/service/power_manager/src/sl_power_manager.o
                0x08006f2c                sl_power_manager_is_latest_wakeup_internal
 .text.get_lowest_em
                0x08006f78       0x34 ./gecko_sdk_4.2.1/platform/service/power_manager/src/sl_power_manager.o
 .text.power_manager_notify_em_transition
                0x08006fac       0xec ./gecko_sdk_4.2.1/platform/service/power_manager/src/sl_power_manager.o
 .text.evaluate_wakeup
                0x08007098       0xf8 ./gecko_sdk_4.2.1/platform/service/power_manager/src/sl_power_manager.o
 .text.update_em1_requirement
                0x08007190       0x94 ./gecko_sdk_4.2.1/platform/service/power_manager/src/sl_power_manager.o
 .text.clock_restore_and_wait
                0x08007224       0x88 ./gecko_sdk_4.2.1/platform/service/power_manager/src/sl_power_manager.o
 .text.clock_restore
                0x080072ac       0x6c ./gecko_sdk_4.2.1/platform/service/power_manager/src/sl_power_manager.o
 .text.on_clock_wakeup_timeout
                0x08007318       0x34 ./gecko_sdk_4.2.1/platform/service/power_manager/src/sl_power_manager.o
 .text.sli_hfxo_manager_notify_ready_for_power_manager
                0x0800734c       0x48 ./gecko_sdk_4.2.1/platform/service/power_manager/src/sl_power_manager.o
                0x0800734c                sli_hfxo_manager_notify_ready_for_power_manager
 .text.EMU_EnterEM1
                0x08007394       0x18 ./gecko_sdk_4.2.1/platform/service/power_manager/src/sl_power_manager_hal_s2.o
 .text.sli_power_manager_init_hardware
                0x080073ac      0x210 ./gecko_sdk_4.2.1/platform/service/power_manager/src/sl_power_manager_hal_s2.o
                0x080073ac                sli_power_manager_init_hardware
 .text.sli_power_manager_em23_voltage_scaling_enable_fast_wakeup
                0x080075bc       0x88 ./gecko_sdk_4.2.1/platform/service/power_manager/src/sl_power_manager_hal_s2.o
                0x080075bc                sli_power_manager_em23_voltage_scaling_enable_fast_wakeup
 .text.EMU_EM23PresleepHook
                0x08007644       0x30 ./gecko_sdk_4.2.1/platform/service/power_manager/src/sl_power_manager_hal_s2.o
                0x08007644                EMU_EM23PresleepHook
 .text.EMU_EM23PostsleepHook
                0x08007674       0x70 ./gecko_sdk_4.2.1/platform/service/power_manager/src/sl_power_manager_hal_s2.o
                0x08007674                EMU_EM23PostsleepHook
 .text.sli_power_manager_handle_pre_deepsleep_operations
                0x080076e4       0x10 ./gecko_sdk_4.2.1/platform/service/power_manager/src/sl_power_manager_hal_s2.o
                0x080076e4                sli_power_manager_handle_pre_deepsleep_operations
 .text.sli_power_manager_restore_high_freq_accuracy_clk
                0x080076f4       0x70 ./gecko_sdk_4.2.1/platform/service/power_manager/src/sl_power_manager_hal_s2.o
                0x080076f4                sli_power_manager_restore_high_freq_accuracy_clk
 .text.sli_power_manager_is_high_freq_accuracy_clk_ready
                0x08007764       0x34 ./gecko_sdk_4.2.1/platform/service/power_manager/src/sl_power_manager_hal_s2.o
                0x08007764                sli_power_manager_is_high_freq_accuracy_clk_ready
 .text.sli_power_manager_restore_states
                0x08007798       0x48 ./gecko_sdk_4.2.1/platform/service/power_manager/src/sl_power_manager_hal_s2.o
                0x08007798                sli_power_manager_restore_states
 .text.sli_power_manager_apply_em
                0x080077e0       0x50 ./gecko_sdk_4.2.1/platform/service/power_manager/src/sl_power_manager_hal_s2.o
                0x080077e0                sli_power_manager_apply_em
 .text.sli_power_manager_get_wakeup_process_time_overhead
                0x08007830       0x3c ./gecko_sdk_4.2.1/platform/service/power_manager/src/sl_power_manager_hal_s2.o
                0x08007830                sli_power_manager_get_wakeup_process_time_overhead
 .text.sl_sleeptimer_init
                0x0800786c       0xa0 ./gecko_sdk_4.2.1/platform/service/sleeptimer/src/sl_sleeptimer.o
                0x0800786c                sl_sleeptimer_init
 .text.sl_sleeptimer_stop_timer
                0x0800790c       0x80 ./gecko_sdk_4.2.1/platform/service/sleeptimer/src/sl_sleeptimer.o
                0x0800790c                sl_sleeptimer_stop_timer
 .text.sl_sleeptimer_get_remaining_time_of_first_timer
                0x0800798c       0x94 ./gecko_sdk_4.2.1/platform/service/sleeptimer/src/sl_sleeptimer.o
                0x0800798c                sl_sleeptimer_get_remaining_time_of_first_timer
 .text.sli_sleeptimer_is_power_manager_timer_next_to_expire
                0x08007a20       0x18 ./gecko_sdk_4.2.1/platform/service/sleeptimer/src/sl_sleeptimer.o
                0x08007a20                sli_sleeptimer_is_power_manager_timer_next_to_expire
 .text.sl_sleeptimer_get_timer_frequency
                0x08007a38        0xc ./gecko_sdk_4.2.1/platform/service/sleeptimer/src/sl_sleeptimer.o
                0x08007a38                sl_sleeptimer_get_timer_frequency
 .text.process_timer_irq
                0x08007a44      0x258 ./gecko_sdk_4.2.1/platform/service/sleeptimer/src/sl_sleeptimer.o
                0x08007a44                process_timer_irq
 .text.delta_list_insert_timer
                0x08007c9c       0xd4 ./gecko_sdk_4.2.1/platform/service/sleeptimer/src/sl_sleeptimer.o
 .text.delta_list_remove_timer
                0x08007d70       0x74 ./gecko_sdk_4.2.1/platform/service/sleeptimer/src/sl_sleeptimer.o
 .text.set_comparator_for_next_timer
                0x08007de4       0x4c ./gecko_sdk_4.2.1/platform/service/sleeptimer/src/sl_sleeptimer.o
 .text.update_delta_list
                0x08007e30       0x70 ./gecko_sdk_4.2.1/platform/service/sleeptimer/src/sl_sleeptimer.o
 .text.create_timer
                0x08007ea0       0xa8 ./gecko_sdk_4.2.1/platform/service/sleeptimer/src/sl_sleeptimer.o
 .text.update_next_timer_to_expire_is_power_manager
                0x08007f48       0x58 ./gecko_sdk_4.2.1/platform/service/sleeptimer/src/sl_sleeptimer.o
 .text.sl_sleeptimer_is_power_manager_early_restore_timer_latest_to_expire
                0x08007fa0       0x28 ./gecko_sdk_4.2.1/platform/service/sleeptimer/src/sl_sleeptimer.o
                0x08007fa0                sl_sleeptimer_is_power_manager_early_restore_timer_latest_to_expire
 .text.__NVIC_EnableIRQ
                0x08007fc8       0x34 ./gecko_sdk_4.2.1/platform/service/sleeptimer/src/sl_sleeptimer_hal_sysrtc.o
 .text.__NVIC_ClearPendingIRQ
                0x08007ffc       0x38 ./gecko_sdk_4.2.1/platform/service/sleeptimer/src/sl_sleeptimer_hal_sysrtc.o
 .text.sl_sysrtc_wait_sync
                0x08008034       0x20 ./gecko_sdk_4.2.1/platform/service/sleeptimer/src/sl_sleeptimer_hal_sysrtc.o
 .text.sl_sysrtc_get_counter
                0x08008054       0x14 ./gecko_sdk_4.2.1/platform/service/sleeptimer/src/sl_sleeptimer_hal_sysrtc.o
 .text.sl_sysrtc_set_counter
                0x08008068       0x1c ./gecko_sdk_4.2.1/platform/service/sleeptimer/src/sl_sleeptimer_hal_sysrtc.o
 .text.sleeptimer_hal_set_compare
                0x08008084       0xac ./gecko_sdk_4.2.1/platform/service/sleeptimer/src/sl_sleeptimer_hal_sysrtc.o
                0x08008084                sleeptimer_hal_set_compare
 .text.sleeptimer_hal_disable_int
                0x08008130       0x60 ./gecko_sdk_4.2.1/platform/service/sleeptimer/src/sl_sleeptimer_hal_sysrtc.o
                0x08008130                sleeptimer_hal_disable_int
 .text.sleeptimer_hal_set_int
                0x08008190       0x2c ./gecko_sdk_4.2.1/platform/service/sleeptimer/src/sl_sleeptimer_hal_sysrtc.o
                0x08008190                sleeptimer_hal_set_int
 .text.sl_udelay_wait
                0x080081bc       0x80 ./gecko_sdk_4.2.1/platform/service/udelay/src/sl_udelay.o
                0x080081bc                sl_udelay_wait
 .text.GPIO_PinOutToggle
                0x0800823c       0x84 ./src/GPIO.o
 .text.init_I2C0
                0x080082c0       0x98 ./src/I2C.o
                0x080082c0                init_I2C0
 .text.TIMER0_IRQHandler
                0x08008358       0x3c ./src/irq.o
                0x08008358                TIMER0_IRQHandler
 .text.__NVIC_EnableIRQ
                0x08008394       0x34 ./src/timers.o
 .text.__NVIC_ClearPendingIRQ
                0x080083c8       0x38 ./src/timers.o
 .text.TIMER_Valid
                0x08008400       0x54 ./src/timers.o
 .text.TIMER_MaxCount
                0x08008454       0xf0 ./src/timers.o
 .text.TIMER_Enable
                0x08008544       0x44 ./src/timers.o
 .text.TIMER_TopSet
                0x08008588       0x48 ./src/timers.o
 .text.init_timer0
                0x080085d0       0x70 ./src/timers.o
                0x080085d0                init_timer0
 .text          0x08008640       0x30 c:/siliconlabs/simplicitystudio/v5/developer/toolchains/gnu_arm/10.3_2021.10/bin/../lib/gcc/arm-none-eabi/10.3.1/thumb/v8-m.main+fp/hard\libgcc.a(_aeabi_uldivmod.o)
                0x08008640                __aeabi_uldivmod
 .text          0x08008670      0x2ec c:/siliconlabs/simplicitystudio/v5/developer/toolchains/gnu_arm/10.3_2021.10/bin/../lib/gcc/arm-none-eabi/10.3.1/thumb/v8-m.main+fp/hard\libgcc.a(_udivmoddi4.o)
                0x08008670                __udivmoddi4
 .text          0x0800895c        0x4 c:/siliconlabs/simplicitystudio/v5/developer/toolchains/gnu_arm/10.3_2021.10/bin/../lib/gcc/arm-none-eabi/10.3.1/thumb/v8-m.main+fp/hard\libgcc.a(_dvmd_tls.o)
                0x0800895c                __aeabi_idiv0
                0x0800895c                __aeabi_ldiv0
 .text.exit     0x08008960       0x28 c:/siliconlabs/simplicitystudio/v5/developer/toolchains/gnu_arm/10.3_2021.10/bin/../lib/gcc/arm-none-eabi/10.3.1/../../../../arm-none-eabi/lib/thumb/v8-m.main+fp/hard\libc_nano.a(lib_a-exit.o)
                0x08008960                exit
 .text.__libc_init_array
                0x08008988       0x48 c:/siliconlabs/simplicitystudio/v5/developer/toolchains/gnu_arm/10.3_2021.10/bin/../lib/gcc/arm-none-eabi/10.3.1/../../../../arm-none-eabi/lib/thumb/v8-m.main+fp/hard\libc_nano.a(lib_a-init.o)
                0x08008988                __libc_init_array
 .text.setvbuf  0x080089d0      0x188 c:/siliconlabs/simplicitystudio/v5/developer/toolchains/gnu_arm/10.3_2021.10/bin/../lib/gcc/arm-none-eabi/10.3.1/../../../../arm-none-eabi/lib/thumb/v8-m.main+fp/hard\libc_nano.a(lib_a-setvbuf.o)
                0x080089d0                setvbuf
 .text.vprintf  0x08008b58       0x30 c:/siliconlabs/simplicitystudio/v5/developer/toolchains/gnu_arm/10.3_2021.10/bin/../lib/gcc/arm-none-eabi/10.3.1/../../../../arm-none-eabi/lib/thumb/v8-m.main+fp/hard\libc_nano.a(lib_a-vprintf.o)
                0x08008b58                viprintf
                0x08008b58                vprintf
 .text.__sflush_r
                0x08008b88      0x108 c:/siliconlabs/simplicitystudio/v5/developer/toolchains/gnu_arm/10.3_2021.10/bin/../lib/gcc/arm-none-eabi/10.3.1/../../../../arm-none-eabi/lib/thumb/v8-m.main+fp/hard\libc_nano.a(lib_a-fflush.o)
                0x08008b88                __sflush_r
 .text._fflush_r
                0x08008c90       0x78 c:/siliconlabs/simplicitystudio/v5/developer/toolchains/gnu_arm/10.3_2021.10/bin/../lib/gcc/arm-none-eabi/10.3.1/../../../../arm-none-eabi/lib/thumb/v8-m.main+fp/hard\libc_nano.a(lib_a-fflush.o)
                0x08008c90                _fflush_r
 .text.std      0x08008d08       0x48 c:/siliconlabs/simplicitystudio/v5/developer/toolchains/gnu_arm/10.3_2021.10/bin/../lib/gcc/arm-none-eabi/10.3.1/../../../../arm-none-eabi/lib/thumb/v8-m.main+fp/hard\libc_nano.a(lib_a-findfp.o)
 .text._cleanup_r
                0x08008d50        0xc c:/siliconlabs/simplicitystudio/v5/developer/toolchains/gnu_arm/10.3_2021.10/bin/../lib/gcc/arm-none-eabi/10.3.1/../../../../arm-none-eabi/lib/thumb/v8-m.main+fp/hard\libc_nano.a(lib_a-findfp.o)
                0x08008d50                _cleanup_r
 .text.__sfp_lock_acquire
                0x08008d5c        0xc c:/siliconlabs/simplicitystudio/v5/developer/toolchains/gnu_arm/10.3_2021.10/bin/../lib/gcc/arm-none-eabi/10.3.1/../../../../arm-none-eabi/lib/thumb/v8-m.main+fp/hard\libc_nano.a(lib_a-findfp.o)
                0x08008d5c                __sfp_lock_acquire
 .text.__sfp_lock_release
                0x08008d68        0xc c:/siliconlabs/simplicitystudio/v5/developer/toolchains/gnu_arm/10.3_2021.10/bin/../lib/gcc/arm-none-eabi/10.3.1/../../../../arm-none-eabi/lib/thumb/v8-m.main+fp/hard\libc_nano.a(lib_a-findfp.o)
                0x08008d68                __sfp_lock_release
 .text.__sinit_lock_acquire
                0x08008d74        0xc c:/siliconlabs/simplicitystudio/v5/developer/toolchains/gnu_arm/10.3_2021.10/bin/../lib/gcc/arm-none-eabi/10.3.1/../../../../arm-none-eabi/lib/thumb/v8-m.main+fp/hard\libc_nano.a(lib_a-findfp.o)
                0x08008d74                __sinit_lock_acquire
 .text.__sinit_lock_release
                0x08008d80        0xc c:/siliconlabs/simplicitystudio/v5/developer/toolchains/gnu_arm/10.3_2021.10/bin/../lib/gcc/arm-none-eabi/10.3.1/../../../../arm-none-eabi/lib/thumb/v8-m.main+fp/hard\libc_nano.a(lib_a-findfp.o)
                0x08008d80                __sinit_lock_release
 .text.__sinit  0x08008d8c       0x70 c:/siliconlabs/simplicitystudio/v5/developer/toolchains/gnu_arm/10.3_2021.10/bin/../lib/gcc/arm-none-eabi/10.3.1/../../../../arm-none-eabi/lib/thumb/v8-m.main+fp/hard\libc_nano.a(lib_a-findfp.o)
                0x08008d8c                __sinit
 .text.__sfp    0x08008dfc       0x8c c:/siliconlabs/simplicitystudio/v5/developer/toolchains/gnu_arm/10.3_2021.10/bin/../lib/gcc/arm-none-eabi/10.3.1/../../../../arm-none-eabi/lib/thumb/v8-m.main+fp/hard\libc_nano.a(lib_a-findfp.o)
                0x08008dfc                __sfp
 .text.__smakebuf_r
                0x08008e88       0x80 c:/siliconlabs/simplicitystudio/v5/developer/toolchains/gnu_arm/10.3_2021.10/bin/../lib/gcc/arm-none-eabi/10.3.1/../../../../arm-none-eabi/lib/thumb/v8-m.main+fp/hard\libc_nano.a(lib_a-makebuf.o)
                0x08008e88                __smakebuf_r
 .text.malloc   0x08008f08       0x10 c:/siliconlabs/simplicitystudio/v5/developer/toolchains/gnu_arm/10.3_2021.10/bin/../lib/gcc/arm-none-eabi/10.3.1/../../../../arm-none-eabi/lib/thumb/v8-m.main+fp/hard\libc_nano.a(lib_a-malloc.o)
                0x08008f08                malloc
 .text._free_r  0x08008f18       0x98 c:/siliconlabs/simplicitystudio/v5/developer/toolchains/gnu_arm/10.3_2021.10/bin/../lib/gcc/arm-none-eabi/10.3.1/../../../../arm-none-eabi/lib/thumb/v8-m.main+fp/hard\libc_nano.a(lib_a-nano-freer.o)
                0x08008f18                _free_r
 .text.sbrk_aligned
                0x08008fb0       0x40 c:/siliconlabs/simplicitystudio/v5/developer/toolchains/gnu_arm/10.3_2021.10/bin/../lib/gcc/arm-none-eabi/10.3.1/../../../../arm-none-eabi/lib/thumb/v8-m.main+fp/hard\libc_nano.a(lib_a-nano-mallocr.o)
 .text._malloc_r
                0x08008ff0       0xe8 c:/siliconlabs/simplicitystudio/v5/developer/toolchains/gnu_arm/10.3_2021.10/bin/../lib/gcc/arm-none-eabi/10.3.1/../../../../arm-none-eabi/lib/thumb/v8-m.main+fp/hard\libc_nano.a(lib_a-nano-mallocr.o)
                0x08008ff0                _malloc_r
 .text._vfprintf_r
                0x080090d8      0x260 c:/siliconlabs/simplicitystudio/v5/developer/toolchains/gnu_arm/10.3_2021.10/bin/../lib/gcc/arm-none-eabi/10.3.1/../../../../arm-none-eabi/lib/thumb/v8-m.main+fp/hard\libc_nano.a(lib_a-nano-vfprintf.o)
                0x080090d8                _vfprintf_r
                0x080090d8                _vfiprintf_r
 .text._printf_i
                0x08009338      0x24c c:/siliconlabs/simplicitystudio/v5/developer/toolchains/gnu_arm/10.3_2021.10/bin/../lib/gcc/arm-none-eabi/10.3.1/../../../../arm-none-eabi/lib/thumb/v8-m.main+fp/hard\libc_nano.a(lib_a-nano-vfprintf_i.o)
                0x08009338                _printf_i
 .text._sbrk_r  0x08009584       0x20 c:/siliconlabs/simplicitystudio/v5/developer/toolchains/gnu_arm/10.3_2021.10/bin/../lib/gcc/arm-none-eabi/10.3.1/../../../../arm-none-eabi/lib/thumb/v8-m.main+fp/hard\libc_nano.a(lib_a-sbrkr.o)
                0x08009584                _sbrk_r
 .text.__swbuf_r
                0x080095a4       0xa4 c:/siliconlabs/simplicitystudio/v5/developer/toolchains/gnu_arm/10.3_2021.10/bin/../lib/gcc/arm-none-eabi/10.3.1/../../../../arm-none-eabi/lib/thumb/v8-m.main+fp/hard\libc_nano.a(lib_a-wbuf.o)
                0x080095a4                __swbuf_r
 .text._write_r
                0x08009648       0x24 c:/siliconlabs/simplicitystudio/v5/developer/toolchains/gnu_arm/10.3_2021.10/bin/../lib/gcc/arm-none-eabi/10.3.1/../../../../arm-none-eabi/lib/thumb/v8-m.main+fp/hard\libc_nano.a(lib_a-writer.o)
                0x08009648                _write_r
 .text.__swsetup_r
                0x0800966c       0xdc c:/siliconlabs/simplicitystudio/v5/developer/toolchains/gnu_arm/10.3_2021.10/bin/../lib/gcc/arm-none-eabi/10.3.1/../../../../arm-none-eabi/lib/thumb/v8-m.main+fp/hard\libc_nano.a(lib_a-wsetup.o)
                0x0800966c                __swsetup_r
 .text._close_r
                0x08009748       0x20 c:/siliconlabs/simplicitystudio/v5/developer/toolchains/gnu_arm/10.3_2021.10/bin/../lib/gcc/arm-none-eabi/10.3.1/../../../../arm-none-eabi/lib/thumb/v8-m.main+fp/hard\libc_nano.a(lib_a-closer.o)
                0x08009748                _close_r
 .text._fstat_r
                0x08009768       0x24 c:/siliconlabs/simplicitystudio/v5/developer/toolchains/gnu_arm/10.3_2021.10/bin/../lib/gcc/arm-none-eabi/10.3.1/../../../../arm-none-eabi/lib/thumb/v8-m.main+fp/hard\libc_nano.a(lib_a-fstatr.o)
                0x08009768                _fstat_r
 .text._isatty_r
                0x0800978c       0x20 c:/siliconlabs/simplicitystudio/v5/developer/toolchains/gnu_arm/10.3_2021.10/bin/../lib/gcc/arm-none-eabi/10.3.1/../../../../arm-none-eabi/lib/thumb/v8-m.main+fp/hard\libc_nano.a(lib_a-isattyr.o)
                0x0800978c                _isatty_r
 .text._lseek_r
                0x080097ac       0x24 c:/siliconlabs/simplicitystudio/v5/developer/toolchains/gnu_arm/10.3_2021.10/bin/../lib/gcc/arm-none-eabi/10.3.1/../../../../arm-none-eabi/lib/thumb/v8-m.main+fp/hard\libc_nano.a(lib_a-lseekr.o)
                0x080097ac                _lseek_r
 .text.__malloc_lock
                0x080097d0        0xc c:/siliconlabs/simplicitystudio/v5/developer/toolchains/gnu_arm/10.3_2021.10/bin/../lib/gcc/arm-none-eabi/10.3.1/../../../../arm-none-eabi/lib/thumb/v8-m.main+fp/hard\libc_nano.a(lib_a-mlock.o)
                0x080097d0                __malloc_lock
 .text.__malloc_unlock
                0x080097dc        0xc c:/siliconlabs/simplicitystudio/v5/developer/toolchains/gnu_arm/10.3_2021.10/bin/../lib/gcc/arm-none-eabi/10.3.1/../../../../arm-none-eabi/lib/thumb/v8-m.main+fp/hard\libc_nano.a(lib_a-mlock.o)
                0x080097dc                __malloc_unlock
 .text._read_r  0x080097e8       0x24 c:/siliconlabs/simplicitystudio/v5/developer/toolchains/gnu_arm/10.3_2021.10/bin/../lib/gcc/arm-none-eabi/10.3.1/../../../../arm-none-eabi/lib/thumb/v8-m.main+fp/hard\libc_nano.a(lib_a-readr.o)
                0x080097e8                _read_r
 .text.sl_power_manager_add_em_requirement
                0x0800980c       0x2a ./app.o
 .text.main     0x08009836       0x18 ./main.o
                0x08009836                main
 .text.sl_board_default_init
                0x0800984e        0xa ./autogen/sl_board_default_init.o
                0x0800984e                sl_board_default_init
 .text.CHIP_Init
                0x08009858        0x4 ./autogen/sl_event_handler.o
 .text.sl_platform_init
                0x0800985c       0x32 ./autogen/sl_event_handler.o
                0x0800985c                sl_platform_init
 .text.sl_driver_init
                0x0800988e       0x12 ./autogen/sl_event_handler.o
                0x0800988e                sl_driver_init
 .text.sl_service_init
                0x080098a0       0x1a ./autogen/sl_event_handler.o
                0x080098a0                sl_service_init
 .text.sl_stack_init
                0x080098ba        0x4 ./autogen/sl_event_handler.o
                0x080098ba                sl_stack_init
 .text.sl_internal_app_init
                0x080098be        0xa ./autogen/sl_event_handler.o
                0x080098be                sl_internal_app_init
 .text.sl_platform_process_action
                0x080098c8        0x4 ./autogen/sl_event_handler.o
                0x080098c8                sl_platform_process_action
 .text.sl_service_process_action
                0x080098cc        0x4 ./autogen/sl_event_handler.o
                0x080098cc                sl_service_process_action
 .text.sl_stack_process_action
                0x080098d0        0x4 ./autogen/sl_event_handler.o
                0x080098d0                sl_stack_process_action
 .text.sl_internal_app_process_action
                0x080098d4        0x4 ./autogen/sl_event_handler.o
                0x080098d4                sl_internal_app_process_action
 .text.sl_iostream_init_instances
                0x080098d8        0xa ./autogen/sl_event_handler.o
                0x080098d8                sl_iostream_init_instances
 .text.BUS_RegBitRead
                0x080098e2       0x1a ./autogen/sl_iostream_init_usart_instances.o
 .text.sl_iostream_uart_sleep_on_isr_exit
                0x080098fc       0x1c ./autogen/sl_iostream_init_usart_instances.o
 .text.app_is_ok_to_sleep
                0x08009918        0x6 ./autogen/sl_power_manager_handler.o
                0x08009918                app_is_ok_to_sleep
 .text.app_sleep_on_isr_exit
                0x0800991e        0x6 ./autogen/sl_power_manager_handler.o
                0x0800991e                app_sleep_on_isr_exit
 .text.sl_power_manager_is_ok_to_sleep
                0x08009924       0x2c ./autogen/sl_power_manager_handler.o
                0x08009924                sl_power_manager_is_ok_to_sleep
 .text.sl_power_manager_sleep_on_isr_exit
                0x08009950       0x84 ./autogen/sl_power_manager_handler.o
                0x08009950                sl_power_manager_sleep_on_isr_exit
 .text._app_log_time
                0x080099d4        0x4 ./gecko_sdk_4.2.1/app/common/util/app_log/app_log.o
                0x080099d4                _app_log_time
 .text._app_log_counter
                0x080099d8        0x4 ./gecko_sdk_4.2.1/app/common/util/app_log/app_log.o
                0x080099d8                _app_log_counter
 .text.sl_board_configure_vcom
                0x080099dc        0xc ./gecko_sdk_4.2.1/hardware/board/src/sl_board_control_gpio.o
                0x080099dc                sl_board_configure_vcom
 .text.sl_board_enable_vcom
                0x080099e8       0x14 ./gecko_sdk_4.2.1/hardware/board/src/sl_board_control_gpio.o
                0x080099e8                sl_board_enable_vcom
 .text.sl_board_disable_vcom
                0x080099fc       0x14 ./gecko_sdk_4.2.1/hardware/board/src/sl_board_control_gpio.o
                0x080099fc                sl_board_disable_vcom
 .text.sl_board_init
                0x08009a10       0x16 ./gecko_sdk_4.2.1/hardware/board/src/sl_board_init.o
                0x08009a10                sl_board_init
 .text.sl_board_preinit
                0x08009a26        0xe ./gecko_sdk_4.2.1/hardware/board/src/sl_board_init.o
                0x08009a26                sl_board_preinit
 .text.sl_cos_send_config
                0x08009a34        0xc ./gecko_sdk_4.2.1/hardware/driver/configuration_over_swo/src/sl_cos.o
                0x08009a34                sl_cos_send_config
 .text.cs_low   0x08009a40        0xe ./gecko_sdk_4.2.1/hardware/driver/mx25_flash_shutdown/src/sl_mx25_flash_shutdown_eusart/sl_mx25_flash_shutdown.o
 .text.cs_high  0x08009a4e        0xe ./gecko_sdk_4.2.1/hardware/driver/mx25_flash_shutdown/src/sl_mx25_flash_shutdown_eusart/sl_mx25_flash_shutdown.o
 .text.Default_Handler
                0x08009a5c        0x2 ./gecko_sdk_4.2.1/platform/Device/SiliconLabs/EFR32MG24/Source/startup_efr32mg24.o
                0x08009a5c                ULFRCO_IRQHandler
                0x08009a5c                AHB2AHB1_IRQHandler
                0x08009a5c                SW2_IRQHandler
                0x08009a5c                TIMER2_IRQHandler
                0x08009a5c                DebugMon_Handler
                0x08009a5c                IADC_IRQHandler
                0x08009a5c                EUSART0_TX_IRQHandler
                0x08009a5c                I2C0_IRQHandler
                0x08009a5c                LFXO_IRQHandler
                0x08009a5c                HardFault_Handler
                0x08009a5c                SMU_SECURE_IRQHandler
                0x08009a5c                SysTick_Handler
                0x08009a5c                SYSRTC_SEQ_IRQHandler
                0x08009a5c                EMUEFP_IRQHandler
                0x08009a5c                PendSV_Handler
                0x08009a5c                NMI_Handler
                0x08009a5c                SYNTH_IRQHandler
                0x08009a5c                HOSTMAILBOX_IRQHandler
                0x08009a5c                I2C1_IRQHandler
                0x08009a5c                WDOG0_IRQHandler
                0x08009a5c                TIMER3_IRQHandler
                0x08009a5c                SYSCFG_IRQHandler
                0x08009a5c                RFECA1_IRQHandler
                0x08009a5c                EMUDG_IRQHandler
                0x08009a5c                MSC_IRQHandler
                0x08009a5c                DPLL0_IRQHandler
                0x08009a5c                UsageFault_Handler
                0x08009a5c                WDOG1_IRQHandler
                0x08009a5c                M33CTI1_IRQHandler
                0x08009a5c                TIMER4_IRQHandler
                0x08009a5c                VDAC0_IRQHandler
                0x08009a5c                SEMBTX_IRQHandler
                0x08009a5c                SW0_IRQHandler
                0x08009a5c                MVP_IRQHandler
                0x08009a5c                LETIMER0_IRQHandler
                0x08009a5c                EUSART1_RX_IRQHandler
                0x08009a5c                TIMER1_IRQHandler
                0x08009a5c                HFRCO0_IRQHandler
                0x08009a5c                SecureFault_Handler
                0x08009a5c                BUFC_IRQHandler
                0x08009a5c                DCDC_IRQHandler
                0x08009a5c                MODEM_IRQHandler
                0x08009a5c                Default_Handler
                0x08009a5c                RAC_SEQ_IRQHandler
                0x08009a5c                FRC_PRI_IRQHandler
                0x08009a5c                SW3_IRQHandler
                0x08009a5c                EMU_IRQHandler
                0x08009a5c                KERNEL0_IRQHandler
                0x08009a5c                FRC_IRQHandler
                0x08009a5c                PCNT0_IRQHandler
                0x08009a5c                KERNEL1_IRQHandler
                0x08009a5c                AGC_IRQHandler
                0x08009a5c                EUSART1_TX_IRQHandler
                0x08009a5c                KEYSCAN_IRQHandler
                0x08009a5c                HFRCOEM23_IRQHandler
                0x08009a5c                sl_app_properties
                0x08009a5c                BURTC_IRQHandler
                0x08009a5c                SEMBRX_IRQHandler
                0x08009a5c                RFECA0_IRQHandler
                0x08009a5c                LFRCO_IRQHandler
                0x08009a5c                VDAC1_IRQHandler
                0x08009a5c                ACMP0_IRQHandler
                0x08009a5c                MemManage_Handler
                0x08009a5c                AHB2AHB0_IRQHandler
                0x08009a5c                SVC_Handler
                0x08009a5c                SMU_S_PRIVILEGED_IRQHandler
                0x08009a5c                SW1_IRQHandler
                0x08009a5c                CMU_IRQHandler
                0x08009a5c                EUSART0_RX_IRQHandler
                0x08009a5c                RAC_RSM_IRQHandler
                0x08009a5c                SETAMPERHOST_IRQHandler
                0x08009a5c                AES_IRQHandler
                0x08009a5c                M33CTI0_IRQHandler
                0x08009a5c                ICACHE0_IRQHandler
                0x08009a5c                SMU_NS_PRIVILEGED_IRQHandler
                0x08009a5c                FPUEXH_IRQHandler
                0x08009a5c                PROTIMER_IRQHandler
                0x08009a5c                ACMP1_IRQHandler
                0x08009a5c                BusFault_Handler
                0x08009a5c                MPAHBRAM_IRQHandler
 .text.SystemCLKIN0Get
                0x08009a5e        0x6 ./gecko_sdk_4.2.1/platform/Device/SiliconLabs/EFR32MG24/Source/system_efr32mg24.o
                0x08009a5e                SystemCLKIN0Get
 .text.SystemLFRCOClockGet
                0x08009a64        0x8 ./gecko_sdk_4.2.1/platform/Device/SiliconLabs/EFR32MG24/Source/system_efr32mg24.o
                0x08009a64                SystemLFRCOClockGet
 .text.SystemULFRCOClockGet
                0x08009a6c        0x8 ./gecko_sdk_4.2.1/platform/Device/SiliconLabs/EFR32MG24/Source/system_efr32mg24.o
                0x08009a6c                SystemULFRCOClockGet
 .text.assertEFM
                0x08009a74        0x8 ./gecko_sdk_4.2.1/platform/common/src/sl_assert.o
                0x08009a74                assertEFM
 .text.sl_slist_init
                0x08009a7c       0x10 ./gecko_sdk_4.2.1/platform/common/src/sl_slist.o
                0x08009a7c                sl_slist_init
 .text.sl_debug_swo_enable_itm
                0x08009a8c       0x26 ./gecko_sdk_4.2.1/platform/driver/debug/src/sl_debug_swo.o
                0x08009a8c                sl_debug_swo_enable_itm
 .text.DMADRV_PeripheralMemory
                0x08009ab2       0x46 ./gecko_sdk_4.2.1/platform/emdrv/dmadrv/src/dmadrv.o
                0x08009ab2                DMADRV_PeripheralMemory
 .text.SL_CTZ   0x08009af8       0x2c ./gecko_sdk_4.2.1/platform/emdrv/gpiointerrupt/src/gpiointerrupt.o
 .text.GPIOINT_Init
                0x08009b24       0x36 ./gecko_sdk_4.2.1/platform/emdrv/gpiointerrupt/src/gpiointerrupt.o
                0x08009b24                GPIOINT_Init
 .text.GPIO_EVEN_IRQHandler
                0x08009b5a       0x28 ./gecko_sdk_4.2.1/platform/emdrv/gpiointerrupt/src/gpiointerrupt.o
                0x08009b5a                GPIO_EVEN_IRQHandler
 .text.GPIO_ODD_IRQHandler
                0x08009b82       0x28 ./gecko_sdk_4.2.1/platform/emdrv/gpiointerrupt/src/gpiointerrupt.o
                0x08009b82                GPIO_ODD_IRQHandler
 .text.SystemCoreClockGet
                0x08009baa        0xc ./gecko_sdk_4.2.1/platform/emlib/src/em_cmu.o
 .text.BUS_RegBitRead
                0x08009bb6       0x1a ./gecko_sdk_4.2.1/platform/emlib/src/em_cmu.o
 .text.BUS_RegMaskedWrite
                0x08009bd0       0x34 ./gecko_sdk_4.2.1/platform/emlib/src/em_cmu.o
 .text.sli_em_cmu_SYSCLKInitPreClockSelect
                0x08009c04       0x1a ./gecko_sdk_4.2.1/platform/emlib/src/em_cmu.o
                0x08009c04                sli_em_cmu_SYSCLKInitPreClockSelect
 .text.sli_em_cmu_SYSCLKInitPostClockSelect
                0x08009c1e       0x2e ./gecko_sdk_4.2.1/platform/emlib/src/em_cmu.o
                0x08009c1e                sli_em_cmu_SYSCLKInitPostClockSelect
 .text.CMU_UpdateWaitStates
                0x08009c4c       0x28 ./gecko_sdk_4.2.1/platform/emlib/src/em_cmu.o
                0x08009c4c                CMU_UpdateWaitStates
 .text.pclkDivMax
                0x08009c74       0x10 ./gecko_sdk_4.2.1/platform/emlib/src/em_cmu.o
 .text.waitStateMax
                0x08009c84       0x14 ./gecko_sdk_4.2.1/platform/emlib/src/em_cmu.o
 .text.CORE_EnterCritical
                0x08009c98       0x18 ./gecko_sdk_4.2.1/platform/emlib/src/em_core.o
                0x08009c98                CORE_EnterCritical
 .text.CORE_ExitCritical
                0x08009cb0       0x14 ./gecko_sdk_4.2.1/platform/emlib/src/em_core.o
                0x08009cb0                CORE_ExitCritical
 .text.CORE_EnterAtomic
                0x08009cc4       0x20 ./gecko_sdk_4.2.1/platform/emlib/src/em_core.o
                0x08009cc4                CORE_EnterAtomic
 .text.CORE_ExitAtomic
                0x08009ce4       0x16 ./gecko_sdk_4.2.1/platform/emlib/src/em_core.o
                0x08009ce4                CORE_ExitAtomic
 .text.SystemCoreClockUpdate
                0x08009cfa        0xa ./gecko_sdk_4.2.1/platform/emlib/src/em_emu.o
 .text.BUS_RegBitRead
                0x08009d04       0x1a ./gecko_sdk_4.2.1/platform/emlib/src/em_emu.o
 .text.vScaleEM01Cmd
                0x08009d1e       0x1c ./gecko_sdk_4.2.1/platform/emlib/src/em_emu.o
 .text.EMU_EFPEM23PresleepHook
                0x08009d3a        0x4 ./gecko_sdk_4.2.1/platform/emlib/src/em_emu.o
                0x08009d3a                EMU_EFPEM23PresleepHook
 .text.EMU_EFPEM23PostsleepHook
                0x08009d3e        0x4 ./gecko_sdk_4.2.1/platform/emlib/src/em_emu.o
                0x08009d3e                EMU_EFPEM23PostsleepHook
 .text.EMU_Save
                0x08009d42        0x4 ./gecko_sdk_4.2.1/platform/emlib/src/em_emu.o
                0x08009d42                EMU_Save
 .text.EMU_Restore
                0x08009d46        0x4 ./gecko_sdk_4.2.1/platform/emlib/src/em_emu.o
                0x08009d46                EMU_Restore
 .text.EMU_EFPEM01VScale
                0x08009d4a        0xe ./gecko_sdk_4.2.1/platform/emlib/src/em_emu.o
                0x08009d4a                EMU_EFPEM01VScale
 .text.EMU_DCDCUpdatedHook
                0x08009d58        0x4 ./gecko_sdk_4.2.1/platform/emlib/src/em_emu.o
                0x08009d58                EMU_DCDCUpdatedHook
 .text.EUSART_StatusGet
                0x08009d5c        0xe ./gecko_sdk_4.2.1/platform/emlib/src/em_eusart.o
 .text.eusart_sync
                0x08009d6a       0x1c ./gecko_sdk_4.2.1/platform/emlib/src/em_eusart.o
 .text.EUSART_Spi_TxRx
                0x08009d86       0x3a ./gecko_sdk_4.2.1/platform/emlib/src/em_eusart.o
                0x08009d86                EUSART_Spi_TxRx
 .text.EUSART_Disable
                0x08009dc0       0x68 ./gecko_sdk_4.2.1/platform/emlib/src/em_eusart.o
 .text.BUS_RegMaskedWrite
                0x08009e28       0x34 ./gecko_sdk_4.2.1/platform/emlib/src/em_gpio.o
 .text.GPIO_DbgLocationSet
                0x08009e5c        0xa ./gecko_sdk_4.2.1/platform/emlib/src/em_gpio.o
                0x08009e5c                GPIO_DbgLocationSet
 .text.I2C_IntClear
                0x08009e66       0x18 ./gecko_sdk_4.2.1/platform/emlib/src/em_i2c.o
 .text.BUS_RegMaskedWrite
                0x08009e7e       0x34 ./gecko_sdk_4.2.1/platform/emlib/src/em_i2c.o
 .text.flushRx  0x08009eb2       0x28 ./gecko_sdk_4.2.1/platform/emlib/src/em_i2c.o
 .text.BUS_RegMaskedClear
                0x08009eda       0x1a ./gecko_sdk_4.2.1/platform/emlib/src/em_ldma.o
 .text.TIMER_SyncWait
                0x08009ef4       0x24 ./gecko_sdk_4.2.1/platform/emlib/src/em_timer.o
                0x08009ef4                TIMER_SyncWait
 .text.USART_Tx
                0x08009f18       0x26 ./gecko_sdk_4.2.1/platform/emlib/src/em_usart.o
                0x08009f18                USART_Tx
 .text.sl_device_init_nvic
                0x08009f3e       0x38 ./gecko_sdk_4.2.1/platform/service/device_init/src/sl_device_init_nvic.o
                0x08009f3e                sl_device_init_nvic
 .text.sl_hfxo_manager_init_hardware
                0x08009f76        0xa ./gecko_sdk_4.2.1/platform/service/hfxo_manager/src/sl_hfxo_manager.o
                0x08009f76                sl_hfxo_manager_init_hardware
 .text.HFXO0_IRQHandler
                0x08009f80        0xa ./gecko_sdk_4.2.1/platform/service/hfxo_manager/src/sl_hfxo_manager_hal_s2.o
                0x08009f80                HFXO0_IRQHandler
 .text.sl_iostream_write
                0x08009f8a       0x40 ./gecko_sdk_4.2.1/platform/service/iostream/src/sl_iostream.o
                0x08009f8a                sl_iostream_write
 .text.sl_iostream_read
                0x08009fca       0x50 ./gecko_sdk_4.2.1/platform/service/iostream/src/sl_iostream.o
                0x08009fca                sl_iostream_read
 .text.sl_iostream_vprintf
                0x0800a01a       0x64 ./gecko_sdk_4.2.1/platform/service/iostream/src/sl_iostream.o
                0x0800a01a                sl_iostream_vprintf
 .text.sl_iostream_printf
                0x0800a07e       0x26 ./gecko_sdk_4.2.1/platform/service/iostream/src/sl_iostream.o
                0x0800a07e                sl_iostream_printf
 .text._close   0x0800a0a4        0xc ./gecko_sdk_4.2.1/platform/service/iostream/src/sl_iostream_retarget_stdio.o
                0x0800a0a4                _close
 .text._exit    0x0800a0b0        0x6 ./gecko_sdk_4.2.1/platform/service/iostream/src/sl_iostream_retarget_stdio.o
                0x0800a0b0                _exit
 .text._fstat   0x0800a0b6       0x16 ./gecko_sdk_4.2.1/platform/service/iostream/src/sl_iostream_retarget_stdio.o
                0x0800a0b6                _fstat
 .text._isatty  0x0800a0cc        0xc ./gecko_sdk_4.2.1/platform/service/iostream/src/sl_iostream_retarget_stdio.o
                0x0800a0cc                _isatty
 .text._lseek   0x0800a0d8       0x10 ./gecko_sdk_4.2.1/platform/service/iostream/src/sl_iostream_retarget_stdio.o
                0x0800a0d8                _lseek
 .text._read    0x0800a0e8       0x30 ./gecko_sdk_4.2.1/platform/service/iostream/src/sl_iostream_retarget_stdio.o
                0x0800a0e8                _read
 .text.sl_power_manager_add_em_requirement
                0x0800a118       0x2a ./gecko_sdk_4.2.1/platform/service/iostream/src/sl_iostream_uart.o
 .text.sl_power_manager_remove_em_requirement
                0x0800a142       0x2a ./gecko_sdk_4.2.1/platform/service/iostream/src/sl_iostream_uart.o
 .text.sleep_on_isr_exit
                0x0800a16c       0x60 ./gecko_sdk_4.2.1/platform/service/iostream/src/sl_iostream_uart.o
 .text.set_auto_cr_lf
                0x0800a1cc       0x1e ./gecko_sdk_4.2.1/platform/service/iostream/src/sl_iostream_uart.o
 .text.get_auto_cr_lf
                0x0800a1ea       0x1c ./gecko_sdk_4.2.1/platform/service/iostream/src/sl_iostream_uart.o
 .text.set_rx_energy_mode_restriction
                0x0800a206       0x78 ./gecko_sdk_4.2.1/platform/service/iostream/src/sl_iostream_uart.o
 .text.get_rx_energy_mode_restriction
                0x0800a27e       0x1c ./gecko_sdk_4.2.1/platform/service/iostream/src/sl_iostream_uart.o
 .text.nolock_uart_write
                0x0800a29a       0xf6 ./gecko_sdk_4.2.1/platform/service/iostream/src/sl_iostream_uart.o
 .text.uart_write
                0x0800a390       0x1e ./gecko_sdk_4.2.1/platform/service/iostream/src/sl_iostream_uart.o
 .text.uart_read
                0x0800a3ae       0x42 ./gecko_sdk_4.2.1/platform/service/iostream/src/sl_iostream_uart.o
 .text.USART_IntClear
                0x0800a3f0       0x18 ./gecko_sdk_4.2.1/platform/service/iostream/src/sl_iostream_usart.o
 .text.USART_IntDisable
                0x0800a408       0x1a ./gecko_sdk_4.2.1/platform/service/iostream/src/sl_iostream_usart.o
 .text.USART_IntEnable
                0x0800a422       0x18 ./gecko_sdk_4.2.1/platform/service/iostream/src/sl_iostream_usart.o
 .text.USART_StatusGet
                0x0800a43a        0xe ./gecko_sdk_4.2.1/platform/service/iostream/src/sl_iostream_usart.o
 .text.usart_tx
                0x0800a448       0x2a ./gecko_sdk_4.2.1/platform/service/iostream/src/sl_iostream_usart.o
 .text.usart_set_next_byte_detect
                0x0800a472       0x3a ./gecko_sdk_4.2.1/platform/service/iostream/src/sl_iostream_usart.o
 .text.usart_tx_completed
                0x0800a4ac       0x46 ./gecko_sdk_4.2.1/platform/service/iostream/src/sl_iostream_usart.o
 .text.usart_deinit
                0x0800a4f2       0xb6 ./gecko_sdk_4.2.1/platform/service/iostream/src/sl_iostream_usart.o
 .text.sli_power_manager_initiate_restore
                0x0800a5a8       0x1c ./gecko_sdk_4.2.1/platform/service/power_manager/src/sl_power_manager.o
                0x0800a5a8                sli_power_manager_initiate_restore
 .text.enter_critical_with_primask
                0x0800a5c4       0x18 ./gecko_sdk_4.2.1/platform/service/power_manager/src/sl_power_manager.o
 .text.exit_critical_with_primask
                0x0800a5dc       0x14 ./gecko_sdk_4.2.1/platform/service/power_manager/src/sl_power_manager.o
 .text.SystemCoreClockUpdate
                0x0800a5f0        0xa ./gecko_sdk_4.2.1/platform/service/power_manager/src/sl_power_manager_hal_s2.o
 .text.sli_power_manager_save_states
                0x0800a5fa        0xa ./gecko_sdk_4.2.1/platform/service/power_manager/src/sl_power_manager_hal_s2.o
                0x0800a5fa                sli_power_manager_save_states
 .text.sli_power_manager_get_default_high_frequency_minimum_offtime
                0x0800a604       0x10 ./gecko_sdk_4.2.1/platform/service/power_manager/src/sl_power_manager_hal_s2.o
                0x0800a604                sli_power_manager_get_default_high_frequency_minimum_offtime
 .text.sli_power_manager_low_frequency_restore
                0x0800a614        0x4 ./gecko_sdk_4.2.1/platform/service/power_manager/src/sl_power_manager_hal_s2.o
                0x0800a614                sli_power_manager_low_frequency_restore
 .text.sl_sleeptimer_restart_timer
                0x0800a618       0x4e ./gecko_sdk_4.2.1/platform/service/sleeptimer/src/sl_sleeptimer.o
                0x0800a618                sl_sleeptimer_restart_timer
 .text.sl_sleeptimer_get_tick_count
                0x0800a666       0x20 ./gecko_sdk_4.2.1/platform/service/sleeptimer/src/sl_sleeptimer.o
                0x0800a666                sl_sleeptimer_get_tick_count
 .text.sleeptimer_hal_init_timer
                0x0800a686       0x76 ./gecko_sdk_4.2.1/platform/service/sleeptimer/src/sl_sleeptimer_hal_sysrtc.o
                0x0800a686                sleeptimer_hal_init_timer
 .text.sleeptimer_hal_get_counter
                0x0800a6fc        0xc ./gecko_sdk_4.2.1/platform/service/sleeptimer/src/sl_sleeptimer_hal_sysrtc.o
                0x0800a6fc                sleeptimer_hal_get_counter
 .text.sleeptimer_hal_get_compare
                0x0800a708       0x10 ./gecko_sdk_4.2.1/platform/service/sleeptimer/src/sl_sleeptimer_hal_sysrtc.o
                0x0800a708                sleeptimer_hal_get_compare
 .text.sleeptimer_hal_enable_int
                0x0800a718       0x46 ./gecko_sdk_4.2.1/platform/service/sleeptimer/src/sl_sleeptimer_hal_sysrtc.o
                0x0800a718                sleeptimer_hal_enable_int
 .text.sli_sleeptimer_hal_is_int_status_set
                0x0800a75e       0x5a ./gecko_sdk_4.2.1/platform/service/sleeptimer/src/sl_sleeptimer_hal_sysrtc.o
                0x0800a75e                sli_sleeptimer_hal_is_int_status_set
 .text.SYSRTC_APP_IRQHandler
                0x0800a7b8       0x6a ./gecko_sdk_4.2.1/platform/service/sleeptimer/src/sl_sleeptimer_hal_sysrtc.o
                0x0800a7b8                SYSRTC_APP_IRQHandler
 .text.sleeptimer_hal_get_timer_frequency
                0x0800a822        0xe ./gecko_sdk_4.2.1/platform/service/sleeptimer/src/sl_sleeptimer_hal_sysrtc.o
                0x0800a822                sleeptimer_hal_get_timer_frequency
 .text.get_time_diff
                0x0800a830       0x12 ./gecko_sdk_4.2.1/platform/service/sleeptimer/src/sl_sleeptimer_hal_sysrtc.o
 .text.sl_system_init
                0x0800a842       0x1a ./gecko_sdk_4.2.1/platform/service/system/src/sl_system_init.o
                0x0800a842                sl_system_init
 .text.sl_system_process_action
                0x0800a85c       0x16 ./gecko_sdk_4.2.1/platform/service/system/src/sl_system_process_action.o
                0x0800a85c                sl_system_process_action
 .text.SystemCoreClockGet
                0x0800a872        0xc ./gecko_sdk_4.2.1/platform/service/udelay/src/sl_udelay.o
 .text.init_LED0
                0x0800a87e       0x12 ./src/GPIO.o
                0x0800a87e                init_LED0
 .text.toggleLED0
                0x0800a890        0xe ./src/GPIO.o
                0x0800a890                toggleLED0
 .text.adxl_readBWRate
                0x0800a89e       0xba ./src/adxl343.o
                0x0800a89e                adxl_readBWRate
 .text.TIMER_IntClear
                0x0800a958       0x18 ./src/irq.o
 .text.TIMER_IntGet
                0x0800a970        0xe ./src/irq.o
 .text.loggerGetTimestamp
                0x0800a97e        0x6 ./src/log.o
                0x0800a97e                loggerGetTimestamp
 .text.TIMER_IntClear
                0x0800a984       0x18 ./src/timers.o
 .text.TIMER_IntEnable
                0x0800a99c       0x18 ./src/timers.o
 .text.memcpy   0x0800a9b4       0x1a c:/siliconlabs/simplicitystudio/v5/developer/toolchains/gnu_arm/10.3_2021.10/bin/../lib/gcc/arm-none-eabi/10.3.1/../../../../arm-none-eabi/lib/thumb/v8-m.main+fp/hard\libc_nano.a(lib_a-memcpy-stub.o)
                0x0800a9b4                memcpy
 .text.memset   0x0800a9ce       0x10 c:/siliconlabs/simplicitystudio/v5/developer/toolchains/gnu_arm/10.3_2021.10/bin/../lib/gcc/arm-none-eabi/10.3.1/../../../../arm-none-eabi/lib/thumb/v8-m.main+fp/hard\libc_nano.a(lib_a-memset.o)
                0x0800a9ce                memset
 .text.__sfmoreglue
                0x0800a9de       0x2c c:/siliconlabs/simplicitystudio/v5/developer/toolchains/gnu_arm/10.3_2021.10/bin/../lib/gcc/arm-none-eabi/10.3.1/../../../../arm-none-eabi/lib/thumb/v8-m.main+fp/hard\libc_nano.a(lib_a-findfp.o)
                0x0800a9de                __sfmoreglue
 .text._fwalk_reent
                0x0800aa0a       0x3e c:/siliconlabs/simplicitystudio/v5/developer/toolchains/gnu_arm/10.3_2021.10/bin/../lib/gcc/arm-none-eabi/10.3.1/../../../../arm-none-eabi/lib/thumb/v8-m.main+fp/hard\libc_nano.a(lib_a-fwalk.o)
                0x0800aa0a                _fwalk_reent
 .text.__retarget_lock_init_recursive
                0x0800aa48        0x2 c:/siliconlabs/simplicitystudio/v5/developer/toolchains/gnu_arm/10.3_2021.10/bin/../lib/gcc/arm-none-eabi/10.3.1/../../../../arm-none-eabi/lib/thumb/v8-m.main+fp/hard\libc_nano.a(lib_a-lock.o)
                0x0800aa48                __retarget_lock_init_recursive
 .text.__retarget_lock_acquire_recursive
                0x0800aa4a        0x2 c:/siliconlabs/simplicitystudio/v5/developer/toolchains/gnu_arm/10.3_2021.10/bin/../lib/gcc/arm-none-eabi/10.3.1/../../../../arm-none-eabi/lib/thumb/v8-m.main+fp/hard\libc_nano.a(lib_a-lock.o)
                0x0800aa4a                __retarget_lock_acquire_recursive
 .text.__retarget_lock_release_recursive
                0x0800aa4c        0x2 c:/siliconlabs/simplicitystudio/v5/developer/toolchains/gnu_arm/10.3_2021.10/bin/../lib/gcc/arm-none-eabi/10.3.1/../../../../arm-none-eabi/lib/thumb/v8-m.main+fp/hard\libc_nano.a(lib_a-lock.o)
                0x0800aa4c                __retarget_lock_release_recursive
 .text.__swhatbuf_r
                0x0800aa4e       0x4a c:/siliconlabs/simplicitystudio/v5/developer/toolchains/gnu_arm/10.3_2021.10/bin/../lib/gcc/arm-none-eabi/10.3.1/../../../../arm-none-eabi/lib/thumb/v8-m.main+fp/hard\libc_nano.a(lib_a-makebuf.o)
                0x0800aa4e                __swhatbuf_r
 .text.__sfputc_r
                0x0800aa98       0x2e c:/siliconlabs/simplicitystudio/v5/developer/toolchains/gnu_arm/10.3_2021.10/bin/../lib/gcc/arm-none-eabi/10.3.1/../../../../arm-none-eabi/lib/thumb/v8-m.main+fp/hard\libc_nano.a(lib_a-nano-vfprintf.o)
 .text.__sfputs_r
                0x0800aac6       0x24 c:/siliconlabs/simplicitystudio/v5/developer/toolchains/gnu_arm/10.3_2021.10/bin/../lib/gcc/arm-none-eabi/10.3.1/../../../../arm-none-eabi/lib/thumb/v8-m.main+fp/hard\libc_nano.a(lib_a-nano-vfprintf.o)
                0x0800aac6                __sfputs_r
 .text._printf_common
                0x0800aaea       0xe0 c:/siliconlabs/simplicitystudio/v5/developer/toolchains/gnu_arm/10.3_2021.10/bin/../lib/gcc/arm-none-eabi/10.3.1/../../../../arm-none-eabi/lib/thumb/v8-m.main+fp/hard\libc_nano.a(lib_a-nano-vfprintf_i.o)
                0x0800aaea                _printf_common
 .text.__sread  0x0800abca       0x22 c:/siliconlabs/simplicitystudio/v5/developer/toolchains/gnu_arm/10.3_2021.10/bin/../lib/gcc/arm-none-eabi/10.3.1/../../../../arm-none-eabi/lib/thumb/v8-m.main+fp/hard\libc_nano.a(lib_a-stdio.o)
                0x0800abca                __sread
 .text.__swrite
                0x0800abec       0x38 c:/siliconlabs/simplicitystudio/v5/developer/toolchains/gnu_arm/10.3_2021.10/bin/../lib/gcc/arm-none-eabi/10.3.1/../../../../arm-none-eabi/lib/thumb/v8-m.main+fp/hard\libc_nano.a(lib_a-stdio.o)
                0x0800abec                __swrite
 .text.__sseek  0x0800ac24       0x24 c:/siliconlabs/simplicitystudio/v5/developer/toolchains/gnu_arm/10.3_2021.10/bin/../lib/gcc/arm-none-eabi/10.3.1/../../../../arm-none-eabi/lib/thumb/v8-m.main+fp/hard\libc_nano.a(lib_a-stdio.o)
                0x0800ac24                __sseek
 .text.__sclose
                0x0800ac48        0x8 c:/siliconlabs/simplicitystudio/v5/developer/toolchains/gnu_arm/10.3_2021.10/bin/../lib/gcc/arm-none-eabi/10.3.1/../../../../arm-none-eabi/lib/thumb/v8-m.main+fp/hard\libc_nano.a(lib_a-stdio.o)
                0x0800ac48                __sclose
 .text.memchr   0x0800ac50       0x1c c:/siliconlabs/simplicitystudio/v5/developer/toolchains/gnu_arm/10.3_2021.10/bin/../lib/gcc/arm-none-eabi/10.3.1/../../../../arm-none-eabi/lib/thumb/v8-m.main+fp/hard\libc_nano.a(lib_a-memchr-stub.o)
                0x0800ac50                memchr
                0x0800ac6c                linker_code_end = .
 *(.init)
 .init          0x0800ac6c        0x4 c:/siliconlabs/simplicitystudio/v5/developer/toolchains/gnu_arm/10.3_2021.10/bin/../lib/gcc/arm-none-eabi/10.3.1/thumb/v8-m.main+fp/hard/crti.o
                0x0800ac6c                _init
 .init          0x0800ac70        0x8 c:/siliconlabs/simplicitystudio/v5/developer/toolchains/gnu_arm/10.3_2021.10/bin/../lib/gcc/arm-none-eabi/10.3.1/thumb/v8-m.main+fp/hard/crtn.o
 *(.fini)
 .fini          0x0800ac78        0x4 c:/siliconlabs/simplicitystudio/v5/developer/toolchains/gnu_arm/10.3_2021.10/bin/../lib/gcc/arm-none-eabi/10.3.1/thumb/v8-m.main+fp/hard/crti.o
                0x0800ac78                _fini
 .fini          0x0800ac7c        0x8 c:/siliconlabs/simplicitystudio/v5/developer/toolchains/gnu_arm/10.3_2021.10/bin/../lib/gcc/arm-none-eabi/10.3.1/thumb/v8-m.main+fp/hard/crtn.o
 *crtbegin.o(.ctors)
 *crtbegin?.o(.ctors)
 *(EXCLUDE_FILE(*crtend.o *crtend?.o) .ctors)
 *(SORT_BY_NAME(.ctors.*))
 *(.ctors)
 *crtbegin.o(.dtors)
 *crtbegin?.o(.dtors)
 *(EXCLUDE_FILE(*crtend.o *crtend?.o) .dtors)
 *(SORT_BY_NAME(.dtors.*))
 *(.dtors)
 *(.rodata*)
 .rodata        0x0800ac84       0x25 ./app.o
 *fill*         0x0800aca9        0x3 
 .rodata.__func__.0
                0x0800acac       0x13 ./app.o
 *fill*         0x0800acbf        0x1 
 .rodata        0x0800acc0       0xa8 ./autogen/sl_iostream_init_usart_instances.o
 .rodata        0x0800ad68       0x80 ./gecko_sdk_4.2.1/hardware/driver/mx25_flash_shutdown/src/sl_mx25_flash_shutdown_eusart/sl_mx25_flash_shutdown.o
 .rodata        0x0800ade8       0x4e ./gecko_sdk_4.2.1/platform/common/src/sl_slist.o
 *fill*         0x0800ae36        0x2 
 .rodata        0x0800ae38       0x4b ./gecko_sdk_4.2.1/platform/driver/debug/src/sl_debug_swo.o
 *fill*         0x0800ae83        0x1 
 .rodata        0x0800ae84        0x4 ./gecko_sdk_4.2.1/platform/emdrv/dmadrv/src/dmadrv.o
 .rodata        0x0800ae88       0x97 ./gecko_sdk_4.2.1/platform/emlib/src/em_cmu.o
 *fill*         0x0800af1f        0x1 
 .rodata        0x0800af20       0x4c ./gecko_sdk_4.2.1/platform/emlib/src/em_core.o
 .rodata        0x0800af6c       0x4b ./gecko_sdk_4.2.1/platform/emlib/src/em_emu.o
 *fill*         0x0800afb7        0x1 
 .rodata        0x0800afb8       0x4e ./gecko_sdk_4.2.1/platform/emlib/src/em_eusart.o
 *fill*         0x0800b006        0x2 
 .rodata        0x0800b008       0xe4 ./gecko_sdk_4.2.1/platform/emlib/src/em_gpio.o
 .rodata        0x0800b0ec       0x97 ./gecko_sdk_4.2.1/platform/emlib/src/em_i2c.o
 *fill*         0x0800b183        0x1 
 .rodata.i2cNSum
                0x0800b184        0x4 ./gecko_sdk_4.2.1/platform/emlib/src/em_i2c.o
 .rodata        0x0800b188       0x7c ./gecko_sdk_4.2.1/platform/emlib/src/em_ldma.o
 .rodata        0x0800b204       0x9d ./gecko_sdk_4.2.1/platform/emlib/src/em_timer.o
 *fill*         0x0800b2a1        0x3 
 .rodata        0x0800b2a4       0x31 ./gecko_sdk_4.2.1/platform/emlib/src/em_usart.o
 *fill*         0x0800b2d5        0x3 
 .rodata        0x0800b2d8       0x5b ./gecko_sdk_4.2.1/platform/peripheral/src/peripheral_sysrtc.o
 *fill*         0x0800b333        0x1 
 .rodata        0x0800b334        0x7 ./gecko_sdk_4.2.1/platform/service/device_init/src/sl_device_init_dcdc_s2.o
 *fill*         0x0800b33b        0x1 
 .rodata        0x0800b33c       0x28 ./gecko_sdk_4.2.1/platform/service/device_init/src/sl_device_init_hfxo_s2.o
 .rodata        0x0800b364       0x14 ./gecko_sdk_4.2.1/platform/service/device_init/src/sl_device_init_lfxo_s2.o
 .rodata        0x0800b378       0x4e ./gecko_sdk_4.2.1/platform/service/iostream/src/sl_iostream_retarget_stdio.o
 *fill*         0x0800b3c6        0x2 
 .rodata        0x0800b3c8       0x44 ./gecko_sdk_4.2.1/platform/service/iostream/src/sl_iostream_uart.o
 .rodata        0x0800b40c       0x65 ./gecko_sdk_4.2.1/platform/service/power_manager/src/sl_power_manager.o
 *fill*         0x0800b471        0x3 
 .rodata        0x0800b474       0x6c ./gecko_sdk_4.2.1/platform/service/power_manager/src/sl_power_manager_hal_s2.o
 .rodata        0x0800b4e0       0x5f ./gecko_sdk_4.2.1/platform/service/sleeptimer/src/sl_sleeptimer.o
 *fill*         0x0800b53f        0x1 
 .rodata        0x0800b540       0x57 ./gecko_sdk_4.2.1/platform/service/udelay/src/sl_udelay.o
 *fill*         0x0800b597        0x1 
 .rodata        0x0800b598       0x4c ./src/GPIO.o
 .rodata        0x0800b5e4       0x10 ./src/I2C.o
 .rodata        0x0800b5f4       0x4d ./src/timers.o
 *fill*         0x0800b641        0x3 
 .rodata._global_impure_ptr
                0x0800b644        0x4 c:/siliconlabs/simplicitystudio/v5/developer/toolchains/gnu_arm/10.3_2021.10/bin/../lib/gcc/arm-none-eabi/10.3.1/../../../../arm-none-eabi/lib/thumb/v8-m.main+fp/hard\libc_nano.a(lib_a-impure.o)
                0x0800b644                _global_impure_ptr
 .rodata.__sf_fake_stderr
                0x0800b648       0x20 c:/siliconlabs/simplicitystudio/v5/developer/toolchains/gnu_arm/10.3_2021.10/bin/../lib/gcc/arm-none-eabi/10.3.1/../../../../arm-none-eabi/lib/thumb/v8-m.main+fp/hard\libc_nano.a(lib_a-findfp.o)
                0x0800b648                __sf_fake_stderr
 .rodata.__sf_fake_stdin
                0x0800b668       0x20 c:/siliconlabs/simplicitystudio/v5/developer/toolchains/gnu_arm/10.3_2021.10/bin/../lib/gcc/arm-none-eabi/10.3.1/../../../../arm-none-eabi/lib/thumb/v8-m.main+fp/hard\libc_nano.a(lib_a-findfp.o)
                0x0800b668                __sf_fake_stdin
 .rodata.__sf_fake_stdout
                0x0800b688       0x20 c:/siliconlabs/simplicitystudio/v5/developer/toolchains/gnu_arm/10.3_2021.10/bin/../lib/gcc/arm-none-eabi/10.3.1/../../../../arm-none-eabi/lib/thumb/v8-m.main+fp/hard\libc_nano.a(lib_a-findfp.o)
                0x0800b688                __sf_fake_stdout
 .rodata._vfprintf_r.str1.1
                0x0800b6a8       0x11 c:/siliconlabs/simplicitystudio/v5/developer/toolchains/gnu_arm/10.3_2021.10/bin/../lib/gcc/arm-none-eabi/10.3.1/../../../../arm-none-eabi/lib/thumb/v8-m.main+fp/hard\libc_nano.a(lib_a-nano-vfprintf.o)
 .rodata._printf_i.str1.1
                0x0800b6b9       0x22 c:/siliconlabs/simplicitystudio/v5/developer/toolchains/gnu_arm/10.3_2021.10/bin/../lib/gcc/arm-none-eabi/10.3.1/../../../../arm-none-eabi/lib/thumb/v8-m.main+fp/hard\libc_nano.a(lib_a-nano-vfprintf_i.o)
 *(.eh_frame*)
 *fill*         0x0800b6db        0x1 