Archive member included to satisfy reference by file (symbol)

c:/siliconlabs/simplicitystudio/v5/developer/toolchains/gnu_arm/10.3_2021.10/bin/../lib/gcc/arm-none-eabi/10.3.1/thumb/v8-m.main+fp/hard\libgcc.a(_aeabi_uldivmod.o)
                              ./gecko_sdk_4.2.1/platform/emlib/src/em_eusart.o (__aeabi_uldivmod)
c:/siliconlabs/simplicitystudio/v5/developer/toolchains/gnu_arm/10.3_2021.10/bin/../lib/gcc/arm-none-eabi/10.3.1/thumb/v8-m.main+fp/hard\libgcc.a(_udivmoddi4.o)
                              c:/siliconlabs/simplicitystudio/v5/developer/toolchains/gnu_arm/10.3_2021.10/bin/../lib/gcc/arm-none-eabi/10.3.1/thumb/v8-m.main+fp/hard\libgcc.a(_aeabi_uldivmod.o) (__udivmoddi4)
c:/siliconlabs/simplicitystudio/v5/developer/toolchains/gnu_arm/10.3_2021.10/bin/../lib/gcc/arm-none-eabi/10.3.1/thumb/v8-m.main+fp/hard\libgcc.a(_dvmd_tls.o)
                              c:/siliconlabs/simplicitystudio/v5/developer/toolchains/gnu_arm/10.3_2021.10/bin/../lib/gcc/arm-none-eabi/10.3.1/thumb/v8-m.main+fp/hard\libgcc.a(_aeabi_uldivmod.o) (__aeabi_ldiv0)
c:/siliconlabs/simplicitystudio/v5/developer/toolchains/gnu_arm/10.3_2021.10/bin/../lib/gcc/arm-none-eabi/10.3.1/../../../../arm-none-eabi/lib/thumb/v8-m.main+fp/hard\libc_nano.a(lib_a-ctype_.o)
                              ./gecko_sdk_4.2.1/platform/common/src/sl_string.o (_ctype_)
c:/siliconlabs/simplicitystudio/v5/developer/toolchains/gnu_arm/10.3_2021.10/bin/../lib/gcc/arm-none-eabi/10.3.1/../../../../arm-none-eabi/lib/thumb/v8-m.main+fp/hard\libc_nano.a(lib_a-exit.o)
                              c:/siliconlabs/simplicitystudio/v5/developer/toolchains/gnu_arm/10.3_2021.10/bin/../lib/gcc/arm-none-eabi/10.3.1/../../../../arm-none-eabi/lib/thumb/v8-m.main+fp/hard/crt0.o (exit)
c:/siliconlabs/simplicitystudio/v5/developer/toolchains/gnu_arm/10.3_2021.10/bin/../lib/gcc/arm-none-eabi/10.3.1/../../../../arm-none-eabi/lib/thumb/v8-m.main+fp/hard\libc_nano.a(lib_a-impure.o)
                              c:/siliconlabs/simplicitystudio/v5/developer/toolchains/gnu_arm/10.3_2021.10/bin/../lib/gcc/arm-none-eabi/10.3.1/../../../../arm-none-eabi/lib/thumb/v8-m.main+fp/hard\libc_nano.a(lib_a-exit.o) (_global_impure_ptr)
c:/siliconlabs/simplicitystudio/v5/developer/toolchains/gnu_arm/10.3_2021.10/bin/../lib/gcc/arm-none-eabi/10.3.1/../../../../arm-none-eabi/lib/thumb/v8-m.main+fp/hard\libc_nano.a(lib_a-init.o)
                              c:/siliconlabs/simplicitystudio/v5/developer/toolchains/gnu_arm/10.3_2021.10/bin/../lib/gcc/arm-none-eabi/10.3.1/../../../../arm-none-eabi/lib/thumb/v8-m.main+fp/hard/crt0.o (__libc_init_array)
c:/siliconlabs/simplicitystudio/v5/developer/toolchains/gnu_arm/10.3_2021.10/bin/../lib/gcc/arm-none-eabi/10.3.1/../../../../arm-none-eabi/lib/thumb/v8-m.main+fp/hard\libc_nano.a(lib_a-memcpy-stub.o)
                              ./gecko_sdk_4.2.1/platform/emdrv/uartdrv/src/uartdrv.o (memcpy)
c:/siliconlabs/simplicitystudio/v5/developer/toolchains/gnu_arm/10.3_2021.10/bin/../lib/gcc/arm-none-eabi/10.3.1/../../../../arm-none-eabi/lib/thumb/v8-m.main+fp/hard\libc_nano.a(lib_a-memset.o)
                              c:/siliconlabs/simplicitystudio/v5/developer/toolchains/gnu_arm/10.3_2021.10/bin/../lib/gcc/arm-none-eabi/10.3.1/../../../../arm-none-eabi/lib/thumb/v8-m.main+fp/hard/crt0.o (memset)
c:/siliconlabs/simplicitystudio/v5/developer/toolchains/gnu_arm/10.3_2021.10/bin/../lib/gcc/arm-none-eabi/10.3.1/../../../../arm-none-eabi/lib/thumb/v8-m.main+fp/hard\libc_nano.a(lib_a-setvbuf.o)
                              ./gecko_sdk_4.2.1/platform/service/iostream/src/sl_iostream_stdlib_config.o (setvbuf)
c:/siliconlabs/simplicitystudio/v5/developer/toolchains/gnu_arm/10.3_2021.10/bin/../lib/gcc/arm-none-eabi/10.3.1/../../../../arm-none-eabi/lib/thumb/v8-m.main+fp/hard\libc_nano.a(lib_a-strcmp.o)
                              ./autogen/sl_iostream_handles.o (strcmp)
c:/siliconlabs/simplicitystudio/v5/developer/toolchains/gnu_arm/10.3_2021.10/bin/../lib/gcc/arm-none-eabi/10.3.1/../../../../arm-none-eabi/lib/thumb/v8-m.main+fp/hard\libc_nano.a(lib_a-vprintf.o)
                              ./gecko_sdk_4.2.1/platform/service/iostream/src/sl_iostream.o (vprintf)
c:/siliconlabs/simplicitystudio/v5/developer/toolchains/gnu_arm/10.3_2021.10/bin/../lib/gcc/arm-none-eabi/10.3.1/../../../../arm-none-eabi/lib/thumb/v8-m.main+fp/hard\libc_nano.a(lib_a-fflush.o)
                              c:/siliconlabs/simplicitystudio/v5/developer/toolchains/gnu_arm/10.3_2021.10/bin/../lib/gcc/arm-none-eabi/10.3.1/../../../../arm-none-eabi/lib/thumb/v8-m.main+fp/hard\libc_nano.a(lib_a-setvbuf.o) (_fflush_r)
c:/siliconlabs/simplicitystudio/v5/developer/toolchains/gnu_arm/10.3_2021.10/bin/../lib/gcc/arm-none-eabi/10.3.1/../../../../arm-none-eabi/lib/thumb/v8-m.main+fp/hard\libc_nano.a(lib_a-findfp.o)
[...]
Memory Configuration

Name             Origin             Length             Attributes
FLASH            0x08000000         0x0017e000         xr
RAM              0x20000000         0x00040000         xrw
*default*        0x00000000         0xffffffff

Linker script and memory map

LOAD c:/siliconlabs/simplicitystudio/v5/developer/toolchains/gnu_arm/10.3_2021.10/bin/../lib/gcc/arm-none-eabi/10.3.1/thumb/v8-m.main+fp/hard/crti.o
LOAD c:/siliconlabs/simplicitystudio/v5/developer/toolchains/gnu_arm/10.3_2021.10/bin/../lib/gcc/arm-none-eabi/10.3.1/thumb/v8-m.main+fp/hard/crtbegin.o
LOAD c:/siliconlabs/simplicitystudio/v5/developer/toolchains/gnu_arm/10.3_2021.10/bin/../lib/gcc/arm-none-eabi/10.3.1/../../../../arm-none-eabi/lib/thumb/v8-m.main+fp/hard/crt0.o
START GROUP
LOAD ./app.o
LOAD ./main.o
LOAD ./autogen/sl_board_default_init.o
LOAD ./autogen/sl_device_init_clocks.o
LOAD ./autogen/sl_event_handler.o
LOAD ./autogen/sl_iostream_handles.o
LOAD ./autogen/sl_iostream_init_usart_instances.o
LOAD ./autogen/sl_power_manager_handler.o
LOAD ./gecko_sdk_4.2.1/app/common/util/app_log/app_log.o
LOAD ./gecko_sdk_4.2.1/hardware/board/src/sl_board_control_gpio.o
LOAD ./gecko_sdk_4.2.1/hardware/board/src/sl_board_init.o
LOAD ./gecko_sdk_4.2.1/hardware/driver/configuration_over_swo/src/sl_cos.o
LOAD ./gecko_sdk_4.2.1/hardware/driver/mx25_flash_shutdown/src/sl_mx25_flash_shutdown_eusart/sl_mx25_flash_shutdown.o
LOAD ./gecko_sdk_4.2.1/platform/Device/SiliconLabs/EFR32MG24/Source/startup_efr32mg24.o
LOAD ./gecko_sdk_4.2.1/platform/Device/SiliconLabs/EFR32MG24/Source/system_efr32mg24.o
LOAD ./gecko_sdk_4.2.1/platform/common/src/sl_assert.o
LOAD ./gecko_sdk_4.2.1/platform/common/src/sl_slist.o
LOAD ./gecko_sdk_4.2.1/platform/common/src/sl_string.o
LOAD ./gecko_sdk_4.2.1/platform/common/toolchain/src/sl_memory.o
LOAD ./gecko_sdk_4.2.1/platform/driver/debug/src/sl_debug_swo.o
LOAD ./gecko_sdk_4.2.1/platform/emdrv/dmadrv/src/dmactrl.o
LOAD ./gecko_sdk_4.2.1/platform/emdrv/dmadrv/src/dmadrv.o
LOAD ./gecko_sdk_4.2.1/platform/emdrv/gpiointerrupt/src/gpiointerrupt.o
LOAD ./gecko_sdk_4.2.1/platform/emdrv/uartdrv/src/uartdrv.o
LOAD ./gecko_sdk_4.2.1/platform/emlib/src/em_burtc.o
LOAD ./gecko_sdk_4.2.1/platform/emlib/src/em_cmu.o
LOAD ./gecko_sdk_4.2.1/platform/emlib/src/em_core.o
LOAD ./gecko_sdk_4.2.1/platform/emlib/src/em_emu.o
LOAD ./gecko_sdk_4.2.1/platform/emlib/src/em_eusart.o
LOAD ./gecko_sdk_4.2.1/platform/emlib/src/em_gpio.o
LOAD ./gecko_sdk_4.2.1/platform/emlib/src/em_i2c.o
LOAD ./gecko_sdk_4.2.1/platform/emlib/src/em_ldma.o
LOAD ./gecko_sdk_4.2.1/platform/emlib/src/em_msc.o
LOAD ./gecko_sdk_4.2.1/platform/emlib/src/em_system.o
LOAD ./gecko_sdk_4.2.1/platform/emlib/src/em_timer.o
LOAD ./gecko_sdk_4.2.1/platform/emlib/src/em_usart.o
LOAD ./gecko_sdk_4.2.1/platform/peripheral/src/peripheral_sysrtc.o
LOAD ./gecko_sdk_4.2.1/platform/service/device_init/src/sl_device_init_dcdc_s2.o
LOAD ./gecko_sdk_4.2.1/platform/service/device_init/src/sl_device_init_emu_s2.o
LOAD ./gecko_sdk_4.2.1/platform/service/device_init/src/sl_device_init_hfxo_s2.o
LOAD ./gecko_sdk_4.2.1/platform/service/device_init/src/sl_device_init_lfxo_s2.o
LOAD ./gecko_sdk_4.2.1/platform/service/device_init/src/sl_device_init_nvic.o
LOAD ./gecko_sdk_4.2.1/platform/service/hfxo_manager/src/sl_hfxo_manager.o
LOAD ./gecko_sdk_4.2.1/platform/service/hfxo_manager/src/sl_hfxo_manager_hal_s2.o
LOAD ./gecko_sdk_4.2.1/platform/service/iostream/src/sl_iostream.o
LOAD ./gecko_sdk_4.2.1/platform/service/iostream/src/sl_iostream_retarget_stdio.o
LOAD ./gecko_sdk_4.2.1/platform/service/iostream/src/sl_iostream_stdlib_config.o
LOAD ./gecko_sdk_4.2.1/platform/service/iostream/src/sl_iostream_uart.o
LOAD ./gecko_sdk_4.2.1/platform/service/iostream/src/sl_iostream_usart.o
LOAD ./gecko_sdk_4.2.1/platform/service/power_manager/src/sl_power_manager.o
LOAD ./gecko_sdk_4.2.1/platform/service/power_manager/src/sl_power_manager_debug.o
LOAD ./gecko_sdk_4.2.1/platform/service/power_manager/src/sl_power_manager_hal_s2.o
LOAD ./gecko_sdk_4.2.1/platform/service/sleeptimer/src/sl_sleeptimer.o
LOAD ./gecko_sdk_4.2.1/platform/service/sleeptimer/src/sl_sleeptimer_hal_burtc.o
LOAD ./gecko_sdk_4.2.1/platform/service/sleeptimer/src/sl_sleeptimer_hal_sysrtc.o
LOAD ./gecko_sdk_4.2.1/platform/service/sleeptimer/src/sl_sleeptimer_hal_timer.o
LOAD ./gecko_sdk_4.2.1/platform/service/system/src/sl_system_init.o
LOAD ./gecko_sdk_4.2.1/platform/service/system/src/sl_system_process_action.o
LOAD ./gecko_sdk_4.2.1/platform/service/udelay/src/sl_udelay.o
LOAD ./gecko_sdk_4.2.1/platform/service/udelay/src/sl_udelay_armv6m_gcc.o
LOAD ./src/GPIO.o
LOAD ./src/I2C.o
LOAD ./src/adxl343.o
LOAD ./src/irq.o
LOAD ./src/log.o
LOAD ./src/timers.o
LOAD c:/siliconlabs/simplicitystudio/v5/developer/toolchains/gnu_arm/10.3_2021.10/bin/../lib/gcc/arm-none-eabi/10.3.1/thumb/v8-m.main+fp/hard\libgcc.a
LOAD c:/siliconlabs/simplicitystudio/v5/developer/toolchains/gnu_arm/10.3_2021.10/bin/../lib/gcc/arm-none-eabi/10.3.1/../../../../arm-none-eabi/lib/thumb/v8-m.main+fp/hard\libc_nano.a
LOAD c:/siliconlabs/simplicitystudio/v5/developer/toolchains/gnu_arm/10.3_2021.10/bin/../lib/gcc/arm-none-eabi/10.3.1/../../../../arm-none-eabi/lib/thumb/v8-m.main+fp/hard\libm.a
LOAD c:/siliconlabs/simplicitystudio/v5/developer/toolchains/gnu_arm/10.3_2021.10/bin/../lib/gcc/arm-none-eabi/10.3.1/../../../../arm-none-eabi/lib/thumb/v8-m.main+fp/hard\libnosys.a
END GROUP
START GROUP
LOAD c:/siliconlabs/simplicitystudio/v5/developer/toolchains/gnu_arm/10.3_2021.10/bin/../lib/gcc/arm-none-eabi/10.3.1/thumb/v8-m.main+fp/hard\libgcc.a
LOAD c:/siliconlabs/simplicitystudio/v5/developer/toolchains/gnu_arm/10.3_2021.10/bin/../lib/gcc/arm-none-eabi/10.3.1/../../../../arm-none-eabi/lib/thumb/v8-m.main+fp/hard\libc_nano.a
LOAD c:/siliconlabs/simplicitystudio/v5/developer/toolchains/gnu_arm/10.3_2021.10/bin/../lib/gcc/arm-none-eabi/10.3.1/../../../../arm-none-eabi/lib/thumb/v8-m.main+fp/hard\libnosys.a
END GROUP
START GROUP
LOAD c:/siliconlabs/simplicitystudio/v5/developer/toolchains/gnu_arm/10.3_2021.10/bin/../lib/gcc/arm-none-eabi/10.3.1/thumb/v8-m.main+fp/hard\libgcc.a
LOAD c:/siliconlabs/simplicitystudio/v5/developer/toolchains/gnu_arm/10.3_2021.10/bin/../lib/gcc/arm-none-eabi/10.3.1/../../../../arm-none-eabi/lib/thumb/v8-m.main+fp/hard\libg_nano.a
LOAD c:/siliconlabs/simplicitystudio/v5/developer/toolchains/gnu_arm/10.3_2021.10/bin/../lib/gcc/arm-none-eabi/10.3.1/../../../../arm-none-eabi/lib/thumb/v8-m.main+fp/hard\libc_nano.a
END GROUP
START GROUP
LOAD c:/siliconlabs/simplicitystudio/v5/developer/toolchains/gnu_arm/10.3_2021.10/bin/../lib/gcc/arm-none-eabi/10.3.1/thumb/v8-m.main+fp/hard\libgcc.a
LOAD c:/siliconlabs/simplicitystudio/v5/developer/toolchains/gnu_arm/10.3_2021.10/bin/../lib/gcc/arm-none-eabi/10.3.1/../../../../arm-none-eabi/lib/thumb/v8-m.main+fp/hard\libc_nano.a
END GROUP
LOAD c:/siliconlabs/simplicitystudio/v5/developer/toolchains/gnu_arm/10.3_2021.10/bin/../lib/gcc/arm-none-eabi/10.3.1/thumb/v8-m.main+fp/hard/crtend.o
LOAD c:/siliconlabs/simplicitystudio/v5/developer/toolchains/gnu_arm/10.3_2021.10/bin/../lib/gcc/arm-none-eabi/10.3.1/thumb/v8-m.main+fp/hard/crtn.o

.text           0x08000000     0xb8bc
                0x08000000                linker_vectors_begin = .
 *(.vectors)
 .vectors       0x08000000      0x170 ./gecko_sdk_4.2.1/platform/Device/SiliconLabs/EFR32MG24/Source/startup_efr32mg24.o
                0x08000000                __Vectors
                0x08000170                linker_vectors_end = .
                0x08000170                __Vectors_End = .
                0x08000170                __Vectors_Size = (__Vectors_End - __Vectors)
                0x08000170                linker_code_begin = .
 *(SORT_BY_ALIGNMENT(.text*))
 .text          0x08000170        0x8 ./gecko_sdk_4.2.1/platform/service/udelay/src/sl_udelay_armv6m_gcc.o
                0x08000170                sli_delay_loop
 .text          0x08000178       0x40 c:/siliconlabs/simplicitystudio/v5/developer/toolchains/gnu_arm/10.3_2021.10/bin/../lib/gcc/arm-none-eabi/10.3.1/thumb/v8-m.main+fp/hard/crtbegin.o
 .text          0x080001b8       0x7c c:/siliconlabs/simplicitystudio/v5/developer/toolchains/gnu_arm/10.3_2021.10/bin/../lib/gcc/arm-none-eabi/10.3.1/../../../../arm-none-eabi/lib/thumb/v8-m.main+fp/hard/crt0.o
                0x080001b8                _stack_init
                0x080001c0                _start
                0x080001c0                _mainCRTStartup
 .text.app_init
                0x08000234       0x1c ./app.o
                0x08000234                app_init
 .text.app_process_action
                0x08000250      0x20c ./app.o
                0x08000250                app_process_action
 .text.sl_device_init_clocks
                0x0800045c       0xd4 ./autogen/sl_device_init_clocks.o
                0x0800045c                sl_device_init_clocks
 .text.GPIO_PinOutGet
                0x08000530       0x88 ./autogen/sl_iostream_init_usart_instances.o
 .text.sl_iostream_usart_init_vcom
                0x080005b8       0xec ./autogen/sl_iostream_init_usart_instances.o
                0x080005b8                sl_iostream_usart_init_vcom
 .text.sl_iostream_usart_init_instances
                0x080006a4       0x34 ./autogen/sl_iostream_init_usart_instances.o
                0x080006a4                sl_iostream_usart_init_instances
 .text.USART0_TX_IRQHandler
                0x080006d8       0x10 ./autogen/sl_iostream_init_usart_instances.o
                0x080006d8                USART0_TX_IRQHandler
 .text.USART0_RX_IRQHandler
                0x080006e8       0x10 ./autogen/sl_iostream_init_usart_instances.o
                0x080006e8                USART0_RX_IRQHandler
 .text.sl_iostream_usart_vcom_sleep_on_isr_exit
                0x080006f8       0x14 ./autogen/sl_iostream_init_usart_instances.o
                0x080006f8                sl_iostream_usart_vcom_sleep_on_isr_exit
 .text.events_handler
                0x0800070c       0xa8 ./autogen/sl_iostream_init_usart_instances.o
 .text.app_log_init
                0x080007b4       0x3c ./gecko_sdk_4.2.1/app/common/util/app_log/app_log.o
                0x080007b4                app_log_init
 .text.GPIO_PinOutClear
                0x080007f0       0x84 ./gecko_sdk_4.2.1/hardware/driver/mx25_flash_shutdown/src/sl_mx25_flash_shutdown_eusart/sl_mx25_flash_shutdown.o
 .text.GPIO_PinOutSet
                0x08000874       0x84 ./gecko_sdk_4.2.1/hardware/driver/mx25_flash_shutdown/src/sl_mx25_flash_shutdown_eusart/sl_mx25_flash_shutdown.o
 .text.sl_mx25_flash_shutdown
                0x080008f8      0x150 ./gecko_sdk_4.2.1/hardware/driver/mx25_flash_shutdown/src/sl_mx25_flash_shutdown_eusart/sl_mx25_flash_shutdown.o
                0x080008f8                sl_mx25_flash_shutdown
 .text.Reset_Handler
                0x08000a48       0x98 ./gecko_sdk_4.2.1/platform/Device/SiliconLabs/EFR32MG24/Source/startup_efr32mg24.o
                0x08000a48                Reset_Handler
 .text.__NVIC_EnableIRQ
                0x08000ae0       0x34 ./gecko_sdk_4.2.1/platform/Device/SiliconLabs/EFR32MG24/Source/system_efr32mg24.o
 .text.__NVIC_ClearPendingIRQ
                0x08000b14       0x38 ./gecko_sdk_4.2.1/platform/Device/SiliconLabs/EFR32MG24/Source/system_efr32mg24.o
 .text.SystemInit
                0x08000b4c       0x90 ./gecko_sdk_4.2.1/platform/Device/SiliconLabs/EFR32MG24/Source/system_efr32mg24.o
                0x08000b4c                SystemInit
 .text.SystemHFRCODPLLClockGet
                0x08000bdc        0xc ./gecko_sdk_4.2.1/platform/Device/SiliconLabs/EFR32MG24/Source/system_efr32mg24.o
                0x08000bdc                SystemHFRCODPLLClockGet
 .text.SystemSYSCLKGet
                0x08000be8       0x50 ./gecko_sdk_4.2.1/platform/Device/SiliconLabs/EFR32MG24/Source/system_efr32mg24.o
                0x08000be8                SystemSYSCLKGet
 .text.SystemHCLKGet
                0x08000c38       0x3c ./gecko_sdk_4.2.1/platform/Device/SiliconLabs/EFR32MG24/Source/system_efr32mg24.o
                0x08000c38                SystemHCLKGet
 .text.SystemMaxCoreClockGet
                0x08000c74        0xc ./gecko_sdk_4.2.1/platform/Device/SiliconLabs/EFR32MG24/Source/system_efr32mg24.o
                0x08000c74                SystemMaxCoreClockGet
 .text.SystemHFXOClockGet
                0x08000c80        0xc ./gecko_sdk_4.2.1/platform/Device/SiliconLabs/EFR32MG24/Source/system_efr32mg24.o
                0x08000c80                SystemHFXOClockGet
 .text.SystemHFXOClockSet
                0x08000c8c       0x2c ./gecko_sdk_4.2.1/platform/Device/SiliconLabs/EFR32MG24/Source/system_efr32mg24.o
                0x08000c8c                SystemHFXOClockSet
 .text.SystemFSRCOClockGet
                0x08000cb8        0xc ./gecko_sdk_4.2.1/platform/Device/SiliconLabs/EFR32MG24/Source/system_efr32mg24.o
                0x08000cb8                SystemFSRCOClockGet
 .text.SystemHFRCOEM23ClockGet
                0x08000cc4       0xe0 ./gecko_sdk_4.2.1/platform/Device/SiliconLabs/EFR32MG24/Source/system_efr32mg24.o
                0x08000cc4                SystemHFRCOEM23ClockGet
 .text.SystemLFXOClockGet
                0x08000da4        0xc ./gecko_sdk_4.2.1/platform/Device/SiliconLabs/EFR32MG24/Source/system_efr32mg24.o
                0x08000da4                SystemLFXOClockGet
 .text.sl_slist_push
                0x08000db0       0x38 ./gecko_sdk_4.2.1/platform/common/src/sl_slist.o
                0x08000db0                sl_slist_push
 .text._sbrk    0x08000de8       0x3c ./gecko_sdk_4.2.1/platform/common/toolchain/src/sl_memory.o
                0x08000de8                _sbrk
 .text.BUS_RegBitWrite
                0x08000e24       0x48 ./gecko_sdk_4.2.1/platform/driver/debug/src/sl_debug_swo.o
 .text.GPIO_DbgSWOEnable
                0x08000e6c       0x30 ./gecko_sdk_4.2.1/platform/driver/debug/src/sl_debug_swo.o
 .text.sl_debug_swo_init
                0x08000e9c      0x168 ./gecko_sdk_4.2.1/platform/driver/debug/src/sl_debug_swo.o
                0x08000e9c                sl_debug_swo_init
 .text.DMADRV_AllocateChannel
                0x08001004       0xa0 ./gecko_sdk_4.2.1/platform/emdrv/dmadrv/src/dmadrv.o
                0x08001004                DMADRV_AllocateChannel
 .text.DMADRV_DeInit
                0x080010a4       0x78 ./gecko_sdk_4.2.1/platform/emdrv/dmadrv/src/dmadrv.o
                0x080010a4                DMADRV_DeInit
 .text.DMADRV_FreeChannel
                0x0800111c       0x74 ./gecko_sdk_4.2.1/platform/emdrv/dmadrv/src/dmadrv.o
                0x0800111c                DMADRV_FreeChannel
 .text.DMADRV_Init
                0x08001190       0x7c ./gecko_sdk_4.2.1/platform/emdrv/dmadrv/src/dmadrv.o
                0x08001190                DMADRV_Init
 .text.DMADRV_PauseTransfer
                0x0800120c       0x64 ./gecko_sdk_4.2.1/platform/emdrv/dmadrv/src/dmadrv.o
                0x0800120c                DMADRV_PauseTransfer
 .text.DMADRV_ResumeTransfer
                0x08001270       0x64 ./gecko_sdk_4.2.1/platform/emdrv/dmadrv/src/dmadrv.o
                0x08001270                DMADRV_ResumeTransfer
 .text.DMADRV_StopTransfer
                0x080012d4       0x64 ./gecko_sdk_4.2.1/platform/emdrv/dmadrv/src/dmadrv.o
                0x080012d4                DMADRV_StopTransfer
 .text.DMADRV_TransferCompletePending
                0x08001338       0x84 ./gecko_sdk_4.2.1/platform/emdrv/dmadrv/src/dmadrv.o
                0x08001338                DMADRV_TransferCompletePending
 .text.DMADRV_TransferDone
                0x080013bc       0x74 ./gecko_sdk_4.2.1/platform/emdrv/dmadrv/src/dmadrv.o
                0x080013bc                DMADRV_TransferDone
 .text.LDMA_IRQHandler
                0x08001430       0xec ./gecko_sdk_4.2.1/platform/emdrv/dmadrv/src/dmadrv.o
                0x08001430                LDMA_IRQHandler
 .text.StartTransfer
                0x0800151c      0x21c ./gecko_sdk_4.2.1/platform/emdrv/dmadrv/src/dmadrv.o
 .text.__NVIC_EnableIRQ
                0x08001738       0x34 ./gecko_sdk_4.2.1/platform/emdrv/gpiointerrupt/src/gpiointerrupt.o
 .text.__NVIC_ClearPendingIRQ
                0x0800176c       0x38 ./gecko_sdk_4.2.1/platform/emdrv/gpiointerrupt/src/gpiointerrupt.o
 .text.GPIO_IntClear
                0x080017a4       0x1c ./gecko_sdk_4.2.1/platform/emdrv/gpiointerrupt/src/gpiointerrupt.o
 .text.GPIO_IntGetEnabled
                0x080017c0       0x20 ./gecko_sdk_4.2.1/platform/emdrv/gpiointerrupt/src/gpiointerrupt.o
 .text.GPIOINT_IRQDispatcher
                0x080017e0       0x74 ./gecko_sdk_4.2.1/platform/emdrv/gpiointerrupt/src/gpiointerrupt.o
 .text.BUS_RegBitWrite
                0x08001854       0x48 ./gecko_sdk_4.2.1/platform/emlib/src/em_cmu.o
 .text.EMU_VScaleWait
                0x0800189c       0x1c ./gecko_sdk_4.2.1/platform/emlib/src/em_cmu.o
 .text.EMU_VScaleGet
                0x080018b8       0x1c ./gecko_sdk_4.2.1/platform/emlib/src/em_cmu.o
 .text.MSC_LockGetLocked
                0x080018d4       0x1c ./gecko_sdk_4.2.1/platform/emlib/src/em_cmu.o
 .text.MSC_LockSetLocked
                0x080018f0       0x10 ./gecko_sdk_4.2.1/platform/emlib/src/em_cmu.o
 .text.MSC_LockSetUnlocked
                0x08001900       0x10 ./gecko_sdk_4.2.1/platform/emlib/src/em_cmu.o
 .text.MSC_ReadCTRLGet
                0x08001910        0xc ./gecko_sdk_4.2.1/platform/emlib/src/em_cmu.o
 .text.MSC_ReadCTRLSet
                0x0800191c       0x14 ./gecko_sdk_4.2.1/platform/emlib/src/em_cmu.o
 .text.CMU_ClockDivGet
                0x08001930       0xec ./gecko_sdk_4.2.1/platform/emlib/src/em_cmu.o
                0x08001930                CMU_ClockDivGet
 .text.CMU_ClockDivSet
                0x08001a1c      0x1b0 ./gecko_sdk_4.2.1/platform/emlib/src/em_cmu.o
                0x08001a1c                CMU_ClockDivSet
 .text.CMU_ClockEnable
                0x08001bcc       0x74 ./gecko_sdk_4.2.1/platform/emlib/src/em_cmu.o
                0x08001bcc                CMU_ClockEnable
 .text.CMU_ClockFreqGet
                0x08001c40      0x6a8 ./gecko_sdk_4.2.1/platform/emlib/src/em_cmu.o
                0x08001c40                CMU_ClockFreqGet
 .text.CMU_ClockSelectGet
                0x080022e8      0x3e4 ./gecko_sdk_4.2.1/platform/emlib/src/em_cmu.o
                0x080022e8                CMU_ClockSelectGet
 .text.sli_em_cmu_HFXOSetForceEnable
                0x080026cc       0x28 ./gecko_sdk_4.2.1/platform/emlib/src/em_cmu.o
                0x080026cc                sli_em_cmu_HFXOSetForceEnable
 .text.CMU_HFXOInit
                0x080026f4      0x2f4 ./gecko_sdk_4.2.1/platform/emlib/src/em_cmu.o
                0x080026f4                CMU_HFXOInit
 .text.CMU_HFXOCTuneDeltaGet
                0x080029e8       0x10 ./gecko_sdk_4.2.1/platform/emlib/src/em_cmu.o
                0x080029e8                CMU_HFXOCTuneDeltaGet
 .text.CMU_LFXOInit
                0x080029f8      0x120 ./gecko_sdk_4.2.1/platform/emlib/src/em_cmu.o
                0x080029f8                CMU_LFXOInit
 .text.CMU_LFXOPrecisionSet
                0x08002b18       0x1c ./gecko_sdk_4.2.1/platform/emlib/src/em_cmu.o
                0x08002b18                CMU_LFXOPrecisionSet
 .text.eusart0ClkGet
                0x08002b34       0xa8 ./gecko_sdk_4.2.1/platform/emlib/src/em_cmu.o
 .text.em01GrpcClkGet
                0x08002bdc       0xbc ./gecko_sdk_4.2.1/platform/emlib/src/em_cmu.o
 .text.vdac0ClkGet
                0x08002c98       0xa8 ./gecko_sdk_4.2.1/platform/emlib/src/em_cmu.o
 .text.vdac1ClkGet
                0x08002d40       0xa8 ./gecko_sdk_4.2.1/platform/emlib/src/em_cmu.o
 .text.pcnt0ClkGet
                0x08002de8       0x74 ./gecko_sdk_4.2.1/platform/emlib/src/em_cmu.o
 .text.rhclkPrescMax
                0x08002e5c       0x18 ./gecko_sdk_4.2.1/platform/emlib/src/em_cmu.o
 .text.rhclkPrescOptimize
                0x08002e74       0x2c ./gecko_sdk_4.2.1/platform/emlib/src/em_cmu.o
 .text.traceClkGet
                0x08002ea0       0x84 ./gecko_sdk_4.2.1/platform/emlib/src/em_cmu.o
 .text.dpllRefClkGet
                0x08002f24       0x94 ./gecko_sdk_4.2.1/platform/emlib/src/em_cmu.o
 .text.em01GrpaClkGet
                0x08002fb8       0xbc ./gecko_sdk_4.2.1/platform/emlib/src/em_cmu.o
 .text.em23GrpaClkGet
                0x08003074       0x84 ./gecko_sdk_4.2.1/platform/emlib/src/em_cmu.o
 .text.em4GrpaClkGet
                0x080030f8       0x84 ./gecko_sdk_4.2.1/platform/emlib/src/em_cmu.o
 .text.getWaitStatesByFrequencyAndVScale
                0x0800317c       0x54 ./gecko_sdk_4.2.1/platform/emlib/src/em_cmu.o
 .text.flashWaitStateControl
                0x080031d0       0x70 ./gecko_sdk_4.2.1/platform/emlib/src/em_cmu.o
 .text.iadcClkGet
                0x08003240       0x8c ./gecko_sdk_4.2.1/platform/emlib/src/em_cmu.o
 .text.pclkDivOptimize
                0x080032cc       0x34 ./gecko_sdk_4.2.1/platform/emlib/src/em_cmu.o
 .text.sysrtcClkGet
                0x08003300       0x84 ./gecko_sdk_4.2.1/platform/emlib/src/em_cmu.o
 .text.wdog0ClkGet
                0x08003384       0xa0 ./gecko_sdk_4.2.1/platform/emlib/src/em_cmu.o
 .text.wdog1ClkGet
                0x08003424       0xa0 ./gecko_sdk_4.2.1/platform/emlib/src/em_cmu.o
 .text.sysTickClkGet
                0x080034c4       0x58 ./gecko_sdk_4.2.1/platform/emlib/src/em_cmu.o
 .text.CORE_NvicIRQDisabled
                0x0800351c       0x60 ./gecko_sdk_4.2.1/platform/emlib/src/em_core.o
                0x0800351c                CORE_NvicIRQDisabled
 .text.EMU_DCDCLock
                0x0800357c       0x14 ./gecko_sdk_4.2.1/platform/emlib/src/em_emu.o
 .text.EMU_DCDCUnlock
                0x08003590       0x10 ./gecko_sdk_4.2.1/platform/emlib/src/em_emu.o
 .text.EMU_DCDCSync
                0x080035a0       0x20 ./gecko_sdk_4.2.1/platform/emlib/src/em_emu.o
 .text.EMU_VScaleWait
                0x080035c0       0x1c ./gecko_sdk_4.2.1/platform/emlib/src/em_emu.o
 .text.EMU_VScaleGet
                0x080035dc       0x1c ./gecko_sdk_4.2.1/platform/emlib/src/em_emu.o
 .text.EMU_EM01Init
                0x080035f8       0x24 ./gecko_sdk_4.2.1/platform/emlib/src/em_emu.o
                0x080035f8                EMU_EM01Init
 .text.EMU_EM23Init
                0x0800361c       0x24 ./gecko_sdk_4.2.1/platform/emlib/src/em_emu.o
                0x0800361c                EMU_EM23Init
 .text.EMU_EnterEM2
                0x08003640       0x48 ./gecko_sdk_4.2.1/platform/emlib/src/em_emu.o
                0x08003640                EMU_EnterEM2
 .text.EMU_EnterEM3
                0x08003688       0x40 ./gecko_sdk_4.2.1/platform/emlib/src/em_emu.o
                0x08003688                EMU_EnterEM3
 .text.EMU_EM4Init
                0x080036c8       0x24 ./gecko_sdk_4.2.1/platform/emlib/src/em_emu.o
                0x080036c8                EMU_EM4Init
 .text.EMU_VScaleEM01ByClock
                0x080036ec       0x5c ./gecko_sdk_4.2.1/platform/emlib/src/em_emu.o
                0x080036ec                EMU_VScaleEM01ByClock
 .text.EMU_VScaleEM01
                0x08003748       0xdc ./gecko_sdk_4.2.1/platform/emlib/src/em_emu.o
                0x08003748                EMU_VScaleEM01
 .text.EMU_DCDCModeSet
                0x08003824       0xc0 ./gecko_sdk_4.2.1/platform/emlib/src/em_emu.o
                0x08003824                EMU_DCDCModeSet
 .text.EMU_DCDCInit
                0x080038e4       0xa8 ./gecko_sdk_4.2.1/platform/emlib/src/em_emu.o
                0x080038e4                EMU_DCDCInit
 .text.EMU_DCDCSetPFMXModePeakCurrent
                0x0800398c       0xb4 ./gecko_sdk_4.2.1/platform/emlib/src/em_emu.o
                0x0800398c                EMU_DCDCSetPFMXModePeakCurrent
 .text.EUSART_SpiInit
                0x08003a40       0xe8 ./gecko_sdk_4.2.1/platform/emlib/src/em_eusart.o
                0x08003a40                EUSART_SpiInit
 .text.EUSART_Reset
                0x08003b28       0xa4 ./gecko_sdk_4.2.1/platform/emlib/src/em_eusart.o
                0x08003b28                EUSART_Reset
 .text.EUSART_Enable
                0x08003bcc       0xbc ./gecko_sdk_4.2.1/platform/emlib/src/em_eusart.o
                0x08003bcc                EUSART_Enable
 .text.EUSART_BaudrateSet
                0x08003c88      0x290 ./gecko_sdk_4.2.1/platform/emlib/src/em_eusart.o
                0x08003c88                EUSART_BaudrateSet
 .text.EUSART_ClockGet
                0x08003f18       0x48 ./gecko_sdk_4.2.1/platform/emlib/src/em_eusart.o
 .text.EUSART_SyncInitCommon
                0x08003f60      0x240 ./gecko_sdk_4.2.1/platform/emlib/src/em_eusart.o
 .text.GPIO_PinOutClear
                0x080041a0       0x84 ./gecko_sdk_4.2.1/platform/emlib/src/em_gpio.o
 .text.GPIO_PinOutSet
                0x08004224       0x84 ./gecko_sdk_4.2.1/platform/emlib/src/em_gpio.o
 .text.GPIO_PinModeSet
                0x080042a8      0x124 ./gecko_sdk_4.2.1/platform/emlib/src/em_gpio.o
                0x080042a8                GPIO_PinModeSet
 .text.BUS_RegBitWrite
                0x080043cc       0x48 ./gecko_sdk_4.2.1/platform/emlib/src/em_i2c.o
 .text.I2C_BusFreqSet
                0x08004414      0x1a8 ./gecko_sdk_4.2.1/platform/emlib/src/em_i2c.o
                0x08004414                I2C_BusFreqSet
 .text.I2C_Enable
                0x080045bc       0x48 ./gecko_sdk_4.2.1/platform/emlib/src/em_i2c.o
                0x080045bc                I2C_Enable
 .text.I2C_Init
                0x08004604       0x7c ./gecko_sdk_4.2.1/platform/emlib/src/em_i2c.o
                0x08004604                I2C_Init
 .text.I2C_Transfer
                0x08004680      0x4c8 ./gecko_sdk_4.2.1/platform/emlib/src/em_i2c.o
                0x08004680                I2C_Transfer
 .text.I2C_TransferInit
                0x08004b48       0xf8 ./gecko_sdk_4.2.1/platform/emlib/src/em_i2c.o
                0x08004b48                I2C_TransferInit
 .text.__NVIC_EnableIRQ
                0x08004c40       0x34 ./gecko_sdk_4.2.1/platform/emlib/src/em_ldma.o
 .text.__NVIC_DisableIRQ
                0x08004c74       0x44 ./gecko_sdk_4.2.1/platform/emlib/src/em_ldma.o
 .text.__NVIC_ClearPendingIRQ
                0x08004cb8       0x38 ./gecko_sdk_4.2.1/platform/emlib/src/em_ldma.o
 .text.__NVIC_SetPriority
                0x08004cf0       0x50 ./gecko_sdk_4.2.1/platform/emlib/src/em_ldma.o
 .text.BUS_RegBitWrite
                0x08004d40       0x48 ./gecko_sdk_4.2.1/platform/emlib/src/em_ldma.o
 .text.LDMA_DeInit
                0x08004d88       0x34 ./gecko_sdk_4.2.1/platform/emlib/src/em_ldma.o
                0x08004d88                LDMA_DeInit
 .text.LDMA_EnableChannelRequest
                0x08004dbc       0x40 ./gecko_sdk_4.2.1/platform/emlib/src/em_ldma.o
                0x08004dbc                LDMA_EnableChannelRequest
 .text.LDMA_Init
                0x08004dfc       0xec ./gecko_sdk_4.2.1/platform/emlib/src/em_ldma.o
                0x08004dfc                LDMA_Init
 .text.LDMA_StartTransfer
                0x08004ee8      0x208 ./gecko_sdk_4.2.1/platform/emlib/src/em_ldma.o
                0x08004ee8                LDMA_StartTransfer
 .text.LDMA_StopTransfer
                0x080050f0       0x54 ./gecko_sdk_4.2.1/platform/emlib/src/em_ldma.o
                0x080050f0                LDMA_StopTransfer
 .text.LDMA_TransferDone
                0x08005144       0x68 ./gecko_sdk_4.2.1/platform/emlib/src/em_ldma.o
                0x08005144                LDMA_TransferDone
 .text.TIMER_Valid
                0x080051ac       0x54 ./gecko_sdk_4.2.1/platform/emlib/src/em_timer.o
 .text.TIMER_Init
                0x08005200      0x130 ./gecko_sdk_4.2.1/platform/emlib/src/em_timer.o
                0x08005200                TIMER_Init
 .text.prsRxInput
                0x08005330       0x38 ./gecko_sdk_4.2.1/platform/emlib/src/em_usart.o
 .text.USART_BaudrateAsyncSet
                0x08005368      0x14c ./gecko_sdk_4.2.1/platform/emlib/src/em_usart.o
                0x08005368                USART_BaudrateAsyncSet
 .text.USART_Enable
                0x080054b4       0x70 ./gecko_sdk_4.2.1/platform/emlib/src/em_usart.o
                0x080054b4                USART_Enable
 .text.USART_InitAsync
                0x08005524      0x134 ./gecko_sdk_4.2.1/platform/emlib/src/em_usart.o
                0x08005524                USART_InitAsync
 .text.USART_Reset
                0x08005658       0xa0 ./gecko_sdk_4.2.1/platform/emlib/src/em_usart.o
                0x08005658                USART_Reset
 .text.sl_sysrtc_wait_sync
                0x080056f8       0x20 ./gecko_sdk_4.2.1/platform/peripheral/src/peripheral_sysrtc.o
 .text.sl_sysrtc_wait_ready
                0x08005718       0x2c ./gecko_sdk_4.2.1/platform/peripheral/src/peripheral_sysrtc.o
 .text.sl_sysrtc_stop
                0x08005744       0x14 ./gecko_sdk_4.2.1/platform/peripheral/src/peripheral_sysrtc.o
 .text.sl_sysrtc_init
                0x08005758       0x38 ./gecko_sdk_4.2.1/platform/peripheral/src/peripheral_sysrtc.o
                0x08005758                sl_sysrtc_init
 .text.sl_sysrtc_enable
                0x08005790       0x20 ./gecko_sdk_4.2.1/platform/peripheral/src/peripheral_sysrtc.o
                0x08005790                sl_sysrtc_enable
 .text.sl_sysrtc_disable
                0x080057b0       0x24 ./gecko_sdk_4.2.1/platform/peripheral/src/peripheral_sysrtc.o
                0x080057b0                sl_sysrtc_disable
 .text.sl_sysrtc_init_group
                0x080057d4       0xbc ./gecko_sdk_4.2.1/platform/peripheral/src/peripheral_sysrtc.o
                0x080057d4                sl_sysrtc_init_group
 .text.sl_sysrtc_enable_group_interrupts
                0x08005890       0x44 ./gecko_sdk_4.2.1/platform/peripheral/src/peripheral_sysrtc.o
                0x08005890                sl_sysrtc_enable_group_interrupts
 .text.sl_sysrtc_disable_group_interrupts
                0x080058d4       0x44 ./gecko_sdk_4.2.1/platform/peripheral/src/peripheral_sysrtc.o
                0x080058d4                sl_sysrtc_disable_group_interrupts
 .text.sl_sysrtc_clear_group_interrupts
                0x08005918       0x44 ./gecko_sdk_4.2.1/platform/peripheral/src/peripheral_sysrtc.o
                0x08005918                sl_sysrtc_clear_group_interrupts
 .text.sl_sysrtc_get_group_interrupts
                0x0800595c       0x3c ./gecko_sdk_4.2.1/platform/peripheral/src/peripheral_sysrtc.o
                0x0800595c                sl_sysrtc_get_group_interrupts
 .text.sl_sysrtc_get_group_compare_channel_value
                0x08005998       0x5c ./gecko_sdk_4.2.1/platform/peripheral/src/peripheral_sysrtc.o
                0x08005998                sl_sysrtc_get_group_compare_channel_value
 .text.sl_sysrtc_set_group_compare_channel_value
                0x080059f4       0x5c ./gecko_sdk_4.2.1/platform/peripheral/src/peripheral_sysrtc.o
                0x080059f4                sl_sysrtc_set_group_compare_channel_value
 .text.sl_device_init_dcdc
                0x08005a50       0x34 ./gecko_sdk_4.2.1/platform/service/device_init/src/sl_device_init_dcdc_s2.o
                0x08005a50                sl_device_init_dcdc
 .text.sl_device_init_emu
                0x08005a84       0x34 ./gecko_sdk_4.2.1/platform/service/device_init/src/sl_device_init_emu_s2.o
                0x08005a84                sl_device_init_emu
 .text.sl_device_init_hfxo
                0x08005ab8       0xc4 ./gecko_sdk_4.2.1/platform/service/device_init/src/sl_device_init_hfxo_s2.o
                0x08005ab8                sl_device_init_hfxo
 .text.sl_device_init_lfxo
                0x08005b7c       0x3c ./gecko_sdk_4.2.1/platform/service/device_init/src/sl_device_init_lfxo_s2.o
                0x08005b7c                sl_device_init_lfxo
 .text.__NVIC_SetPriority
                0x08005bb8       0x50 ./gecko_sdk_4.2.1/platform/service/device_init/src/sl_device_init_nvic.o
 .text.sl_hfxo_manager_init
                0x08005c08       0x88 ./gecko_sdk_4.2.1/platform/service/hfxo_manager/src/sl_hfxo_manager.o
                0x08005c08                sl_hfxo_manager_init
 .text.sli_hfxo_manager_begin_startup_measurement
                0x08005c90       0x20 ./gecko_sdk_4.2.1/platform/service/hfxo_manager/src/sl_hfxo_manager.o
                0x08005c90                sli_hfxo_manager_begin_startup_measurement
 .text.sli_hfxo_manager_end_startup_measurement
                0x08005cb0       0xc8 ./gecko_sdk_4.2.1/platform/service/hfxo_manager/src/sl_hfxo_manager.o
                0x08005cb0                sli_hfxo_manager_end_startup_measurement
 .text.sli_hfxo_manager_get_startup_time
                0x08005d78        0xc ./gecko_sdk_4.2.1/platform/service/hfxo_manager/src/sl_hfxo_manager.o
                0x08005d78                sli_hfxo_manager_get_startup_time
 .text.__NVIC_EnableIRQ
                0x08005d84       0x34 ./gecko_sdk_4.2.1/platform/service/hfxo_manager/src/sl_hfxo_manager_hal_s2.o
 .text.__NVIC_ClearPendingIRQ
                0x08005db8       0x38 ./gecko_sdk_4.2.1/platform/service/hfxo_manager/src/sl_hfxo_manager_hal_s2.o
 .text.__NVIC_SetPriority
                0x08005df0       0x50 ./gecko_sdk_4.2.1/platform/service/hfxo_manager/src/sl_hfxo_manager_hal_s2.o
 .text.sli_hfxo_manager_init_hardware
                0x08005e40       0x58 ./gecko_sdk_4.2.1/platform/service/hfxo_manager/src/sl_hfxo_manager_hal_s2.o
                0x08005e40                sli_hfxo_manager_init_hardware
 .text.sli_hfxo_manager_is_hfxo_ready
                0x08005e98       0x68 ./gecko_sdk_4.2.1/platform/service/hfxo_manager/src/sl_hfxo_manager_hal_s2.o
                0x08005e98                sli_hfxo_manager_is_hfxo_ready
 .text.sl_hfxo_manager_irq_handler
                0x08005f00       0x64 ./gecko_sdk_4.2.1/platform/service/hfxo_manager/src/sl_hfxo_manager_hal_s2.o
                0x08005f00                sl_hfxo_manager_irq_handler
 .text.sl_iostream_set_default
                0x08005f64       0x28 ./gecko_sdk_4.2.1/platform/service/iostream/src/sl_iostream.o
                0x08005f64                sl_iostream_set_default
 .text.sl_iostream_get_default
                0x08005f8c       0x28 ./gecko_sdk_4.2.1/platform/service/iostream/src/sl_iostream.o
                0x08005f8c                sl_iostream_get_default
 .text._write   0x08005fb4       0x34 ./gecko_sdk_4.2.1/platform/service/iostream/src/sl_iostream_retarget_stdio.o
                0x08005fb4                _write
 .text.sl_iostream_stdlib_disable_buffering
                0x08005fe8       0x1c ./gecko_sdk_4.2.1/platform/service/iostream/src/sl_iostream_stdlib_config.o
                0x08005fe8                sl_iostream_stdlib_disable_buffering
 .text.__NVIC_EnableIRQ
                0x08006004       0x34 ./gecko_sdk_4.2.1/platform/service/iostream/src/sl_iostream_uart.o
 .text.__NVIC_DisableIRQ
                0x08006038       0x44 ./gecko_sdk_4.2.1/platform/service/iostream/src/sl_iostream_uart.o
 .text.__NVIC_ClearPendingIRQ
                0x0800607c       0x38 ./gecko_sdk_4.2.1/platform/service/iostream/src/sl_iostream_uart.o
 .text.sli_iostream_uart_context_init
                0x080060b4      0x1e0 ./gecko_sdk_4.2.1/platform/service/iostream/src/sl_iostream_uart.o
                0x080060b4                sli_iostream_uart_context_init
 .text.sli_uart_txc
                0x08006294       0x60 ./gecko_sdk_4.2.1/platform/service/iostream/src/sl_iostream_uart.o
                0x08006294                sli_uart_txc
 .text.uart_deinit
                0x080062f4       0xec ./gecko_sdk_4.2.1/platform/service/iostream/src/sl_iostream_uart.o
 .text.scan_for_ctrl_char
                0x080063e0       0xbc ./gecko_sdk_4.2.1/platform/service/iostream/src/sl_iostream_uart.o
 .text.dma_irq_handler
                0x0800649c       0xd0 ./gecko_sdk_4.2.1/platform/service/iostream/src/sl_iostream_uart.o
 .text.get_write_ptr
                0x0800656c       0x54 ./gecko_sdk_4.2.1/platform/service/iostream/src/sl_iostream_uart.o
 .text.update_ring_buffer
                0x080065c0      0x148 ./gecko_sdk_4.2.1/platform/service/iostream/src/sl_iostream_uart.o
 .text.read_rx_buffer
                0x08006708      0x1cc ./gecko_sdk_4.2.1/platform/service/iostream/src/sl_iostream_uart.o
 .text.sl_iostream_usart_init
                0x080068d4      0x280 ./gecko_sdk_4.2.1/platform/service/iostream/src/sl_iostream_usart.o
                0x080068d4                sl_iostream_usart_init
 .text.sl_iostream_usart_irq_handler
                0x08006b54      0x120 ./gecko_sdk_4.2.1/platform/service/iostream/src/sl_iostream_usart.o
                0x08006b54                sl_iostream_usart_irq_handler
 .text.sl_power_manager_init
                0x08006c74       0x80 ./gecko_sdk_4.2.1/platform/service/power_manager/src/sl_power_manager.o
                0x08006c74                sl_power_manager_init
 .text.sl_power_manager_sleep
                0x08006cf4      0x204 ./gecko_sdk_4.2.1/platform/service/power_manager/src/sl_power_manager.o
                0x08006cf4                sl_power_manager_sleep
 .text.sli_power_manager_update_em_requirement
                0x08006ef8      0x108 ./gecko_sdk_4.2.1/platform/service/power_manager/src/sl_power_manager.o
                0x08006ef8                sli_power_manager_update_em_requirement
 .text.sli_power_manager_get_restore_delay
                0x08007000       0x48 ./gecko_sdk_4.2.1/platform/service/power_manager/src/sl_power_manager.o
                0x08007000                sli_power_manager_get_restore_delay
 .text.sl_power_manager_subscribe_em_transition_event
                0x08007048       0x30 ./gecko_sdk_4.2.1/platform/service/power_manager/src/sl_power_manager.o
                0x08007048                sl_power_manager_subscribe_em_transition_event
 .text.sl_power_manager_schedule_wakeup_get_restore_overhead_tick
                0x08007078       0x14 ./gecko_sdk_4.2.1/platform/service/power_manager/src/sl_power_manager.o
                0x08007078                sl_power_manager_schedule_wakeup_get_restore_overhead_tick
 .text.sli_power_manager_convert_delay_us_to_tick
                0x0800708c       0x2c ./gecko_sdk_4.2.1/platform/service/power_manager/src/sl_power_manager.o
                0x0800708c                sli_power_manager_convert_delay_us_to_tick
 .text.sl_power_manager_is_latest_wakeup_internal
                0x080070b8       0x4c ./gecko_sdk_4.2.1/platform/service/power_manager/src/sl_power_manager.o
                0x080070b8                sl_power_manager_is_latest_wakeup_internal
 .text.get_lowest_em
                0x08007104       0x34 ./gecko_sdk_4.2.1/platform/service/power_manager/src/sl_power_manager.o
 .text.power_manager_notify_em_transition
                0x08007138       0xec ./gecko_sdk_4.2.1/platform/service/power_manager/src/sl_power_manager.o
 .text.evaluate_wakeup
                0x08007224       0xf8 ./gecko_sdk_4.2.1/platform/service/power_manager/src/sl_power_manager.o
 .text.update_em1_requirement
                0x0800731c       0x94 ./gecko_sdk_4.2.1/platform/service/power_manager/src/sl_power_manager.o
 .text.clock_restore_and_wait
                0x080073b0       0x88 ./gecko_sdk_4.2.1/platform/service/power_manager/src/sl_power_manager.o
 .text.clock_restore
                0x08007438       0x6c ./gecko_sdk_4.2.1/platform/service/power_manager/src/sl_power_manager.o
 .text.on_clock_wakeup_timeout
                0x080074a4       0x34 ./gecko_sdk_4.2.1/platform/service/power_manager/src/sl_power_manager.o
 .text.sli_hfxo_manager_notify_ready_for_power_manager
                0x080074d8       0x48 ./gecko_sdk_4.2.1/platform/service/power_manager/src/sl_power_manager.o
                0x080074d8                sli_hfxo_manager_notify_ready_for_power_manager
 .text.EMU_EnterEM1
                0x08007520       0x18 ./gecko_sdk_4.2.1/platform/service/power_manager/src/sl_power_manager_hal_s2.o
 .text.sli_power_manager_init_hardware
                0x08007538      0x210 ./gecko_sdk_4.2.1/platform/service/power_manager/src/sl_power_manager_hal_s2.o
                0x08007538                sli_power_manager_init_hardware
 .text.sli_power_manager_em23_voltage_scaling_enable_fast_wakeup
                0x08007748       0x88 ./gecko_sdk_4.2.1/platform/service/power_manager/src/sl_power_manager_hal_s2.o
                0x08007748                sli_power_manager_em23_voltage_scaling_enable_fast_wakeup
 .text.EMU_EM23PresleepHook
                0x080077d0       0x30 ./gecko_sdk_4.2.1/platform/service/power_manager/src/sl_power_manager_hal_s2.o
                0x080077d0                EMU_EM23PresleepHook
 .text.EMU_EM23PostsleepHook
                0x08007800       0x70 ./gecko_sdk_4.2.1/platform/service/power_manager/src/sl_power_manager_hal_s2.o
                0x08007800                EMU_EM23PostsleepHook
 .text.sli_power_manager_handle_pre_deepsleep_operations
                0x08007870       0x10 ./gecko_sdk_4.2.1/platform/service/power_manager/src/sl_power_manager_hal_s2.o
                0x08007870                sli_power_manager_handle_pre_deepsleep_operations
 .text.sli_power_manager_restore_high_freq_accuracy_clk
                0x08007880       0x70 ./gecko_sdk_4.2.1/platform/service/power_manager/src/sl_power_manager_hal_s2.o
                0x08007880                sli_power_manager_restore_high_freq_accuracy_clk
 .text.sli_power_manager_is_high_freq_accuracy_clk_ready
                0x080078f0       0x34 ./gecko_sdk_4.2.1/platform/service/power_manager/src/sl_power_manager_hal_s2.o
                0x080078f0                sli_power_manager_is_high_freq_accuracy_clk_ready
 .text.sli_power_manager_restore_states
                0x08007924       0x48 ./gecko_sdk_4.2.1/platform/service/power_manager/src/sl_power_manager_hal_s2.o
                0x08007924                sli_power_manager_restore_states
 .text.sli_power_manager_apply_em
                0x0800796c       0x50 ./gecko_sdk_4.2.1/platform/service/power_manager/src/sl_power_manager_hal_s2.o
                0x0800796c                sli_power_manager_apply_em
 .text.sli_power_manager_get_wakeup_process_time_overhead
                0x080079bc       0x3c ./gecko_sdk_4.2.1/platform/service/power_manager/src/sl_power_manager_hal_s2.o
                0x080079bc                sli_power_manager_get_wakeup_process_time_overhead
 .text.sl_sleeptimer_init
                0x080079f8       0xa0 ./gecko_sdk_4.2.1/platform/service/sleeptimer/src/sl_sleeptimer.o
                0x080079f8                sl_sleeptimer_init
 .text.sl_sleeptimer_stop_timer
                0x08007a98       0x80 ./gecko_sdk_4.2.1/platform/service/sleeptimer/src/sl_sleeptimer.o
                0x08007a98                sl_sleeptimer_stop_timer
 .text.sl_sleeptimer_get_remaining_time_of_first_timer
                0x08007b18       0x94 ./gecko_sdk_4.2.1/platform/service/sleeptimer/src/sl_sleeptimer.o
                0x08007b18                sl_sleeptimer_get_remaining_time_of_first_timer
 .text.sli_sleeptimer_is_power_manager_timer_next_to_expire
                0x08007bac       0x18 ./gecko_sdk_4.2.1/platform/service/sleeptimer/src/sl_sleeptimer.o
                0x08007bac                sli_sleeptimer_is_power_manager_timer_next_to_expire
 .text.sl_sleeptimer_get_timer_frequency
                0x08007bc4        0xc ./gecko_sdk_4.2.1/platform/service/sleeptimer/src/sl_sleeptimer.o
                0x08007bc4                sl_sleeptimer_get_timer_frequency
 .text.process_timer_irq
                0x08007bd0      0x258 ./gecko_sdk_4.2.1/platform/service/sleeptimer/src/sl_sleeptimer.o
                0x08007bd0                process_timer_irq
 .text.delta_list_insert_timer
                0x08007e28       0xd4 ./gecko_sdk_4.2.1/platform/service/sleeptimer/src/sl_sleeptimer.o
 .text.delta_list_remove_timer
                0x08007efc       0x74 ./gecko_sdk_4.2.1/platform/service/sleeptimer/src/sl_sleeptimer.o
 .text.set_comparator_for_next_timer
                0x08007f70       0x4c ./gecko_sdk_4.2.1/platform/service/sleeptimer/src/sl_sleeptimer.o
 .text.update_delta_list
                0x08007fbc       0x70 ./gecko_sdk_4.2.1/platform/service/sleeptimer/src/sl_sleeptimer.o
 .text.create_timer
                0x0800802c       0xa8 ./gecko_sdk_4.2.1/platform/service/sleeptimer/src/sl_sleeptimer.o
 .text.update_next_timer_to_expire_is_power_manager
                0x080080d4       0x58 ./gecko_sdk_4.2.1/platform/service/sleeptimer/src/sl_sleeptimer.o
 .text.sl_sleeptimer_is_power_manager_early_restore_timer_latest_to_expire
                0x0800812c       0x28 ./gecko_sdk_4.2.1/platform/service/sleeptimer/src/sl_sleeptimer.o
                0x0800812c                sl_sleeptimer_is_power_manager_early_restore_timer_latest_to_expire
 .text.__NVIC_EnableIRQ
                0x08008154       0x34 ./gecko_sdk_4.2.1/platform/service/sleeptimer/src/sl_sleeptimer_hal_sysrtc.o
 .text.__NVIC_ClearPendingIRQ
                0x08008188       0x38 ./gecko_sdk_4.2.1/platform/service/sleeptimer/src/sl_sleeptimer_hal_sysrtc.o
 .text.sl_sysrtc_wait_sync
                0x080081c0       0x20 ./gecko_sdk_4.2.1/platform/service/sleeptimer/src/sl_sleeptimer_hal_sysrtc.o
 .text.sl_sysrtc_get_counter
                0x080081e0       0x14 ./gecko_sdk_4.2.1/platform/service/sleeptimer/src/sl_sleeptimer_hal_sysrtc.o
 .text.sl_sysrtc_set_counter
                0x080081f4       0x1c ./gecko_sdk_4.2.1/platform/service/sleeptimer/src/sl_sleeptimer_hal_sysrtc.o
 .text.sleeptimer_hal_set_compare
                0x08008210       0xac ./gecko_sdk_4.2.1/platform/service/sleeptimer/src/sl_sleeptimer_hal_sysrtc.o
                0x08008210                sleeptimer_hal_set_compare
 .text.sleeptimer_hal_disable_int
                0x080082bc       0x60 ./gecko_sdk_4.2.1/platform/service/sleeptimer/src/sl_sleeptimer_hal_sysrtc.o
                0x080082bc                sleeptimer_hal_disable_int
 .text.sleeptimer_hal_set_int
                0x0800831c       0x2c ./gecko_sdk_4.2.1/platform/service/sleeptimer/src/sl_sleeptimer_hal_sysrtc.o
                0x0800831c                sleeptimer_hal_set_int
 .text.sl_udelay_wait
                0x08008348       0x80 ./gecko_sdk_4.2.1/platform/service/udelay/src/sl_udelay.o
                0x08008348                sl_udelay_wait
 .text.init_I2C0
                0x080083c8       0x90 ./src/I2C.o
                0x080083c8                init_I2C0
 .text.TIMER0_IRQHandler
                0x08008458       0x38 ./src/irq.o
                0x08008458                TIMER0_IRQHandler
 .text.__NVIC_EnableIRQ
                0x08008490       0x34 ./src/timers.o
 .text.__NVIC_ClearPendingIRQ
                0x080084c4       0x38 ./src/timers.o
 .text.TIMER_Valid
                0x080084fc       0x54 ./src/timers.o
 .text.TIMER_MaxCount
                0x08008550       0xf0 ./src/timers.o
 .text.TIMER_Enable
                0x08008640       0x44 ./src/timers.o
 .text.TIMER_TopSet
                0x08008684       0x48 ./src/timers.o
 .text.init_timer0
                0x080086cc       0x70 ./src/timers.o
                0x080086cc                init_timer0
 .text          0x0800873c       0x30 c:/siliconlabs/simplicitystudio/v5/developer/toolchains/gnu_arm/10.3_2021.10/bin/../lib/gcc/arm-none-eabi/10.3.1/thumb/v8-m.main+fp/hard\libgcc.a(_aeabi_uldivmod.o)
                0x0800873c                __aeabi_uldivmod
 .text          0x0800876c      0x2ec c:/siliconlabs/simplicitystudio/v5/developer/toolchains/gnu_arm/10.3_2021.10/bin/../lib/gcc/arm-none-eabi/10.3.1/thumb/v8-m.main+fp/hard\libgcc.a(_udivmoddi4.o)
                0x0800876c                __udivmoddi4
 .text          0x08008a58        0x4 c:/siliconlabs/simplicitystudio/v5/developer/toolchains/gnu_arm/10.3_2021.10/bin/../lib/gcc/arm-none-eabi/10.3.1/thumb/v8-m.main+fp/hard\libgcc.a(_dvmd_tls.o)
                0x08008a58                __aeabi_idiv0
                0x08008a58                __aeabi_ldiv0
 .text.exit     0x08008a5c       0x28 c:/siliconlabs/simplicitystudio/v5/developer/toolchains/gnu_arm/10.3_2021.10/bin/../lib/gcc/arm-none-eabi/10.3.1/../../../../arm-none-eabi/lib/thumb/v8-m.main+fp/hard\libc_nano.a(lib_a-exit.o)
                0x08008a5c                exit
 .text.__libc_init_array
                0x08008a84       0x48 c:/siliconlabs/simplicitystudio/v5/developer/toolchains/gnu_arm/10.3_2021.10/bin/../lib/gcc/arm-none-eabi/10.3.1/../../../../arm-none-eabi/lib/thumb/v8-m.main+fp/hard\libc_nano.a(lib_a-init.o)
                0x08008a84                __libc_init_array
 .text.setvbuf  0x08008acc      0x188 c:/siliconlabs/simplicitystudio/v5/developer/toolchains/gnu_arm/10.3_2021.10/bin/../lib/gcc/arm-none-eabi/10.3.1/../../../../arm-none-eabi/lib/thumb/v8-m.main+fp/hard\libc_nano.a(lib_a-setvbuf.o)
                0x08008acc                setvbuf
 .text.vprintf  0x08008c54       0x30 c:/siliconlabs/simplicitystudio/v5/developer/toolchains/gnu_arm/10.3_2021.10/bin/../lib/gcc/arm-none-eabi/10.3.1/../../../../arm-none-eabi/lib/thumb/v8-m.main+fp/hard\libc_nano.a(lib_a-vprintf.o)
                0x08008c54                viprintf
                0x08008c54                vprintf
 .text.__sflush_r
                0x08008c84      0x108 c:/siliconlabs/simplicitystudio/v5/developer/toolchains/gnu_arm/10.3_2021.10/bin/../lib/gcc/arm-none-eabi/10.3.1/../../../../arm-none-eabi/lib/thumb/v8-m.main+fp/hard\libc_nano.a(lib_a-fflush.o)
                0x08008c84                __sflush_r
 .text._fflush_r
                0x08008d8c       0x78 c:/siliconlabs/simplicitystudio/v5/developer/toolchains/gnu_arm/10.3_2021.10/bin/../lib/gcc/arm-none-eabi/10.3.1/../../../../arm-none-eabi/lib/thumb/v8-m.main+fp/hard\libc_nano.a(lib_a-fflush.o)
                0x08008d8c                _fflush_r
 .text.std      0x08008e04       0x48 c:/siliconlabs/simplicitystudio/v5/developer/toolchains/gnu_arm/10.3_2021.10/bin/../lib/gcc/arm-none-eabi/10.3.1/../../../../arm-none-eabi/lib/thumb/v8-m.main+fp/hard\libc_nano.a(lib_a-findfp.o)
 .text._cleanup_r
                0x08008e4c        0xc c:/siliconlabs/simplicitystudio/v5/developer/toolchains/gnu_arm/10.3_2021.10/bin/../lib/gcc/arm-none-eabi/10.3.1/../../../../arm-none-eabi/lib/thumb/v8-m.main+fp/hard\libc_nano.a(lib_a-findfp.o)
                0x08008e4c                _cleanup_r
 .text.__sfp_lock_acquire
                0x08008e58        0xc c:/siliconlabs/simplicitystudio/v5/developer/toolchains/gnu_arm/10.3_2021.10/bin/../lib/gcc/arm-none-eabi/10.3.1/../../../../arm-none-eabi/lib/thumb/v8-m.main+fp/hard\libc_nano.a(lib_a-findfp.o)
                0x08008e58                __sfp_lock_acquire
 .text.__sfp_lock_release
                0x08008e64        0xc c:/siliconlabs/simplicitystudio/v5/developer/toolchains/gnu_arm/10.3_2021.10/bin/../lib/gcc/arm-none-eabi/10.3.1/../../../../arm-none-eabi/lib/thumb/v8-m.main+fp/hard\libc_nano.a(lib_a-findfp.o)
                0x08008e64                __sfp_lock_release
 .text.__sinit_lock_acquire
                0x08008e70        0xc c:/siliconlabs/simplicitystudio/v5/developer/toolchains/gnu_arm/10.3_2021.10/bin/../lib/gcc/arm-none-eabi/10.3.1/../../../../arm-none-eabi/lib/thumb/v8-m.main+fp/hard\libc_nano.a(lib_a-findfp.o)
                0x08008e70                __sinit_lock_acquire
 .text.__sinit_lock_release
                0x08008e7c        0xc c:/siliconlabs/simplicitystudio/v5/developer/toolchains/gnu_arm/10.3_2021.10/bin/../lib/gcc/arm-none-eabi/10.3.1/../../../../arm-none-eabi/lib/thumb/v8-m.main+fp/hard\libc_nano.a(lib_a-findfp.o)
                0x08008e7c                __sinit_lock_release
 .text.__sinit  0x08008e88       0x70 c:/siliconlabs/simplicitystudio/v5/developer/toolchains/gnu_arm/10.3_2021.10/bin/../lib/gcc/arm-none-eabi/10.3.1/../../../../arm-none-eabi/lib/thumb/v8-m.main+fp/hard\libc_nano.a(lib_a-findfp.o)
                0x08008e88                __sinit
 .text.__sfp    0x08008ef8       0x8c c:/siliconlabs/simplicitystudio/v5/developer/toolchains/gnu_arm/10.3_2021.10/bin/../lib/gcc/arm-none-eabi/10.3.1/../../../../arm-none-eabi/lib/thumb/v8-m.main+fp/hard\libc_nano.a(lib_a-findfp.o)
                0x08008ef8                __sfp
 .text.__smakebuf_r
                0x08008f84       0x80 c:/siliconlabs/simplicitystudio/v5/developer/toolchains/gnu_arm/10.3_2021.10/bin/../lib/gcc/arm-none-eabi/10.3.1/../../../../arm-none-eabi/lib/thumb/v8-m.main+fp/hard\libc_nano.a(lib_a-makebuf.o)
                0x08008f84                __smakebuf_r
 .text.malloc   0x08009004       0x10 c:/siliconlabs/simplicitystudio/v5/developer/toolchains/gnu_arm/10.3_2021.10/bin/../lib/gcc/arm-none-eabi/10.3.1/../../../../arm-none-eabi/lib/thumb/v8-m.main+fp/hard\libc_nano.a(lib_a-malloc.o)
                0x08009004                malloc
 .text._free_r  0x08009014       0x98 c:/siliconlabs/simplicitystudio/v5/developer/toolchains/gnu_arm/10.3_2021.10/bin/../lib/gcc/arm-none-eabi/10.3.1/../../../../arm-none-eabi/lib/thumb/v8-m.main+fp/hard\libc_nano.a(lib_a-nano-freer.o)
                0x08009014                _free_r
 .text.sbrk_aligned
                0x080090ac       0x40 c:/siliconlabs/simplicitystudio/v5/developer/toolchains/gnu_arm/10.3_2021.10/bin/../lib/gcc/arm-none-eabi/10.3.1/../../../../arm-none-eabi/lib/thumb/v8-m.main+fp/hard\libc_nano.a(lib_a-nano-mallocr.o)
 .text._malloc_r
                0x080090ec       0xe8 c:/siliconlabs/simplicitystudio/v5/developer/toolchains/gnu_arm/10.3_2021.10/bin/../lib/gcc/arm-none-eabi/10.3.1/../../../../arm-none-eabi/lib/thumb/v8-m.main+fp/hard\libc_nano.a(lib_a-nano-mallocr.o)
                0x080090ec                _malloc_r
 .text._vfprintf_r
                0x080091d4      0x260 c:/siliconlabs/simplicitystudio/v5/developer/toolchains/gnu_arm/10.3_2021.10/bin/../lib/gcc/arm-none-eabi/10.3.1/../../../../arm-none-eabi/lib/thumb/v8-m.main+fp/hard\libc_nano.a(lib_a-nano-vfprintf.o)
                0x080091d4                _vfprintf_r
                0x080091d4                _vfiprintf_r
 .text._printf_i
                0x08009434      0x24c c:/siliconlabs/simplicitystudio/v5/developer/toolchains/gnu_arm/10.3_2021.10/bin/../lib/gcc/arm-none-eabi/10.3.1/../../../../arm-none-eabi/lib/thumb/v8-m.main+fp/hard\libc_nano.a(lib_a-nano-vfprintf_i.o)
                0x08009434                _printf_i
 .text._sbrk_r  0x08009680       0x20 c:/siliconlabs/simplicitystudio/v5/developer/toolchains/gnu_arm/10.3_2021.10/bin/../lib/gcc/arm-none-eabi/10.3.1/../../../../arm-none-eabi/lib/thumb/v8-m.main+fp/hard\libc_nano.a(lib_a-sbrkr.o)
                0x08009680                _sbrk_r
 .text.__swbuf_r
                0x080096a0       0xa4 c:/siliconlabs/simplicitystudio/v5/developer/toolchains/gnu_arm/10.3_2021.10/bin/../lib/gcc/arm-none-eabi/10.3.1/../../../../arm-none-eabi/lib/thumb/v8-m.main+fp/hard\libc_nano.a(lib_a-wbuf.o)
                0x080096a0                __swbuf_r
 .text._write_r
                0x08009744       0x24 c:/siliconlabs/simplicitystudio/v5/developer/toolchains/gnu_arm/10.3_2021.10/bin/../lib/gcc/arm-none-eabi/10.3.1/../../../../arm-none-eabi/lib/thumb/v8-m.main+fp/hard\libc_nano.a(lib_a-writer.o)
                0x08009744                _write_r
 .text.__swsetup_r
                0x08009768       0xdc c:/siliconlabs/simplicitystudio/v5/developer/toolchains/gnu_arm/10.3_2021.10/bin/../lib/gcc/arm-none-eabi/10.3.1/../../../../arm-none-eabi/lib/thumb/v8-m.main+fp/hard\libc_nano.a(lib_a-wsetup.o)
                0x08009768                __swsetup_r
 .text._close_r
                0x08009844       0x20 c:/siliconlabs/simplicitystudio/v5/developer/toolchains/gnu_arm/10.3_2021.10/bin/../lib/gcc/arm-none-eabi/10.3.1/../../../../arm-none-eabi/lib/thumb/v8-m.main+fp/hard\libc_nano.a(lib_a-closer.o)
                0x08009844                _close_r
 .text._fstat_r
                0x08009864       0x24 c:/siliconlabs/simplicitystudio/v5/developer/toolchains/gnu_arm/10.3_2021.10/bin/../lib/gcc/arm-none-eabi/10.3.1/../../../../arm-none-eabi/lib/thumb/v8-m.main+fp/hard\libc_nano.a(lib_a-fstatr.o)
                0x08009864                _fstat_r
 .text._isatty_r
                0x08009888       0x20 c:/siliconlabs/simplicitystudio/v5/developer/toolchains/gnu_arm/10.3_2021.10/bin/../lib/gcc/arm-none-eabi/10.3.1/../../../../arm-none-eabi/lib/thumb/v8-m.main+fp/hard\libc_nano.a(lib_a-isattyr.o)
                0x08009888                _isatty_r
 .text._lseek_r
                0x080098a8       0x24 c:/siliconlabs/simplicitystudio/v5/developer/toolchains/gnu_arm/10.3_2021.10/bin/../lib/gcc/arm-none-eabi/10.3.1/../../../../arm-none-eabi/lib/thumb/v8-m.main+fp/hard\libc_nano.a(lib_a-lseekr.o)
                0x080098a8                _lseek_r
 .text.__malloc_lock
                0x080098cc        0xc c:/siliconlabs/simplicitystudio/v5/developer/toolchains/gnu_arm/10.3_2021.10/bin/../lib/gcc/arm-none-eabi/10.3.1/../../../../arm-none-eabi/lib/thumb/v8-m.main+fp/hard\libc_nano.a(lib_a-mlock.o)
                0x080098cc                __malloc_lock
 .text.__malloc_unlock
                0x080098d8        0xc c:/siliconlabs/simplicitystudio/v5/developer/toolchains/gnu_arm/10.3_2021.10/bin/../lib/gcc/arm-none-eabi/10.3.1/../../../../arm-none-eabi/lib/thumb/v8-m.main+fp/hard\libc_nano.a(lib_a-mlock.o)
                0x080098d8                __malloc_unlock
 .text._read_r  0x080098e4       0x24 c:/siliconlabs/simplicitystudio/v5/developer/toolchains/gnu_arm/10.3_2021.10/bin/../lib/gcc/arm-none-eabi/10.3.1/../../../../arm-none-eabi/lib/thumb/v8-m.main+fp/hard\libc_nano.a(lib_a-readr.o)
                0x080098e4                _read_r
 .text.main     0x08009908       0x18 ./main.o
                0x08009908                main
 .text.sl_board_default_init
                0x08009920        0xa ./autogen/sl_board_default_init.o
                0x08009920                sl_board_default_init
 .text.CHIP_Init
                0x0800992a        0x4 ./autogen/sl_event_handler.o
 .text.sl_platform_init
                0x0800992e       0x32 ./autogen/sl_event_handler.o
                0x0800992e                sl_platform_init
 .text.sl_driver_init
                0x08009960       0x12 ./autogen/sl_event_handler.o
                0x08009960                sl_driver_init
 .text.sl_service_init
                0x08009972       0x1a ./autogen/sl_event_handler.o
                0x08009972                sl_service_init
 .text.sl_stack_init
                0x0800998c        0x4 ./autogen/sl_event_handler.o
                0x0800998c                sl_stack_init
 .text.sl_internal_app_init
                0x08009990        0xa ./autogen/sl_event_handler.o
                0x08009990                sl_internal_app_init
 .text.sl_platform_process_action
                0x0800999a        0x4 ./autogen/sl_event_handler.o
                0x0800999a                sl_platform_process_action
 .text.sl_service_process_action
                0x0800999e        0x4 ./autogen/sl_event_handler.o
                0x0800999e                sl_service_process_action
 .text.sl_stack_process_action
                0x080099a2        0x4 ./autogen/sl_event_handler.o
                0x080099a2                sl_stack_process_action
 .text.sl_internal_app_process_action
                0x080099a6        0x4 ./autogen/sl_event_handler.o
                0x080099a6                sl_internal_app_process_action
 .text.sl_iostream_init_instances
                0x080099aa        0xa ./autogen/sl_event_handler.o
                0x080099aa                sl_iostream_init_instances
 .text.BUS_RegBitRead
                0x080099b4       0x1a ./autogen/sl_iostream_init_usart_instances.o
 .text.sl_iostream_uart_sleep_on_isr_exit
                0x080099ce       0x1c ./autogen/sl_iostream_init_usart_instances.o
 .text.app_is_ok_to_sleep
                0x080099ea        0x6 ./autogen/sl_power_manager_handler.o
                0x080099ea                app_is_ok_to_sleep
 .text.app_sleep_on_isr_exit
                0x080099f0        0x6 ./autogen/sl_power_manager_handler.o
                0x080099f0                app_sleep_on_isr_exit
 .text.sl_power_manager_is_ok_to_sleep
                0x080099f6       0x2c ./autogen/sl_power_manager_handler.o
                0x080099f6                sl_power_manager_is_ok_to_sleep
 .text.sl_power_manager_sleep_on_isr_exit
                0x08009a22       0x84 ./autogen/sl_power_manager_handler.o
                0x08009a22                sl_power_manager_sleep_on_isr_exit
 .text._app_log_time
                0x08009aa6        0x4 ./gecko_sdk_4.2.1/app/common/util/app_log/app_log.o
                0x08009aa6                _app_log_time
 .text._app_log_counter
                0x08009aaa        0x4 ./gecko_sdk_4.2.1/app/common/util/app_log/app_log.o
                0x08009aaa                _app_log_counter
 .text.sl_board_configure_vcom
                0x08009aae        0xc ./gecko_sdk_4.2.1/hardware/board/src/sl_board_control_gpio.o
                0x08009aae                sl_board_configure_vcom
 .text.sl_board_enable_vcom
                0x08009aba       0x14 ./gecko_sdk_4.2.1/hardware/board/src/sl_board_control_gpio.o
                0x08009aba                sl_board_enable_vcom
 .text.sl_board_disable_vcom
                0x08009ace       0x14 ./gecko_sdk_4.2.1/hardware/board/src/sl_board_control_gpio.o
                0x08009ace                sl_board_disable_vcom
 .text.sl_board_init
                0x08009ae2       0x16 ./gecko_sdk_4.2.1/hardware/board/src/sl_board_init.o
                0x08009ae2                sl_board_init
 .text.sl_board_preinit
                0x08009af8        0xe ./gecko_sdk_4.2.1/hardware/board/src/sl_board_init.o
                0x08009af8                sl_board_preinit
 .text.sl_cos_send_config
                0x08009b06        0xc ./gecko_sdk_4.2.1/hardware/driver/configuration_over_swo/src/sl_cos.o
                0x08009b06                sl_cos_send_config
 .text.cs_low   0x08009b12        0xe ./gecko_sdk_4.2.1/hardware/driver/mx25_flash_shutdown/src/sl_mx25_flash_shutdown_eusart/sl_mx25_flash_shutdown.o
 .text.cs_high  0x08009b20        0xe ./gecko_sdk_4.2.1/hardware/driver/mx25_flash_shutdown/src/sl_mx25_flash_shutdown_eusart/sl_mx25_flash_shutdown.o
 .text.Default_Handler
                0x08009b2e        0x2 ./gecko_sdk_4.2.1/platform/Device/SiliconLabs/EFR32MG24/Source/startup_efr32mg24.o
                0x08009b2e                ULFRCO_IRQHandler
                0x08009b2e                AHB2AHB1_IRQHandler
                0x08009b2e                SW2_IRQHandler
                0x08009b2e                TIMER2_IRQHandler
                0x08009b2e                DebugMon_Handler
                0x08009b2e                IADC_IRQHandler
                0x08009b2e                EUSART0_TX_IRQHandler
                0x08009b2e                I2C0_IRQHandler
                0x08009b2e                LFXO_IRQHandler
                0x08009b2e                HardFault_Handler
                0x08009b2e                SMU_SECURE_IRQHandler
                0x08009b2e                SysTick_Handler
                0x08009b2e                SYSRTC_SEQ_IRQHandler
                0x08009b2e                EMUEFP_IRQHandler
                0x08009b2e                PendSV_Handler
                0x08009b2e                NMI_Handler
                0x08009b2e                SYNTH_IRQHandler
                0x08009b2e                HOSTMAILBOX_IRQHandler
                0x08009b2e                I2C1_IRQHandler
                0x08009b2e                WDOG0_IRQHandler
                0x08009b2e                TIMER3_IRQHandler
                0x08009b2e                SYSCFG_IRQHandler
                0x08009b2e                RFECA1_IRQHandler
                0x08009b2e                EMUDG_IRQHandler
                0x08009b2e                MSC_IRQHandler
                0x08009b2e                DPLL0_IRQHandler
                0x08009b2e                UsageFault_Handler
                0x08009b2e                WDOG1_IRQHandler
                0x08009b2e                M33CTI1_IRQHandler
                0x08009b2e                TIMER4_IRQHandler
                0x08009b2e                VDAC0_IRQHandler
                0x08009b2e                SEMBTX_IRQHandler
                0x08009b2e                SW0_IRQHandler
                0x08009b2e                MVP_IRQHandler
                0x08009b2e                LETIMER0_IRQHandler
                0x08009b2e                EUSART1_RX_IRQHandler
                0x08009b2e                TIMER1_IRQHandler
                0x08009b2e                HFRCO0_IRQHandler
                0x08009b2e                SecureFault_Handler
                0x08009b2e                BUFC_IRQHandler
                0x08009b2e                DCDC_IRQHandler
                0x08009b2e                MODEM_IRQHandler
                0x08009b2e                Default_Handler
                0x08009b2e                RAC_SEQ_IRQHandler
                0x08009b2e                FRC_PRI_IRQHandler
                0x08009b2e                SW3_IRQHandler
                0x08009b2e                EMU_IRQHandler
                0x08009b2e                KERNEL0_IRQHandler
                0x08009b2e                FRC_IRQHandler
                0x08009b2e                PCNT0_IRQHandler
                0x08009b2e                KERNEL1_IRQHandler
                0x08009b2e                AGC_IRQHandler
                0x08009b2e                EUSART1_TX_IRQHandler
                0x08009b2e                KEYSCAN_IRQHandler
                0x08009b2e                HFRCOEM23_IRQHandler
                0x08009b2e                sl_app_properties
                0x08009b2e                BURTC_IRQHandler
                0x08009b2e                SEMBRX_IRQHandler
                0x08009b2e                RFECA0_IRQHandler
                0x08009b2e                LFRCO_IRQHandler
                0x08009b2e                VDAC1_IRQHandler
                0x08009b2e                ACMP0_IRQHandler
                0x08009b2e                MemManage_Handler
                0x08009b2e                AHB2AHB0_IRQHandler
                0x08009b2e                SVC_Handler
                0x08009b2e                SMU_S_PRIVILEGED_IRQHandler
                0x08009b2e                SW1_IRQHandler
                0x08009b2e                CMU_IRQHandler
                0x08009b2e                EUSART0_RX_IRQHandler
                0x08009b2e                RAC_RSM_IRQHandler
                0x08009b2e                SETAMPERHOST_IRQHandler
                0x08009b2e                AES_IRQHandler
                0x08009b2e                M33CTI0_IRQHandler
                0x08009b2e                ICACHE0_IRQHandler
                0x08009b2e                SMU_NS_PRIVILEGED_IRQHandler
                0x08009b2e                FPUEXH_IRQHandler
                0x08009b2e                PROTIMER_IRQHandler
                0x08009b2e                ACMP1_IRQHandler
                0x08009b2e                BusFault_Handler
                0x08009b2e                MPAHBRAM_IRQHandler
 .text.SystemCLKIN0Get
                0x08009b30        0x6 ./gecko_sdk_4.2.1/platform/Device/SiliconLabs/EFR32MG24/Source/system_efr32mg24.o
                0x08009b30                SystemCLKIN0Get
 .text.SystemLFRCOClockGet
                0x08009b36        0x8 ./gecko_sdk_4.2.1/platform/Device/SiliconLabs/EFR32MG24/Source/system_efr32mg24.o
                0x08009b36                SystemLFRCOClockGet
 .text.SystemULFRCOClockGet
                0x08009b3e        0x8 ./gecko_sdk_4.2.1/platform/Device/SiliconLabs/EFR32MG24/Source/system_efr32mg24.o
                0x08009b3e                SystemULFRCOClockGet
 .text.assertEFM
                0x08009b46        0x8 ./gecko_sdk_4.2.1/platform/common/src/sl_assert.o
                0x08009b46                assertEFM
 .text.sl_slist_init
                0x08009b4e       0x10 ./gecko_sdk_4.2.1/platform/common/src/sl_slist.o
                0x08009b4e                sl_slist_init
 .text.sl_debug_swo_enable_itm
                0x08009b5e       0x26 ./gecko_sdk_4.2.1/platform/driver/debug/src/sl_debug_swo.o
                0x08009b5e                sl_debug_swo_enable_itm
 .text.DMADRV_PeripheralMemory
                0x08009b84       0x46 ./gecko_sdk_4.2.1/platform/emdrv/dmadrv/src/dmadrv.o
                0x08009b84                DMADRV_PeripheralMemory
 .text.SL_CTZ   0x08009bca       0x2c ./gecko_sdk_4.2.1/platform/emdrv/gpiointerrupt/src/gpiointerrupt.o
 .text.GPIOINT_Init
                0x08009bf6       0x36 ./gecko_sdk_4.2.1/platform/emdrv/gpiointerrupt/src/gpiointerrupt.o
                0x08009bf6                GPIOINT_Init
 .text.GPIO_EVEN_IRQHandler
                0x08009c2c       0x28 ./gecko_sdk_4.2.1/platform/emdrv/gpiointerrupt/src/gpiointerrupt.o
                0x08009c2c                GPIO_EVEN_IRQHandler
 .text.GPIO_ODD_IRQHandler
                0x08009c54       0x28 ./gecko_sdk_4.2.1/platform/emdrv/gpiointerrupt/src/gpiointerrupt.o
                0x08009c54                GPIO_ODD_IRQHandler
 .text.SystemCoreClockGet
                0x08009c7c        0xc ./gecko_sdk_4.2.1/platform/emlib/src/em_cmu.o
 .text.BUS_RegBitRead
                0x08009c88       0x1a ./gecko_sdk_4.2.1/platform/emlib/src/em_cmu.o
 .text.BUS_RegMaskedWrite
                0x08009ca2       0x34 ./gecko_sdk_4.2.1/platform/emlib/src/em_cmu.o
 .text.sli_em_cmu_SYSCLKInitPreClockSelect
                0x08009cd6       0x1a ./gecko_sdk_4.2.1/platform/emlib/src/em_cmu.o
                0x08009cd6                sli_em_cmu_SYSCLKInitPreClockSelect
 .text.sli_em_cmu_SYSCLKInitPostClockSelect
                0x08009cf0       0x2e ./gecko_sdk_4.2.1/platform/emlib/src/em_cmu.o
                0x08009cf0                sli_em_cmu_SYSCLKInitPostClockSelect
 .text.CMU_UpdateWaitStates
                0x08009d1e       0x28 ./gecko_sdk_4.2.1/platform/emlib/src/em_cmu.o
                0x08009d1e                CMU_UpdateWaitStates
 .text.pclkDivMax
                0x08009d46       0x10 ./gecko_sdk_4.2.1/platform/emlib/src/em_cmu.o
 .text.waitStateMax
                0x08009d56       0x14 ./gecko_sdk_4.2.1/platform/emlib/src/em_cmu.o
 .text.CORE_EnterCritical
                0x08009d6a       0x18 ./gecko_sdk_4.2.1/platform/emlib/src/em_core.o
                0x08009d6a                CORE_EnterCritical
 .text.CORE_ExitCritical
                0x08009d82       0x14 ./gecko_sdk_4.2.1/platform/emlib/src/em_core.o
                0x08009d82                CORE_ExitCritical
 .text.CORE_EnterAtomic
                0x08009d96       0x20 ./gecko_sdk_4.2.1/platform/emlib/src/em_core.o
                0x08009d96                CORE_EnterAtomic
 .text.CORE_ExitAtomic
                0x08009db6       0x16 ./gecko_sdk_4.2.1/platform/emlib/src/em_core.o
                0x08009db6                CORE_ExitAtomic
 .text.SystemCoreClockUpdate
                0x08009dcc        0xa ./gecko_sdk_4.2.1/platform/emlib/src/em_emu.o
 .text.BUS_RegBitRead
                0x08009dd6       0x1a ./gecko_sdk_4.2.1/platform/emlib/src/em_emu.o
 .text.vScaleEM01Cmd
                0x08009df0       0x1c ./gecko_sdk_4.2.1/platform/emlib/src/em_emu.o
 .text.EMU_EFPEM23PresleepHook
                0x08009e0c        0x4 ./gecko_sdk_4.2.1/platform/emlib/src/em_emu.o
                0x08009e0c                EMU_EFPEM23PresleepHook
 .text.EMU_EFPEM23PostsleepHook
                0x08009e10        0x4 ./gecko_sdk_4.2.1/platform/emlib/src/em_emu.o
                0x08009e10                EMU_EFPEM23PostsleepHook
 .text.EMU_Save
                0x08009e14        0x4 ./gecko_sdk_4.2.1/platform/emlib/src/em_emu.o
                0x08009e14                EMU_Save
 .text.EMU_Restore
                0x08009e18        0x4 ./gecko_sdk_4.2.1/platform/emlib/src/em_emu.o
                0x08009e18                EMU_Restore
 .text.EMU_EFPEM01VScale
                0x08009e1c        0xe ./gecko_sdk_4.2.1/platform/emlib/src/em_emu.o
                0x08009e1c                EMU_EFPEM01VScale
 .text.EMU_DCDCUpdatedHook
                0x08009e2a        0x4 ./gecko_sdk_4.2.1/platform/emlib/src/em_emu.o
                0x08009e2a                EMU_DCDCUpdatedHook
 .text.EUSART_StatusGet
                0x08009e2e        0xe ./gecko_sdk_4.2.1/platform/emlib/src/em_eusart.o
 .text.eusart_sync
                0x08009e3c       0x1c ./gecko_sdk_4.2.1/platform/emlib/src/em_eusart.o
 .text.EUSART_Spi_TxRx
                0x08009e58       0x3a ./gecko_sdk_4.2.1/platform/emlib/src/em_eusart.o
                0x08009e58                EUSART_Spi_TxRx
 .text.EUSART_Disable
                0x08009e92       0x68 ./gecko_sdk_4.2.1/platform/emlib/src/em_eusart.o
 .text.BUS_RegMaskedWrite
                0x08009efa       0x34 ./gecko_sdk_4.2.1/platform/emlib/src/em_gpio.o
 .text.GPIO_DbgLocationSet
                0x08009f2e        0xa ./gecko_sdk_4.2.1/platform/emlib/src/em_gpio.o
                0x08009f2e                GPIO_DbgLocationSet
 .text.I2C_IntClear
                0x08009f38       0x18 ./gecko_sdk_4.2.1/platform/emlib/src/em_i2c.o
 .text.BUS_RegMaskedWrite
                0x08009f50       0x34 ./gecko_sdk_4.2.1/platform/emlib/src/em_i2c.o
 .text.flushRx  0x08009f84       0x28 ./gecko_sdk_4.2.1/platform/emlib/src/em_i2c.o
 .text.BUS_RegMaskedClear
                0x08009fac       0x1a ./gecko_sdk_4.2.1/platform/emlib/src/em_ldma.o
 .text.TIMER_SyncWait
                0x08009fc6       0x24 ./gecko_sdk_4.2.1/platform/emlib/src/em_timer.o
                0x08009fc6                TIMER_SyncWait
 .text.USART_Tx
                0x08009fea       0x26 ./gecko_sdk_4.2.1/platform/emlib/src/em_usart.o
                0x08009fea                USART_Tx
 .text.sl_device_init_nvic
                0x0800a010       0x38 ./gecko_sdk_4.2.1/platform/service/device_init/src/sl_device_init_nvic.o
                0x0800a010                sl_device_init_nvic
 .text.sl_hfxo_manager_init_hardware
                0x0800a048        0xa ./gecko_sdk_4.2.1/platform/service/hfxo_manager/src/sl_hfxo_manager.o
                0x0800a048                sl_hfxo_manager_init_hardware
 .text.HFXO0_IRQHandler
                0x0800a052        0xa ./gecko_sdk_4.2.1/platform/service/hfxo_manager/src/sl_hfxo_manager_hal_s2.o
                0x0800a052                HFXO0_IRQHandler
 .text.sl_iostream_write
                0x0800a05c       0x40 ./gecko_sdk_4.2.1/platform/service/iostream/src/sl_iostream.o
                0x0800a05c                sl_iostream_write
 .text.sl_iostream_read
                0x0800a09c       0x50 ./gecko_sdk_4.2.1/platform/service/iostream/src/sl_iostream.o
                0x0800a09c                sl_iostream_read
 .text.sl_iostream_vprintf
                0x0800a0ec       0x64 ./gecko_sdk_4.2.1/platform/service/iostream/src/sl_iostream.o
                0x0800a0ec                sl_iostream_vprintf
 .text.sl_iostream_printf
                0x0800a150       0x26 ./gecko_sdk_4.2.1/platform/service/iostream/src/sl_iostream.o
                0x0800a150                sl_iostream_printf
 .text._close   0x0800a176        0xc ./gecko_sdk_4.2.1/platform/service/iostream/src/sl_iostream_retarget_stdio.o
                0x0800a176                _close
 .text._exit    0x0800a182        0x6 ./gecko_sdk_4.2.1/platform/service/iostream/src/sl_iostream_retarget_stdio.o
                0x0800a182                _exit
 .text._fstat   0x0800a188       0x16 ./gecko_sdk_4.2.1/platform/service/iostream/src/sl_iostream_retarget_stdio.o
                0x0800a188                _fstat
 .text._isatty  0x0800a19e        0xc ./gecko_sdk_4.2.1/platform/service/iostream/src/sl_iostream_retarget_stdio.o
                0x0800a19e                _isatty
 .text._lseek   0x0800a1aa       0x10 ./gecko_sdk_4.2.1/platform/service/iostream/src/sl_iostream_retarget_stdio.o
                0x0800a1aa                _lseek
 .text._read    0x0800a1ba       0x30 ./gecko_sdk_4.2.1/platform/service/iostream/src/sl_iostream_retarget_stdio.o
                0x0800a1ba                _read
 .text.sl_power_manager_add_em_requirement
                0x0800a1ea       0x2a ./gecko_sdk_4.2.1/platform/service/iostream/src/sl_iostream_uart.o
 .text.sl_power_manager_remove_em_requirement
                0x0800a214       0x2a ./gecko_sdk_4.2.1/platform/service/iostream/src/sl_iostream_uart.o
 .text.sleep_on_isr_exit
                0x0800a23e       0x60 ./gecko_sdk_4.2.1/platform/service/iostream/src/sl_iostream_uart.o
 .text.set_auto_cr_lf
                0x0800a29e       0x1e ./gecko_sdk_4.2.1/platform/service/iostream/src/sl_iostream_uart.o
 .text.get_auto_cr_lf
                0x0800a2bc       0x1c ./gecko_sdk_4.2.1/platform/service/iostream/src/sl_iostream_uart.o
 .text.set_rx_energy_mode_restriction
                0x0800a2d8       0x78 ./gecko_sdk_4.2.1/platform/service/iostream/src/sl_iostream_uart.o
 .text.get_rx_energy_mode_restriction
                0x0800a350       0x1c ./gecko_sdk_4.2.1/platform/service/iostream/src/sl_iostream_uart.o
 .text.nolock_uart_write
                0x0800a36c       0xf6 ./gecko_sdk_4.2.1/platform/service/iostream/src/sl_iostream_uart.o
 .text.uart_write
                0x0800a462       0x1e ./gecko_sdk_4.2.1/platform/service/iostream/src/sl_iostream_uart.o
 .text.uart_read
                0x0800a480       0x42 ./gecko_sdk_4.2.1/platform/service/iostream/src/sl_iostream_uart.o
 .text.USART_IntClear
                0x0800a4c2       0x18 ./gecko_sdk_4.2.1/platform/service/iostream/src/sl_iostream_usart.o
 .text.USART_IntDisable
                0x0800a4da       0x1a ./gecko_sdk_4.2.1/platform/service/iostream/src/sl_iostream_usart.o
 .text.USART_IntEnable
                0x0800a4f4       0x18 ./gecko_sdk_4.2.1/platform/service/iostream/src/sl_iostream_usart.o
 .text.USART_StatusGet
                0x0800a50c        0xe ./gecko_sdk_4.2.1/platform/service/iostream/src/sl_iostream_usart.o
 .text.usart_tx
                0x0800a51a       0x2a ./gecko_sdk_4.2.1/platform/service/iostream/src/sl_iostream_usart.o
 .text.usart_set_next_byte_detect
                0x0800a544       0x3a ./gecko_sdk_4.2.1/platform/service/iostream/src/sl_iostream_usart.o
 .text.usart_tx_completed
                0x0800a57e       0x46 ./gecko_sdk_4.2.1/platform/service/iostream/src/sl_iostream_usart.o
 .text.usart_deinit
                0x0800a5c4       0xb6 ./gecko_sdk_4.2.1/platform/service/iostream/src/sl_iostream_usart.o
 .text.sli_power_manager_initiate_restore
                0x0800a67a       0x1c ./gecko_sdk_4.2.1/platform/service/power_manager/src/sl_power_manager.o
                0x0800a67a                sli_power_manager_initiate_restore
 .text.enter_critical_with_primask
                0x0800a696       0x18 ./gecko_sdk_4.2.1/platform/service/power_manager/src/sl_power_manager.o
 .text.exit_critical_with_primask
                0x0800a6ae       0x14 ./gecko_sdk_4.2.1/platform/service/power_manager/src/sl_power_manager.o
 .text.SystemCoreClockUpdate
                0x0800a6c2        0xa ./gecko_sdk_4.2.1/platform/service/power_manager/src/sl_power_manager_hal_s2.o
 .text.sli_power_manager_save_states
                0x0800a6cc        0xa ./gecko_sdk_4.2.1/platform/service/power_manager/src/sl_power_manager_hal_s2.o
                0x0800a6cc                sli_power_manager_save_states
 .text.sli_power_manager_get_default_high_frequency_minimum_offtime
                0x0800a6d6       0x10 ./gecko_sdk_4.2.1/platform/service/power_manager/src/sl_power_manager_hal_s2.o
                0x0800a6d6                sli_power_manager_get_default_high_frequency_minimum_offtime
 .text.sli_power_manager_low_frequency_restore
                0x0800a6e6        0x4 ./gecko_sdk_4.2.1/platform/service/power_manager/src/sl_power_manager_hal_s2.o
                0x0800a6e6                sli_power_manager_low_frequency_restore
 .text.sl_sleeptimer_restart_timer
                0x0800a6ea       0x4e ./gecko_sdk_4.2.1/platform/service/sleeptimer/src/sl_sleeptimer.o
                0x0800a6ea                sl_sleeptimer_restart_timer
 .text.sl_sleeptimer_get_tick_count
                0x0800a738       0x20 ./gecko_sdk_4.2.1/platform/service/sleeptimer/src/sl_sleeptimer.o
                0x0800a738                sl_sleeptimer_get_tick_count
 .text.sleeptimer_hal_init_timer
                0x0800a758       0x76 ./gecko_sdk_4.2.1/platform/service/sleeptimer/src/sl_sleeptimer_hal_sysrtc.o
                0x0800a758                sleeptimer_hal_init_timer
 .text.sleeptimer_hal_get_counter
                0x0800a7ce        0xc ./gecko_sdk_4.2.1/platform/service/sleeptimer/src/sl_sleeptimer_hal_sysrtc.o
                0x0800a7ce                sleeptimer_hal_get_counter
 .text.sleeptimer_hal_get_compare
                0x0800a7da       0x10 ./gecko_sdk_4.2.1/platform/service/sleeptimer/src/sl_sleeptimer_hal_sysrtc.o
                0x0800a7da                sleeptimer_hal_get_compare
 .text.sleeptimer_hal_enable_int
                0x0800a7ea       0x46 ./gecko_sdk_4.2.1/platform/service/sleeptimer/src/sl_sleeptimer_hal_sysrtc.o
                0x0800a7ea                sleeptimer_hal_enable_int
 .text.sli_sleeptimer_hal_is_int_status_set
                0x0800a830       0x5a ./gecko_sdk_4.2.1/platform/service/sleeptimer/src/sl_sleeptimer_hal_sysrtc.o
                0x0800a830                sli_sleeptimer_hal_is_int_status_set
 .text.SYSRTC_APP_IRQHandler
                0x0800a88a       0x6a ./gecko_sdk_4.2.1/platform/service/sleeptimer/src/sl_sleeptimer_hal_sysrtc.o
                0x0800a88a                SYSRTC_APP_IRQHandler
 .text.sleeptimer_hal_get_timer_frequency
                0x0800a8f4        0xe ./gecko_sdk_4.2.1/platform/service/sleeptimer/src/sl_sleeptimer_hal_sysrtc.o
                0x0800a8f4                sleeptimer_hal_get_timer_frequency
 .text.get_time_diff
                0x0800a902       0x12 ./gecko_sdk_4.2.1/platform/service/sleeptimer/src/sl_sleeptimer_hal_sysrtc.o
 .text.sl_system_init
                0x0800a914       0x1a ./gecko_sdk_4.2.1/platform/service/system/src/sl_system_init.o
                0x0800a914                sl_system_init
 .text.sl_system_process_action
                0x0800a92e       0x16 ./gecko_sdk_4.2.1/platform/service/system/src/sl_system_process_action.o
                0x0800a92e                sl_system_process_action
 .text.SystemCoreClockGet
                0x0800a944        0xc ./gecko_sdk_4.2.1/platform/service/udelay/src/sl_udelay.o
 .text.adxl_init
                0x0800a950       0x1e ./src/adxl343.o
                0x0800a950                adxl_init
 .text.adxl_read
                0x0800a96e       0xc0 ./src/adxl343.o
                0x0800a96e                adxl_read
 .text.adxl_write
                0x0800aa2e       0x72 ./src/adxl343.o
                0x0800aa2e                adxl_write
 .text.TIMER_IntClear
                0x0800aaa0       0x18 ./src/irq.o
 .text.TIMER_IntGet
                0x0800aab8        0xe ./src/irq.o
 .text.loggerGetTimestamp
                0x0800aac6        0x6 ./src/log.o
                0x0800aac6                loggerGetTimestamp
 .text.TIMER_IntClear
                0x0800aacc       0x18 ./src/timers.o
 .text.TIMER_IntEnable
                0x0800aae4       0x18 ./src/timers.o
 .text.memcpy   0x0800aafc       0x1a c:/siliconlabs/simplicitystudio/v5/developer/toolchains/gnu_arm/10.3_2021.10/bin/../lib/gcc/arm-none-eabi/10.3.1/../../../../arm-none-eabi/lib/thumb/v8-m.main+fp/hard\libc_nano.a(lib_a-memcpy-stub.o)
                0x0800aafc                memcpy
 .text.memset   0x0800ab16       0x10 c:/siliconlabs/simplicitystudio/v5/developer/toolchains/gnu_arm/10.3_2021.10/bin/../lib/gcc/arm-none-eabi/10.3.1/../../../../arm-none-eabi/lib/thumb/v8-m.main+fp/hard\libc_nano.a(lib_a-memset.o)
                0x0800ab16                memset
 .text.__sfmoreglue
                0x0800ab26       0x2c c:/siliconlabs/simplicitystudio/v5/developer/toolchains/gnu_arm/10.3_2021.10/bin/../lib/gcc/arm-none-eabi/10.3.1/../../../../arm-none-eabi/lib/thumb/v8-m.main+fp/hard\libc_nano.a(lib_a-findfp.o)
                0x0800ab26                __sfmoreglue
 .text._fwalk_reent
                0x0800ab52       0x3e c:/siliconlabs/simplicitystudio/v5/developer/toolchains/gnu_arm/10.3_2021.10/bin/../lib/gcc/arm-none-eabi/10.3.1/../../../../arm-none-eabi/lib/thumb/v8-m.main+fp/hard\libc_nano.a(lib_a-fwalk.o)
                0x0800ab52                _fwalk_reent
 .text.__retarget_lock_init_recursive
                0x0800ab90        0x2 c:/siliconlabs/simplicitystudio/v5/developer/toolchains/gnu_arm/10.3_2021.10/bin/../lib/gcc/arm-none-eabi/10.3.1/../../../../arm-none-eabi/lib/thumb/v8-m.main+fp/hard\libc_nano.a(lib_a-lock.o)
                0x0800ab90                __retarget_lock_init_recursive
 .text.__retarget_lock_acquire_recursive
                0x0800ab92        0x2 c:/siliconlabs/simplicitystudio/v5/developer/toolchains/gnu_arm/10.3_2021.10/bin/../lib/gcc/arm-none-eabi/10.3.1/../../../../arm-none-eabi/lib/thumb/v8-m.main+fp/hard\libc_nano.a(lib_a-lock.o)
                0x0800ab92                __retarget_lock_acquire_recursive
 .text.__retarget_lock_release_recursive
                0x0800ab94        0x2 c:/siliconlabs/simplicitystudio/v5/developer/toolchains/gnu_arm/10.3_2021.10/bin/../lib/gcc/arm-none-eabi/10.3.1/../../../../arm-none-eabi/lib/thumb/v8-m.main+fp/hard\libc_nano.a(lib_a-lock.o)
                0x0800ab94                __retarget_lock_release_recursive
 .text.__swhatbuf_r
                0x0800ab96       0x4a c:/siliconlabs/simplicitystudio/v5/developer/toolchains/gnu_arm/10.3_2021.10/bin/../lib/gcc/arm-none-eabi/10.3.1/../../../../arm-none-eabi/lib/thumb/v8-m.main+fp/hard\libc_nano.a(lib_a-makebuf.o)
                0x0800ab96                __swhatbuf_r
 .text.__sfputc_r
                0x0800abe0       0x2e c:/siliconlabs/simplicitystudio/v5/developer/toolchains/gnu_arm/10.3_2021.10/bin/../lib/gcc/arm-none-eabi/10.3.1/../../../../arm-none-eabi/lib/thumb/v8-m.main+fp/hard\libc_nano.a(lib_a-nano-vfprintf.o)
 .text.__sfputs_r
                0x0800ac0e       0x24 c:/siliconlabs/simplicitystudio/v5/developer/toolchains/gnu_arm/10.3_2021.10/bin/../lib/gcc/arm-none-eabi/10.3.1/../../../../arm-none-eabi/lib/thumb/v8-m.main+fp/hard\libc_nano.a(lib_a-nano-vfprintf.o)
                0x0800ac0e                __sfputs_r
 .text._printf_common
                0x0800ac32       0xe0 c:/siliconlabs/simplicitystudio/v5/developer/toolchains/gnu_arm/10.3_2021.10/bin/../lib/gcc/arm-none-eabi/10.3.1/../../../../arm-none-eabi/lib/thumb/v8-m.main+fp/hard\libc_nano.a(lib_a-nano-vfprintf_i.o)
                0x0800ac32                _printf_common
 .text.__sread  0x0800ad12       0x22 c:/siliconlabs/simplicitystudio/v5/developer/toolchains/gnu_arm/10.3_2021.10/bin/../lib/gcc/arm-none-eabi/10.3.1/../../../../arm-none-eabi/lib/thumb/v8-m.main+fp/hard\libc_nano.a(lib_a-stdio.o)
                0x0800ad12                __sread
 .text.__swrite
                0x0800ad34       0x38 c:/siliconlabs/simplicitystudio/v5/developer/toolchains/gnu_arm/10.3_2021.10/bin/../lib/gcc/arm-none-eabi/10.3.1/../../../../arm-none-eabi/lib/thumb/v8-m.main+fp/hard\libc_nano.a(lib_a-stdio.o)
                0x0800ad34                __swrite
 .text.__sseek  0x0800ad6c       0x24 c:/siliconlabs/simplicitystudio/v5/developer/toolchains/gnu_arm/10.3_2021.10/bin/../lib/gcc/arm-none-eabi/10.3.1/../../../../arm-none-eabi/lib/thumb/v8-m.main+fp/hard\libc_nano.a(lib_a-stdio.o)
                0x0800ad6c                __sseek
 .text.__sclose
                0x0800ad90        0x8 c:/siliconlabs/simplicitystudio/v5/developer/toolchains/gnu_arm/10.3_2021.10/bin/../lib/gcc/arm-none-eabi/10.3.1/../../../../arm-none-eabi/lib/thumb/v8-m.main+fp/hard\libc_nano.a(lib_a-stdio.o)
                0x0800ad90                __sclose
 .text.memchr   0x0800ad98       0x1c c:/siliconlabs/simplicitystudio/v5/developer/toolchains/gnu_arm/10.3_2021.10/bin/../lib/gcc/arm-none-eabi/10.3.1/../../../../arm-none-eabi/lib/thumb/v8-m.main+fp/hard\libc_nano.a(lib_a-memchr-stub.o)
                0x0800ad98                memchr
                0x0800adb4                linker_code_end = .
 *(.init)
 .init          0x0800adb4        0x4 c:/siliconlabs/simplicitystudio/v5/developer/toolchains/gnu_arm/10.3_2021.10/bin/../lib/gcc/arm-none-eabi/10.3.1/thumb/v8-m.main+fp/hard/crti.o
                0x0800adb4                _init
 .init          0x0800adb8        0x8 c:/siliconlabs/simplicitystudio/v5/developer/toolchains/gnu_arm/10.3_2021.10/bin/../lib/gcc/arm-none-eabi/10.3.1/thumb/v8-m.main+fp/hard/crtn.o
 *(.fini)
 .fini          0x0800adc0        0x4 c:/siliconlabs/simplicitystudio/v5/developer/toolchains/gnu_arm/10.3_2021.10/bin/../lib/gcc/arm-none-eabi/10.3.1/thumb/v8-m.main+fp/hard/crti.o
                0x0800adc0                _fini
 .fini          0x0800adc4        0x8 c:/siliconlabs/simplicitystudio/v5/developer/toolchains/gnu_arm/10.3_2021.10/bin/../lib/gcc/arm-none-eabi/10.3.1/thumb/v8-m.main+fp/hard/crtn.o
 *crtbegin.o(.ctors)
 *crtbegin?.o(.ctors)
 *(EXCLUDE_FILE(*crtend.o *crtend?.o) .ctors)
 *(SORT_BY_NAME(.ctors.*))
 *(.ctors)
 *crtbegin.o(.dtors)
 *crtbegin?.o(.dtors)
 *(EXCLUDE_FILE(*crtend.o *crtend?.o) .dtors)
 *(SORT_BY_NAME(.dtors.*))
 *(.dtors)
 *(.rodata*)
 .rodata        0x0800adcc      0x10b ./app.o
 *fill*         0x0800aed7        0x1 
 .rodata.__func__.0
                0x0800aed8       0x13 ./app.o
 *fill*         0x0800aeeb        0x1 
 .rodata        0x0800aeec       0xa8 ./autogen/sl_iostream_init_usart_instances.o
 .rodata        0x0800af94       0x80 ./gecko_sdk_4.2.1/hardware/driver/mx25_flash_shutdown/src/sl_mx25_flash_shutdown_eusart/sl_mx25_flash_shutdown.o
 .rodata        0x0800b014       0x4e ./gecko_sdk_4.2.1/platform/common/src/sl_slist.o
 *fill*         0x0800b062        0x2 
 .rodata        0x0800b064       0x4b ./gecko_sdk_4.2.1/platform/driver/debug/src/sl_debug_swo.o
 *fill*         0x0800b0af        0x1 
 .rodata        0x0800b0b0        0x4 ./gecko_sdk_4.2.1/platform/emdrv/dmadrv/src/dmadrv.o
 .rodata        0x0800b0b4       0x97 ./gecko_sdk_4.2.1/platform/emlib/src/em_cmu.o
 *fill*         0x0800b14b        0x1 
 .rodata        0x0800b14c       0x4c ./gecko_sdk_4.2.1/platform/emlib/src/em_core.o
 .rodata        0x0800b198       0x4b ./gecko_sdk_4.2.1/platform/emlib/src/em_emu.o
 *fill*         0x0800b1e3        0x1 
 .rodata        0x0800b1e4       0x4e ./gecko_sdk_4.2.1/platform/emlib/src/em_eusart.o
 *fill*         0x0800b232        0x2 
 .rodata        0x0800b234       0xe4 ./gecko_sdk_4.2.1/platform/emlib/src/em_gpio.o
 .rodata        0x0800b318       0x97 ./gecko_sdk_4.2.1/platform/emlib/src/em_i2c.o
 *fill*         0x0800b3af        0x1 
 .rodata.i2cNSum
                0x0800b3b0        0x4 ./gecko_sdk_4.2.1/platform/emlib/src/em_i2c.o
 .rodata        0x0800b3b4       0x7c ./gecko_sdk_4.2.1/platform/emlib/src/em_ldma.o
 .rodata        0x0800b430       0x9d ./gecko_sdk_4.2.1/platform/emlib/src/em_timer.o
 *fill*         0x0800b4cd        0x3 
 .rodata        0x0800b4d0       0x31 ./gecko_sdk_4.2.1/platform/emlib/src/em_usart.o
 *fill*         0x0800b501        0x3 
 .rodata        0x0800b504       0x5b ./gecko_sdk_4.2.1/platform/peripheral/src/peripheral_sysrtc.o
 *fill*         0x0800b55f        0x1 
 .rodata        0x0800b560        0x7 ./gecko_sdk_4.2.1/platform/service/device_init/src/sl_device_init_dcdc_s2.o
 *fill*         0x0800b567        0x1 
 .rodata        0x0800b568       0x28 ./gecko_sdk_4.2.1/platform/service/device_init/src/sl_device_init_hfxo_s2.o
 .rodata        0x0800b590       0x14 ./gecko_sdk_4.2.1/platform/service/device_init/src/sl_device_init_lfxo_s2.o
 .rodata        0x0800b5a4       0x4e ./gecko_sdk_4.2.1/platform/service/iostream/src/sl_iostream_retarget_stdio.o
 *fill*         0x0800b5f2        0x2 
 .rodata        0x0800b5f4       0x44 ./gecko_sdk_4.2.1/platform/service/iostream/src/sl_iostream_uart.o
 .rodata        0x0800b638       0x65 ./gecko_sdk_4.2.1/platform/service/power_manager/src/sl_power_manager.o
 *fill*         0x0800b69d        0x3 
 .rodata        0x0800b6a0       0x6c ./gecko_sdk_4.2.1/platform/service/power_manager/src/sl_power_manager_hal_s2.o
 .rodata        0x0800b70c       0x5f ./gecko_sdk_4.2.1/platform/service/sleeptimer/src/sl_sleeptimer.o
 *fill*         0x0800b76b        0x1 
 .rodata        0x0800b76c       0x57 ./gecko_sdk_4.2.1/platform/service/udelay/src/sl_udelay.o
 *fill*         0x0800b7c3        0x1 
 .rodata        0x0800b7c4       0x10 ./src/I2C.o
 .rodata        0x0800b7d4       0x4d ./src/timers.o
 *fill*         0x0800b821        0x3 
 .rodata._global_impure_ptr
                0x0800b824        0x4 c:/siliconlabs/simplicitystudio/v5/developer/toolchains/gnu_arm/10.3_2021.10/bin/../lib/gcc/arm-none-eabi/10.3.1/../../../../arm-none-eabi/lib/thumb/v8-m.main+fp/hard\libc_nano.a(lib_a-impure.o)
                0x0800b824                _global_impure_ptr
 .rodata.__sf_fake_stderr
                0x0800b828       0x20 c:/siliconlabs/simplicitystudio/v5/developer/toolchains/gnu_arm/10.3_2021.10/bin/../lib/gcc/arm-none-eabi/10.3.1/../../../../arm-none-eabi/lib/thumb/v8-m.main+fp/hard\libc_nano.a(lib_a-findfp.o)
                0x0800b828                __sf_fake_stderr
 .rodata.__sf_fake_stdin
                0x0800b848       0x20 c:/siliconlabs/simplicitystudio/v5/developer/toolchains/gnu_arm/10.3_2021.10/bin/../lib/gcc/arm-none-eabi/10.3.1/../../../../arm-none-eabi/lib/thumb/v8-m.main+fp/hard\libc_nano.a(lib_a-findfp.o)
                0x0800b848                __sf_fake_stdin
 .rodata.__sf_fake_stdout
                0x0800b868       0x20 c:/siliconlabs/simplicitystudio/v5/developer/toolchains/gnu_arm/10.3_2021.10/bin/../lib/gcc/arm-none-eabi/10.3.1/../../../../arm-none-eabi/lib/thumb/v8-m.main+fp/hard\libc_nano.a(lib_a-findfp.o)
                0x0800b868                __sf_fake_stdout
 .rodata._vfprintf_r.str1.1
                0x0800b888       0x11 c:/siliconlabs/simplicitystudio/v5/developer/toolchains/gnu_arm/10.3_2021.10/bin/../lib/gcc/arm-none-eabi/10.3.1/../../../../arm-none-eabi/lib/thumb/v8-m.main+fp/hard\libc_nano.a(lib_a-nano-vfprintf.o)
 .rodata._printf_i.str1.1
                0x0800b899       0x22 c:/siliconlabs/simplicitystudio/v5/developer/toolchains/gnu_arm/10.3_2021.10/bin/../lib/gcc/arm-none-eabi/10.3.1/../../../../arm-none-eabi/lib/thumb/v8-m.main+fp/hard\libc_nano.a(lib_a-nano-vfprintf_i.o)
 *(.eh_frame*)
 *fill*         0x0800b8bb        0x1 
 .eh_frame      0x0800b8bc        0x0 c:/siliconlabs/simplicitystudio/v5/developer/toolchains/gnu_arm/10.3_2021.10/bin/../lib/gcc/arm-none-eabi/10.3.1/thumb/v8-m.main+fp/hard/crtbegin.o

.glue_7         0x0800b8bc        0x0
 .glue_7        0x0800b8bc        0x0 linker stubs

.glue_7t        0x0800b8bc        0x0
 .glue_7t       0x0800b8bc        0x0 linker stubs
