Archive member included to satisfy reference by file (symbol)

c:/siliconlabs/simplicitystudio/v5/developer/toolchains/gnu_arm/10.3_2021.10/bin/../lib/gcc/arm-none-eabi/10.3.1/thumb/v8-m.main+fp/hard\libgcc.a(_arm_addsubdf3.o)
                              ./src/adxl343.o (__aeabi_i2d)
c:/siliconlabs/simplicitystudio/v5/developer/toolchains/gnu_arm/10.3_2021.10/bin/../lib/gcc/arm-none-eabi/10.3.1/thumb/v8-m.main+fp/hard\libgcc.a(_arm_muldivdf3.o)
                              ./src/adxl343.o (__aeabi_ddiv)
c:/siliconlabs/simplicitystudio/v5/developer/toolchains/gnu_arm/10.3_2021.10/bin/../lib/gcc/arm-none-eabi/10.3.1/thumb/v8-m.main+fp/hard\libgcc.a(_arm_fixdfsi.o)
                              ./src/adxl343.o (__aeabi_d2iz)
c:/siliconlabs/simplicitystudio/v5/developer/toolchains/gnu_arm/10.3_2021.10/bin/../lib/gcc/arm-none-eabi/10.3.1/thumb/v8-m.main+fp/hard\libgcc.a(_aeabi_uldivmod.o)
                              ./gecko_sdk_4.2.1/platform/emlib/src/em_eusart.o (__aeabi_uldivmod)
c:/siliconlabs/simplicitystudio/v5/developer/toolchains/gnu_arm/10.3_2021.10/bin/../lib/gcc/arm-none-eabi/10.3.1/thumb/v8-m.main+fp/hard\libgcc.a(_udivmoddi4.o)
                              c:/siliconlabs/simplicitystudio/v5/developer/toolchains/gnu_arm/10.3_2021.10/bin/../lib/gcc/arm-none-eabi/10.3.1/thumb/v8-m.main+fp/hard\libgcc.a(_aeabi_uldivmod.o) (__udivmoddi4)
c:/siliconlabs/simplicitystudio/v5/developer/toolchains/gnu_arm/10.3_2021.10/bin/../lib/gcc/arm-none-eabi/10.3.1/thumb/v8-m.main+fp/hard\libgcc.a(_dvmd_tls.o)
                              c:/siliconlabs/simplicitystudio/v5/developer/toolchains/gnu_arm/10.3_2021.10/bin/../lib/gcc/arm-none-eabi/10.3.1/thumb/v8-m.main+fp/hard\libgcc.a(_aeabi_uldivmod.o) (__aeabi_ldiv0)
c:/siliconlabs/simplicitystudio/v5/developer/toolchains/gnu_arm/10.3_2021.10/bin/../lib/gcc/arm-none-eabi/10.3.1/../../../../arm-none-eabi/lib/thumb/v8-m.main+fp/hard\libc_nano.a(lib_a-abs.o)
                              ./src/adxl343.o (abs)
c:/siliconlabs/simplicitystudio/v5/developer/toolchains/gnu_arm/10.3_2021.10/bin/../lib/gcc/arm-none-eabi/10.3.1/../../../../arm-none-eabi/lib/thumb/v8-m.main+fp/hard\libc_nano.a(lib_a-ctype_.o)
                              ./gecko_sdk_4.2.1/platform/common/src/sl_string.o (_ctype_)
c:/siliconlabs/simplicitystudio/v5/developer/toolchains/gnu_arm/10.3_2021.10/bin/../lib/gcc/arm-none-eabi/10.3.1/../../../../arm-none-eabi/lib/thumb/v8-m.main+fp/hard\libc_nano.a(lib_a-exit.o)
                              c:/siliconlabs/simplicitystudio/v5/developer/toolchains/gnu_arm/10.3_2021.10/bin/../lib/gcc/arm-none-eabi/10.3.1/../../../../arm-none-eabi/lib/thumb/v8-m.main+fp/hard/crt0.o (exit)
c:/siliconlabs/simplicitystudio/v5/developer/toolchains/gnu_arm/10.3_2021.10/bin/../lib/gcc/arm-none-eabi/10.3.1/../../../../arm-none-eabi/lib/thumb/v8-m.main+fp/hard\libc_nano.a(lib_a-impure.o)
                              c:/siliconlabs/simplicitystudio/v5/developer/toolchains/gnu_arm/10.3_2021.10/bin/../lib/gcc/arm-none-eabi/10.3.1/../../../../arm-none-eabi/lib/thumb/v8-m.main+fp/hard\libc_nano.a(lib_a-exit.o) (_global_impure_ptr)
c:/siliconlabs/simplicitystudio/v5/developer/toolchains/gnu_arm/10.3_2021.10/bin/../lib/gcc/arm-none-eabi/10.3.1/../../../../arm-none-eabi/lib/thumb/v8-m.main+fp/hard\libc_nano.a(lib_a-init.o)
                              c:/siliconlabs/simplicitystudio/v5/developer/toolchains/gnu_arm/10.3_2021.10/bin/../lib/gcc/arm-none-eabi/10.3.1/../../../../arm-none-eabi/lib/thumb/v8-m.main+fp/hard/crt0.o (__libc_init_array)
c:/siliconlabs/simplicitystudio/v5/developer/toolchains/gnu_arm/10.3_2021.10/bin/../lib/gcc/arm-none-eabi/10.3.1/../../../../arm-none-eabi/lib/thumb/v8-m.main+fp/hard\libc_nano.a(lib_a-memcpy-stub.o)
                              ./gecko_sdk_4.2.1/platform/service/iostream/src/sl_iostream_uart.o (memcpy)
c:/siliconlabs/simplicitystudio/v5/developer/toolchains/gnu_arm/10.3_2021.10/bin/../lib/gcc/arm-none-eabi/10.3.1/../../../../arm-none-eabi/lib/thumb/v8-m.main+fp/hard\libc_nano.a(lib_a-memset.o)
                              c:/siliconlabs/simplicitystudio/v5/developer/toolchains/gnu_arm/10.3_2021.10/bin/../lib/gcc/arm-none-eabi/10.3.1/../../../../arm-none-eabi/lib/thumb/v8-m.main+fp/hard/crt0.o (memset)
c:/siliconlabs/simplicitystudio/v5/developer/toolchains/gnu_arm/10.3_2021.10/bin/../lib/gcc/arm-none-eabi/10.3.1/../../../../arm-none-eabi/lib/thumb/v8-m.main+fp/hard\libc_nano.a(lib_a-setvbuf.o)
                              ./gecko_sdk_4.2.1/platform/service/iostream/src/sl_iostream_stdlib_config.o (setvbuf)
c:/siliconlabs/simplicitystudio/v5/developer/toolchains/gnu_arm/10.3_2021.10/bin/../lib/gcc/arm-none-eabi/10.3.1/../../../../arm-none-eabi/lib/thumb/v8-m.main+fp/hard\libc_nano.a(lib_a-strcmp.o)
                              ./autogen/sl_iostream_handles.o (strcmp)
[...]
Memory Configuration

Name             Origin             Length             Attributes
FLASH            0x08000000         0x0017e000         xr
RAM              0x20000000         0x00040000         xrw
*default*        0x00000000         0xffffffff

Linker script and memory map

LOAD c:/siliconlabs/simplicitystudio/v5/developer/toolchains/gnu_arm/10.3_2021.10/bin/../lib/gcc/arm-none-eabi/10.3.1/thumb/v8-m.main+fp/hard/crti.o
LOAD c:/siliconlabs/simplicitystudio/v5/developer/toolchains/gnu_arm/10.3_2021.10/bin/../lib/gcc/arm-none-eabi/10.3.1/thumb/v8-m.main+fp/hard/crtbegin.o
LOAD c:/siliconlabs/simplicitystudio/v5/developer/toolchains/gnu_arm/10.3_2021.10/bin/../lib/gcc/arm-none-eabi/10.3.1/../../../../arm-none-eabi/lib/thumb/v8-m.main+fp/hard/crt0.o
START GROUP
LOAD ./app.o
LOAD ./main.o
LOAD ./autogen/sl_device_init_clocks.o
LOAD ./autogen/sl_event_handler.o
LOAD ./autogen/sl_iostream_handles.o
LOAD ./autogen/sl_iostream_init_usart_instances.o
LOAD ./autogen/sl_power_manager_handler.o
LOAD ./gecko_sdk_4.2.1/app/common/util/app_log/app_log.o
LOAD ./gecko_sdk_4.2.1/platform/Device/SiliconLabs/EFR32MG24/Source/startup_efr32mg24.o
LOAD ./gecko_sdk_4.2.1/platform/Device/SiliconLabs/EFR32MG24/Source/system_efr32mg24.o
LOAD ./gecko_sdk_4.2.1/platform/common/src/sl_assert.o
LOAD ./gecko_sdk_4.2.1/platform/common/src/sl_slist.o
LOAD ./gecko_sdk_4.2.1/platform/common/src/sl_string.o
LOAD ./gecko_sdk_4.2.1/platform/common/toolchain/src/sl_memory.o
LOAD ./gecko_sdk_4.2.1/platform/emdrv/dmadrv/src/dmactrl.o
LOAD ./gecko_sdk_4.2.1/platform/emdrv/dmadrv/src/dmadrv.o
LOAD ./gecko_sdk_4.2.1/platform/emlib/src/em_burtc.o
LOAD ./gecko_sdk_4.2.1/platform/emlib/src/em_cmu.o
LOAD ./gecko_sdk_4.2.1/platform/emlib/src/em_core.o
LOAD ./gecko_sdk_4.2.1/platform/emlib/src/em_emu.o
LOAD ./gecko_sdk_4.2.1/platform/emlib/src/em_eusart.o
LOAD ./gecko_sdk_4.2.1/platform/emlib/src/em_gpio.o
LOAD ./gecko_sdk_4.2.1/platform/emlib/src/em_i2c.o
LOAD ./gecko_sdk_4.2.1/platform/emlib/src/em_ldma.o
LOAD ./gecko_sdk_4.2.1/platform/emlib/src/em_msc.o
LOAD ./gecko_sdk_4.2.1/platform/emlib/src/em_system.o
LOAD ./gecko_sdk_4.2.1/platform/emlib/src/em_timer.o
LOAD ./gecko_sdk_4.2.1/platform/emlib/src/em_usart.o
LOAD ./gecko_sdk_4.2.1/platform/peripheral/src/peripheral_sysrtc.o
LOAD ./gecko_sdk_4.2.1/platform/service/device_init/src/sl_device_init_dcdc_s2.o
LOAD ./gecko_sdk_4.2.1/platform/service/device_init/src/sl_device_init_emu_s2.o
LOAD ./gecko_sdk_4.2.1/platform/service/device_init/src/sl_device_init_hfxo_s2.o
LOAD ./gecko_sdk_4.2.1/platform/service/device_init/src/sl_device_init_lfxo_s2.o
LOAD ./gecko_sdk_4.2.1/platform/service/device_init/src/sl_device_init_nvic.o
LOAD ./gecko_sdk_4.2.1/platform/service/hfxo_manager/src/sl_hfxo_manager.o
LOAD ./gecko_sdk_4.2.1/platform/service/hfxo_manager/src/sl_hfxo_manager_hal_s2.o
LOAD ./gecko_sdk_4.2.1/platform/service/iostream/src/sl_iostream.o
LOAD ./gecko_sdk_4.2.1/platform/service/iostream/src/sl_iostream_retarget_stdio.o
LOAD ./gecko_sdk_4.2.1/platform/service/iostream/src/sl_iostream_stdlib_config.o
LOAD ./gecko_sdk_4.2.1/platform/service/iostream/src/sl_iostream_uart.o
LOAD ./gecko_sdk_4.2.1/platform/service/iostream/src/sl_iostream_usart.o
LOAD ./gecko_sdk_4.2.1/platform/service/power_manager/src/sl_power_manager.o
LOAD ./gecko_sdk_4.2.1/platform/service/power_manager/src/sl_power_manager_debug.o
LOAD ./gecko_sdk_4.2.1/platform/service/power_manager/src/sl_power_manager_hal_s2.o
LOAD ./gecko_sdk_4.2.1/platform/service/sleeptimer/src/sl_sleeptimer.o
LOAD ./gecko_sdk_4.2.1/platform/service/sleeptimer/src/sl_sleeptimer_hal_burtc.o
LOAD ./gecko_sdk_4.2.1/platform/service/sleeptimer/src/sl_sleeptimer_hal_sysrtc.o
LOAD ./gecko_sdk_4.2.1/platform/service/sleeptimer/src/sl_sleeptimer_hal_timer.o
LOAD ./gecko_sdk_4.2.1/platform/service/system/src/sl_system_init.o
LOAD ./gecko_sdk_4.2.1/platform/service/system/src/sl_system_process_action.o
LOAD ./gecko_sdk_4.2.1/platform/service/udelay/src/sl_udelay.o
LOAD ./gecko_sdk_4.2.1/platform/service/udelay/src/sl_udelay_armv6m_gcc.o
LOAD ./src/GPIO.o
LOAD ./src/I2C.o
LOAD ./src/adxl343.o
LOAD ./src/irq.o
LOAD ./src/log.o
LOAD ./src/timers.o
LOAD c:/siliconlabs/simplicitystudio/v5/developer/toolchains/gnu_arm/10.3_2021.10/bin/../lib/gcc/arm-none-eabi/10.3.1/thumb/v8-m.main+fp/hard\libgcc.a
LOAD c:/siliconlabs/simplicitystudio/v5/developer/toolchains/gnu_arm/10.3_2021.10/bin/../lib/gcc/arm-none-eabi/10.3.1/../../../../arm-none-eabi/lib/thumb/v8-m.main+fp/hard\libc_nano.a
LOAD c:/siliconlabs/simplicitystudio/v5/developer/toolchains/gnu_arm/10.3_2021.10/bin/../lib/gcc/arm-none-eabi/10.3.1/../../../../arm-none-eabi/lib/thumb/v8-m.main+fp/hard\libm.a
LOAD c:/siliconlabs/simplicitystudio/v5/developer/toolchains/gnu_arm/10.3_2021.10/bin/../lib/gcc/arm-none-eabi/10.3.1/../../../../arm-none-eabi/lib/thumb/v8-m.main+fp/hard\libnosys.a
END GROUP
START GROUP
LOAD c:/siliconlabs/simplicitystudio/v5/developer/toolchains/gnu_arm/10.3_2021.10/bin/../lib/gcc/arm-none-eabi/10.3.1/thumb/v8-m.main+fp/hard\libgcc.a
LOAD c:/siliconlabs/simplicitystudio/v5/developer/toolchains/gnu_arm/10.3_2021.10/bin/../lib/gcc/arm-none-eabi/10.3.1/../../../../arm-none-eabi/lib/thumb/v8-m.main+fp/hard\libc_nano.a
LOAD c:/siliconlabs/simplicitystudio/v5/developer/toolchains/gnu_arm/10.3_2021.10/bin/../lib/gcc/arm-none-eabi/10.3.1/../../../../arm-none-eabi/lib/thumb/v8-m.main+fp/hard\libnosys.a
END GROUP
START GROUP
LOAD c:/siliconlabs/simplicitystudio/v5/developer/toolchains/gnu_arm/10.3_2021.10/bin/../lib/gcc/arm-none-eabi/10.3.1/thumb/v8-m.main+fp/hard\libgcc.a
LOAD c:/siliconlabs/simplicitystudio/v5/developer/toolchains/gnu_arm/10.3_2021.10/bin/../lib/gcc/arm-none-eabi/10.3.1/../../../../arm-none-eabi/lib/thumb/v8-m.main+fp/hard\libg_nano.a
LOAD c:/siliconlabs/simplicitystudio/v5/developer/toolchains/gnu_arm/10.3_2021.10/bin/../lib/gcc/arm-none-eabi/10.3.1/../../../../arm-none-eabi/lib/thumb/v8-m.main+fp/hard\libc_nano.a
END GROUP
START GROUP
LOAD c:/siliconlabs/simplicitystudio/v5/developer/toolchains/gnu_arm/10.3_2021.10/bin/../lib/gcc/arm-none-eabi/10.3.1/thumb/v8-m.main+fp/hard\libgcc.a
LOAD c:/siliconlabs/simplicitystudio/v5/developer/toolchains/gnu_arm/10.3_2021.10/bin/../lib/gcc/arm-none-eabi/10.3.1/../../../../arm-none-eabi/lib/thumb/v8-m.main+fp/hard\libc_nano.a
END GROUP
LOAD c:/siliconlabs/simplicitystudio/v5/developer/toolchains/gnu_arm/10.3_2021.10/bin/../lib/gcc/arm-none-eabi/10.3.1/thumb/v8-m.main+fp/hard/crtend.o
LOAD c:/siliconlabs/simplicitystudio/v5/developer/toolchains/gnu_arm/10.3_2021.10/bin/../lib/gcc/arm-none-eabi/10.3.1/thumb/v8-m.main+fp/hard/crtn.o

.text           0x08000000     0xabb0
                0x08000000                linker_vectors_begin = .
 *(.vectors)
 .vectors       0x08000000      0x170 ./gecko_sdk_4.2.1/platform/Device/SiliconLabs/EFR32MG24/Source/startup_efr32mg24.o
                0x08000000                __Vectors
                0x08000170                linker_vectors_end = .
                0x08000170                __Vectors_End = .
                0x08000170                __Vectors_Size = (__Vectors_End - __Vectors)
                0x08000170                linker_code_begin = .
 *(SORT_BY_ALIGNMENT(.text*))
 .text          0x08000170       0x40 c:/siliconlabs/simplicitystudio/v5/developer/toolchains/gnu_arm/10.3_2021.10/bin/../lib/gcc/arm-none-eabi/10.3.1/thumb/v8-m.main+fp/hard/crtbegin.o
 .text          0x080001b0       0x7c c:/siliconlabs/simplicitystudio/v5/developer/toolchains/gnu_arm/10.3_2021.10/bin/../lib/gcc/arm-none-eabi/10.3.1/../../../../arm-none-eabi/lib/thumb/v8-m.main+fp/hard/crt0.o
                0x080001b0                _stack_init
                0x080001b8                _start
                0x080001b8                _mainCRTStartup
 .text.app_init
                0x0800022c       0x48 ./app.o
                0x0800022c                app_init
 .text.app_process_action
                0x08000274      0x14c ./app.o
                0x08000274                app_process_action
 .text.sl_device_init_clocks
                0x080003c0       0xd4 ./autogen/sl_device_init_clocks.o
                0x080003c0                sl_device_init_clocks
 .text.GPIO_PinOutGet
                0x08000494       0x88 ./autogen/sl_iostream_init_usart_instances.o
 .text.sl_iostream_usart_init_vcom
                0x0800051c       0xe0 ./autogen/sl_iostream_init_usart_instances.o
                0x0800051c                sl_iostream_usart_init_vcom
 .text.sl_iostream_usart_init_instances
                0x080005fc       0x34 ./autogen/sl_iostream_init_usart_instances.o
                0x080005fc                sl_iostream_usart_init_instances
 .text.USART0_TX_IRQHandler
                0x08000630       0x10 ./autogen/sl_iostream_init_usart_instances.o
                0x08000630                USART0_TX_IRQHandler
 .text.USART0_RX_IRQHandler
                0x08000640       0x10 ./autogen/sl_iostream_init_usart_instances.o
                0x08000640                USART0_RX_IRQHandler
 .text.sl_iostream_usart_vcom_sleep_on_isr_exit
                0x08000650       0x14 ./autogen/sl_iostream_init_usart_instances.o
                0x08000650                sl_iostream_usart_vcom_sleep_on_isr_exit
 .text.events_handler
                0x08000664       0xa8 ./autogen/sl_iostream_init_usart_instances.o
 .text.app_log_init
                0x0800070c       0x3c ./gecko_sdk_4.2.1/app/common/util/app_log/app_log.o
                0x0800070c                app_log_init
 .text.Reset_Handler
                0x08000748       0x98 ./gecko_sdk_4.2.1/platform/Device/SiliconLabs/EFR32MG24/Source/startup_efr32mg24.o
                0x08000748                Reset_Handler
 .text.__NVIC_EnableIRQ
                0x080007e0       0x34 ./gecko_sdk_4.2.1/platform/Device/SiliconLabs/EFR32MG24/Source/system_efr32mg24.o
 .text.__NVIC_ClearPendingIRQ
                0x08000814       0x38 ./gecko_sdk_4.2.1/platform/Device/SiliconLabs/EFR32MG24/Source/system_efr32mg24.o
 .text.SystemInit
                0x0800084c       0x90 ./gecko_sdk_4.2.1/platform/Device/SiliconLabs/EFR32MG24/Source/system_efr32mg24.o
                0x0800084c                SystemInit
 .text.SystemHFRCODPLLClockGet
                0x080008dc        0xc ./gecko_sdk_4.2.1/platform/Device/SiliconLabs/EFR32MG24/Source/system_efr32mg24.o
                0x080008dc                SystemHFRCODPLLClockGet
 .text.SystemSYSCLKGet
                0x080008e8       0x50 ./gecko_sdk_4.2.1/platform/Device/SiliconLabs/EFR32MG24/Source/system_efr32mg24.o
                0x080008e8                SystemSYSCLKGet
 .text.SystemHCLKGet
                0x08000938       0x3c ./gecko_sdk_4.2.1/platform/Device/SiliconLabs/EFR32MG24/Source/system_efr32mg24.o
                0x08000938                SystemHCLKGet
 .text.SystemMaxCoreClockGet
                0x08000974        0xc ./gecko_sdk_4.2.1/platform/Device/SiliconLabs/EFR32MG24/Source/system_efr32mg24.o
                0x08000974                SystemMaxCoreClockGet
 .text.SystemHFXOClockGet
                0x08000980        0xc ./gecko_sdk_4.2.1/platform/Device/SiliconLabs/EFR32MG24/Source/system_efr32mg24.o
                0x08000980                SystemHFXOClockGet
 .text.SystemHFXOClockSet
                0x0800098c       0x2c ./gecko_sdk_4.2.1/platform/Device/SiliconLabs/EFR32MG24/Source/system_efr32mg24.o
                0x0800098c                SystemHFXOClockSet
 .text.SystemFSRCOClockGet
                0x080009b8        0xc ./gecko_sdk_4.2.1/platform/Device/SiliconLabs/EFR32MG24/Source/system_efr32mg24.o
                0x080009b8                SystemFSRCOClockGet
 .text.SystemHFRCOEM23ClockGet
                0x080009c4       0xe0 ./gecko_sdk_4.2.1/platform/Device/SiliconLabs/EFR32MG24/Source/system_efr32mg24.o
                0x080009c4                SystemHFRCOEM23ClockGet
 .text.SystemLFXOClockGet
                0x08000aa4        0xc ./gecko_sdk_4.2.1/platform/Device/SiliconLabs/EFR32MG24/Source/system_efr32mg24.o
                0x08000aa4                SystemLFXOClockGet
 .text.sl_slist_push
                0x08000ab0       0x38 ./gecko_sdk_4.2.1/platform/common/src/sl_slist.o
                0x08000ab0                sl_slist_push
 .text._sbrk    0x08000ae8       0x3c ./gecko_sdk_4.2.1/platform/common/toolchain/src/sl_memory.o
                0x08000ae8                _sbrk
 .text.DMADRV_AllocateChannel
                0x08000b24       0xa0 ./gecko_sdk_4.2.1/platform/emdrv/dmadrv/src/dmadrv.o
                0x08000b24                DMADRV_AllocateChannel
 .text.DMADRV_DeInit
                0x08000bc4       0x78 ./gecko_sdk_4.2.1/platform/emdrv/dmadrv/src/dmadrv.o
                0x08000bc4                DMADRV_DeInit
 .text.DMADRV_FreeChannel
                0x08000c3c       0x74 ./gecko_sdk_4.2.1/platform/emdrv/dmadrv/src/dmadrv.o
                0x08000c3c                DMADRV_FreeChannel
 .text.DMADRV_Init
                0x08000cb0       0x7c ./gecko_sdk_4.2.1/platform/emdrv/dmadrv/src/dmadrv.o
                0x08000cb0                DMADRV_Init
 .text.DMADRV_PauseTransfer
                0x08000d2c       0x64 ./gecko_sdk_4.2.1/platform/emdrv/dmadrv/src/dmadrv.o
                0x08000d2c                DMADRV_PauseTransfer
 .text.DMADRV_ResumeTransfer
                0x08000d90       0x64 ./gecko_sdk_4.2.1/platform/emdrv/dmadrv/src/dmadrv.o
                0x08000d90                DMADRV_ResumeTransfer
 .text.DMADRV_StopTransfer
                0x08000df4       0x64 ./gecko_sdk_4.2.1/platform/emdrv/dmadrv/src/dmadrv.o
                0x08000df4                DMADRV_StopTransfer
 .text.DMADRV_TransferCompletePending
                0x08000e58       0x84 ./gecko_sdk_4.2.1/platform/emdrv/dmadrv/src/dmadrv.o
                0x08000e58                DMADRV_TransferCompletePending
 .text.DMADRV_TransferDone
                0x08000edc       0x74 ./gecko_sdk_4.2.1/platform/emdrv/dmadrv/src/dmadrv.o
                0x08000edc                DMADRV_TransferDone
 .text.LDMA_IRQHandler
                0x08000f50       0xec ./gecko_sdk_4.2.1/platform/emdrv/dmadrv/src/dmadrv.o
                0x08000f50                LDMA_IRQHandler
 .text.StartTransfer
                0x0800103c      0x21c ./gecko_sdk_4.2.1/platform/emdrv/dmadrv/src/dmadrv.o
 .text.BUS_RegBitWrite
                0x08001258       0x48 ./gecko_sdk_4.2.1/platform/emlib/src/em_cmu.o
 .text.EMU_VScaleWait
                0x080012a0       0x1c ./gecko_sdk_4.2.1/platform/emlib/src/em_cmu.o
 .text.EMU_VScaleGet
                0x080012bc       0x1c ./gecko_sdk_4.2.1/platform/emlib/src/em_cmu.o
 .text.MSC_LockGetLocked
                0x080012d8       0x1c ./gecko_sdk_4.2.1/platform/emlib/src/em_cmu.o
 .text.MSC_LockSetLocked
                0x080012f4       0x10 ./gecko_sdk_4.2.1/platform/emlib/src/em_cmu.o
 .text.MSC_LockSetUnlocked
                0x08001304       0x10 ./gecko_sdk_4.2.1/platform/emlib/src/em_cmu.o
 .text.MSC_ReadCTRLGet
                0x08001314        0xc ./gecko_sdk_4.2.1/platform/emlib/src/em_cmu.o
 .text.MSC_ReadCTRLSet
                0x08001320       0x14 ./gecko_sdk_4.2.1/platform/emlib/src/em_cmu.o
 .text.CMU_ClockDivGet
                0x08001334       0xec ./gecko_sdk_4.2.1/platform/emlib/src/em_cmu.o
                0x08001334                CMU_ClockDivGet
 .text.CMU_ClockDivSet
                0x08001420      0x1b0 ./gecko_sdk_4.2.1/platform/emlib/src/em_cmu.o
                0x08001420                CMU_ClockDivSet
 .text.CMU_ClockEnable
                0x080015d0       0x74 ./gecko_sdk_4.2.1/platform/emlib/src/em_cmu.o
                0x080015d0                CMU_ClockEnable
 .text.CMU_ClockFreqGet
                0x08001644      0x6a8 ./gecko_sdk_4.2.1/platform/emlib/src/em_cmu.o
                0x08001644                CMU_ClockFreqGet
 .text.CMU_ClockSelectGet
                0x08001cec      0x3e4 ./gecko_sdk_4.2.1/platform/emlib/src/em_cmu.o
                0x08001cec                CMU_ClockSelectGet
 .text.sli_em_cmu_HFXOSetForceEnable
                0x080020d0       0x28 ./gecko_sdk_4.2.1/platform/emlib/src/em_cmu.o
                0x080020d0                sli_em_cmu_HFXOSetForceEnable
 .text.CMU_HFXOInit
                0x080020f8      0x2f4 ./gecko_sdk_4.2.1/platform/emlib/src/em_cmu.o
                0x080020f8                CMU_HFXOInit
 .text.CMU_HFXOCTuneDeltaGet
                0x080023ec       0x10 ./gecko_sdk_4.2.1/platform/emlib/src/em_cmu.o
                0x080023ec                CMU_HFXOCTuneDeltaGet
 .text.CMU_LFXOInit
                0x080023fc      0x120 ./gecko_sdk_4.2.1/platform/emlib/src/em_cmu.o
                0x080023fc                CMU_LFXOInit
 .text.CMU_LFXOPrecisionSet
                0x0800251c       0x1c ./gecko_sdk_4.2.1/platform/emlib/src/em_cmu.o
                0x0800251c                CMU_LFXOPrecisionSet
 .text.eusart0ClkGet
                0x08002538       0xa8 ./gecko_sdk_4.2.1/platform/emlib/src/em_cmu.o
 .text.em01GrpcClkGet
                0x080025e0       0xbc ./gecko_sdk_4.2.1/platform/emlib/src/em_cmu.o
 .text.vdac0ClkGet
                0x0800269c       0xa8 ./gecko_sdk_4.2.1/platform/emlib/src/em_cmu.o
 .text.vdac1ClkGet
                0x08002744       0xa8 ./gecko_sdk_4.2.1/platform/emlib/src/em_cmu.o
 .text.pcnt0ClkGet
                0x080027ec       0x74 ./gecko_sdk_4.2.1/platform/emlib/src/em_cmu.o
 .text.rhclkPrescMax
                0x08002860       0x18 ./gecko_sdk_4.2.1/platform/emlib/src/em_cmu.o
 .text.rhclkPrescOptimize
                0x08002878       0x2c ./gecko_sdk_4.2.1/platform/emlib/src/em_cmu.o
 .text.traceClkGet
                0x080028a4       0x84 ./gecko_sdk_4.2.1/platform/emlib/src/em_cmu.o
 .text.dpllRefClkGet
                0x08002928       0x94 ./gecko_sdk_4.2.1/platform/emlib/src/em_cmu.o
 .text.em01GrpaClkGet
                0x080029bc       0xbc ./gecko_sdk_4.2.1/platform/emlib/src/em_cmu.o
 .text.em23GrpaClkGet
                0x08002a78       0x84 ./gecko_sdk_4.2.1/platform/emlib/src/em_cmu.o
 .text.em4GrpaClkGet
                0x08002afc       0x84 ./gecko_sdk_4.2.1/platform/emlib/src/em_cmu.o
 .text.getWaitStatesByFrequencyAndVScale
                0x08002b80       0x54 ./gecko_sdk_4.2.1/platform/emlib/src/em_cmu.o
 .text.flashWaitStateControl
                0x08002bd4       0x70 ./gecko_sdk_4.2.1/platform/emlib/src/em_cmu.o
 .text.iadcClkGet
                0x08002c44       0x8c ./gecko_sdk_4.2.1/platform/emlib/src/em_cmu.o
 .text.pclkDivOptimize
                0x08002cd0       0x34 ./gecko_sdk_4.2.1/platform/emlib/src/em_cmu.o
 .text.sysrtcClkGet
                0x08002d04       0x84 ./gecko_sdk_4.2.1/platform/emlib/src/em_cmu.o
 .text.wdog0ClkGet
                0x08002d88       0xa0 ./gecko_sdk_4.2.1/platform/emlib/src/em_cmu.o
 .text.wdog1ClkGet
                0x08002e28       0xa0 ./gecko_sdk_4.2.1/platform/emlib/src/em_cmu.o
 .text.sysTickClkGet
                0x08002ec8       0x58 ./gecko_sdk_4.2.1/platform/emlib/src/em_cmu.o
 .text.EMU_DCDCLock
                0x08002f20       0x14 ./gecko_sdk_4.2.1/platform/emlib/src/em_emu.o
 .text.EMU_DCDCUnlock
                0x08002f34       0x10 ./gecko_sdk_4.2.1/platform/emlib/src/em_emu.o
 .text.EMU_DCDCSync
                0x08002f44       0x20 ./gecko_sdk_4.2.1/platform/emlib/src/em_emu.o
 .text.EMU_VScaleWait
                0x08002f64       0x1c ./gecko_sdk_4.2.1/platform/emlib/src/em_emu.o
 .text.EMU_VScaleGet
                0x08002f80       0x1c ./gecko_sdk_4.2.1/platform/emlib/src/em_emu.o
 .text.EMU_EM01Init
                0x08002f9c       0x24 ./gecko_sdk_4.2.1/platform/emlib/src/em_emu.o
                0x08002f9c                EMU_EM01Init
 .text.EMU_EM23Init
                0x08002fc0       0x24 ./gecko_sdk_4.2.1/platform/emlib/src/em_emu.o
                0x08002fc0                EMU_EM23Init
 .text.EMU_EnterEM2
                0x08002fe4       0x48 ./gecko_sdk_4.2.1/platform/emlib/src/em_emu.o
                0x08002fe4                EMU_EnterEM2
 .text.EMU_EnterEM3
                0x0800302c       0x40 ./gecko_sdk_4.2.1/platform/emlib/src/em_emu.o
                0x0800302c                EMU_EnterEM3
 .text.EMU_EM4Init
                0x0800306c       0x24 ./gecko_sdk_4.2.1/platform/emlib/src/em_emu.o
                0x0800306c                EMU_EM4Init
 .text.EMU_VScaleEM01ByClock
                0x08003090       0x5c ./gecko_sdk_4.2.1/platform/emlib/src/em_emu.o
                0x08003090                EMU_VScaleEM01ByClock
 .text.EMU_VScaleEM01
                0x080030ec       0xdc ./gecko_sdk_4.2.1/platform/emlib/src/em_emu.o
                0x080030ec                EMU_VScaleEM01
 .text.EMU_DCDCModeSet
                0x080031c8       0xc0 ./gecko_sdk_4.2.1/platform/emlib/src/em_emu.o
                0x080031c8                EMU_DCDCModeSet
 .text.EMU_DCDCInit
                0x08003288       0xa8 ./gecko_sdk_4.2.1/platform/emlib/src/em_emu.o
                0x08003288                EMU_DCDCInit
 .text.EMU_DCDCSetPFMXModePeakCurrent
                0x08003330       0xb4 ./gecko_sdk_4.2.1/platform/emlib/src/em_emu.o
                0x08003330                EMU_DCDCSetPFMXModePeakCurrent
 .text.BUS_RegBitWrite
                0x080033e4       0x48 ./gecko_sdk_4.2.1/platform/emlib/src/em_gpio.o
 .text.GPIO_IntClear
                0x0800342c       0x1c ./gecko_sdk_4.2.1/platform/emlib/src/em_gpio.o
 .text.GPIO_PinOutClear
                0x08003448       0x84 ./gecko_sdk_4.2.1/platform/emlib/src/em_gpio.o
 .text.GPIO_PinOutSet
                0x080034cc       0x84 ./gecko_sdk_4.2.1/platform/emlib/src/em_gpio.o
 .text.GPIO_ExtIntConfig
                0x08003550      0x16c ./gecko_sdk_4.2.1/platform/emlib/src/em_gpio.o
                0x08003550                GPIO_ExtIntConfig
 .text.GPIO_PinModeSet
                0x080036bc      0x124 ./gecko_sdk_4.2.1/platform/emlib/src/em_gpio.o
                0x080036bc                GPIO_PinModeSet
 .text.BUS_RegBitWrite
                0x080037e0       0x48 ./gecko_sdk_4.2.1/platform/emlib/src/em_i2c.o
 .text.I2C_BusFreqSet
                0x08003828      0x1a8 ./gecko_sdk_4.2.1/platform/emlib/src/em_i2c.o
                0x08003828                I2C_BusFreqSet
 .text.I2C_Enable
                0x080039d0       0x48 ./gecko_sdk_4.2.1/platform/emlib/src/em_i2c.o
                0x080039d0                I2C_Enable
 .text.I2C_Init
                0x08003a18       0x7c ./gecko_sdk_4.2.1/platform/emlib/src/em_i2c.o
                0x08003a18                I2C_Init
 .text.I2C_Transfer
                0x08003a94      0x4c8 ./gecko_sdk_4.2.1/platform/emlib/src/em_i2c.o
                0x08003a94                I2C_Transfer
 .text.I2C_TransferInit
                0x08003f5c       0xf8 ./gecko_sdk_4.2.1/platform/emlib/src/em_i2c.o
                0x08003f5c                I2C_TransferInit
 .text.__NVIC_EnableIRQ
                0x08004054       0x34 ./gecko_sdk_4.2.1/platform/emlib/src/em_ldma.o
 .text.__NVIC_DisableIRQ
                0x08004088       0x44 ./gecko_sdk_4.2.1/platform/emlib/src/em_ldma.o
 .text.__NVIC_ClearPendingIRQ
                0x080040cc       0x38 ./gecko_sdk_4.2.1/platform/emlib/src/em_ldma.o
 .text.__NVIC_SetPriority
                0x08004104       0x50 ./gecko_sdk_4.2.1/platform/emlib/src/em_ldma.o
 .text.BUS_RegBitWrite
                0x08004154       0x48 ./gecko_sdk_4.2.1/platform/emlib/src/em_ldma.o
 .text.LDMA_DeInit
                0x0800419c       0x34 ./gecko_sdk_4.2.1/platform/emlib/src/em_ldma.o
                0x0800419c                LDMA_DeInit
 .text.LDMA_EnableChannelRequest
                0x080041d0       0x40 ./gecko_sdk_4.2.1/platform/emlib/src/em_ldma.o
                0x080041d0                LDMA_EnableChannelRequest
 .text.LDMA_Init
                0x08004210       0xec ./gecko_sdk_4.2.1/platform/emlib/src/em_ldma.o
                0x08004210                LDMA_Init
 .text.LDMA_StartTransfer
                0x080042fc      0x208 ./gecko_sdk_4.2.1/platform/emlib/src/em_ldma.o
                0x080042fc                LDMA_StartTransfer
 .text.LDMA_StopTransfer
                0x08004504       0x54 ./gecko_sdk_4.2.1/platform/emlib/src/em_ldma.o
                0x08004504                LDMA_StopTransfer
 .text.LDMA_TransferDone
                0x08004558       0x68 ./gecko_sdk_4.2.1/platform/emlib/src/em_ldma.o
                0x08004558                LDMA_TransferDone
 .text.TIMER_Valid
                0x080045c0       0x54 ./gecko_sdk_4.2.1/platform/emlib/src/em_timer.o
 .text.TIMER_Init
                0x08004614      0x130 ./gecko_sdk_4.2.1/platform/emlib/src/em_timer.o
                0x08004614                TIMER_Init
 .text.prsRxInput
                0x08004744       0x38 ./gecko_sdk_4.2.1/platform/emlib/src/em_usart.o
 .text.USART_BaudrateAsyncSet
                0x0800477c      0x14c ./gecko_sdk_4.2.1/platform/emlib/src/em_usart.o
                0x0800477c                USART_BaudrateAsyncSet
 .text.USART_Enable
                0x080048c8       0x70 ./gecko_sdk_4.2.1/platform/emlib/src/em_usart.o
                0x080048c8                USART_Enable
 .text.USART_InitAsync
                0x08004938      0x134 ./gecko_sdk_4.2.1/platform/emlib/src/em_usart.o
                0x08004938                USART_InitAsync
 .text.USART_Reset
                0x08004a6c       0xa0 ./gecko_sdk_4.2.1/platform/emlib/src/em_usart.o
                0x08004a6c                USART_Reset
 .text.sl_sysrtc_wait_sync
                0x08004b0c       0x20 ./gecko_sdk_4.2.1/platform/peripheral/src/peripheral_sysrtc.o
 .text.sl_sysrtc_wait_ready
                0x08004b2c       0x2c ./gecko_sdk_4.2.1/platform/peripheral/src/peripheral_sysrtc.o
 .text.sl_sysrtc_stop
                0x08004b58       0x14 ./gecko_sdk_4.2.1/platform/peripheral/src/peripheral_sysrtc.o
 .text.sl_sysrtc_init
                0x08004b6c       0x38 ./gecko_sdk_4.2.1/platform/peripheral/src/peripheral_sysrtc.o
                0x08004b6c                sl_sysrtc_init
 .text.sl_sysrtc_enable
                0x08004ba4       0x20 ./gecko_sdk_4.2.1/platform/peripheral/src/peripheral_sysrtc.o
                0x08004ba4                sl_sysrtc_enable
 .text.sl_sysrtc_disable
                0x08004bc4       0x24 ./gecko_sdk_4.2.1/platform/peripheral/src/peripheral_sysrtc.o
                0x08004bc4                sl_sysrtc_disable
 .text.sl_sysrtc_init_group
                0x08004be8       0xbc ./gecko_sdk_4.2.1/platform/peripheral/src/peripheral_sysrtc.o
                0x08004be8                sl_sysrtc_init_group
 .text.sl_sysrtc_enable_group_interrupts
                0x08004ca4       0x44 ./gecko_sdk_4.2.1/platform/peripheral/src/peripheral_sysrtc.o
                0x08004ca4                sl_sysrtc_enable_group_interrupts
 .text.sl_sysrtc_disable_group_interrupts
                0x08004ce8       0x44 ./gecko_sdk_4.2.1/platform/peripheral/src/peripheral_sysrtc.o
                0x08004ce8                sl_sysrtc_disable_group_interrupts
 .text.sl_sysrtc_clear_group_interrupts
                0x08004d2c       0x44 ./gecko_sdk_4.2.1/platform/peripheral/src/peripheral_sysrtc.o
                0x08004d2c                sl_sysrtc_clear_group_interrupts
 .text.sl_sysrtc_get_group_interrupts
                0x08004d70       0x3c ./gecko_sdk_4.2.1/platform/peripheral/src/peripheral_sysrtc.o
                0x08004d70                sl_sysrtc_get_group_interrupts
 .text.sl_sysrtc_get_group_compare_channel_value
                0x08004dac       0x5c ./gecko_sdk_4.2.1/platform/peripheral/src/peripheral_sysrtc.o
                0x08004dac                sl_sysrtc_get_group_compare_channel_value
 .text.sl_sysrtc_set_group_compare_channel_value
                0x08004e08       0x5c ./gecko_sdk_4.2.1/platform/peripheral/src/peripheral_sysrtc.o
                0x08004e08                sl_sysrtc_set_group_compare_channel_value
 .text.sl_device_init_dcdc
                0x08004e64       0x34 ./gecko_sdk_4.2.1/platform/service/device_init/src/sl_device_init_dcdc_s2.o
                0x08004e64                sl_device_init_dcdc
 .text.sl_device_init_emu
                0x08004e98       0x34 ./gecko_sdk_4.2.1/platform/service/device_init/src/sl_device_init_emu_s2.o
                0x08004e98                sl_device_init_emu
 .text.sl_device_init_hfxo
                0x08004ecc       0xc4 ./gecko_sdk_4.2.1/platform/service/device_init/src/sl_device_init_hfxo_s2.o
                0x08004ecc                sl_device_init_hfxo
 .text.sl_device_init_lfxo
                0x08004f90       0x3c ./gecko_sdk_4.2.1/platform/service/device_init/src/sl_device_init_lfxo_s2.o
                0x08004f90                sl_device_init_lfxo
 .text.__NVIC_SetPriority
                0x08004fcc       0x50 ./gecko_sdk_4.2.1/platform/service/device_init/src/sl_device_init_nvic.o
 .text.sl_hfxo_manager_init
                0x0800501c       0x88 ./gecko_sdk_4.2.1/platform/service/hfxo_manager/src/sl_hfxo_manager.o
                0x0800501c                sl_hfxo_manager_init
 .text.sli_hfxo_manager_begin_startup_measurement
                0x080050a4       0x20 ./gecko_sdk_4.2.1/platform/service/hfxo_manager/src/sl_hfxo_manager.o
                0x080050a4                sli_hfxo_manager_begin_startup_measurement
 .text.sli_hfxo_manager_end_startup_measurement
                0x080050c4       0xc8 ./gecko_sdk_4.2.1/platform/service/hfxo_manager/src/sl_hfxo_manager.o
                0x080050c4                sli_hfxo_manager_end_startup_measurement
 .text.sli_hfxo_manager_get_startup_time
                0x0800518c        0xc ./gecko_sdk_4.2.1/platform/service/hfxo_manager/src/sl_hfxo_manager.o
                0x0800518c                sli_hfxo_manager_get_startup_time
 .text.__NVIC_EnableIRQ
                0x08005198       0x34 ./gecko_sdk_4.2.1/platform/service/hfxo_manager/src/sl_hfxo_manager_hal_s2.o
 .text.__NVIC_ClearPendingIRQ
                0x080051cc       0x38 ./gecko_sdk_4.2.1/platform/service/hfxo_manager/src/sl_hfxo_manager_hal_s2.o
 .text.__NVIC_SetPriority
                0x08005204       0x50 ./gecko_sdk_4.2.1/platform/service/hfxo_manager/src/sl_hfxo_manager_hal_s2.o
 .text.sli_hfxo_manager_init_hardware
                0x08005254       0x58 ./gecko_sdk_4.2.1/platform/service/hfxo_manager/src/sl_hfxo_manager_hal_s2.o
                0x08005254                sli_hfxo_manager_init_hardware
 .text.sli_hfxo_manager_is_hfxo_ready
                0x080052ac       0x68 ./gecko_sdk_4.2.1/platform/service/hfxo_manager/src/sl_hfxo_manager_hal_s2.o
                0x080052ac                sli_hfxo_manager_is_hfxo_ready
 .text.sl_hfxo_manager_irq_handler
                0x08005314       0x64 ./gecko_sdk_4.2.1/platform/service/hfxo_manager/src/sl_hfxo_manager_hal_s2.o
                0x08005314                sl_hfxo_manager_irq_handler
 .text.sl_iostream_set_default
                0x08005378       0x28 ./gecko_sdk_4.2.1/platform/service/iostream/src/sl_iostream.o
                0x08005378                sl_iostream_set_default
 .text.sl_iostream_get_default
                0x080053a0       0x28 ./gecko_sdk_4.2.1/platform/service/iostream/src/sl_iostream.o
                0x080053a0                sl_iostream_get_default
 .text._write   0x080053c8       0x34 ./gecko_sdk_4.2.1/platform/service/iostream/src/sl_iostream_retarget_stdio.o
                0x080053c8                _write
 .text.sl_iostream_stdlib_disable_buffering
                0x080053fc       0x1c ./gecko_sdk_4.2.1/platform/service/iostream/src/sl_iostream_stdlib_config.o
                0x080053fc                sl_iostream_stdlib_disable_buffering
 .text.__NVIC_EnableIRQ
                0x08005418       0x34 ./gecko_sdk_4.2.1/platform/service/iostream/src/sl_iostream_uart.o
 .text.__NVIC_DisableIRQ
                0x0800544c       0x44 ./gecko_sdk_4.2.1/platform/service/iostream/src/sl_iostream_uart.o
 .text.__NVIC_ClearPendingIRQ
                0x08005490       0x38 ./gecko_sdk_4.2.1/platform/service/iostream/src/sl_iostream_uart.o
 .text.sli_iostream_uart_context_init
                0x080054c8      0x1e0 ./gecko_sdk_4.2.1/platform/service/iostream/src/sl_iostream_uart.o
                0x080054c8                sli_iostream_uart_context_init
 .text.sli_uart_txc
                0x080056a8       0x60 ./gecko_sdk_4.2.1/platform/service/iostream/src/sl_iostream_uart.o
                0x080056a8                sli_uart_txc
 .text.uart_deinit
                0x08005708       0xec ./gecko_sdk_4.2.1/platform/service/iostream/src/sl_iostream_uart.o
 .text.scan_for_ctrl_char
                0x080057f4       0xbc ./gecko_sdk_4.2.1/platform/service/iostream/src/sl_iostream_uart.o
 .text.dma_irq_handler
                0x080058b0       0xd0 ./gecko_sdk_4.2.1/platform/service/iostream/src/sl_iostream_uart.o
 .text.get_write_ptr
                0x08005980       0x54 ./gecko_sdk_4.2.1/platform/service/iostream/src/sl_iostream_uart.o
 .text.update_ring_buffer
                0x080059d4      0x148 ./gecko_sdk_4.2.1/platform/service/iostream/src/sl_iostream_uart.o
 .text.read_rx_buffer
                0x08005b1c      0x1cc ./gecko_sdk_4.2.1/platform/service/iostream/src/sl_iostream_uart.o
 .text.sl_iostream_usart_init
                0x08005ce8      0x280 ./gecko_sdk_4.2.1/platform/service/iostream/src/sl_iostream_usart.o
                0x08005ce8                sl_iostream_usart_init
 .text.sl_iostream_usart_irq_handler
                0x08005f68      0x120 ./gecko_sdk_4.2.1/platform/service/iostream/src/sl_iostream_usart.o
                0x08005f68                sl_iostream_usart_irq_handler
 .text.sl_power_manager_init
                0x08006088       0x80 ./gecko_sdk_4.2.1/platform/service/power_manager/src/sl_power_manager.o
                0x08006088                sl_power_manager_init
 .text.sl_power_manager_sleep
                0x08006108      0x204 ./gecko_sdk_4.2.1/platform/service/power_manager/src/sl_power_manager.o
                0x08006108                sl_power_manager_sleep
 .text.sli_power_manager_update_em_requirement
                0x0800630c      0x108 ./gecko_sdk_4.2.1/platform/service/power_manager/src/sl_power_manager.o
                0x0800630c                sli_power_manager_update_em_requirement
 .text.sli_power_manager_get_restore_delay
                0x08006414       0x48 ./gecko_sdk_4.2.1/platform/service/power_manager/src/sl_power_manager.o
                0x08006414                sli_power_manager_get_restore_delay
 .text.sl_power_manager_subscribe_em_transition_event
                0x0800645c       0x30 ./gecko_sdk_4.2.1/platform/service/power_manager/src/sl_power_manager.o
                0x0800645c                sl_power_manager_subscribe_em_transition_event
 .text.sl_power_manager_schedule_wakeup_get_restore_overhead_tick
                0x0800648c       0x14 ./gecko_sdk_4.2.1/platform/service/power_manager/src/sl_power_manager.o
                0x0800648c                sl_power_manager_schedule_wakeup_get_restore_overhead_tick
 .text.sli_power_manager_convert_delay_us_to_tick
                0x080064a0       0x2c ./gecko_sdk_4.2.1/platform/service/power_manager/src/sl_power_manager.o
                0x080064a0                sli_power_manager_convert_delay_us_to_tick
 .text.sl_power_manager_is_latest_wakeup_internal
                0x080064cc       0x4c ./gecko_sdk_4.2.1/platform/service/power_manager/src/sl_power_manager.o
                0x080064cc                sl_power_manager_is_latest_wakeup_internal
 .text.get_lowest_em
                0x08006518       0x34 ./gecko_sdk_4.2.1/platform/service/power_manager/src/sl_power_manager.o
 .text.power_manager_notify_em_transition
                0x0800654c       0xec ./gecko_sdk_4.2.1/platform/service/power_manager/src/sl_power_manager.o
 .text.evaluate_wakeup
                0x08006638       0xf8 ./gecko_sdk_4.2.1/platform/service/power_manager/src/sl_power_manager.o
 .text.update_em1_requirement
                0x08006730       0x94 ./gecko_sdk_4.2.1/platform/service/power_manager/src/sl_power_manager.o
 .text.clock_restore_and_wait
                0x080067c4       0x88 ./gecko_sdk_4.2.1/platform/service/power_manager/src/sl_power_manager.o
 .text.clock_restore
                0x0800684c       0x6c ./gecko_sdk_4.2.1/platform/service/power_manager/src/sl_power_manager.o
 .text.on_clock_wakeup_timeout
                0x080068b8       0x34 ./gecko_sdk_4.2.1/platform/service/power_manager/src/sl_power_manager.o
 .text.sli_hfxo_manager_notify_ready_for_power_manager
                0x080068ec       0x48 ./gecko_sdk_4.2.1/platform/service/power_manager/src/sl_power_manager.o
                0x080068ec                sli_hfxo_manager_notify_ready_for_power_manager
 .text.EMU_EnterEM1
                0x08006934       0x18 ./gecko_sdk_4.2.1/platform/service/power_manager/src/sl_power_manager_hal_s2.o
 .text.sli_power_manager_init_hardware
                0x0800694c      0x210 ./gecko_sdk_4.2.1/platform/service/power_manager/src/sl_power_manager_hal_s2.o
                0x0800694c                sli_power_manager_init_hardware
 .text.sli_power_manager_em23_voltage_scaling_enable_fast_wakeup
                0x08006b5c       0x88 ./gecko_sdk_4.2.1/platform/service/power_manager/src/sl_power_manager_hal_s2.o
                0x08006b5c                sli_power_manager_em23_voltage_scaling_enable_fast_wakeup
 .text.EMU_EM23PresleepHook
                0x08006be4       0x30 ./gecko_sdk_4.2.1/platform/service/power_manager/src/sl_power_manager_hal_s2.o
                0x08006be4                EMU_EM23PresleepHook
 .text.EMU_EM23PostsleepHook
                0x08006c14       0x70 ./gecko_sdk_4.2.1/platform/service/power_manager/src/sl_power_manager_hal_s2.o
                0x08006c14                EMU_EM23PostsleepHook
 .text.sli_power_manager_handle_pre_deepsleep_operations
                0x08006c84       0x10 ./gecko_sdk_4.2.1/platform/service/power_manager/src/sl_power_manager_hal_s2.o
                0x08006c84                sli_power_manager_handle_pre_deepsleep_operations
 .text.sli_power_manager_restore_high_freq_accuracy_clk
                0x08006c94       0x70 ./gecko_sdk_4.2.1/platform/service/power_manager/src/sl_power_manager_hal_s2.o
                0x08006c94                sli_power_manager_restore_high_freq_accuracy_clk
 .text.sli_power_manager_is_high_freq_accuracy_clk_ready
                0x08006d04       0x34 ./gecko_sdk_4.2.1/platform/service/power_manager/src/sl_power_manager_hal_s2.o
                0x08006d04                sli_power_manager_is_high_freq_accuracy_clk_ready
 .text.sli_power_manager_restore_states
                0x08006d38       0x48 ./gecko_sdk_4.2.1/platform/service/power_manager/src/sl_power_manager_hal_s2.o
                0x08006d38                sli_power_manager_restore_states
 .text.sli_power_manager_apply_em
                0x08006d80       0x50 ./gecko_sdk_4.2.1/platform/service/power_manager/src/sl_power_manager_hal_s2.o
                0x08006d80                sli_power_manager_apply_em
 .text.sli_power_manager_get_wakeup_process_time_overhead
                0x08006dd0       0x3c ./gecko_sdk_4.2.1/platform/service/power_manager/src/sl_power_manager_hal_s2.o
                0x08006dd0                sli_power_manager_get_wakeup_process_time_overhead
 .text.sl_sleeptimer_init
                0x08006e0c       0xa0 ./gecko_sdk_4.2.1/platform/service/sleeptimer/src/sl_sleeptimer.o
                0x08006e0c                sl_sleeptimer_init
 .text.sl_sleeptimer_stop_timer
                0x08006eac       0x80 ./gecko_sdk_4.2.1/platform/service/sleeptimer/src/sl_sleeptimer.o
                0x08006eac                sl_sleeptimer_stop_timer
 .text.sl_sleeptimer_get_remaining_time_of_first_timer
                0x08006f2c       0x94 ./gecko_sdk_4.2.1/platform/service/sleeptimer/src/sl_sleeptimer.o
                0x08006f2c                sl_sleeptimer_get_remaining_time_of_first_timer
 .text.sli_sleeptimer_is_power_manager_timer_next_to_expire
                0x08006fc0       0x18 ./gecko_sdk_4.2.1/platform/service/sleeptimer/src/sl_sleeptimer.o
                0x08006fc0                sli_sleeptimer_is_power_manager_timer_next_to_expire
 .text.sl_sleeptimer_get_timer_frequency
                0x08006fd8        0xc ./gecko_sdk_4.2.1/platform/service/sleeptimer/src/sl_sleeptimer.o
                0x08006fd8                sl_sleeptimer_get_timer_frequency
 .text.process_timer_irq
                0x08006fe4      0x258 ./gecko_sdk_4.2.1/platform/service/sleeptimer/src/sl_sleeptimer.o
                0x08006fe4                process_timer_irq
 .text.delta_list_insert_timer
                0x0800723c       0xd4 ./gecko_sdk_4.2.1/platform/service/sleeptimer/src/sl_sleeptimer.o
 .text.delta_list_remove_timer
                0x08007310       0x74 ./gecko_sdk_4.2.1/platform/service/sleeptimer/src/sl_sleeptimer.o
 .text.set_comparator_for_next_timer
                0x08007384       0x4c ./gecko_sdk_4.2.1/platform/service/sleeptimer/src/sl_sleeptimer.o
 .text.update_delta_list
                0x080073d0       0x70 ./gecko_sdk_4.2.1/platform/service/sleeptimer/src/sl_sleeptimer.o
 .text.create_timer
                0x08007440       0xa8 ./gecko_sdk_4.2.1/platform/service/sleeptimer/src/sl_sleeptimer.o
 .text.update_next_timer_to_expire_is_power_manager
                0x080074e8       0x58 ./gecko_sdk_4.2.1/platform/service/sleeptimer/src/sl_sleeptimer.o
 .text.sl_sleeptimer_is_power_manager_early_restore_timer_latest_to_expire
                0x08007540       0x28 ./gecko_sdk_4.2.1/platform/service/sleeptimer/src/sl_sleeptimer.o
                0x08007540                sl_sleeptimer_is_power_manager_early_restore_timer_latest_to_expire
 .text.__NVIC_EnableIRQ
                0x08007568       0x34 ./gecko_sdk_4.2.1/platform/service/sleeptimer/src/sl_sleeptimer_hal_sysrtc.o
 .text.__NVIC_ClearPendingIRQ
                0x0800759c       0x38 ./gecko_sdk_4.2.1/platform/service/sleeptimer/src/sl_sleeptimer_hal_sysrtc.o
 .text.sl_sysrtc_wait_sync
                0x080075d4       0x20 ./gecko_sdk_4.2.1/platform/service/sleeptimer/src/sl_sleeptimer_hal_sysrtc.o
 .text.sl_sysrtc_get_counter
                0x080075f4       0x14 ./gecko_sdk_4.2.1/platform/service/sleeptimer/src/sl_sleeptimer_hal_sysrtc.o
 .text.sl_sysrtc_set_counter
                0x08007608       0x1c ./gecko_sdk_4.2.1/platform/service/sleeptimer/src/sl_sleeptimer_hal_sysrtc.o
 .text.sleeptimer_hal_set_compare
                0x08007624       0xac ./gecko_sdk_4.2.1/platform/service/sleeptimer/src/sl_sleeptimer_hal_sysrtc.o
                0x08007624                sleeptimer_hal_set_compare
 .text.sleeptimer_hal_disable_int
                0x080076d0       0x60 ./gecko_sdk_4.2.1/platform/service/sleeptimer/src/sl_sleeptimer_hal_sysrtc.o
                0x080076d0                sleeptimer_hal_disable_int
 .text.sleeptimer_hal_set_int
                0x08007730       0x2c ./gecko_sdk_4.2.1/platform/service/sleeptimer/src/sl_sleeptimer_hal_sysrtc.o
                0x08007730                sleeptimer_hal_set_int
 .text.__NVIC_EnableIRQ
                0x0800775c       0x34 ./src/GPIO.o
 .text.__NVIC_ClearPendingIRQ
                0x08007790       0x38 ./src/GPIO.o
 .text.init_I2C0
                0x080077c8       0x90 ./src/I2C.o
                0x080077c8                init_I2C0
 .text.GPIO_IntClear
                0x08007858       0x1c ./src/irq.o
 .text.GPIO_IntGet
                0x08007874       0x10 ./src/irq.o
 .text.TIMER0_IRQHandler
                0x08007884       0x38 ./src/irq.o
                0x08007884                TIMER0_IRQHandler
 .text.GPIO_EVEN_IRQHandler
                0x080078bc       0x30 ./src/irq.o
                0x080078bc                GPIO_EVEN_IRQHandler
 .text.GPIO_ODD_IRQHandler
                0x080078ec       0x30 ./src/irq.o
                0x080078ec                GPIO_ODD_IRQHandler
 .text.__NVIC_EnableIRQ
                0x0800791c       0x34 ./src/timers.o
 .text.__NVIC_ClearPendingIRQ
                0x08007950       0x38 ./src/timers.o
 .text.TIMER_Valid
                0x08007988       0x54 ./src/timers.o
 .text.TIMER_MaxCount
                0x080079dc       0xf0 ./src/timers.o
 .text.TIMER_Enable
                0x08007acc       0x44 ./src/timers.o
 .text.TIMER_TopSet
                0x08007b10       0x48 ./src/timers.o
 .text.init_timer0
                0x08007b58       0x70 ./src/timers.o
                0x08007b58                init_timer0
 .text          0x08007bc8       0x30 c:/siliconlabs/simplicitystudio/v5/developer/toolchains/gnu_arm/10.3_2021.10/bin/../lib/gcc/arm-none-eabi/10.3.1/thumb/v8-m.main+fp/hard\libgcc.a(_aeabi_uldivmod.o)
                0x08007bc8                __aeabi_uldivmod
 .text          0x08007bf8      0x2ec c:/siliconlabs/simplicitystudio/v5/developer/toolchains/gnu_arm/10.3_2021.10/bin/../lib/gcc/arm-none-eabi/10.3.1/thumb/v8-m.main+fp/hard\libgcc.a(_udivmoddi4.o)
                0x08007bf8                __udivmoddi4
 .text          0x08007ee4        0x4 c:/siliconlabs/simplicitystudio/v5/developer/toolchains/gnu_arm/10.3_2021.10/bin/../lib/gcc/arm-none-eabi/10.3.1/thumb/v8-m.main+fp/hard\libgcc.a(_dvmd_tls.o)
                0x08007ee4                __aeabi_idiv0
                0x08007ee4                __aeabi_ldiv0
 .text.exit     0x08007ee8       0x28 c:/siliconlabs/simplicitystudio/v5/developer/toolchains/gnu_arm/10.3_2021.10/bin/../lib/gcc/arm-none-eabi/10.3.1/../../../../arm-none-eabi/lib/thumb/v8-m.main+fp/hard\libc_nano.a(lib_a-exit.o)
                0x08007ee8                exit
 .text.__libc_init_array
                0x08007f10       0x48 c:/siliconlabs/simplicitystudio/v5/developer/toolchains/gnu_arm/10.3_2021.10/bin/../lib/gcc/arm-none-eabi/10.3.1/../../../../arm-none-eabi/lib/thumb/v8-m.main+fp/hard\libc_nano.a(lib_a-init.o)
                0x08007f10                __libc_init_array
 .text.setvbuf  0x08007f58      0x188 c:/siliconlabs/simplicitystudio/v5/developer/toolchains/gnu_arm/10.3_2021.10/bin/../lib/gcc/arm-none-eabi/10.3.1/../../../../arm-none-eabi/lib/thumb/v8-m.main+fp/hard\libc_nano.a(lib_a-setvbuf.o)
                0x08007f58                setvbuf
 .text.vprintf  0x080080e0       0x30 c:/siliconlabs/simplicitystudio/v5/developer/toolchains/gnu_arm/10.3_2021.10/bin/../lib/gcc/arm-none-eabi/10.3.1/../../../../arm-none-eabi/lib/thumb/v8-m.main+fp/hard\libc_nano.a(lib_a-vprintf.o)
                0x080080e0                viprintf
                0x080080e0                vprintf
 .text.__sflush_r
                0x08008110      0x108 c:/siliconlabs/simplicitystudio/v5/developer/toolchains/gnu_arm/10.3_2021.10/bin/../lib/gcc/arm-none-eabi/10.3.1/../../../../arm-none-eabi/lib/thumb/v8-m.main+fp/hard\libc_nano.a(lib_a-fflush.o)
                0x08008110                __sflush_r
 .text._fflush_r
                0x08008218       0x78 c:/siliconlabs/simplicitystudio/v5/developer/toolchains/gnu_arm/10.3_2021.10/bin/../lib/gcc/arm-none-eabi/10.3.1/../../../../arm-none-eabi/lib/thumb/v8-m.main+fp/hard\libc_nano.a(lib_a-fflush.o)
                0x08008218                _fflush_r
 .text.std      0x08008290       0x48 c:/siliconlabs/simplicitystudio/v5/developer/toolchains/gnu_arm/10.3_2021.10/bin/../lib/gcc/arm-none-eabi/10.3.1/../../../../arm-none-eabi/lib/thumb/v8-m.main+fp/hard\libc_nano.a(lib_a-findfp.o)
 .text._cleanup_r
                0x080082d8        0xc c:/siliconlabs/simplicitystudio/v5/developer/toolchains/gnu_arm/10.3_2021.10/bin/../lib/gcc/arm-none-eabi/10.3.1/../../../../arm-none-eabi/lib/thumb/v8-m.main+fp/hard\libc_nano.a(lib_a-findfp.o)
                0x080082d8                _cleanup_r
 .text.__sfp_lock_acquire
                0x080082e4        0xc c:/siliconlabs/simplicitystudio/v5/developer/toolchains/gnu_arm/10.3_2021.10/bin/../lib/gcc/arm-none-eabi/10.3.1/../../../../arm-none-eabi/lib/thumb/v8-m.main+fp/hard\libc_nano.a(lib_a-findfp.o)
                0x080082e4                __sfp_lock_acquire
 .text.__sfp_lock_release
                0x080082f0        0xc c:/siliconlabs/simplicitystudio/v5/developer/toolchains/gnu_arm/10.3_2021.10/bin/../lib/gcc/arm-none-eabi/10.3.1/../../../../arm-none-eabi/lib/thumb/v8-m.main+fp/hard\libc_nano.a(lib_a-findfp.o)
                0x080082f0                __sfp_lock_release
 .text.__sinit_lock_acquire
                0x080082fc        0xc c:/siliconlabs/simplicitystudio/v5/developer/toolchains/gnu_arm/10.3_2021.10/bin/../lib/gcc/arm-none-eabi/10.3.1/../../../../arm-none-eabi/lib/thumb/v8-m.main+fp/hard\libc_nano.a(lib_a-findfp.o)
                0x080082fc                __sinit_lock_acquire
 .text.__sinit_lock_release
                0x08008308        0xc c:/siliconlabs/simplicitystudio/v5/developer/toolchains/gnu_arm/10.3_2021.10/bin/../lib/gcc/arm-none-eabi/10.3.1/../../../../arm-none-eabi/lib/thumb/v8-m.main+fp/hard\libc_nano.a(lib_a-findfp.o)
                0x08008308                __sinit_lock_release
 .text.__sinit  0x08008314       0x70 c:/siliconlabs/simplicitystudio/v5/developer/toolchains/gnu_arm/10.3_2021.10/bin/../lib/gcc/arm-none-eabi/10.3.1/../../../../arm-none-eabi/lib/thumb/v8-m.main+fp/hard\libc_nano.a(lib_a-findfp.o)
                0x08008314                __sinit
 .text.__sfp    0x08008384       0x8c c:/siliconlabs/simplicitystudio/v5/developer/toolchains/gnu_arm/10.3_2021.10/bin/../lib/gcc/arm-none-eabi/10.3.1/../../../../arm-none-eabi/lib/thumb/v8-m.main+fp/hard\libc_nano.a(lib_a-findfp.o)
                0x08008384                __sfp
 .text.__smakebuf_r
                0x08008410       0x80 c:/siliconlabs/simplicitystudio/v5/developer/toolchains/gnu_arm/10.3_2021.10/bin/../lib/gcc/arm-none-eabi/10.3.1/../../../../arm-none-eabi/lib/thumb/v8-m.main+fp/hard\libc_nano.a(lib_a-makebuf.o)
                0x08008410                __smakebuf_r
 .text.malloc   0x08008490       0x10 c:/siliconlabs/simplicitystudio/v5/developer/toolchains/gnu_arm/10.3_2021.10/bin/../lib/gcc/arm-none-eabi/10.3.1/../../../../arm-none-eabi/lib/thumb/v8-m.main+fp/hard\libc_nano.a(lib_a-malloc.o)
                0x08008490                malloc
 .text._free_r  0x080084a0       0x98 c:/siliconlabs/simplicitystudio/v5/developer/toolchains/gnu_arm/10.3_2021.10/bin/../lib/gcc/arm-none-eabi/10.3.1/../../../../arm-none-eabi/lib/thumb/v8-m.main+fp/hard\libc_nano.a(lib_a-nano-freer.o)
                0x080084a0                _free_r
 .text.sbrk_aligned
                0x08008538       0x40 c:/siliconlabs/simplicitystudio/v5/developer/toolchains/gnu_arm/10.3_2021.10/bin/../lib/gcc/arm-none-eabi/10.3.1/../../../../arm-none-eabi/lib/thumb/v8-m.main+fp/hard\libc_nano.a(lib_a-nano-mallocr.o)
 .text._malloc_r
                0x08008578       0xe8 c:/siliconlabs/simplicitystudio/v5/developer/toolchains/gnu_arm/10.3_2021.10/bin/../lib/gcc/arm-none-eabi/10.3.1/../../../../arm-none-eabi/lib/thumb/v8-m.main+fp/hard\libc_nano.a(lib_a-nano-mallocr.o)
                0x08008578                _malloc_r
 .text._vfprintf_r
                0x08008660      0x260 c:/siliconlabs/simplicitystudio/v5/developer/toolchains/gnu_arm/10.3_2021.10/bin/../lib/gcc/arm-none-eabi/10.3.1/../../../../arm-none-eabi/lib/thumb/v8-m.main+fp/hard\libc_nano.a(lib_a-nano-vfprintf.o)
                0x08008660                _vfprintf_r
                0x08008660                _vfiprintf_r
 .text._printf_i
                0x080088c0      0x24c c:/siliconlabs/simplicitystudio/v5/developer/toolchains/gnu_arm/10.3_2021.10/bin/../lib/gcc/arm-none-eabi/10.3.1/../../../../arm-none-eabi/lib/thumb/v8-m.main+fp/hard\libc_nano.a(lib_a-nano-vfprintf_i.o)
                0x080088c0                _printf_i
 .text._sbrk_r  0x08008b0c       0x20 c:/siliconlabs/simplicitystudio/v5/developer/toolchains/gnu_arm/10.3_2021.10/bin/../lib/gcc/arm-none-eabi/10.3.1/../../../../arm-none-eabi/lib/thumb/v8-m.main+fp/hard\libc_nano.a(lib_a-sbrkr.o)
                0x08008b0c                _sbrk_r
 .text.__swbuf_r
                0x08008b2c       0xa4 c:/siliconlabs/simplicitystudio/v5/developer/toolchains/gnu_arm/10.3_2021.10/bin/../lib/gcc/arm-none-eabi/10.3.1/../../../../arm-none-eabi/lib/thumb/v8-m.main+fp/hard\libc_nano.a(lib_a-wbuf.o)
                0x08008b2c                __swbuf_r
 .text._write_r
                0x08008bd0       0x24 c:/siliconlabs/simplicitystudio/v5/developer/toolchains/gnu_arm/10.3_2021.10/bin/../lib/gcc/arm-none-eabi/10.3.1/../../../../arm-none-eabi/lib/thumb/v8-m.main+fp/hard\libc_nano.a(lib_a-writer.o)
                0x08008bd0                _write_r
 .text.__swsetup_r
                0x08008bf4       0xdc c:/siliconlabs/simplicitystudio/v5/developer/toolchains/gnu_arm/10.3_2021.10/bin/../lib/gcc/arm-none-eabi/10.3.1/../../../../arm-none-eabi/lib/thumb/v8-m.main+fp/hard\libc_nano.a(lib_a-wsetup.o)
                0x08008bf4                __swsetup_r
 .text._close_r
                0x08008cd0       0x20 c:/siliconlabs/simplicitystudio/v5/developer/toolchains/gnu_arm/10.3_2021.10/bin/../lib/gcc/arm-none-eabi/10.3.1/../../../../arm-none-eabi/lib/thumb/v8-m.main+fp/hard\libc_nano.a(lib_a-closer.o)
                0x08008cd0                _close_r
 .text._fstat_r
                0x08008cf0       0x24 c:/siliconlabs/simplicitystudio/v5/developer/toolchains/gnu_arm/10.3_2021.10/bin/../lib/gcc/arm-none-eabi/10.3.1/../../../../arm-none-eabi/lib/thumb/v8-m.main+fp/hard\libc_nano.a(lib_a-fstatr.o)
                0x08008cf0                _fstat_r
 .text._isatty_r
                0x08008d14       0x20 c:/siliconlabs/simplicitystudio/v5/developer/toolchains/gnu_arm/10.3_2021.10/bin/../lib/gcc/arm-none-eabi/10.3.1/../../../../arm-none-eabi/lib/thumb/v8-m.main+fp/hard\libc_nano.a(lib_a-isattyr.o)
                0x08008d14                _isatty_r
 .text._lseek_r
                0x08008d34       0x24 c:/siliconlabs/simplicitystudio/v5/developer/toolchains/gnu_arm/10.3_2021.10/bin/../lib/gcc/arm-none-eabi/10.3.1/../../../../arm-none-eabi/lib/thumb/v8-m.main+fp/hard\libc_nano.a(lib_a-lseekr.o)
                0x08008d34                _lseek_r
 .text.__malloc_lock
                0x08008d58        0xc c:/siliconlabs/simplicitystudio/v5/developer/toolchains/gnu_arm/10.3_2021.10/bin/../lib/gcc/arm-none-eabi/10.3.1/../../../../arm-none-eabi/lib/thumb/v8-m.main+fp/hard\libc_nano.a(lib_a-mlock.o)
                0x08008d58                __malloc_lock
 .text.__malloc_unlock
                0x08008d64        0xc c:/siliconlabs/simplicitystudio/v5/developer/toolchains/gnu_arm/10.3_2021.10/bin/../lib/gcc/arm-none-eabi/10.3.1/../../../../arm-none-eabi/lib/thumb/v8-m.main+fp/hard\libc_nano.a(lib_a-mlock.o)
                0x08008d64                __malloc_unlock
 .text._read_r  0x08008d70       0x24 c:/siliconlabs/simplicitystudio/v5/developer/toolchains/gnu_arm/10.3_2021.10/bin/../lib/gcc/arm-none-eabi/10.3.1/../../../../arm-none-eabi/lib/thumb/v8-m.main+fp/hard\libc_nano.a(lib_a-readr.o)
                0x08008d70                _read_r
 .text.sl_power_manager_add_em_requirement
                0x08008d94       0x2a ./app.o
 .text.main     0x08008dbe       0x18 ./main.o
                0x08008dbe                main
 .text.CHIP_Init
                0x08008dd6        0x4 ./autogen/sl_event_handler.o
 .text.sl_platform_init
                0x08008dda       0x2a ./autogen/sl_event_handler.o
                0x08008dda                sl_platform_init
 .text.sl_driver_init
                0x08008e04        0x4 ./autogen/sl_event_handler.o
                0x08008e04                sl_driver_init
 .text.sl_service_init
                0x08008e08       0x16 ./autogen/sl_event_handler.o
                0x08008e08                sl_service_init
 .text.sl_stack_init
                0x08008e1e        0x4 ./autogen/sl_event_handler.o
                0x08008e1e                sl_stack_init
 .text.sl_internal_app_init
                0x08008e22        0xa ./autogen/sl_event_handler.o
                0x08008e22                sl_internal_app_init
 .text.sl_platform_process_action
                0x08008e2c        0x4 ./autogen/sl_event_handler.o
                0x08008e2c                sl_platform_process_action
 .text.sl_service_process_action
                0x08008e30        0x4 ./autogen/sl_event_handler.o
                0x08008e30                sl_service_process_action
 .text.sl_stack_process_action
                0x08008e34        0x4 ./autogen/sl_event_handler.o
                0x08008e34                sl_stack_process_action
 .text.sl_internal_app_process_action
                0x08008e38        0x4 ./autogen/sl_event_handler.o
                0x08008e38                sl_internal_app_process_action
 .text.sl_iostream_init_instances
                0x08008e3c        0xa ./autogen/sl_event_handler.o
                0x08008e3c                sl_iostream_init_instances
 .text.BUS_RegBitRead
                0x08008e46       0x1a ./autogen/sl_iostream_init_usart_instances.o
 .text.sl_iostream_uart_sleep_on_isr_exit
                0x08008e60       0x1c ./autogen/sl_iostream_init_usart_instances.o
 .text.app_is_ok_to_sleep
                0x08008e7c        0x6 ./autogen/sl_power_manager_handler.o
                0x08008e7c                app_is_ok_to_sleep
 .text.app_sleep_on_isr_exit
                0x08008e82        0x6 ./autogen/sl_power_manager_handler.o
                0x08008e82                app_sleep_on_isr_exit
 .text.sl_power_manager_is_ok_to_sleep
                0x08008e88       0x2c ./autogen/sl_power_manager_handler.o
                0x08008e88                sl_power_manager_is_ok_to_sleep
 .text.sl_power_manager_sleep_on_isr_exit
                0x08008eb4       0x84 ./autogen/sl_power_manager_handler.o
                0x08008eb4                sl_power_manager_sleep_on_isr_exit
 .text._app_log_time
                0x08008f38        0x4 ./gecko_sdk_4.2.1/app/common/util/app_log/app_log.o
                0x08008f38                _app_log_time
 .text._app_log_counter
                0x08008f3c        0x4 ./gecko_sdk_4.2.1/app/common/util/app_log/app_log.o
                0x08008f3c                _app_log_counter
 .text.Default_Handler
                0x08008f40        0x2 ./gecko_sdk_4.2.1/platform/Device/SiliconLabs/EFR32MG24/Source/startup_efr32mg24.o
                0x08008f40                ULFRCO_IRQHandler
                0x08008f40                AHB2AHB1_IRQHandler
                0x08008f40                SW2_IRQHandler
                0x08008f40                TIMER2_IRQHandler
                0x08008f40                DebugMon_Handler
                0x08008f40                IADC_IRQHandler
                0x08008f40                EUSART0_TX_IRQHandler
                0x08008f40                I2C0_IRQHandler
                0x08008f40                LFXO_IRQHandler
                0x08008f40                HardFault_Handler
                0x08008f40                SMU_SECURE_IRQHandler
                0x08008f40                SysTick_Handler
                0x08008f40                SYSRTC_SEQ_IRQHandler
                0x08008f40                EMUEFP_IRQHandler
                0x08008f40                PendSV_Handler
                0x08008f40                NMI_Handler
                0x08008f40                SYNTH_IRQHandler
                0x08008f40                HOSTMAILBOX_IRQHandler
                0x08008f40                I2C1_IRQHandler
                0x08008f40                WDOG0_IRQHandler
                0x08008f40                TIMER3_IRQHandler
                0x08008f40                SYSCFG_IRQHandler
                0x08008f40                RFECA1_IRQHandler
                0x08008f40                EMUDG_IRQHandler
                0x08008f40                MSC_IRQHandler
                0x08008f40                DPLL0_IRQHandler
                0x08008f40                UsageFault_Handler
                0x08008f40                WDOG1_IRQHandler
                0x08008f40                M33CTI1_IRQHandler
                0x08008f40                TIMER4_IRQHandler
                0x08008f40                VDAC0_IRQHandler
                0x08008f40                SEMBTX_IRQHandler
                0x08008f40                SW0_IRQHandler
                0x08008f40                MVP_IRQHandler
                0x08008f40                LETIMER0_IRQHandler
                0x08008f40                EUSART1_RX_IRQHandler
                0x08008f40                TIMER1_IRQHandler
                0x08008f40                HFRCO0_IRQHandler
                0x08008f40                SecureFault_Handler
                0x08008f40                BUFC_IRQHandler
                0x08008f40                DCDC_IRQHandler
                0x08008f40                MODEM_IRQHandler
                0x08008f40                Default_Handler
                0x08008f40                RAC_SEQ_IRQHandler
                0x08008f40                FRC_PRI_IRQHandler
                0x08008f40                SW3_IRQHandler
                0x08008f40                EMU_IRQHandler
                0x08008f40                KERNEL0_IRQHandler
                0x08008f40                FRC_IRQHandler
                0x08008f40                PCNT0_IRQHandler
                0x08008f40                KERNEL1_IRQHandler
                0x08008f40                AGC_IRQHandler
                0x08008f40                EUSART1_TX_IRQHandler
                0x08008f40                KEYSCAN_IRQHandler
                0x08008f40                HFRCOEM23_IRQHandler
                0x08008f40                sl_app_properties
                0x08008f40                BURTC_IRQHandler
                0x08008f40                SEMBRX_IRQHandler
                0x08008f40                RFECA0_IRQHandler
                0x08008f40                LFRCO_IRQHandler
                0x08008f40                VDAC1_IRQHandler
                0x08008f40                ACMP0_IRQHandler
                0x08008f40                MemManage_Handler
                0x08008f40                AHB2AHB0_IRQHandler
                0x08008f40                SVC_Handler
                0x08008f40                SMU_S_PRIVILEGED_IRQHandler
                0x08008f40                SW1_IRQHandler
                0x08008f40                CMU_IRQHandler
                0x08008f40                EUSART0_RX_IRQHandler
                0x08008f40                RAC_RSM_IRQHandler
                0x08008f40                SETAMPERHOST_IRQHandler
                0x08008f40                AES_IRQHandler
                0x08008f40                M33CTI0_IRQHandler
                0x08008f40                ICACHE0_IRQHandler
                0x08008f40                SMU_NS_PRIVILEGED_IRQHandler
                0x08008f40                FPUEXH_IRQHandler
                0x08008f40                PROTIMER_IRQHandler
                0x08008f40                ACMP1_IRQHandler
                0x08008f40                BusFault_Handler
                0x08008f40                MPAHBRAM_IRQHandler
 .text.SystemCLKIN0Get
                0x08008f42        0x6 ./gecko_sdk_4.2.1/platform/Device/SiliconLabs/EFR32MG24/Source/system_efr32mg24.o
                0x08008f42                SystemCLKIN0Get
 .text.SystemLFRCOClockGet
                0x08008f48        0x8 ./gecko_sdk_4.2.1/platform/Device/SiliconLabs/EFR32MG24/Source/system_efr32mg24.o
                0x08008f48                SystemLFRCOClockGet
 .text.SystemULFRCOClockGet
                0x08008f50        0x8 ./gecko_sdk_4.2.1/platform/Device/SiliconLabs/EFR32MG24/Source/system_efr32mg24.o
                0x08008f50                SystemULFRCOClockGet
 .text.assertEFM
                0x08008f58        0x8 ./gecko_sdk_4.2.1/platform/common/src/sl_assert.o
                0x08008f58                assertEFM
 .text.sl_slist_init
                0x08008f60       0x10 ./gecko_sdk_4.2.1/platform/common/src/sl_slist.o
                0x08008f60                sl_slist_init
 .text.DMADRV_PeripheralMemory
                0x08008f70       0x46 ./gecko_sdk_4.2.1/platform/emdrv/dmadrv/src/dmadrv.o
                0x08008f70                DMADRV_PeripheralMemory
 .text.SystemCoreClockGet
                0x08008fb6        0xc ./gecko_sdk_4.2.1/platform/emlib/src/em_cmu.o
 .text.BUS_RegBitRead
                0x08008fc2       0x1a ./gecko_sdk_4.2.1/platform/emlib/src/em_cmu.o
 .text.BUS_RegMaskedWrite
                0x08008fdc       0x34 ./gecko_sdk_4.2.1/platform/emlib/src/em_cmu.o
 .text.sli_em_cmu_SYSCLKInitPreClockSelect
                0x08009010       0x1a ./gecko_sdk_4.2.1/platform/emlib/src/em_cmu.o
                0x08009010                sli_em_cmu_SYSCLKInitPreClockSelect
 .text.sli_em_cmu_SYSCLKInitPostClockSelect
                0x0800902a       0x2e ./gecko_sdk_4.2.1/platform/emlib/src/em_cmu.o
                0x0800902a                sli_em_cmu_SYSCLKInitPostClockSelect
 .text.CMU_UpdateWaitStates
                0x08009058       0x28 ./gecko_sdk_4.2.1/platform/emlib/src/em_cmu.o
                0x08009058                CMU_UpdateWaitStates
 .text.pclkDivMax
                0x08009080       0x10 ./gecko_sdk_4.2.1/platform/emlib/src/em_cmu.o
 .text.waitStateMax
                0x08009090       0x14 ./gecko_sdk_4.2.1/platform/emlib/src/em_cmu.o
 .text.CORE_EnterCritical
                0x080090a4       0x18 ./gecko_sdk_4.2.1/platform/emlib/src/em_core.o
                0x080090a4                CORE_EnterCritical
 .text.CORE_ExitCritical
                0x080090bc       0x14 ./gecko_sdk_4.2.1/platform/emlib/src/em_core.o
                0x080090bc                CORE_ExitCritical
 .text.CORE_EnterAtomic
                0x080090d0       0x20 ./gecko_sdk_4.2.1/platform/emlib/src/em_core.o
                0x080090d0                CORE_EnterAtomic
 .text.CORE_ExitAtomic
                0x080090f0       0x16 ./gecko_sdk_4.2.1/platform/emlib/src/em_core.o
                0x080090f0                CORE_ExitAtomic
 .text.SystemCoreClockUpdate
                0x08009106        0xa ./gecko_sdk_4.2.1/platform/emlib/src/em_emu.o
 .text.BUS_RegBitRead
                0x08009110       0x1a ./gecko_sdk_4.2.1/platform/emlib/src/em_emu.o
 .text.vScaleEM01Cmd
                0x0800912a       0x1c ./gecko_sdk_4.2.1/platform/emlib/src/em_emu.o
 .text.EMU_EFPEM23PresleepHook
                0x08009146        0x4 ./gecko_sdk_4.2.1/platform/emlib/src/em_emu.o
                0x08009146                EMU_EFPEM23PresleepHook
 .text.EMU_EFPEM23PostsleepHook
                0x0800914a        0x4 ./gecko_sdk_4.2.1/platform/emlib/src/em_emu.o
                0x0800914a                EMU_EFPEM23PostsleepHook
 .text.EMU_Save
                0x0800914e        0x4 ./gecko_sdk_4.2.1/platform/emlib/src/em_emu.o
                0x0800914e                EMU_Save
 .text.EMU_Restore
                0x08009152        0x4 ./gecko_sdk_4.2.1/platform/emlib/src/em_emu.o
                0x08009152                EMU_Restore
 .text.EMU_EFPEM01VScale
                0x08009156        0xe ./gecko_sdk_4.2.1/platform/emlib/src/em_emu.o
                0x08009156                EMU_EFPEM01VScale
 .text.EMU_DCDCUpdatedHook
                0x08009164        0x4 ./gecko_sdk_4.2.1/platform/emlib/src/em_emu.o
                0x08009164                EMU_DCDCUpdatedHook
 .text.BUS_RegMaskedWrite
                0x08009168       0x34 ./gecko_sdk_4.2.1/platform/emlib/src/em_gpio.o
 .text.I2C_IntClear
                0x0800919c       0x18 ./gecko_sdk_4.2.1/platform/emlib/src/em_i2c.o
 .text.BUS_RegMaskedWrite
                0x080091b4       0x34 ./gecko_sdk_4.2.1/platform/emlib/src/em_i2c.o
 .text.flushRx  0x080091e8       0x28 ./gecko_sdk_4.2.1/platform/emlib/src/em_i2c.o
 .text.BUS_RegMaskedClear
                0x08009210       0x1a ./gecko_sdk_4.2.1/platform/emlib/src/em_ldma.o
 .text.TIMER_SyncWait
                0x0800922a       0x24 ./gecko_sdk_4.2.1/platform/emlib/src/em_timer.o
                0x0800922a                TIMER_SyncWait
 .text.USART_Tx
                0x0800924e       0x26 ./gecko_sdk_4.2.1/platform/emlib/src/em_usart.o
                0x0800924e                USART_Tx
 .text.sl_device_init_nvic
                0x08009274       0x38 ./gecko_sdk_4.2.1/platform/service/device_init/src/sl_device_init_nvic.o
                0x08009274                sl_device_init_nvic
 .text.sl_hfxo_manager_init_hardware
                0x080092ac        0xa ./gecko_sdk_4.2.1/platform/service/hfxo_manager/src/sl_hfxo_manager.o
                0x080092ac                sl_hfxo_manager_init_hardware
 .text.HFXO0_IRQHandler
                0x080092b6        0xa ./gecko_sdk_4.2.1/platform/service/hfxo_manager/src/sl_hfxo_manager_hal_s2.o
                0x080092b6                HFXO0_IRQHandler
 .text.sl_iostream_write
                0x080092c0       0x40 ./gecko_sdk_4.2.1/platform/service/iostream/src/sl_iostream.o
                0x080092c0                sl_iostream_write
 .text.sl_iostream_read
                0x08009300       0x50 ./gecko_sdk_4.2.1/platform/service/iostream/src/sl_iostream.o
                0x08009300                sl_iostream_read
 .text.sl_iostream_vprintf
                0x08009350       0x64 ./gecko_sdk_4.2.1/platform/service/iostream/src/sl_iostream.o
                0x08009350                sl_iostream_vprintf
 .text.sl_iostream_printf
                0x080093b4       0x26 ./gecko_sdk_4.2.1/platform/service/iostream/src/sl_iostream.o
                0x080093b4                sl_iostream_printf
 .text._close   0x080093da        0xc ./gecko_sdk_4.2.1/platform/service/iostream/src/sl_iostream_retarget_stdio.o
                0x080093da                _close
 .text._exit    0x080093e6        0x6 ./gecko_sdk_4.2.1/platform/service/iostream/src/sl_iostream_retarget_stdio.o
                0x080093e6                _exit
 .text._fstat   0x080093ec       0x16 ./gecko_sdk_4.2.1/platform/service/iostream/src/sl_iostream_retarget_stdio.o
                0x080093ec                _fstat
 .text._isatty  0x08009402        0xc ./gecko_sdk_4.2.1/platform/service/iostream/src/sl_iostream_retarget_stdio.o
                0x08009402                _isatty
 .text._lseek   0x0800940e       0x10 ./gecko_sdk_4.2.1/platform/service/iostream/src/sl_iostream_retarget_stdio.o
                0x0800940e                _lseek
 .text._read    0x0800941e       0x30 ./gecko_sdk_4.2.1/platform/service/iostream/src/sl_iostream_retarget_stdio.o
                0x0800941e                _read
 .text.sl_power_manager_add_em_requirement
                0x0800944e       0x2a ./gecko_sdk_4.2.1/platform/service/iostream/src/sl_iostream_uart.o
 .text.sl_power_manager_remove_em_requirement
                0x08009478       0x2a ./gecko_sdk_4.2.1/platform/service/iostream/src/sl_iostream_uart.o
 .text.sleep_on_isr_exit
                0x080094a2       0x60 ./gecko_sdk_4.2.1/platform/service/iostream/src/sl_iostream_uart.o
 .text.set_auto_cr_lf
                0x08009502       0x1e ./gecko_sdk_4.2.1/platform/service/iostream/src/sl_iostream_uart.o
 .text.get_auto_cr_lf
                0x08009520       0x1c ./gecko_sdk_4.2.1/platform/service/iostream/src/sl_iostream_uart.o
 .text.set_rx_energy_mode_restriction
                0x0800953c       0x78 ./gecko_sdk_4.2.1/platform/service/iostream/src/sl_iostream_uart.o
 .text.get_rx_energy_mode_restriction
                0x080095b4       0x1c ./gecko_sdk_4.2.1/platform/service/iostream/src/sl_iostream_uart.o
 .text.nolock_uart_write
                0x080095d0       0xf6 ./gecko_sdk_4.2.1/platform/service/iostream/src/sl_iostream_uart.o
 .text.uart_write
                0x080096c6       0x1e ./gecko_sdk_4.2.1/platform/service/iostream/src/sl_iostream_uart.o
 .text.uart_read
                0x080096e4       0x42 ./gecko_sdk_4.2.1/platform/service/iostream/src/sl_iostream_uart.o
 .text.USART_IntClear
                0x08009726       0x18 ./gecko_sdk_4.2.1/platform/service/iostream/src/sl_iostream_usart.o
 .text.USART_IntDisable
                0x0800973e       0x1a ./gecko_sdk_4.2.1/platform/service/iostream/src/sl_iostream_usart.o
 .text.USART_IntEnable
                0x08009758       0x18 ./gecko_sdk_4.2.1/platform/service/iostream/src/sl_iostream_usart.o
 .text.USART_StatusGet
                0x08009770        0xe ./gecko_sdk_4.2.1/platform/service/iostream/src/sl_iostream_usart.o
 .text.usart_tx
                0x0800977e       0x2a ./gecko_sdk_4.2.1/platform/service/iostream/src/sl_iostream_usart.o
 .text.usart_set_next_byte_detect
                0x080097a8       0x3a ./gecko_sdk_4.2.1/platform/service/iostream/src/sl_iostream_usart.o
 .text.usart_tx_completed
                0x080097e2       0x46 ./gecko_sdk_4.2.1/platform/service/iostream/src/sl_iostream_usart.o
 .text.usart_deinit
                0x08009828       0xb6 ./gecko_sdk_4.2.1/platform/service/iostream/src/sl_iostream_usart.o
 .text.sli_power_manager_initiate_restore
                0x080098de       0x1c ./gecko_sdk_4.2.1/platform/service/power_manager/src/sl_power_manager.o
                0x080098de                sli_power_manager_initiate_restore
 .text.enter_critical_with_primask
                0x080098fa       0x18 ./gecko_sdk_4.2.1/platform/service/power_manager/src/sl_power_manager.o
 .text.exit_critical_with_primask
                0x08009912       0x14 ./gecko_sdk_4.2.1/platform/service/power_manager/src/sl_power_manager.o
 .text.SystemCoreClockUpdate
                0x08009926        0xa ./gecko_sdk_4.2.1/platform/service/power_manager/src/sl_power_manager_hal_s2.o
 .text.sli_power_manager_save_states
                0x08009930        0xa ./gecko_sdk_4.2.1/platform/service/power_manager/src/sl_power_manager_hal_s2.o
                0x08009930                sli_power_manager_save_states
 .text.sli_power_manager_get_default_high_frequency_minimum_offtime
                0x0800993a       0x10 ./gecko_sdk_4.2.1/platform/service/power_manager/src/sl_power_manager_hal_s2.o
                0x0800993a                sli_power_manager_get_default_high_frequency_minimum_offtime
 .text.sli_power_manager_low_frequency_restore
                0x0800994a        0x4 ./gecko_sdk_4.2.1/platform/service/power_manager/src/sl_power_manager_hal_s2.o
                0x0800994a                sli_power_manager_low_frequency_restore
 .text.sl_sleeptimer_restart_timer
                0x0800994e       0x4e ./gecko_sdk_4.2.1/platform/service/sleeptimer/src/sl_sleeptimer.o
                0x0800994e                sl_sleeptimer_restart_timer
 .text.sl_sleeptimer_get_tick_count
                0x0800999c       0x20 ./gecko_sdk_4.2.1/platform/service/sleeptimer/src/sl_sleeptimer.o
                0x0800999c                sl_sleeptimer_get_tick_count
 .text.sleeptimer_hal_init_timer
                0x080099bc       0x76 ./gecko_sdk_4.2.1/platform/service/sleeptimer/src/sl_sleeptimer_hal_sysrtc.o
                0x080099bc                sleeptimer_hal_init_timer
 .text.sleeptimer_hal_get_counter
                0x08009a32        0xc ./gecko_sdk_4.2.1/platform/service/sleeptimer/src/sl_sleeptimer_hal_sysrtc.o
                0x08009a32                sleeptimer_hal_get_counter
 .text.sleeptimer_hal_get_compare
                0x08009a3e       0x10 ./gecko_sdk_4.2.1/platform/service/sleeptimer/src/sl_sleeptimer_hal_sysrtc.o
                0x08009a3e                sleeptimer_hal_get_compare
 .text.sleeptimer_hal_enable_int
                0x08009a4e       0x46 ./gecko_sdk_4.2.1/platform/service/sleeptimer/src/sl_sleeptimer_hal_sysrtc.o
                0x08009a4e                sleeptimer_hal_enable_int
 .text.sli_sleeptimer_hal_is_int_status_set
                0x08009a94       0x5a ./gecko_sdk_4.2.1/platform/service/sleeptimer/src/sl_sleeptimer_hal_sysrtc.o
                0x08009a94                sli_sleeptimer_hal_is_int_status_set
 .text.SYSRTC_APP_IRQHandler
                0x08009aee       0x6a ./gecko_sdk_4.2.1/platform/service/sleeptimer/src/sl_sleeptimer_hal_sysrtc.o
                0x08009aee                SYSRTC_APP_IRQHandler
 .text.sleeptimer_hal_get_timer_frequency
                0x08009b58        0xe ./gecko_sdk_4.2.1/platform/service/sleeptimer/src/sl_sleeptimer_hal_sysrtc.o
                0x08009b58                sleeptimer_hal_get_timer_frequency
 .text.get_time_diff
                0x08009b66       0x12 ./gecko_sdk_4.2.1/platform/service/sleeptimer/src/sl_sleeptimer_hal_sysrtc.o
 .text.sl_system_init
                0x08009b78       0x1a ./gecko_sdk_4.2.1/platform/service/system/src/sl_system_init.o
                0x08009b78                sl_system_init
 .text.sl_system_process_action
                0x08009b92       0x16 ./gecko_sdk_4.2.1/platform/service/system/src/sl_system_process_action.o
                0x08009b92                sl_system_process_action
 .text.init_GPIO
                0x08009ba8       0x84 ./src/GPIO.o
                0x08009ba8                init_GPIO
 .text.adxl_init
                0x08009c2c       0x1e ./src/adxl343.o
                0x08009c2c                adxl_init
 .text.adxl_config
                0x08009c4a       0xae ./src/adxl343.o
                0x08009c4a                adxl_config
 .text.adxl_read
                0x08009cf8       0xc0 ./src/adxl343.o
                0x08009cf8                adxl_read
 .text.adxl_write
                0x08009db8       0x72 ./src/adxl343.o
                0x08009db8                adxl_write
 .text.adxl_getAccelVals
                0x08009e2a       0x7a ./src/adxl343.o
                0x08009e2a                adxl_getAccelVals
 .text.adxl_getAccelEvent
                0x08009ea4       0xd0 ./src/adxl343.o
                0x08009ea4                adxl_getAccelEvent
 .text.TIMER_IntClear
                0x08009f74       0x18 ./src/irq.o
 .text.TIMER_IntGet
                0x08009f8c        0xe ./src/irq.o
 .text.loggerGetTimestamp
                0x08009f9a        0x6 ./src/log.o
                0x08009f9a                loggerGetTimestamp
 .text.TIMER_IntClear
                0x08009fa0       0x18 ./src/timers.o
 .text.TIMER_IntEnable
                0x08009fb8       0x18 ./src/timers.o
 .text.abs      0x08009fd0        0x8 c:/siliconlabs/simplicitystudio/v5/developer/toolchains/gnu_arm/10.3_2021.10/bin/../lib/gcc/arm-none-eabi/10.3.1/../../../../arm-none-eabi/lib/thumb/v8-m.main+fp/hard\libc_nano.a(lib_a-abs.o)
                0x08009fd0                abs
 .text.memcpy   0x08009fd8       0x1a c:/siliconlabs/simplicitystudio/v5/developer/toolchains/gnu_arm/10.3_2021.10/bin/../lib/gcc/arm-none-eabi/10.3.1/../../../../arm-none-eabi/lib/thumb/v8-m.main+fp/hard\libc_nano.a(lib_a-memcpy-stub.o)
                0x08009fd8                memcpy
 .text.memset   0x08009ff2       0x10 c:/siliconlabs/simplicitystudio/v5/developer/toolchains/gnu_arm/10.3_2021.10/bin/../lib/gcc/arm-none-eabi/10.3.1/../../../../arm-none-eabi/lib/thumb/v8-m.main+fp/hard\libc_nano.a(lib_a-memset.o)
                0x08009ff2                memset
 .text.__sfmoreglue
                0x0800a002       0x2c c:/siliconlabs/simplicitystudio/v5/developer/toolchains/gnu_arm/10.3_2021.10/bin/../lib/gcc/arm-none-eabi/10.3.1/../../../../arm-none-eabi/lib/thumb/v8-m.main+fp/hard\libc_nano.a(lib_a-findfp.o)
                0x0800a002                __sfmoreglue
 .text._fwalk_reent
                0x0800a02e       0x3e c:/siliconlabs/simplicitystudio/v5/developer/toolchains/gnu_arm/10.3_2021.10/bin/../lib/gcc/arm-none-eabi/10.3.1/../../../../arm-none-eabi/lib/thumb/v8-m.main+fp/hard\libc_nano.a(lib_a-fwalk.o)
                0x0800a02e                _fwalk_reent
 .text.__retarget_lock_init_recursive
                0x0800a06c        0x2 c:/siliconlabs/simplicitystudio/v5/developer/toolchains/gnu_arm/10.3_2021.10/bin/../lib/gcc/arm-none-eabi/10.3.1/../../../../arm-none-eabi/lib/thumb/v8-m.main+fp/hard\libc_nano.a(lib_a-lock.o)
                0x0800a06c                __retarget_lock_init_recursive
 .text.__retarget_lock_acquire_recursive
                0x0800a06e        0x2 c:/siliconlabs/simplicitystudio/v5/developer/toolchains/gnu_arm/10.3_2021.10/bin/../lib/gcc/arm-none-eabi/10.3.1/../../../../arm-none-eabi/lib/thumb/v8-m.main+fp/hard\libc_nano.a(lib_a-lock.o)
                0x0800a06e                __retarget_lock_acquire_recursive
 .text.__retarget_lock_release_recursive
                0x0800a070        0x2 c:/siliconlabs/simplicitystudio/v5/developer/toolchains/gnu_arm/10.3_2021.10/bin/../lib/gcc/arm-none-eabi/10.3.1/../../../../arm-none-eabi/lib/thumb/v8-m.main+fp/hard\libc_nano.a(lib_a-lock.o)
                0x0800a070                __retarget_lock_release_recursive
 .text.__swhatbuf_r
                0x0800a072       0x4a c:/siliconlabs/simplicitystudio/v5/developer/toolchains/gnu_arm/10.3_2021.10/bin/../lib/gcc/arm-none-eabi/10.3.1/../../../../arm-none-eabi/lib/thumb/v8-m.main+fp/hard\libc_nano.a(lib_a-makebuf.o)
                0x0800a072                __swhatbuf_r
 .text.__sfputc_r
                0x0800a0bc       0x2e c:/siliconlabs/simplicitystudio/v5/developer/toolchains/gnu_arm/10.3_2021.10/bin/../lib/gcc/arm-none-eabi/10.3.1/../../../../arm-none-eabi/lib/thumb/v8-m.main+fp/hard\libc_nano.a(lib_a-nano-vfprintf.o)
 .text.__sfputs_r
                0x0800a0ea       0x24 c:/siliconlabs/simplicitystudio/v5/developer/toolchains/gnu_arm/10.3_2021.10/bin/../lib/gcc/arm-none-eabi/10.3.1/../../../../arm-none-eabi/lib/thumb/v8-m.main+fp/hard\libc_nano.a(lib_a-nano-vfprintf.o)
                0x0800a0ea                __sfputs_r
 .text._printf_common
                0x0800a10e       0xe0 c:/siliconlabs/simplicitystudio/v5/developer/toolchains/gnu_arm/10.3_2021.10/bin/../lib/gcc/arm-none-eabi/10.3.1/../../../../arm-none-eabi/lib/thumb/v8-m.main+fp/hard\libc_nano.a(lib_a-nano-vfprintf_i.o)
                0x0800a10e                _printf_common
 .text.__sread  0x0800a1ee       0x22 c:/siliconlabs/simplicitystudio/v5/developer/toolchains/gnu_arm/10.3_2021.10/bin/../lib/gcc/arm-none-eabi/10.3.1/../../../../arm-none-eabi/lib/thumb/v8-m.main+fp/hard\libc_nano.a(lib_a-stdio.o)
                0x0800a1ee                __sread
 .text.__swrite
                0x0800a210       0x38 c:/siliconlabs/simplicitystudio/v5/developer/toolchains/gnu_arm/10.3_2021.10/bin/../lib/gcc/arm-none-eabi/10.3.1/../../../../arm-none-eabi/lib/thumb/v8-m.main+fp/hard\libc_nano.a(lib_a-stdio.o)
                0x0800a210                __swrite
 .text.__sseek  0x0800a248       0x24 c:/siliconlabs/simplicitystudio/v5/developer/toolchains/gnu_arm/10.3_2021.10/bin/../lib/gcc/arm-none-eabi/10.3.1/../../../../arm-none-eabi/lib/thumb/v8-m.main+fp/hard\libc_nano.a(lib_a-stdio.o)
                0x0800a248                __sseek
 .text.__sclose
                0x0800a26c        0x8 c:/siliconlabs/simplicitystudio/v5/developer/toolchains/gnu_arm/10.3_2021.10/bin/../lib/gcc/arm-none-eabi/10.3.1/../../../../arm-none-eabi/lib/thumb/v8-m.main+fp/hard\libc_nano.a(lib_a-stdio.o)
                0x0800a26c                __sclose
 .text.memchr   0x0800a274       0x1c c:/siliconlabs/simplicitystudio/v5/developer/toolchains/gnu_arm/10.3_2021.10/bin/../lib/gcc/arm-none-eabi/10.3.1/../../../../arm-none-eabi/lib/thumb/v8-m.main+fp/hard\libc_nano.a(lib_a-memchr-stub.o)
                0x0800a274                memchr
                0x0800a290                linker_code_end = .
 *(.init)
 .init          0x0800a290        0x4 c:/siliconlabs/simplicitystudio/v5/developer/toolchains/gnu_arm/10.3_2021.10/bin/../lib/gcc/arm-none-eabi/10.3.1/thumb/v8-m.main+fp/hard/crti.o
                0x0800a290                _init
 .init          0x0800a294        0x8 c:/siliconlabs/simplicitystudio/v5/developer/toolchains/gnu_arm/10.3_2021.10/bin/../lib/gcc/arm-none-eabi/10.3.1/thumb/v8-m.main+fp/hard/crtn.o
 *(.fini)
 .fini          0x0800a29c        0x4 c:/siliconlabs/simplicitystudio/v5/developer/toolchains/gnu_arm/10.3_2021.10/bin/../lib/gcc/arm-none-eabi/10.3.1/thumb/v8-m.main+fp/hard/crti.o
                0x0800a29c                _fini
 .fini          0x0800a2a0        0x8 c:/siliconlabs/simplicitystudio/v5/developer/toolchains/gnu_arm/10.3_2021.10/bin/../lib/gcc/arm-none-eabi/10.3.1/thumb/v8-m.main+fp/hard/crtn.o
 *crtbegin.o(.ctors)
 *crtbegin?.o(.ctors)
 *(EXCLUDE_FILE(*crtend.o *crtend?.o) .ctors)
 *(SORT_BY_NAME(.ctors.*))
 *(.ctors)
 *crtbegin.o(.dtors)
 *crtbegin?.o(.dtors)
 *(EXCLUDE_FILE(*crtend.o *crtend?.o) .dtors)
 *(SORT_BY_NAME(.dtors.*))
 *(.dtors)
 *(.rodata*)
 .rodata        0x0800a2a8       0xe2 ./app.o
 *fill*         0x0800a38a        0x2 
 .rodata.__func__.0
                0x0800a38c       0x13 ./app.o
 *fill*         0x0800a39f        0x1 
 .rodata        0x0800a3a0       0xa8 ./autogen/sl_iostream_init_usart_instances.o
 .rodata        0x0800a448       0x4e ./gecko_sdk_4.2.1/platform/common/src/sl_slist.o
 *fill*         0x0800a496        0x2 
 .rodata        0x0800a498        0x4 ./gecko_sdk_4.2.1/platform/emdrv/dmadrv/src/dmadrv.o
 .rodata        0x0800a49c       0x97 ./gecko_sdk_4.2.1/platform/emlib/src/em_cmu.o
 *fill*         0x0800a533        0x1 
 .rodata        0x0800a534       0x4b ./gecko_sdk_4.2.1/platform/emlib/src/em_emu.o
 *fill*         0x0800a57f        0x1 
 .rodata        0x0800a580       0xe4 ./gecko_sdk_4.2.1/platform/emlib/src/em_gpio.o
 .rodata        0x0800a664       0x97 ./gecko_sdk_4.2.1/platform/emlib/src/em_i2c.o
 *fill*         0x0800a6fb        0x1 
 .rodata.i2cNSum
                0x0800a6fc        0x4 ./gecko_sdk_4.2.1/platform/emlib/src/em_i2c.o
 .rodata        0x0800a700       0x7c ./gecko_sdk_4.2.1/platform/emlib/src/em_ldma.o
 .rodata        0x0800a77c       0x9d ./gecko_sdk_4.2.1/platform/emlib/src/em_timer.o
 *fill*         0x0800a819        0x3 
 .rodata        0x0800a81c       0x31 ./gecko_sdk_4.2.1/platform/emlib/src/em_usart.o
 *fill*         0x0800a84d        0x3 
 .rodata        0x0800a850       0x5b ./gecko_sdk_4.2.1/platform/peripheral/src/peripheral_sysrtc.o
 *fill*         0x0800a8ab        0x1 
 .rodata        0x0800a8ac        0x7 ./gecko_sdk_4.2.1/platform/service/device_init/src/sl_device_init_dcdc_s2.o
 *fill*         0x0800a8b3        0x1 
 .rodata        0x0800a8b4       0x28 ./gecko_sdk_4.2.1/platform/service/device_init/src/sl_device_init_hfxo_s2.o
 .rodata        0x0800a8dc       0x14 ./gecko_sdk_4.2.1/platform/service/device_init/src/sl_device_init_lfxo_s2.o
 .rodata        0x0800a8f0       0x4e ./gecko_sdk_4.2.1/platform/service/iostream/src/sl_iostream_retarget_stdio.o
 *fill*         0x0800a93e        0x2 
 .rodata        0x0800a940       0x44 ./gecko_sdk_4.2.1/platform/service/iostream/src/sl_iostream_uart.o
 .rodata        0x0800a984       0x65 ./gecko_sdk_4.2.1/platform/service/power_manager/src/sl_power_manager.o
 *fill*         0x0800a9e9        0x3 
 .rodata        0x0800a9ec       0x6c ./gecko_sdk_4.2.1/platform/service/power_manager/src/sl_power_manager_hal_s2.o
 .rodata        0x0800aa58       0x5f ./gecko_sdk_4.2.1/platform/service/sleeptimer/src/sl_sleeptimer.o
 *fill*         0x0800aab7        0x1 
 .rodata        0x0800aab8       0x10 ./src/I2C.o
 .rodata        0x0800aac8       0x4d ./src/timers.o
 *fill*         0x0800ab15        0x3 
 .rodata._global_impure_ptr
                0x0800ab18        0x4 c:/siliconlabs/simplicitystudio/v5/developer/toolchains/gnu_arm/10.3_2021.10/bin/../lib/gcc/arm-none-eabi/10.3.1/../../../../arm-none-eabi/lib/thumb/v8-m.main+fp/hard\libc_nano.a(lib_a-impure.o)
                0x0800ab18                _global_impure_ptr
 .rodata.__sf_fake_stderr
                0x0800ab1c       0x20 c:/siliconlabs/simplicitystudio/v5/developer/toolchains/gnu_arm/10.3_2021.10/bin/../lib/gcc/arm-none-eabi/10.3.1/../../../../arm-none-eabi/lib/thumb/v8-m.main+fp/hard\libc_nano.a(lib_a-findfp.o)
                0x0800ab1c                __sf_fake_stderr
 .rodata.__sf_fake_stdin
                0x0800ab3c       0x20 c:/siliconlabs/simplicitystudio/v5/developer/toolchains/gnu_arm/10.3_2021.10/bin/../lib/gcc/arm-none-eabi/10.3.1/../../../../arm-none-eabi/lib/thumb/v8-m.main+fp/hard\libc_nano.a(lib_a-findfp.o)
                0x0800ab3c                __sf_fake_stdin
 .rodata.__sf_fake_stdout
                0x0800ab5c       0x20 c:/siliconlabs/simplicitystudio/v5/developer/toolchains/gnu_arm/10.3_2021.10/bin/../lib/gcc/arm-none-eabi/10.3.1/../../../../arm-none-eabi/lib/thumb/v8-m.main+fp/hard\libc_nano.a(lib_a-findfp.o)
                0x0800ab5c                __sf_fake_stdout
 .rodata._vfprintf_r.str1.1
                0x0800ab7c       0x11 c:/siliconlabs/simplicitystudio/v5/developer/toolchains/gnu_arm/10.3_2021.10/bin/../lib/gcc/arm-none-eabi/10.3.1/../../../../arm-none-eabi/lib/thumb/v8-m.main+fp/hard\libc_nano.a(lib_a-nano-vfprintf.o)
 .rodata._printf_i.str1.1
                0x0800ab8d       0x22 c:/siliconlabs/simplicitystudio/v5/developer/toolchains/gnu_arm/10.3_2021.10/bin/../lib/gcc/arm-none-eabi/10.3.1/../../../../arm-none-eabi/lib/thumb/v8-m.main+fp/hard\libc_nano.a(lib_a-nano-vfprintf_i.o)
 *(.eh_frame*)
 *fill*         0x0800abaf        0x1 
 .eh_frame      0x0800abb0        0x0 c:/siliconlabs/simplicitystudio/v5/developer/toolchains/gnu_arm/10.3_2021.10/bin/../lib/gcc/arm-none-eabi/10.3.1/thumb/v8-m.main+fp/hard/crtbegin.o

.glue_7         0x0800abb0        0x0
 .glue_7        0x0800abb0        0x0 linker stubs

.glue_7t        0x0800abb0        0x0
 .glue_7t       0x0800abb0        0x0 linker stubs

.vfp11_veneer   0x0800abb0        0x0
 .vfp11_veneer  0x0800abb0        0x0 linker stubs

.v4_bx          0x0800abb0        0x0
 .v4_bx         0x0800abb0        0x0 linker stubs

.iplt           0x0800abb0        0x0
 .iplt          0x0800abb0        0x0 c:/siliconlabs/simplicitystudio/v5/developer/toolchains/gnu_arm/10.3_2021.10/bin/../lib/gcc/arm-none-eabi/10.3.1/thumb/v8-m.main+fp/hard/crtbegin.o

.ARM.extab
 *(.ARM.extab* .gnu.linkonce.armextab.*)
                0x0800abb0                __exidx_start = .

.ARM.exidx      0x0800abb0        0x8
 *(.ARM.exidx* .gnu.linkonce.armexidx.*)
 .ARM.exidx     0x0800abb0        0x8 c:/siliconlabs/simplicitystudio/v5/developer/toolchains/gnu_arm/10.3_2021.10/bin/../lib/gcc/arm-none-eabi/10.3.1/../../../../arm-none-eabi/lib/thumb/v8-m.main+fp/hard/crt0.o
                                 0x10 (size before relaxing)
 .ARM.exidx     0x0800abb8        0x0 c:/siliconlabs/simplicitystudio/v5/developer/toolchains/gnu_arm/10.3_2021.10/bin/../lib/gcc/arm-none-eabi/10.3.1/thumb/v8-m.main+fp/hard\libgcc.a(_udivmoddi4.o)
                                  0x8 (size before relaxing)
                0x0800abb8                __exidx_end = .

.rel.dyn        0x0800abb8        0x0
 .rel.iplt      0x0800abb8        0x0 c:/siliconlabs/simplicitystudio/v5/developer/toolchains/gnu_arm/10.3_2021.10/bin/../lib/gcc/arm-none-eabi/10.3.1/thumb/v8-m.main+fp/hard/crtbegin.o

.copy.table     0x0800abb8        0xc
                0x0800abb8                . = ALIGN (0x4)
                0x0800abb8                __copy_table_start__ = .
                0x0800abb8        0x4 LONG 0x800abc4 __etext
                0x0800abbc        0x4 LONG 0x20001000 __data_start__
                0x0800abc0        0x4 LONG 0x25 ((__data_end__ - __data_start__) / 0x4)
                0x0800abc4                __copy_table_end__ = .

.zero.table     0x0800abc4        0x0
                0x0800abc4                . = ALIGN (0x4)
                0x0800abc4                __zero_table_start__ = .
                0x0800abc4                __zero_table_end__ = .
                0x0800abc4                __etext = .
                0x20000000                . = ORIGIN (RAM)

.stack          0x20000000     0x1000
                0x20000000                __StackLimit = .
 *(.stack*)
 .stack         0x20000000     0x1000 ./gecko_sdk_4.2.1/platform/common/toolchain/src/sl_memory.o
                0x20001000                . = ALIGN (0x4)
                0x20001000                __StackTop = .
                0x20001000                PROVIDE (__stack = __StackTop)

.noinit
 *(.noinit*)

.data           0x20001000       0x94 load address 0x0800abc4
                0x20001000                . = ALIGN (0x4)
                0x20001000                __data_start__ = .
 *(vtable)
 *(SORT_BY_ALIGNMENT(.data*))
 .data.events_info
                0x20001000        0x8 ./autogen/sl_iostream_init_usart_instances.o
 .data.sl_iostream_vcom_handle
                0x20001008        0x4 ./autogen/sl_iostream_init_usart_instances.o
                0x20001008                sl_iostream_vcom_handle
 .data.SystemHFXOClock
                0x2000100c        0x4 ./gecko_sdk_4.2.1/platform/Device/SiliconLabs/EFR32MG24/Source/system_efr32mg24.o
 .data.SystemLFXOClock
                0x20001010        0x4 ./gecko_sdk_4.2.1/platform/Device/SiliconLabs/EFR32MG24/Source/system_efr32mg24.o
 .data.SystemHFRCODPLLClock
                0x20001014        0x4 ./gecko_sdk_4.2.1/platform/Device/SiliconLabs/EFR32MG24/Source/system_efr32mg24.o
 .data.SystemCoreClock
                0x20001018        0x4 ./gecko_sdk_4.2.1/platform/Device/SiliconLabs/EFR32MG24/Source/system_efr32mg24.o
                0x20001018                SystemCoreClock
 .data.heap_end.0
                0x2000101c        0x4 ./gecko_sdk_4.2.1/platform/common/toolchain/src/sl_memory.o
 .data._impure_ptr
                0x20001020        0x4 c:/siliconlabs/simplicitystudio/v5/developer/toolchains/gnu_arm/10.3_2021.10/bin/../lib/gcc/arm-none-eabi/10.3.1/../../../../arm-none-eabi/lib/thumb/v8-m.main+fp/hard\libc_nano.a(lib_a-impure.o)
                0x20001020                _impure_ptr
 .data.impure_data
                0x20001024       0x60 c:/siliconlabs/simplicitystudio/v5/developer/toolchains/gnu_arm/10.3_2021.10/bin/../lib/gcc/arm-none-eabi/10.3.1/../../../../arm-none-eabi/lib/thumb/v8-m.main+fp/hard\libc_nano.a(lib_a-impure.o)
 .data.lfxo_precision
                0x20001084        0x2 ./gecko_sdk_4.2.1/platform/emlib/src/em_cmu.o
 .data.level_filter_enabled
                0x20001086        0x1 ./gecko_sdk_4.2.1/app/common/util/app_log/app_log.o
 .data.level_filter_threshold
                0x20001087        0x1 ./gecko_sdk_4.2.1/app/common/util/app_log/app_log.o
 .data.level_mask
                0x20001088        0x1 ./gecko_sdk_4.2.1/app/common/util/app_log/app_log.o
 .data.ctuneDelta
                0x20001089        0x1 ./gecko_sdk_4.2.1/platform/emlib/src/em_cmu.o
 .data.is_fast_wakeup_enabled
                0x2000108a        0x1 ./gecko_sdk_4.2.1/platform/service/power_manager/src/sl_power_manager_hal_s2.o
 .data.cc_disabled
                0x2000108b        0x1 ./gecko_sdk_4.2.1/platform/service/sleeptimer/src/sl_sleeptimer_hal_sysrtc.o
                0x2000108c                . = ALIGN (0x4)
                [!provide]                PROVIDE (__ram_func_section_start = .)
 *(.ram)
                [!provide]                PROVIDE (__ram_func_section_end = .)
                0x2000108c                . = ALIGN (0x4)
                0x2000108c                PROVIDE (__preinit_array_start = .)
 *(.preinit_array)