Archive member included to satisfy reference by file (symbol)

c:/siliconlabs/simplicitystudio/v5/developer/toolchains/gnu_arm/10.3_2021.10/bin/../lib/gcc/arm-none-eabi/10.3.1/thumb/v8-m.main+fp/hard\libgcc.a(_arm_muldf3.o)
                              ./src/sam-m8q.o (__aeabi_dmul)
c:/siliconlabs/simplicitystudio/v5/developer/toolchains/gnu_arm/10.3_2021.10/bin/../lib/gcc/arm-none-eabi/10.3.1/thumb/v8-m.main+fp/hard\libgcc.a(_arm_addsubdf3.o)
                              ./src/sam-m8q.o (__aeabi_f2d)
c:/siliconlabs/simplicitystudio/v5/developer/toolchains/gnu_arm/10.3_2021.10/bin/../lib/gcc/arm-none-eabi/10.3.1/thumb/v8-m.main+fp/hard\libgcc.a(_arm_truncdfsf2.o)
                              ./src/sam-m8q.o (__aeabi_d2f)
c:/siliconlabs/simplicitystudio/v5/developer/toolchains/gnu_arm/10.3_2021.10/bin/../lib/gcc/arm-none-eabi/10.3.1/thumb/v8-m.main+fp/hard\libgcc.a(_aeabi_uldivmod.o)
                              ./gecko_sdk_4.2.2/platform/emlib/src/em_eusart.o (__aeabi_uldivmod)
c:/siliconlabs/simplicitystudio/v5/developer/toolchains/gnu_arm/10.3_2021.10/bin/../lib/gcc/arm-none-eabi/10.3.1/thumb/v8-m.main+fp/hard\libgcc.a(_udivmoddi4.o)
                              c:/siliconlabs/simplicitystudio/v5/developer/toolchains/gnu_arm/10.3_2021.10/bin/../lib/gcc/arm-none-eabi/10.3.1/thumb/v8-m.main+fp/hard\libgcc.a(_aeabi_uldivmod.o) (__udivmoddi4)
c:/siliconlabs/simplicitystudio/v5/developer/toolchains/gnu_arm/10.3_2021.10/bin/../lib/gcc/arm-none-eabi/10.3.1/thumb/v8-m.main+fp/hard\libgcc.a(_dvmd_tls.o)
                              c:/siliconlabs/simplicitystudio/v5/developer/toolchains/gnu_arm/10.3_2021.10/bin/../lib/gcc/arm-none-eabi/10.3.1/thumb/v8-m.main+fp/hard\libgcc.a(_aeabi_uldivmod.o) (__aeabi_ldiv0)
c:/siliconlabs/simplicitystudio/v5/developer/toolchains/gnu_arm/10.3_2021.10/bin/../lib/gcc/arm-none-eabi/10.3.1/../../../../arm-none-eabi/lib/thumb/v8-m.main+fp/hard\libc_nano.a(lib_a-ctype_.o)
                              ./gecko_sdk_4.2.2/platform/common/src/sl_string.o (_ctype_)
c:/siliconlabs/simplicitystudio/v5/developer/toolchains/gnu_arm/10.3_2021.10/bin/../lib/gcc/arm-none-eabi/10.3.1/../../../../arm-none-eabi/lib/thumb/v8-m.main+fp/hard\libc_nano.a(lib_a-exit.o)
                              c:/siliconlabs/simplicitystudio/v5/developer/toolchains/gnu_arm/10.3_2021.10/bin/../lib/gcc/arm-none-eabi/10.3.1/../../../../arm-none-eabi/lib/thumb/v8-m.main+fp/hard/crt0.o (exit)
c:/siliconlabs/simplicitystudio/v5/developer/toolchains/gnu_arm/10.3_2021.10/bin/../lib/gcc/arm-none-eabi/10.3.1/../../../../arm-none-eabi/lib/thumb/v8-m.main+fp/hard\libc_nano.a(lib_a-impure.o)
                              c:/siliconlabs/simplicitystudio/v5/developer/toolchains/gnu_arm/10.3_2021.10/bin/../lib/gcc/arm-none-eabi/10.3.1/../../../../arm-none-eabi/lib/thumb/v8-m.main+fp/hard\libc_nano.a(lib_a-exit.o) (_global_impure_ptr)
c:/siliconlabs/simplicitystudio/v5/developer/toolchains/gnu_arm/10.3_2021.10/bin/../lib/gcc/arm-none-eabi/10.3.1/../../../../arm-none-eabi/lib/thumb/v8-m.main+fp/hard\libc_nano.a(lib_a-init.o)
                              c:/siliconlabs/simplicitystudio/v5/developer/toolchains/gnu_arm/10.3_2021.10/bin/../lib/gcc/arm-none-eabi/10.3.1/../../../../arm-none-eabi/lib/thumb/v8-m.main+fp/hard/crt0.o (__libc_init_array)
c:/siliconlabs/simplicitystudio/v5/developer/toolchains/gnu_arm/10.3_2021.10/bin/../lib/gcc/arm-none-eabi/10.3.1/../../../../arm-none-eabi/lib/thumb/v8-m.main+fp/hard\libc_nano.a(lib_a-memcpy-stub.o)
                              ./gecko_sdk_4.2.2/platform/emdrv/uartdrv/src/uartdrv.o (memcpy)
c:/siliconlabs/simplicitystudio/v5/developer/toolchains/gnu_arm/10.3_2021.10/bin/../lib/gcc/arm-none-eabi/10.3.1/../../../../arm-none-eabi/lib/thumb/v8-m.main+fp/hard\libc_nano.a(lib_a-memset.o)
                              c:/siliconlabs/simplicitystudio/v5/developer/toolchains/gnu_arm/10.3_2021.10/bin/../lib/gcc/arm-none-eabi/10.3.1/../../../../arm-none-eabi/lib/thumb/v8-m.main+fp/hard/crt0.o (memset)
c:/siliconlabs/simplicitystudio/v5/developer/toolchains/gnu_arm/10.3_2021.10/bin/../lib/gcc/arm-none-eabi/10.3.1/../../../../arm-none-eabi/lib/thumb/v8-m.main+fp/hard\libc_nano.a(lib_a-nano-vfprintf_float.o)
                              (_printf_float)
c:/siliconlabs/simplicitystudio/v5/developer/toolchains/gnu_arm/10.3_2021.10/bin/../lib/gcc/arm-none-eabi/10.3.1/../../../../arm-none-eabi/lib/thumb/v8-m.main+fp/hard\libc_nano.a(lib_a-nano-vfprintf_i.o)
                              c:/siliconlabs/simplicitystudio/v5/developer/toolchains/gnu_arm/10.3_2021.10/bin/../lib/gcc/arm-none-eabi/10.3.1/../../../../arm-none-eabi/lib/thumb/v8-m.main+fp/hard\libc_nano.a(lib_a-nano-vfprintf_float.o) (_printf_common)
c:/siliconlabs/simplicitystudio/v5/developer/toolchains/gnu_arm/10.3_2021.10/bin/../lib/gcc/arm-none-eabi/10.3.1/../../../../arm-none-eabi/lib/thumb/v8-m.main+fp/hard\libc_nano.a(lib_a-setvbuf.o)
[...]
Memory Configuration

Name             Origin             Length             Attributes
FLASH            0x08000000         0x0017e000         xr
RAM              0x20000000         0x00040000         xrw
*default*        0x00000000         0xffffffff

Linker script and memory map

LOAD c:/siliconlabs/simplicitystudio/v5/developer/toolchains/gnu_arm/10.3_2021.10/bin/../lib/gcc/arm-none-eabi/10.3.1/thumb/v8-m.main+fp/hard/crti.o
LOAD c:/siliconlabs/simplicitystudio/v5/developer/toolchains/gnu_arm/10.3_2021.10/bin/../lib/gcc/arm-none-eabi/10.3.1/thumb/v8-m.main+fp/hard/crtbegin.o
LOAD c:/siliconlabs/simplicitystudio/v5/developer/toolchains/gnu_arm/10.3_2021.10/bin/../lib/gcc/arm-none-eabi/10.3.1/../../../../arm-none-eabi/lib/thumb/v8-m.main+fp/hard/crt0.o
START GROUP
LOAD ./app.o
LOAD ./main.o
LOAD ./autogen/sl_board_default_init.o
LOAD ./autogen/sl_device_init_clocks.o
LOAD ./autogen/sl_event_handler.o
LOAD ./autogen/sl_iostream_handles.o
LOAD ./autogen/sl_iostream_init_usart_instances.o
LOAD ./autogen/sl_power_manager_handler.o
LOAD ./gecko_sdk_4.2.2/app/common/util/app_log/app_log.o
LOAD ./gecko_sdk_4.2.2/hardware/board/src/sl_board_control_gpio.o
LOAD ./gecko_sdk_4.2.2/hardware/board/src/sl_board_init.o
LOAD ./gecko_sdk_4.2.2/hardware/driver/configuration_over_swo/src/sl_cos.o
LOAD ./gecko_sdk_4.2.2/hardware/driver/mx25_flash_shutdown/src/sl_mx25_flash_shutdown_eusart/sl_mx25_flash_shutdown.o
LOAD ./gecko_sdk_4.2.2/platform/Device/SiliconLabs/EFR32MG24/Source/startup_efr32mg24.o
LOAD ./gecko_sdk_4.2.2/platform/Device/SiliconLabs/EFR32MG24/Source/system_efr32mg24.o
LOAD ./gecko_sdk_4.2.2/platform/common/src/sl_assert.o
LOAD ./gecko_sdk_4.2.2/platform/common/src/sl_slist.o
LOAD ./gecko_sdk_4.2.2/platform/common/src/sl_string.o
LOAD ./gecko_sdk_4.2.2/platform/common/toolchain/src/sl_memory.o
LOAD ./gecko_sdk_4.2.2/platform/driver/debug/src/sl_debug_swo.o
LOAD ./gecko_sdk_4.2.2/platform/emdrv/dmadrv/src/dmadrv.o
LOAD ./gecko_sdk_4.2.2/platform/emdrv/gpiointerrupt/src/gpiointerrupt.o
LOAD ./gecko_sdk_4.2.2/platform/emdrv/uartdrv/src/uartdrv.o
LOAD ./gecko_sdk_4.2.2/platform/emlib/src/em_burtc.o
LOAD ./gecko_sdk_4.2.2/platform/emlib/src/em_cmu.o
LOAD ./gecko_sdk_4.2.2/platform/emlib/src/em_core.o
LOAD ./gecko_sdk_4.2.2/platform/emlib/src/em_emu.o
LOAD ./gecko_sdk_4.2.2/platform/emlib/src/em_eusart.o
LOAD ./gecko_sdk_4.2.2/platform/emlib/src/em_gpio.o
LOAD ./gecko_sdk_4.2.2/platform/emlib/src/em_i2c.o
LOAD ./gecko_sdk_4.2.2/platform/emlib/src/em_ldma.o
LOAD ./gecko_sdk_4.2.2/platform/emlib/src/em_msc.o
LOAD ./gecko_sdk_4.2.2/platform/emlib/src/em_system.o
LOAD ./gecko_sdk_4.2.2/platform/emlib/src/em_timer.o
LOAD ./gecko_sdk_4.2.2/platform/emlib/src/em_usart.o
LOAD ./gecko_sdk_4.2.2/platform/peripheral/src/peripheral_sysrtc.o
LOAD ./gecko_sdk_4.2.2/platform/service/device_init/src/sl_device_init_dcdc_s2.o
LOAD ./gecko_sdk_4.2.2/platform/service/device_init/src/sl_device_init_emu_s2.o
LOAD ./gecko_sdk_4.2.2/platform/service/device_init/src/sl_device_init_hfxo_s2.o
LOAD ./gecko_sdk_4.2.2/platform/service/device_init/src/sl_device_init_lfxo_s2.o
LOAD ./gecko_sdk_4.2.2/platform/service/device_init/src/sl_device_init_nvic.o
LOAD ./gecko_sdk_4.2.2/platform/service/hfxo_manager/src/sl_hfxo_manager.o
LOAD ./gecko_sdk_4.2.2/platform/service/hfxo_manager/src/sl_hfxo_manager_hal_s2.o
LOAD ./gecko_sdk_4.2.2/platform/service/iostream/src/sl_iostream.o
LOAD ./gecko_sdk_4.2.2/platform/service/iostream/src/sl_iostream_retarget_stdio.o
LOAD ./gecko_sdk_4.2.2/platform/service/iostream/src/sl_iostream_stdlib_config.o
LOAD ./gecko_sdk_4.2.2/platform/service/iostream/src/sl_iostream_uart.o
LOAD ./gecko_sdk_4.2.2/platform/service/iostream/src/sl_iostream_usart.o
LOAD ./gecko_sdk_4.2.2/platform/service/power_manager/src/sl_power_manager.o
LOAD ./gecko_sdk_4.2.2/platform/service/power_manager/src/sl_power_manager_debug.o
LOAD ./gecko_sdk_4.2.2/platform/service/power_manager/src/sl_power_manager_hal_s2.o
LOAD ./gecko_sdk_4.2.2/platform/service/sleeptimer/src/sl_sleeptimer.o
LOAD ./gecko_sdk_4.2.2/platform/service/sleeptimer/src/sl_sleeptimer_hal_burtc.o
LOAD ./gecko_sdk_4.2.2/platform/service/sleeptimer/src/sl_sleeptimer_hal_sysrtc.o
LOAD ./gecko_sdk_4.2.2/platform/service/sleeptimer/src/sl_sleeptimer_hal_timer.o
LOAD ./gecko_sdk_4.2.2/platform/service/system/src/sl_system_init.o
LOAD ./gecko_sdk_4.2.2/platform/service/system/src/sl_system_process_action.o
LOAD ./gecko_sdk_4.2.2/platform/service/udelay/src/sl_udelay.o
LOAD ./gecko_sdk_4.2.2/platform/service/udelay/src/sl_udelay_armv6m_gcc.o
LOAD ./src/GPIO.o
LOAD ./src/I2C.o
LOAD ./src/adxl343.o
LOAD ./src/irq.o
LOAD ./src/log.o
LOAD ./src/sam-m8q.o
LOAD ./src/timers.o
LOAD c:/siliconlabs/simplicitystudio/v5/developer/toolchains/gnu_arm/10.3_2021.10/bin/../lib/gcc/arm-none-eabi/10.3.1/thumb/v8-m.main+fp/hard\libgcc.a
LOAD c:/siliconlabs/simplicitystudio/v5/developer/toolchains/gnu_arm/10.3_2021.10/bin/../lib/gcc/arm-none-eabi/10.3.1/../../../../arm-none-eabi/lib/thumb/v8-m.main+fp/hard\libc_nano.a
LOAD c:/siliconlabs/simplicitystudio/v5/developer/toolchains/gnu_arm/10.3_2021.10/bin/../lib/gcc/arm-none-eabi/10.3.1/../../../../arm-none-eabi/lib/thumb/v8-m.main+fp/hard\libm.a
LOAD c:/siliconlabs/simplicitystudio/v5/developer/toolchains/gnu_arm/10.3_2021.10/bin/../lib/gcc/arm-none-eabi/10.3.1/../../../../arm-none-eabi/lib/thumb/v8-m.main+fp/hard\libnosys.a
END GROUP
START GROUP
LOAD c:/siliconlabs/simplicitystudio/v5/developer/toolchains/gnu_arm/10.3_2021.10/bin/../lib/gcc/arm-none-eabi/10.3.1/thumb/v8-m.main+fp/hard\libgcc.a
LOAD c:/siliconlabs/simplicitystudio/v5/developer/toolchains/gnu_arm/10.3_2021.10/bin/../lib/gcc/arm-none-eabi/10.3.1/../../../../arm-none-eabi/lib/thumb/v8-m.main+fp/hard\libc_nano.a
LOAD c:/siliconlabs/simplicitystudio/v5/developer/toolchains/gnu_arm/10.3_2021.10/bin/../lib/gcc/arm-none-eabi/10.3.1/../../../../arm-none-eabi/lib/thumb/v8-m.main+fp/hard\libnosys.a
END GROUP
START GROUP
LOAD c:/siliconlabs/simplicitystudio/v5/developer/toolchains/gnu_arm/10.3_2021.10/bin/../lib/gcc/arm-none-eabi/10.3.1/thumb/v8-m.main+fp/hard\libgcc.a
LOAD c:/siliconlabs/simplicitystudio/v5/developer/toolchains/gnu_arm/10.3_2021.10/bin/../lib/gcc/arm-none-eabi/10.3.1/../../../../arm-none-eabi/lib/thumb/v8-m.main+fp/hard\libg_nano.a
LOAD c:/siliconlabs/simplicitystudio/v5/developer/toolchains/gnu_arm/10.3_2021.10/bin/../lib/gcc/arm-none-eabi/10.3.1/../../../../arm-none-eabi/lib/thumb/v8-m.main+fp/hard\libc_nano.a
END GROUP
START GROUP
LOAD c:/siliconlabs/simplicitystudio/v5/developer/toolchains/gnu_arm/10.3_2021.10/bin/../lib/gcc/arm-none-eabi/10.3.1/thumb/v8-m.main+fp/hard\libgcc.a
LOAD c:/siliconlabs/simplicitystudio/v5/developer/toolchains/gnu_arm/10.3_2021.10/bin/../lib/gcc/arm-none-eabi/10.3.1/../../../../arm-none-eabi/lib/thumb/v8-m.main+fp/hard\libc_nano.a
END GROUP
LOAD c:/siliconlabs/simplicitystudio/v5/developer/toolchains/gnu_arm/10.3_2021.10/bin/../lib/gcc/arm-none-eabi/10.3.1/thumb/v8-m.main+fp/hard/crtend.o
LOAD c:/siliconlabs/simplicitystudio/v5/developer/toolchains/gnu_arm/10.3_2021.10/bin/../lib/gcc/arm-none-eabi/10.3.1/thumb/v8-m.main+fp/hard/crtn.o

.text           0x08000000     0xe62c
                0x08000000                linker_vectors_begin = .
 *(.vectors)
 .vectors       0x08000000      0x170 ./gecko_sdk_4.2.2/platform/Device/SiliconLabs/EFR32MG24/Source/startup_efr32mg24.o
                0x08000000                __Vectors
                0x08000170                linker_vectors_end = .
                0x08000170                __Vectors_End = .
                0x08000170                __Vectors_Size = (__Vectors_End - __Vectors)
                0x08000170                linker_code_begin = .
 *(SORT_BY_ALIGNMENT(.text*))
 .text          0x08000170        0x8 ./gecko_sdk_4.2.2/platform/service/udelay/src/sl_udelay_armv6m_gcc.o
                0x08000170                sli_delay_loop
 .text.print_nav_pvt_info
                0x08000178      0x158 ./src/sam-m8q.o
                0x08000178                print_nav_pvt_info
 .text._dtoa_r  0x080002d0      0xbd8 c:/siliconlabs/simplicitystudio/v5/developer/toolchains/gnu_arm/10.3_2021.10/bin/../lib/gcc/arm-none-eabi/10.3.1/../../../../arm-none-eabi/lib/thumb/v8-m.main+fp/hard\libc_nano.a(lib_a-dtoa.o)
                0x080002d0                _dtoa_r
 .text          0x08000ea8       0x40 c:/siliconlabs/simplicitystudio/v5/developer/toolchains/gnu_arm/10.3_2021.10/bin/../lib/gcc/arm-none-eabi/10.3.1/thumb/v8-m.main+fp/hard/crtbegin.o
 .text          0x08000ee8       0x7c c:/siliconlabs/simplicitystudio/v5/developer/toolchains/gnu_arm/10.3_2021.10/bin/../lib/gcc/arm-none-eabi/10.3.1/../../../../arm-none-eabi/lib/thumb/v8-m.main+fp/hard/crt0.o
                0x08000ee8                _stack_init
                0x08000ef0                _start
                0x08000ef0                _mainCRTStartup
 .text.app_init
                0x08000f64       0x38 ./app.o
                0x08000f64                app_init
 .text.app_process_action
                0x08000f9c       0x48 ./app.o
                0x08000f9c                app_process_action
 .text.sl_device_init_clocks
                0x08000fe4       0xd4 ./autogen/sl_device_init_clocks.o
                0x08000fe4                sl_device_init_clocks
 .text.GPIO_PinOutGet
                0x080010b8       0x88 ./autogen/sl_iostream_init_usart_instances.o
 .text.sl_iostream_usart_init_vcom
                0x08001140       0xf8 ./autogen/sl_iostream_init_usart_instances.o
                0x08001140                sl_iostream_usart_init_vcom
 .text.sl_iostream_usart_init_instances
                0x08001238       0x34 ./autogen/sl_iostream_init_usart_instances.o
                0x08001238                sl_iostream_usart_init_instances
 .text.USART0_TX_IRQHandler
                0x0800126c       0x10 ./autogen/sl_iostream_init_usart_instances.o
                0x0800126c                USART0_TX_IRQHandler
 .text.USART0_RX_IRQHandler
                0x0800127c       0x10 ./autogen/sl_iostream_init_usart_instances.o
                0x0800127c                USART0_RX_IRQHandler
 .text.sl_iostream_usart_vcom_sleep_on_isr_exit
                0x0800128c       0x14 ./autogen/sl_iostream_init_usart_instances.o
                0x0800128c                sl_iostream_usart_vcom_sleep_on_isr_exit
 .text.events_handler
                0x080012a0       0xb4 ./autogen/sl_iostream_init_usart_instances.o
 .text.app_log_init
                0x08001354       0x3c ./gecko_sdk_4.2.2/app/common/util/app_log/app_log.o
                0x08001354                app_log_init
 .text.GPIO_PinOutClear
                0x08001390       0x84 ./gecko_sdk_4.2.2/hardware/driver/mx25_flash_shutdown/src/sl_mx25_flash_shutdown_eusart/sl_mx25_flash_shutdown.o
 .text.GPIO_PinOutSet
                0x08001414       0x84 ./gecko_sdk_4.2.2/hardware/driver/mx25_flash_shutdown/src/sl_mx25_flash_shutdown_eusart/sl_mx25_flash_shutdown.o
 .text.sl_mx25_flash_shutdown
                0x08001498      0x150 ./gecko_sdk_4.2.2/hardware/driver/mx25_flash_shutdown/src/sl_mx25_flash_shutdown_eusart/sl_mx25_flash_shutdown.o
                0x08001498                sl_mx25_flash_shutdown
 .text.Reset_Handler
                0x080015e8       0x98 ./gecko_sdk_4.2.2/platform/Device/SiliconLabs/EFR32MG24/Source/startup_efr32mg24.o
                0x080015e8                Reset_Handler
 .text.__NVIC_EnableIRQ
                0x08001680       0x34 ./gecko_sdk_4.2.2/platform/Device/SiliconLabs/EFR32MG24/Source/system_efr32mg24.o
 .text.__NVIC_ClearPendingIRQ
                0x080016b4       0x38 ./gecko_sdk_4.2.2/platform/Device/SiliconLabs/EFR32MG24/Source/system_efr32mg24.o
 .text.SystemInit
                0x080016ec       0x90 ./gecko_sdk_4.2.2/platform/Device/SiliconLabs/EFR32MG24/Source/system_efr32mg24.o
                0x080016ec                SystemInit
 .text.SystemHFRCODPLLClockGet
                0x0800177c        0xc ./gecko_sdk_4.2.2/platform/Device/SiliconLabs/EFR32MG24/Source/system_efr32mg24.o
                0x0800177c                SystemHFRCODPLLClockGet
 .text.SystemSYSCLKGet
                0x08001788       0x50 ./gecko_sdk_4.2.2/platform/Device/SiliconLabs/EFR32MG24/Source/system_efr32mg24.o
                0x08001788                SystemSYSCLKGet
 .text.SystemHCLKGet
                0x080017d8       0x3c ./gecko_sdk_4.2.2/platform/Device/SiliconLabs/EFR32MG24/Source/system_efr32mg24.o
                0x080017d8                SystemHCLKGet
 .text.SystemMaxCoreClockGet
                0x08001814        0xc ./gecko_sdk_4.2.2/platform/Device/SiliconLabs/EFR32MG24/Source/system_efr32mg24.o
                0x08001814                SystemMaxCoreClockGet
 .text.SystemHFXOClockGet
                0x08001820        0xc ./gecko_sdk_4.2.2/platform/Device/SiliconLabs/EFR32MG24/Source/system_efr32mg24.o
                0x08001820                SystemHFXOClockGet
 .text.SystemHFXOClockSet
                0x0800182c       0x2c ./gecko_sdk_4.2.2/platform/Device/SiliconLabs/EFR32MG24/Source/system_efr32mg24.o
                0x0800182c                SystemHFXOClockSet
 .text.SystemFSRCOClockGet
                0x08001858        0xc ./gecko_sdk_4.2.2/platform/Device/SiliconLabs/EFR32MG24/Source/system_efr32mg24.o
                0x08001858                SystemFSRCOClockGet
 .text.SystemHFRCOEM23ClockGet
                0x08001864       0xe0 ./gecko_sdk_4.2.2/platform/Device/SiliconLabs/EFR32MG24/Source/system_efr32mg24.o
                0x08001864                SystemHFRCOEM23ClockGet
 .text.SystemLFXOClockGet
                0x08001944        0xc ./gecko_sdk_4.2.2/platform/Device/SiliconLabs/EFR32MG24/Source/system_efr32mg24.o
                0x08001944                SystemLFXOClockGet
 .text.sl_slist_push
                0x08001950       0x38 ./gecko_sdk_4.2.2/platform/common/src/sl_slist.o
                0x08001950                sl_slist_push
 .text._sbrk    0x08001988       0x3c ./gecko_sdk_4.2.2/platform/common/toolchain/src/sl_memory.o
                0x08001988                _sbrk
 .text.BUS_RegBitWrite
                0x080019c4       0x48 ./gecko_sdk_4.2.2/platform/driver/debug/src/sl_debug_swo.o
 .text.GPIO_DbgSWOEnable
                0x08001a0c       0x30 ./gecko_sdk_4.2.2/platform/driver/debug/src/sl_debug_swo.o
 .text.sl_debug_swo_init
                0x08001a3c      0x168 ./gecko_sdk_4.2.2/platform/driver/debug/src/sl_debug_swo.o
                0x08001a3c                sl_debug_swo_init
 .text.DMADRV_AllocateChannel
                0x08001ba4       0xa0 ./gecko_sdk_4.2.2/platform/emdrv/dmadrv/src/dmadrv.o
                0x08001ba4                DMADRV_AllocateChannel
 .text.DMADRV_DeInit
                0x08001c44       0x78 ./gecko_sdk_4.2.2/platform/emdrv/dmadrv/src/dmadrv.o
                0x08001c44                DMADRV_DeInit
 .text.DMADRV_FreeChannel
                0x08001cbc       0x74 ./gecko_sdk_4.2.2/platform/emdrv/dmadrv/src/dmadrv.o
                0x08001cbc                DMADRV_FreeChannel
 .text.DMADRV_Init
                0x08001d30       0x7c ./gecko_sdk_4.2.2/platform/emdrv/dmadrv/src/dmadrv.o
                0x08001d30                DMADRV_Init
 .text.DMADRV_PauseTransfer
                0x08001dac       0x64 ./gecko_sdk_4.2.2/platform/emdrv/dmadrv/src/dmadrv.o
                0x08001dac                DMADRV_PauseTransfer
 .text.DMADRV_ResumeTransfer
                0x08001e10       0x64 ./gecko_sdk_4.2.2/platform/emdrv/dmadrv/src/dmadrv.o
                0x08001e10                DMADRV_ResumeTransfer
 .text.DMADRV_StopTransfer
                0x08001e74       0x64 ./gecko_sdk_4.2.2/platform/emdrv/dmadrv/src/dmadrv.o
                0x08001e74                DMADRV_StopTransfer
 .text.DMADRV_TransferCompletePending
                0x08001ed8       0x84 ./gecko_sdk_4.2.2/platform/emdrv/dmadrv/src/dmadrv.o
                0x08001ed8                DMADRV_TransferCompletePending
 .text.DMADRV_TransferDone
                0x08001f5c       0x74 ./gecko_sdk_4.2.2/platform/emdrv/dmadrv/src/dmadrv.o
                0x08001f5c                DMADRV_TransferDone
 .text.LDMA_IRQHandler
                0x08001fd0       0xec ./gecko_sdk_4.2.2/platform/emdrv/dmadrv/src/dmadrv.o
                0x08001fd0                LDMA_IRQHandler
 .text.StartTransfer
                0x080020bc      0x21c ./gecko_sdk_4.2.2/platform/emdrv/dmadrv/src/dmadrv.o
 .text.__NVIC_EnableIRQ
                0x080022d8       0x34 ./gecko_sdk_4.2.2/platform/emdrv/gpiointerrupt/src/gpiointerrupt.o
 .text.__NVIC_ClearPendingIRQ
                0x0800230c       0x38 ./gecko_sdk_4.2.2/platform/emdrv/gpiointerrupt/src/gpiointerrupt.o
 .text.GPIO_IntClear
                0x08002344       0x1c ./gecko_sdk_4.2.2/platform/emdrv/gpiointerrupt/src/gpiointerrupt.o
 .text.GPIO_IntGetEnabled
                0x08002360       0x20 ./gecko_sdk_4.2.2/platform/emdrv/gpiointerrupt/src/gpiointerrupt.o
 .text.GPIOINT_IRQDispatcher
                0x08002380       0x74 ./gecko_sdk_4.2.2/platform/emdrv/gpiointerrupt/src/gpiointerrupt.o
 .text.BUS_RegBitWrite
                0x080023f4       0x48 ./gecko_sdk_4.2.2/platform/emlib/src/em_cmu.o
 .text.EMU_VScaleWait
                0x0800243c       0x1c ./gecko_sdk_4.2.2/platform/emlib/src/em_cmu.o
 .text.EMU_VScaleGet
                0x08002458       0x1c ./gecko_sdk_4.2.2/platform/emlib/src/em_cmu.o
 .text.MSC_LockGetLocked
                0x08002474       0x1c ./gecko_sdk_4.2.2/platform/emlib/src/em_cmu.o
 .text.MSC_LockSetLocked
                0x08002490       0x10 ./gecko_sdk_4.2.2/platform/emlib/src/em_cmu.o
 .text.MSC_LockSetUnlocked
                0x080024a0       0x10 ./gecko_sdk_4.2.2/platform/emlib/src/em_cmu.o
 .text.MSC_ReadCTRLGet
                0x080024b0        0xc ./gecko_sdk_4.2.2/platform/emlib/src/em_cmu.o
 .text.MSC_ReadCTRLSet
                0x080024bc       0x14 ./gecko_sdk_4.2.2/platform/emlib/src/em_cmu.o
 .text.CMU_ClockDivGet
                0x080024d0       0xec ./gecko_sdk_4.2.2/platform/emlib/src/em_cmu.o
                0x080024d0                CMU_ClockDivGet
 .text.CMU_ClockDivSet
                0x080025bc      0x1b0 ./gecko_sdk_4.2.2/platform/emlib/src/em_cmu.o
                0x080025bc                CMU_ClockDivSet
 .text.CMU_ClockEnable
                0x0800276c       0x74 ./gecko_sdk_4.2.2/platform/emlib/src/em_cmu.o
                0x0800276c                CMU_ClockEnable
 .text.CMU_ClockFreqGet
                0x080027e0      0x6a8 ./gecko_sdk_4.2.2/platform/emlib/src/em_cmu.o
                0x080027e0                CMU_ClockFreqGet
 .text.CMU_ClockSelectGet
                0x08002e88      0x3e4 ./gecko_sdk_4.2.2/platform/emlib/src/em_cmu.o
                0x08002e88                CMU_ClockSelectGet
 .text.sli_em_cmu_HFXOSetForceEnable
                0x0800326c       0x28 ./gecko_sdk_4.2.2/platform/emlib/src/em_cmu.o
                0x0800326c                sli_em_cmu_HFXOSetForceEnable
 .text.CMU_HFXOInit
                0x08003294      0x2f4 ./gecko_sdk_4.2.2/platform/emlib/src/em_cmu.o
                0x08003294                CMU_HFXOInit
 .text.CMU_HFXOCTuneDeltaGet
                0x08003588       0x10 ./gecko_sdk_4.2.2/platform/emlib/src/em_cmu.o
                0x08003588                CMU_HFXOCTuneDeltaGet
 .text.CMU_LFXOInit
                0x08003598      0x120 ./gecko_sdk_4.2.2/platform/emlib/src/em_cmu.o
                0x08003598                CMU_LFXOInit
 .text.CMU_LFXOPrecisionSet
                0x080036b8       0x1c ./gecko_sdk_4.2.2/platform/emlib/src/em_cmu.o
                0x080036b8                CMU_LFXOPrecisionSet
 .text.eusart0ClkGet
                0x080036d4       0xa8 ./gecko_sdk_4.2.2/platform/emlib/src/em_cmu.o
 .text.em01GrpcClkGet
                0x0800377c       0xbc ./gecko_sdk_4.2.2/platform/emlib/src/em_cmu.o
 .text.vdac0ClkGet
                0x08003838       0xa8 ./gecko_sdk_4.2.2/platform/emlib/src/em_cmu.o
 .text.vdac1ClkGet
                0x080038e0       0xa8 ./gecko_sdk_4.2.2/platform/emlib/src/em_cmu.o
 .text.pcnt0ClkGet
                0x08003988       0x74 ./gecko_sdk_4.2.2/platform/emlib/src/em_cmu.o
 .text.rhclkPrescMax
                0x080039fc       0x18 ./gecko_sdk_4.2.2/platform/emlib/src/em_cmu.o
 .text.rhclkPrescOptimize
                0x08003a14       0x2c ./gecko_sdk_4.2.2/platform/emlib/src/em_cmu.o
 .text.traceClkGet
                0x08003a40       0x84 ./gecko_sdk_4.2.2/platform/emlib/src/em_cmu.o
 .text.dpllRefClkGet
                0x08003ac4       0x94 ./gecko_sdk_4.2.2/platform/emlib/src/em_cmu.o
 .text.em01GrpaClkGet
                0x08003b58       0xbc ./gecko_sdk_4.2.2/platform/emlib/src/em_cmu.o
 .text.em23GrpaClkGet
                0x08003c14       0x84 ./gecko_sdk_4.2.2/platform/emlib/src/em_cmu.o
 .text.em4GrpaClkGet
                0x08003c98       0x84 ./gecko_sdk_4.2.2/platform/emlib/src/em_cmu.o
 .text.getWaitStatesByFrequencyAndVScale
                0x08003d1c       0x54 ./gecko_sdk_4.2.2/platform/emlib/src/em_cmu.o
 .text.flashWaitStateControl
                0x08003d70       0x70 ./gecko_sdk_4.2.2/platform/emlib/src/em_cmu.o
 .text.iadcClkGet
                0x08003de0       0x8c ./gecko_sdk_4.2.2/platform/emlib/src/em_cmu.o
 .text.pclkDivOptimize
                0x08003e6c       0x34 ./gecko_sdk_4.2.2/platform/emlib/src/em_cmu.o
 .text.sysrtcClkGet
                0x08003ea0       0x84 ./gecko_sdk_4.2.2/platform/emlib/src/em_cmu.o
 .text.wdog0ClkGet
                0x08003f24       0xa0 ./gecko_sdk_4.2.2/platform/emlib/src/em_cmu.o
 .text.wdog1ClkGet
                0x08003fc4       0xa0 ./gecko_sdk_4.2.2/platform/emlib/src/em_cmu.o
 .text.sysTickClkGet
                0x08004064       0x58 ./gecko_sdk_4.2.2/platform/emlib/src/em_cmu.o
 .text.CORE_NvicIRQDisabled
                0x080040bc       0x60 ./gecko_sdk_4.2.2/platform/emlib/src/em_core.o
                0x080040bc                CORE_NvicIRQDisabled
 .text.EMU_DCDCLock
                0x0800411c       0x14 ./gecko_sdk_4.2.2/platform/emlib/src/em_emu.o
 .text.EMU_DCDCUnlock
                0x08004130       0x10 ./gecko_sdk_4.2.2/platform/emlib/src/em_emu.o
 .text.EMU_DCDCSync
                0x08004140       0x20 ./gecko_sdk_4.2.2/platform/emlib/src/em_emu.o
 .text.EMU_VScaleWait
                0x08004160       0x1c ./gecko_sdk_4.2.2/platform/emlib/src/em_emu.o
 .text.EMU_VScaleGet
                0x0800417c       0x1c ./gecko_sdk_4.2.2/platform/emlib/src/em_emu.o
 .text.EMU_EM01Init
                0x08004198       0x24 ./gecko_sdk_4.2.2/platform/emlib/src/em_emu.o
                0x08004198                EMU_EM01Init
 .text.EMU_EM23Init
                0x080041bc       0x24 ./gecko_sdk_4.2.2/platform/emlib/src/em_emu.o
                0x080041bc                EMU_EM23Init
 .text.EMU_EnterEM2
                0x080041e0       0x48 ./gecko_sdk_4.2.2/platform/emlib/src/em_emu.o
                0x080041e0                EMU_EnterEM2
 .text.EMU_EnterEM3
                0x08004228       0x40 ./gecko_sdk_4.2.2/platform/emlib/src/em_emu.o
                0x08004228                EMU_EnterEM3
 .text.EMU_EM4Init
                0x08004268       0x24 ./gecko_sdk_4.2.2/platform/emlib/src/em_emu.o
                0x08004268                EMU_EM4Init
 .text.EMU_VScaleEM01ByClock
                0x0800428c       0x5c ./gecko_sdk_4.2.2/platform/emlib/src/em_emu.o
                0x0800428c                EMU_VScaleEM01ByClock
 .text.EMU_VScaleEM01
                0x080042e8       0xdc ./gecko_sdk_4.2.2/platform/emlib/src/em_emu.o
                0x080042e8                EMU_VScaleEM01
 .text.EMU_DCDCModeSet
                0x080043c4       0xc0 ./gecko_sdk_4.2.2/platform/emlib/src/em_emu.o
                0x080043c4                EMU_DCDCModeSet
 .text.EMU_DCDCInit
                0x08004484       0xa8 ./gecko_sdk_4.2.2/platform/emlib/src/em_emu.o
                0x08004484                EMU_DCDCInit
 .text.EMU_DCDCSetPFMXModePeakCurrent
                0x0800452c       0xb4 ./gecko_sdk_4.2.2/platform/emlib/src/em_emu.o
                0x0800452c                EMU_DCDCSetPFMXModePeakCurrent
 .text.EUSART_SpiInit
                0x080045e0       0xe8 ./gecko_sdk_4.2.2/platform/emlib/src/em_eusart.o
                0x080045e0                EUSART_SpiInit
 .text.EUSART_Reset
                0x080046c8       0xa4 ./gecko_sdk_4.2.2/platform/emlib/src/em_eusart.o
                0x080046c8                EUSART_Reset
 .text.EUSART_Enable
                0x0800476c       0xbc ./gecko_sdk_4.2.2/platform/emlib/src/em_eusart.o
                0x0800476c                EUSART_Enable
 .text.EUSART_BaudrateSet
                0x08004828      0x290 ./gecko_sdk_4.2.2/platform/emlib/src/em_eusart.o
                0x08004828                EUSART_BaudrateSet
 .text.EUSART_ClockGet
                0x08004ab8       0x48 ./gecko_sdk_4.2.2/platform/emlib/src/em_eusart.o
 .text.EUSART_SyncInitCommon
                0x08004b00      0x240 ./gecko_sdk_4.2.2/platform/emlib/src/em_eusart.o
 .text.GPIO_PinOutClear
                0x08004d40       0x84 ./gecko_sdk_4.2.2/platform/emlib/src/em_gpio.o
 .text.GPIO_PinOutSet
                0x08004dc4       0x84 ./gecko_sdk_4.2.2/platform/emlib/src/em_gpio.o
 .text.GPIO_PinModeSet
                0x08004e48      0x124 ./gecko_sdk_4.2.2/platform/emlib/src/em_gpio.o
                0x08004e48                GPIO_PinModeSet
 .text.BUS_RegBitWrite
                0x08004f6c       0x48 ./gecko_sdk_4.2.2/platform/emlib/src/em_i2c.o
 .text.I2C_BusFreqSet
                0x08004fb4      0x1a8 ./gecko_sdk_4.2.2/platform/emlib/src/em_i2c.o
                0x08004fb4                I2C_BusFreqSet
 .text.I2C_Enable
                0x0800515c       0x48 ./gecko_sdk_4.2.2/platform/emlib/src/em_i2c.o
                0x0800515c                I2C_Enable
 .text.I2C_Init
                0x080051a4       0x7c ./gecko_sdk_4.2.2/platform/emlib/src/em_i2c.o
                0x080051a4                I2C_Init
 .text.I2C_Transfer
                0x08005220      0x4c8 ./gecko_sdk_4.2.2/platform/emlib/src/em_i2c.o
                0x08005220                I2C_Transfer
 .text.I2C_TransferInit
                0x080056e8       0xf8 ./gecko_sdk_4.2.2/platform/emlib/src/em_i2c.o
                0x080056e8                I2C_TransferInit
 .text.__NVIC_EnableIRQ
                0x080057e0       0x34 ./gecko_sdk_4.2.2/platform/emlib/src/em_ldma.o
 .text.__NVIC_DisableIRQ
                0x08005814       0x44 ./gecko_sdk_4.2.2/platform/emlib/src/em_ldma.o
 .text.__NVIC_ClearPendingIRQ
                0x08005858       0x38 ./gecko_sdk_4.2.2/platform/emlib/src/em_ldma.o
 .text.__NVIC_SetPriority
                0x08005890       0x50 ./gecko_sdk_4.2.2/platform/emlib/src/em_ldma.o
 .text.BUS_RegBitWrite
                0x080058e0       0x48 ./gecko_sdk_4.2.2/platform/emlib/src/em_ldma.o
 .text.LDMA_DeInit
                0x08005928       0x34 ./gecko_sdk_4.2.2/platform/emlib/src/em_ldma.o
                0x08005928                LDMA_DeInit
 .text.LDMA_EnableChannelRequest
                0x0800595c       0x40 ./gecko_sdk_4.2.2/platform/emlib/src/em_ldma.o
                0x0800595c                LDMA_EnableChannelRequest
 .text.LDMA_Init
                0x0800599c       0xec ./gecko_sdk_4.2.2/platform/emlib/src/em_ldma.o
                0x0800599c                LDMA_Init
 .text.LDMA_StartTransfer
                0x08005a88      0x208 ./gecko_sdk_4.2.2/platform/emlib/src/em_ldma.o
                0x08005a88                LDMA_StartTransfer
 .text.LDMA_StopTransfer
                0x08005c90       0x54 ./gecko_sdk_4.2.2/platform/emlib/src/em_ldma.o
                0x08005c90                LDMA_StopTransfer
 .text.LDMA_TransferDone
                0x08005ce4       0x68 ./gecko_sdk_4.2.2/platform/emlib/src/em_ldma.o
                0x08005ce4                LDMA_TransferDone
 .text.TIMER_Valid
                0x08005d4c       0x54 ./gecko_sdk_4.2.2/platform/emlib/src/em_timer.o
 .text.TIMER_Init
                0x08005da0      0x130 ./gecko_sdk_4.2.2/platform/emlib/src/em_timer.o
                0x08005da0                TIMER_Init
 .text.prsRxInput
                0x08005ed0       0x38 ./gecko_sdk_4.2.2/platform/emlib/src/em_usart.o
 .text.USART_BaudrateAsyncSet
                0x08005f08      0x14c ./gecko_sdk_4.2.2/platform/emlib/src/em_usart.o
                0x08005f08                USART_BaudrateAsyncSet
 .text.USART_Enable
                0x08006054       0x70 ./gecko_sdk_4.2.2/platform/emlib/src/em_usart.o
                0x08006054                USART_Enable
 .text.USART_InitAsync
                0x080060c4      0x134 ./gecko_sdk_4.2.2/platform/emlib/src/em_usart.o
                0x080060c4                USART_InitAsync
 .text.USART_Reset
                0x080061f8       0xa0 ./gecko_sdk_4.2.2/platform/emlib/src/em_usart.o
                0x080061f8                USART_Reset
 .text.sl_sysrtc_wait_sync
                0x08006298       0x20 ./gecko_sdk_4.2.2/platform/peripheral/src/peripheral_sysrtc.o
 .text.sl_sysrtc_wait_ready
                0x080062b8       0x2c ./gecko_sdk_4.2.2/platform/peripheral/src/peripheral_sysrtc.o
 .text.sl_sysrtc_stop
                0x080062e4       0x14 ./gecko_sdk_4.2.2/platform/peripheral/src/peripheral_sysrtc.o
 .text.sl_sysrtc_init
                0x080062f8       0x38 ./gecko_sdk_4.2.2/platform/peripheral/src/peripheral_sysrtc.o
                0x080062f8                sl_sysrtc_init
 .text.sl_sysrtc_enable
                0x08006330       0x20 ./gecko_sdk_4.2.2/platform/peripheral/src/peripheral_sysrtc.o
                0x08006330                sl_sysrtc_enable
 .text.sl_sysrtc_disable
                0x08006350       0x24 ./gecko_sdk_4.2.2/platform/peripheral/src/peripheral_sysrtc.o
                0x08006350                sl_sysrtc_disable
 .text.sl_sysrtc_init_group
                0x08006374       0xbc ./gecko_sdk_4.2.2/platform/peripheral/src/peripheral_sysrtc.o
                0x08006374                sl_sysrtc_init_group
 .text.sl_sysrtc_enable_group_interrupts
                0x08006430       0x44 ./gecko_sdk_4.2.2/platform/peripheral/src/peripheral_sysrtc.o
                0x08006430                sl_sysrtc_enable_group_interrupts
 .text.sl_sysrtc_disable_group_interrupts
                0x08006474       0x44 ./gecko_sdk_4.2.2/platform/peripheral/src/peripheral_sysrtc.o
                0x08006474                sl_sysrtc_disable_group_interrupts
 .text.sl_sysrtc_clear_group_interrupts
                0x080064b8       0x44 ./gecko_sdk_4.2.2/platform/peripheral/src/peripheral_sysrtc.o
                0x080064b8                sl_sysrtc_clear_group_interrupts
 .text.sl_sysrtc_get_group_interrupts
                0x080064fc       0x3c ./gecko_sdk_4.2.2/platform/peripheral/src/peripheral_sysrtc.o
                0x080064fc                sl_sysrtc_get_group_interrupts
 .text.sl_sysrtc_get_group_compare_channel_value
                0x08006538       0x5c ./gecko_sdk_4.2.2/platform/peripheral/src/peripheral_sysrtc.o
                0x08006538                sl_sysrtc_get_group_compare_channel_value
 .text.sl_sysrtc_set_group_compare_channel_value
                0x08006594       0x5c ./gecko_sdk_4.2.2/platform/peripheral/src/peripheral_sysrtc.o
                0x08006594                sl_sysrtc_set_group_compare_channel_value
 .text.sl_device_init_dcdc
                0x080065f0       0x34 ./gecko_sdk_4.2.2/platform/service/device_init/src/sl_device_init_dcdc_s2.o
                0x080065f0                sl_device_init_dcdc
 .text.sl_device_init_emu
                0x08006624       0x34 ./gecko_sdk_4.2.2/platform/service/device_init/src/sl_device_init_emu_s2.o
                0x08006624                sl_device_init_emu
 .text.sl_device_init_hfxo
                0x08006658       0xc4 ./gecko_sdk_4.2.2/platform/service/device_init/src/sl_device_init_hfxo_s2.o
                0x08006658                sl_device_init_hfxo
 .text.sl_device_init_lfxo
                0x0800671c       0x3c ./gecko_sdk_4.2.2/platform/service/device_init/src/sl_device_init_lfxo_s2.o
                0x0800671c                sl_device_init_lfxo
 .text.__NVIC_SetPriority
                0x08006758       0x50 ./gecko_sdk_4.2.2/platform/service/device_init/src/sl_device_init_nvic.o
 .text.sl_hfxo_manager_init
                0x080067a8       0x88 ./gecko_sdk_4.2.2/platform/service/hfxo_manager/src/sl_hfxo_manager.o
                0x080067a8                sl_hfxo_manager_init
 .text.sli_hfxo_manager_begin_startup_measurement
                0x08006830       0x20 ./gecko_sdk_4.2.2/platform/service/hfxo_manager/src/sl_hfxo_manager.o
                0x08006830                sli_hfxo_manager_begin_startup_measurement
 .text.sli_hfxo_manager_end_startup_measurement
                0x08006850       0xc8 ./gecko_sdk_4.2.2/platform/service/hfxo_manager/src/sl_hfxo_manager.o
                0x08006850                sli_hfxo_manager_end_startup_measurement
 .text.sli_hfxo_manager_get_startup_time
                0x08006918        0xc ./gecko_sdk_4.2.2/platform/service/hfxo_manager/src/sl_hfxo_manager.o
                0x08006918                sli_hfxo_manager_get_startup_time
 .text.__NVIC_EnableIRQ
                0x08006924       0x34 ./gecko_sdk_4.2.2/platform/service/hfxo_manager/src/sl_hfxo_manager_hal_s2.o
 .text.__NVIC_ClearPendingIRQ
                0x08006958       0x38 ./gecko_sdk_4.2.2/platform/service/hfxo_manager/src/sl_hfxo_manager_hal_s2.o
 .text.__NVIC_SetPriority
                0x08006990       0x50 ./gecko_sdk_4.2.2/platform/service/hfxo_manager/src/sl_hfxo_manager_hal_s2.o
 .text.sli_hfxo_manager_init_hardware
                0x080069e0       0x58 ./gecko_sdk_4.2.2/platform/service/hfxo_manager/src/sl_hfxo_manager_hal_s2.o
                0x080069e0                sli_hfxo_manager_init_hardware
 .text.sli_hfxo_manager_is_hfxo_ready
                0x08006a38       0x68 ./gecko_sdk_4.2.2/platform/service/hfxo_manager/src/sl_hfxo_manager_hal_s2.o
                0x08006a38                sli_hfxo_manager_is_hfxo_ready
 .text.sl_hfxo_manager_irq_handler
                0x08006aa0       0x64 ./gecko_sdk_4.2.2/platform/service/hfxo_manager/src/sl_hfxo_manager_hal_s2.o
                0x08006aa0                sl_hfxo_manager_irq_handler
 .text.sl_iostream_set_default
                0x08006b04       0x28 ./gecko_sdk_4.2.2/platform/service/iostream/src/sl_iostream.o
                0x08006b04                sl_iostream_set_default
 .text.sl_iostream_get_default
                0x08006b2c       0x28 ./gecko_sdk_4.2.2/platform/service/iostream/src/sl_iostream.o
                0x08006b2c                sl_iostream_get_default
 .text._write   0x08006b54       0x34 ./gecko_sdk_4.2.2/platform/service/iostream/src/sl_iostream_retarget_stdio.o
                0x08006b54                _write
 .text.sl_iostream_stdlib_disable_buffering
                0x08006b88       0x1c ./gecko_sdk_4.2.2/platform/service/iostream/src/sl_iostream_stdlib_config.o
                0x08006b88                sl_iostream_stdlib_disable_buffering
 .text.__NVIC_EnableIRQ
                0x08006ba4       0x34 ./gecko_sdk_4.2.2/platform/service/iostream/src/sl_iostream_uart.o
 .text.__NVIC_DisableIRQ
                0x08006bd8       0x44 ./gecko_sdk_4.2.2/platform/service/iostream/src/sl_iostream_uart.o
 .text.__NVIC_ClearPendingIRQ
                0x08006c1c       0x38 ./gecko_sdk_4.2.2/platform/service/iostream/src/sl_iostream_uart.o
 .text.sli_iostream_uart_context_init
                0x08006c54      0x1e0 ./gecko_sdk_4.2.2/platform/service/iostream/src/sl_iostream_uart.o
                0x08006c54                sli_iostream_uart_context_init
 .text.sli_uart_txc
                0x08006e34       0x60 ./gecko_sdk_4.2.2/platform/service/iostream/src/sl_iostream_uart.o
                0x08006e34                sli_uart_txc
 .text.uart_deinit
                0x08006e94       0xec ./gecko_sdk_4.2.2/platform/service/iostream/src/sl_iostream_uart.o
 .text.scan_for_ctrl_char
                0x08006f80       0xbc ./gecko_sdk_4.2.2/platform/service/iostream/src/sl_iostream_uart.o
 .text.dma_irq_handler
                0x0800703c       0xd0 ./gecko_sdk_4.2.2/platform/service/iostream/src/sl_iostream_uart.o
 .text.get_write_ptr
                0x0800710c       0x54 ./gecko_sdk_4.2.2/platform/service/iostream/src/sl_iostream_uart.o
 .text.update_ring_buffer
                0x08007160      0x148 ./gecko_sdk_4.2.2/platform/service/iostream/src/sl_iostream_uart.o
 .text.read_rx_buffer
                0x080072a8      0x1cc ./gecko_sdk_4.2.2/platform/service/iostream/src/sl_iostream_uart.o
 .text.sl_iostream_usart_init
                0x08007474      0x280 ./gecko_sdk_4.2.2/platform/service/iostream/src/sl_iostream_usart.o
                0x08007474                sl_iostream_usart_init
 .text.sl_iostream_usart_irq_handler
                0x080076f4      0x120 ./gecko_sdk_4.2.2/platform/service/iostream/src/sl_iostream_usart.o
                0x080076f4                sl_iostream_usart_irq_handler
 .text.sl_power_manager_init
                0x08007814       0x80 ./gecko_sdk_4.2.2/platform/service/power_manager/src/sl_power_manager.o
                0x08007814                sl_power_manager_init
 .text.sl_power_manager_sleep
                0x08007894      0x204 ./gecko_sdk_4.2.2/platform/service/power_manager/src/sl_power_manager.o
                0x08007894                sl_power_manager_sleep
 .text.sli_power_manager_update_em_requirement
                0x08007a98      0x108 ./gecko_sdk_4.2.2/platform/service/power_manager/src/sl_power_manager.o
                0x08007a98                sli_power_manager_update_em_requirement
 .text.sli_power_manager_get_restore_delay
                0x08007ba0       0x48 ./gecko_sdk_4.2.2/platform/service/power_manager/src/sl_power_manager.o
                0x08007ba0                sli_power_manager_get_restore_delay
 .text.sl_power_manager_subscribe_em_transition_event
                0x08007be8       0x30 ./gecko_sdk_4.2.2/platform/service/power_manager/src/sl_power_manager.o
                0x08007be8                sl_power_manager_subscribe_em_transition_event
 .text.sl_power_manager_schedule_wakeup_get_restore_overhead_tick
                0x08007c18       0x14 ./gecko_sdk_4.2.2/platform/service/power_manager/src/sl_power_manager.o
                0x08007c18                sl_power_manager_schedule_wakeup_get_restore_overhead_tick
 .text.sli_power_manager_convert_delay_us_to_tick
                0x08007c2c       0x2c ./gecko_sdk_4.2.2/platform/service/power_manager/src/sl_power_manager.o
                0x08007c2c                sli_power_manager_convert_delay_us_to_tick
 .text.sl_power_manager_is_latest_wakeup_internal
                0x08007c58       0x4c ./gecko_sdk_4.2.2/platform/service/power_manager/src/sl_power_manager.o
                0x08007c58                sl_power_manager_is_latest_wakeup_internal
 .text.get_lowest_em
                0x08007ca4       0x34 ./gecko_sdk_4.2.2/platform/service/power_manager/src/sl_power_manager.o
 .text.power_manager_notify_em_transition
                0x08007cd8       0xec ./gecko_sdk_4.2.2/platform/service/power_manager/src/sl_power_manager.o
 .text.evaluate_wakeup
                0x08007dc4       0xf8 ./gecko_sdk_4.2.2/platform/service/power_manager/src/sl_power_manager.o
 .text.update_em1_requirement
                0x08007ebc       0x94 ./gecko_sdk_4.2.2/platform/service/power_manager/src/sl_power_manager.o
 .text.clock_restore_and_wait
                0x08007f50       0x88 ./gecko_sdk_4.2.2/platform/service/power_manager/src/sl_power_manager.o
 .text.clock_restore
                0x08007fd8       0x6c ./gecko_sdk_4.2.2/platform/service/power_manager/src/sl_power_manager.o
 .text.on_clock_wakeup_timeout
                0x08008044       0x34 ./gecko_sdk_4.2.2/platform/service/power_manager/src/sl_power_manager.o
 .text.sli_hfxo_manager_notify_ready_for_power_manager
                0x08008078       0x48 ./gecko_sdk_4.2.2/platform/service/power_manager/src/sl_power_manager.o
                0x08008078                sli_hfxo_manager_notify_ready_for_power_manager
 .text.EMU_EnterEM1
                0x080080c0       0x18 ./gecko_sdk_4.2.2/platform/service/power_manager/src/sl_power_manager_hal_s2.o
 .text.sli_power_manager_init_hardware
                0x080080d8      0x210 ./gecko_sdk_4.2.2/platform/service/power_manager/src/sl_power_manager_hal_s2.o
                0x080080d8                sli_power_manager_init_hardware
 .text.sli_power_manager_em23_voltage_scaling_enable_fast_wakeup
                0x080082e8       0x88 ./gecko_sdk_4.2.2/platform/service/power_manager/src/sl_power_manager_hal_s2.o
                0x080082e8                sli_power_manager_em23_voltage_scaling_enable_fast_wakeup
 .text.EMU_EM23PresleepHook
                0x08008370       0x30 ./gecko_sdk_4.2.2/platform/service/power_manager/src/sl_power_manager_hal_s2.o
                0x08008370                EMU_EM23PresleepHook
 .text.EMU_EM23PostsleepHook
                0x080083a0       0x70 ./gecko_sdk_4.2.2/platform/service/power_manager/src/sl_power_manager_hal_s2.o
                0x080083a0                EMU_EM23PostsleepHook
 .text.sli_power_manager_handle_pre_deepsleep_operations
                0x08008410       0x10 ./gecko_sdk_4.2.2/platform/service/power_manager/src/sl_power_manager_hal_s2.o
                0x08008410                sli_power_manager_handle_pre_deepsleep_operations
 .text.sli_power_manager_restore_high_freq_accuracy_clk
                0x08008420       0x70 ./gecko_sdk_4.2.2/platform/service/power_manager/src/sl_power_manager_hal_s2.o
                0x08008420                sli_power_manager_restore_high_freq_accuracy_clk
 .text.sli_power_manager_is_high_freq_accuracy_clk_ready
                0x08008490       0x34 ./gecko_sdk_4.2.2/platform/service/power_manager/src/sl_power_manager_hal_s2.o
                0x08008490                sli_power_manager_is_high_freq_accuracy_clk_ready
 .text.sli_power_manager_restore_states
                0x080084c4       0x48 ./gecko_sdk_4.2.2/platform/service/power_manager/src/sl_power_manager_hal_s2.o
                0x080084c4                sli_power_manager_restore_states
 .text.sli_power_manager_apply_em
                0x0800850c       0x50 ./gecko_sdk_4.2.2/platform/service/power_manager/src/sl_power_manager_hal_s2.o
                0x0800850c                sli_power_manager_apply_em
 .text.sli_power_manager_get_wakeup_process_time_overhead
                0x0800855c       0x3c ./gecko_sdk_4.2.2/platform/service/power_manager/src/sl_power_manager_hal_s2.o
                0x0800855c                sli_power_manager_get_wakeup_process_time_overhead
 .text.sl_sleeptimer_init
                0x08008598       0xa0 ./gecko_sdk_4.2.2/platform/service/sleeptimer/src/sl_sleeptimer.o
                0x08008598                sl_sleeptimer_init
 .text.sl_sleeptimer_stop_timer
                0x08008638       0x80 ./gecko_sdk_4.2.2/platform/service/sleeptimer/src/sl_sleeptimer.o
                0x08008638                sl_sleeptimer_stop_timer
 .text.sl_sleeptimer_get_remaining_time_of_first_timer
                0x080086b8       0x94 ./gecko_sdk_4.2.2/platform/service/sleeptimer/src/sl_sleeptimer.o
                0x080086b8                sl_sleeptimer_get_remaining_time_of_first_timer
 .text.sli_sleeptimer_is_power_manager_timer_next_to_expire
                0x0800874c       0x18 ./gecko_sdk_4.2.2/platform/service/sleeptimer/src/sl_sleeptimer.o
                0x0800874c                sli_sleeptimer_is_power_manager_timer_next_to_expire
 .text.sl_sleeptimer_get_timer_frequency
                0x08008764        0xc ./gecko_sdk_4.2.2/platform/service/sleeptimer/src/sl_sleeptimer.o
                0x08008764                sl_sleeptimer_get_timer_frequency
 .text.process_timer_irq
                0x08008770      0x258 ./gecko_sdk_4.2.2/platform/service/sleeptimer/src/sl_sleeptimer.o
                0x08008770                process_timer_irq
 .text.delta_list_insert_timer
                0x080089c8       0xd4 ./gecko_sdk_4.2.2/platform/service/sleeptimer/src/sl_sleeptimer.o
 .text.delta_list_remove_timer
                0x08008a9c       0x74 ./gecko_sdk_4.2.2/platform/service/sleeptimer/src/sl_sleeptimer.o
 .text.set_comparator_for_next_timer
                0x08008b10       0x4c ./gecko_sdk_4.2.2/platform/service/sleeptimer/src/sl_sleeptimer.o
 .text.update_delta_list
                0x08008b5c       0x70 ./gecko_sdk_4.2.2/platform/service/sleeptimer/src/sl_sleeptimer.o
 .text.create_timer
                0x08008bcc       0xa8 ./gecko_sdk_4.2.2/platform/service/sleeptimer/src/sl_sleeptimer.o
 .text.update_next_timer_to_expire_is_power_manager
                0x08008c74       0x58 ./gecko_sdk_4.2.2/platform/service/sleeptimer/src/sl_sleeptimer.o
 .text.sl_sleeptimer_is_power_manager_early_restore_timer_latest_to_expire
                0x08008ccc       0x28 ./gecko_sdk_4.2.2/platform/service/sleeptimer/src/sl_sleeptimer.o
                0x08008ccc                sl_sleeptimer_is_power_manager_early_restore_timer_latest_to_expire
 .text.__NVIC_EnableIRQ
                0x08008cf4       0x34 ./gecko_sdk_4.2.2/platform/service/sleeptimer/src/sl_sleeptimer_hal_sysrtc.o
 .text.__NVIC_ClearPendingIRQ
                0x08008d28       0x38 ./gecko_sdk_4.2.2/platform/service/sleeptimer/src/sl_sleeptimer_hal_sysrtc.o
 .text.sl_sysrtc_wait_sync
                0x08008d60       0x20 ./gecko_sdk_4.2.2/platform/service/sleeptimer/src/sl_sleeptimer_hal_sysrtc.o
 .text.sl_sysrtc_get_counter
                0x08008d80       0x14 ./gecko_sdk_4.2.2/platform/service/sleeptimer/src/sl_sleeptimer_hal_sysrtc.o
 .text.sl_sysrtc_set_counter
                0x08008d94       0x1c ./gecko_sdk_4.2.2/platform/service/sleeptimer/src/sl_sleeptimer_hal_sysrtc.o
 .text.sleeptimer_hal_set_compare
                0x08008db0       0xac ./gecko_sdk_4.2.2/platform/service/sleeptimer/src/sl_sleeptimer_hal_sysrtc.o
                0x08008db0                sleeptimer_hal_set_compare
 .text.sleeptimer_hal_disable_int
                0x08008e5c       0x60 ./gecko_sdk_4.2.2/platform/service/sleeptimer/src/sl_sleeptimer_hal_sysrtc.o
                0x08008e5c                sleeptimer_hal_disable_int
 .text.sleeptimer_hal_set_int
                0x08008ebc       0x2c ./gecko_sdk_4.2.2/platform/service/sleeptimer/src/sl_sleeptimer_hal_sysrtc.o
                0x08008ebc                sleeptimer_hal_set_int
 .text.sl_udelay_wait
                0x08008ee8       0x80 ./gecko_sdk_4.2.2/platform/service/udelay/src/sl_udelay.o
                0x08008ee8                sl_udelay_wait
 .text.GPIO_PinOutClear
                0x08008f68       0x84 ./src/GPIO.o
 .text.init_I2C1
                0x08008fec       0x94 ./src/I2C.o
                0x08008fec                init_I2C1
 .text.TIMER0_IRQHandler
                0x08009080       0x34 ./src/irq.o
                0x08009080                TIMER0_IRQHandler
 .text.gps_read_flag_set
                0x080090b4       0x1c ./src/sam-m8q.o
                0x080090b4                gps_read_flag_set
 .text.gps_read_pending_data_length
                0x080090d0       0x90 ./src/sam-m8q.o
                0x080090d0                gps_read_pending_data_length
 .text.gps_read_pending_data
                0x08009160       0x98 ./src/sam-m8q.o
                0x08009160                gps_read_pending_data
 .text.gps_enable_periodic_updates
                0x080091f8      0x27c ./src/sam-m8q.o
                0x080091f8                gps_enable_periodic_updates
 .text.__NVIC_EnableIRQ
                0x08009474       0x34 ./src/timers.o
 .text.__NVIC_ClearPendingIRQ
                0x080094a8       0x38 ./src/timers.o
 .text.TIMER_Valid
                0x080094e0       0x54 ./src/timers.o
 .text.TIMER_MaxCount
                0x08009534       0xf0 ./src/timers.o
 .text.TIMER_Enable
                0x08009624       0x44 ./src/timers.o
 .text.TIMER_TopSet
                0x08009668       0x48 ./src/timers.o
 .text.init_timer0
                0x080096b0       0x70 ./src/timers.o
                0x080096b0                init_timer0
 .text          0x08009720      0x378 c:/siliconlabs/simplicitystudio/v5/developer/toolchains/gnu_arm/10.3_2021.10/bin/../lib/gcc/arm-none-eabi/10.3.1/thumb/v8-m.main+fp/hard\libgcc.a(_arm_addsubdf3.o)
                0x08009720                __aeabi_drsub
                0x08009728                __aeabi_dsub
                0x08009728                __subdf3
                0x0800972c                __aeabi_dadd
                0x0800972c                __adddf3
                0x080099a4                __floatunsidf
                0x080099a4                __aeabi_ui2d
                0x080099c4                __floatsidf
                0x080099c4                __aeabi_i2d
                0x080099e8                __aeabi_f2d
                0x080099e8                __extendsfdf2
                0x08009a2c                __floatundidf
                0x08009a2c                __aeabi_ul2d
                0x08009a3c                __floatdidf
                0x08009a3c                __aeabi_l2d
 .text          0x08009a98       0xa0 c:/siliconlabs/simplicitystudio/v5/developer/toolchains/gnu_arm/10.3_2021.10/bin/../lib/gcc/arm-none-eabi/10.3.1/thumb/v8-m.main+fp/hard\libgcc.a(_arm_truncdfsf2.o)
                0x08009a98                __truncdfsf2
                0x08009a98                __aeabi_d2f
 .text          0x08009b38       0x30 c:/siliconlabs/simplicitystudio/v5/developer/toolchains/gnu_arm/10.3_2021.10/bin/../lib/gcc/arm-none-eabi/10.3.1/thumb/v8-m.main+fp/hard\libgcc.a(_aeabi_uldivmod.o)
                0x08009b38                __aeabi_uldivmod
 .text          0x08009b68      0x2ec c:/siliconlabs/simplicitystudio/v5/developer/toolchains/gnu_arm/10.3_2021.10/bin/../lib/gcc/arm-none-eabi/10.3.1/thumb/v8-m.main+fp/hard\libgcc.a(_udivmoddi4.o)
                0x08009b68                __udivmoddi4
 .text          0x08009e54        0x4 c:/siliconlabs/simplicitystudio/v5/developer/toolchains/gnu_arm/10.3_2021.10/bin/../lib/gcc/arm-none-eabi/10.3.1/thumb/v8-m.main+fp/hard\libgcc.a(_dvmd_tls.o)
                0x08009e54                __aeabi_idiv0
                0x08009e54                __aeabi_ldiv0
 .text.exit     0x08009e58       0x28 c:/siliconlabs/simplicitystudio/v5/developer/toolchains/gnu_arm/10.3_2021.10/bin/../lib/gcc/arm-none-eabi/10.3.1/../../../../arm-none-eabi/lib/thumb/v8-m.main+fp/hard\libc_nano.a(lib_a-exit.o)
                0x08009e58                exit
 .text.__libc_init_array
                0x08009e80       0x48 c:/siliconlabs/simplicitystudio/v5/developer/toolchains/gnu_arm/10.3_2021.10/bin/../lib/gcc/arm-none-eabi/10.3.1/../../../../arm-none-eabi/lib/thumb/v8-m.main+fp/hard\libc_nano.a(lib_a-init.o)
                0x08009e80                __libc_init_array
 .text._printf_float
                0x08009ec8      0x46c c:/siliconlabs/simplicitystudio/v5/developer/toolchains/gnu_arm/10.3_2021.10/bin/../lib/gcc/arm-none-eabi/10.3.1/../../../../arm-none-eabi/lib/thumb/v8-m.main+fp/hard\libc_nano.a(lib_a-nano-vfprintf_float.o)
                0x08009ec8                _printf_float
 .text._printf_i
                0x0800a334      0x24c c:/siliconlabs/simplicitystudio/v5/developer/toolchains/gnu_arm/10.3_2021.10/bin/../lib/gcc/arm-none-eabi/10.3.1/../../../../arm-none-eabi/lib/thumb/v8-m.main+fp/hard\libc_nano.a(lib_a-nano-vfprintf_i.o)
                0x0800a334                _printf_i
 .text.setvbuf  0x0800a580      0x188 c:/siliconlabs/simplicitystudio/v5/developer/toolchains/gnu_arm/10.3_2021.10/bin/../lib/gcc/arm-none-eabi/10.3.1/../../../../arm-none-eabi/lib/thumb/v8-m.main+fp/hard\libc_nano.a(lib_a-setvbuf.o)
                0x0800a580                setvbuf
 .text.vprintf  0x0800a708       0x30 c:/siliconlabs/simplicitystudio/v5/developer/toolchains/gnu_arm/10.3_2021.10/bin/../lib/gcc/arm-none-eabi/10.3.1/../../../../arm-none-eabi/lib/thumb/v8-m.main+fp/hard\libc_nano.a(lib_a-vprintf.o)
                0x0800a708                viprintf
                0x0800a708                vprintf
 .text.__sflush_r
                0x0800a738      0x108 c:/siliconlabs/simplicitystudio/v5/developer/toolchains/gnu_arm/10.3_2021.10/bin/../lib/gcc/arm-none-eabi/10.3.1/../../../../arm-none-eabi/lib/thumb/v8-m.main+fp/hard\libc_nano.a(lib_a-fflush.o)
                0x0800a738                __sflush_r
 .text._fflush_r
                0x0800a840       0x78 c:/siliconlabs/simplicitystudio/v5/developer/toolchains/gnu_arm/10.3_2021.10/bin/../lib/gcc/arm-none-eabi/10.3.1/../../../../arm-none-eabi/lib/thumb/v8-m.main+fp/hard\libc_nano.a(lib_a-fflush.o)
                0x0800a840                _fflush_r
 .text.std      0x0800a8b8       0x48 c:/siliconlabs/simplicitystudio/v5/developer/toolchains/gnu_arm/10.3_2021.10/bin/../lib/gcc/arm-none-eabi/10.3.1/../../../../arm-none-eabi/lib/thumb/v8-m.main+fp/hard\libc_nano.a(lib_a-findfp.o)
 .text._cleanup_r
                0x0800a900        0xc c:/siliconlabs/simplicitystudio/v5/developer/toolchains/gnu_arm/10.3_2021.10/bin/../lib/gcc/arm-none-eabi/10.3.1/../../../../arm-none-eabi/lib/thumb/v8-m.main+fp/hard\libc_nano.a(lib_a-findfp.o)
                0x0800a900                _cleanup_r
 .text.__sfp_lock_acquire
                0x0800a90c        0xc c:/siliconlabs/simplicitystudio/v5/developer/toolchains/gnu_arm/10.3_2021.10/bin/../lib/gcc/arm-none-eabi/10.3.1/../../../../arm-none-eabi/lib/thumb/v8-m.main+fp/hard\libc_nano.a(lib_a-findfp.o)
                0x0800a90c                __sfp_lock_acquire
 .text.__sfp_lock_release
                0x0800a918        0xc c:/siliconlabs/simplicitystudio/v5/developer/toolchains/gnu_arm/10.3_2021.10/bin/../lib/gcc/arm-none-eabi/10.3.1/../../../../arm-none-eabi/lib/thumb/v8-m.main+fp/hard\libc_nano.a(lib_a-findfp.o)
                0x0800a918                __sfp_lock_release
 .text.__sinit_lock_acquire
                0x0800a924        0xc c:/siliconlabs/simplicitystudio/v5/developer/toolchains/gnu_arm/10.3_2021.10/bin/../lib/gcc/arm-none-eabi/10.3.1/../../../../arm-none-eabi/lib/thumb/v8-m.main+fp/hard\libc_nano.a(lib_a-findfp.o)
                0x0800a924                __sinit_lock_acquire
 .text.__sinit_lock_release
                0x0800a930        0xc c:/siliconlabs/simplicitystudio/v5/developer/toolchains/gnu_arm/10.3_2021.10/bin/../lib/gcc/arm-none-eabi/10.3.1/../../../../arm-none-eabi/lib/thumb/v8-m.main+fp/hard\libc_nano.a(lib_a-findfp.o)
                0x0800a930                __sinit_lock_release
 .text.__sinit  0x0800a93c       0x70 c:/siliconlabs/simplicitystudio/v5/developer/toolchains/gnu_arm/10.3_2021.10/bin/../lib/gcc/arm-none-eabi/10.3.1/../../../../arm-none-eabi/lib/thumb/v8-m.main+fp/hard\libc_nano.a(lib_a-findfp.o)
                0x0800a93c                __sinit
 .text.__sfp    0x0800a9ac       0x8c c:/siliconlabs/simplicitystudio/v5/developer/toolchains/gnu_arm/10.3_2021.10/bin/../lib/gcc/arm-none-eabi/10.3.1/../../../../arm-none-eabi/lib/thumb/v8-m.main+fp/hard\libc_nano.a(lib_a-findfp.o)
                0x0800a9ac                __sfp
 .text._localeconv_r
                0x0800aa38        0x8 c:/siliconlabs/simplicitystudio/v5/developer/toolchains/gnu_arm/10.3_2021.10/bin/../lib/gcc/arm-none-eabi/10.3.1/../../../../arm-none-eabi/lib/thumb/v8-m.main+fp/hard\libc_nano.a(lib_a-localeconv.o)
                0x0800aa38                _localeconv_r
 .text.__smakebuf_r
                0x0800aa40       0x80 c:/siliconlabs/simplicitystudio/v5/developer/toolchains/gnu_arm/10.3_2021.10/bin/../lib/gcc/arm-none-eabi/10.3.1/../../../../arm-none-eabi/lib/thumb/v8-m.main+fp/hard\libc_nano.a(lib_a-makebuf.o)
                0x0800aa40                __smakebuf_r
 .text.malloc   0x0800aac0       0x10 c:/siliconlabs/simplicitystudio/v5/developer/toolchains/gnu_arm/10.3_2021.10/bin/../lib/gcc/arm-none-eabi/10.3.1/../../../../arm-none-eabi/lib/thumb/v8-m.main+fp/hard\libc_nano.a(lib_a-malloc.o)
                0x0800aac0                malloc
 .text._Balloc  0x0800aad0       0x80 c:/siliconlabs/simplicitystudio/v5/developer/toolchains/gnu_arm/10.3_2021.10/bin/../lib/gcc/arm-none-eabi/10.3.1/../../../../arm-none-eabi/lib/thumb/v8-m.main+fp/hard\libc_nano.a(lib_a-mprec.o)
                0x0800aad0                _Balloc
 .text._Bfree   0x0800ab50       0x44 c:/siliconlabs/simplicitystudio/v5/developer/toolchains/gnu_arm/10.3_2021.10/bin/../lib/gcc/arm-none-eabi/10.3.1/../../../../arm-none-eabi/lib/thumb/v8-m.main+fp/hard\libc_nano.a(lib_a-mprec.o)
                0x0800ab50                _Bfree
 .text.__multadd
                0x0800ab94       0x90 c:/siliconlabs/simplicitystudio/v5/developer/toolchains/gnu_arm/10.3_2021.10/bin/../lib/gcc/arm-none-eabi/10.3.1/../../../../arm-none-eabi/lib/thumb/v8-m.main+fp/hard\libc_nano.a(lib_a-mprec.o)
                0x0800ab94                __multadd
 .text.__i2b    0x0800ac24       0x2c c:/siliconlabs/simplicitystudio/v5/developer/toolchains/gnu_arm/10.3_2021.10/bin/../lib/gcc/arm-none-eabi/10.3.1/../../../../arm-none-eabi/lib/thumb/v8-m.main+fp/hard\libc_nano.a(lib_a-mprec.o)
                0x0800ac24                __i2b
 .text.__multiply
                0x0800ac50      0x150 c:/siliconlabs/simplicitystudio/v5/developer/toolchains/gnu_arm/10.3_2021.10/bin/../lib/gcc/arm-none-eabi/10.3.1/../../../../arm-none-eabi/lib/thumb/v8-m.main+fp/hard\libc_nano.a(lib_a-mprec.o)
                0x0800ac50                __multiply
 .text.__pow5mult
                0x0800ada0       0xb4 c:/siliconlabs/simplicitystudio/v5/developer/toolchains/gnu_arm/10.3_2021.10/bin/../lib/gcc/arm-none-eabi/10.3.1/../../../../arm-none-eabi/lib/thumb/v8-m.main+fp/hard\libc_nano.a(lib_a-mprec.o)
                0x0800ada0                __pow5mult
 .text.__lshift
                0x0800ae54       0xe0 c:/siliconlabs/simplicitystudio/v5/developer/toolchains/gnu_arm/10.3_2021.10/bin/../lib/gcc/arm-none-eabi/10.3.1/../../../../arm-none-eabi/lib/thumb/v8-m.main+fp/hard\libc_nano.a(lib_a-mprec.o)
                0x0800ae54                __lshift
 .text.__mdiff  0x0800af34      0x120 c:/siliconlabs/simplicitystudio/v5/developer/toolchains/gnu_arm/10.3_2021.10/bin/../lib/gcc/arm-none-eabi/10.3.1/../../../../arm-none-eabi/lib/thumb/v8-m.main+fp/hard\libc_nano.a(lib_a-mprec.o)
                0x0800af34                __mdiff
 .text.__d2b    0x0800b054       0xb8 c:/siliconlabs/simplicitystudio/v5/developer/toolchains/gnu_arm/10.3_2021.10/bin/../lib/gcc/arm-none-eabi/10.3.1/../../../../arm-none-eabi/lib/thumb/v8-m.main+fp/hard\libc_nano.a(lib_a-mprec.o)
                0x0800b054                __d2b
 .text._free_r  0x0800b10c       0x98 c:/siliconlabs/simplicitystudio/v5/developer/toolchains/gnu_arm/10.3_2021.10/bin/../lib/gcc/arm-none-eabi/10.3.1/../../../../arm-none-eabi/lib/thumb/v8-m.main+fp/hard\libc_nano.a(lib_a-nano-freer.o)
                0x0800b10c                _free_r
 .text.sbrk_aligned
                0x0800b1a4       0x40 c:/siliconlabs/simplicitystudio/v5/developer/toolchains/gnu_arm/10.3_2021.10/bin/../lib/gcc/arm-none-eabi/10.3.1/../../../../arm-none-eabi/lib/thumb/v8-m.main+fp/hard\libc_nano.a(lib_a-nano-mallocr.o)
 .text._malloc_r
                0x0800b1e4       0xe8 c:/siliconlabs/simplicitystudio/v5/developer/toolchains/gnu_arm/10.3_2021.10/bin/../lib/gcc/arm-none-eabi/10.3.1/../../../../arm-none-eabi/lib/thumb/v8-m.main+fp/hard\libc_nano.a(lib_a-nano-mallocr.o)
                0x0800b1e4                _malloc_r
 .text._vfprintf_r
                0x0800b2cc      0x260 c:/siliconlabs/simplicitystudio/v5/developer/toolchains/gnu_arm/10.3_2021.10/bin/../lib/gcc/arm-none-eabi/10.3.1/../../../../arm-none-eabi/lib/thumb/v8-m.main+fp/hard\libc_nano.a(lib_a-nano-vfprintf.o)
                0x0800b2cc                _vfprintf_r
                0x0800b2cc                _vfiprintf_r
 .text._sbrk_r  0x0800b52c       0x20 c:/siliconlabs/simplicitystudio/v5/developer/toolchains/gnu_arm/10.3_2021.10/bin/../lib/gcc/arm-none-eabi/10.3.1/../../../../arm-none-eabi/lib/thumb/v8-m.main+fp/hard\libc_nano.a(lib_a-sbrkr.o)
                0x0800b52c                _sbrk_r
 .text.__swbuf_r
                0x0800b54c       0xa4 c:/siliconlabs/simplicitystudio/v5/developer/toolchains/gnu_arm/10.3_2021.10/bin/../lib/gcc/arm-none-eabi/10.3.1/../../../../arm-none-eabi/lib/thumb/v8-m.main+fp/hard\libc_nano.a(lib_a-wbuf.o)
                0x0800b54c                __swbuf_r
 .text._write_r
                0x0800b5f0       0x24 c:/siliconlabs/simplicitystudio/v5/developer/toolchains/gnu_arm/10.3_2021.10/bin/../lib/gcc/arm-none-eabi/10.3.1/../../../../arm-none-eabi/lib/thumb/v8-m.main+fp/hard\libc_nano.a(lib_a-writer.o)
                0x0800b5f0                _write_r
 .text.__swsetup_r
                0x0800b614       0xdc c:/siliconlabs/simplicitystudio/v5/developer/toolchains/gnu_arm/10.3_2021.10/bin/../lib/gcc/arm-none-eabi/10.3.1/../../../../arm-none-eabi/lib/thumb/v8-m.main+fp/hard\libc_nano.a(lib_a-wsetup.o)
                0x0800b614                __swsetup_r
 .text.__assert_func
                0x0800b6f0       0x3c c:/siliconlabs/simplicitystudio/v5/developer/toolchains/gnu_arm/10.3_2021.10/bin/../lib/gcc/arm-none-eabi/10.3.1/../../../../arm-none-eabi/lib/thumb/v8-m.main+fp/hard\libc_nano.a(lib_a-assert.o)
                0x0800b6f0                __assert_func
 .text._close_r
                0x0800b72c       0x20 c:/siliconlabs/simplicitystudio/v5/developer/toolchains/gnu_arm/10.3_2021.10/bin/../lib/gcc/arm-none-eabi/10.3.1/../../../../arm-none-eabi/lib/thumb/v8-m.main+fp/hard\libc_nano.a(lib_a-closer.o)
                0x0800b72c                _close_r
 .text.fprintf  0x0800b74c       0x24 c:/siliconlabs/simplicitystudio/v5/developer/toolchains/gnu_arm/10.3_2021.10/bin/../lib/gcc/arm-none-eabi/10.3.1/../../../../arm-none-eabi/lib/thumb/v8-m.main+fp/hard\libc_nano.a(lib_a-fprintf.o)
                0x0800b74c                fiprintf
                0x0800b74c                fprintf
 .text._fstat_r
                0x0800b770       0x24 c:/siliconlabs/simplicitystudio/v5/developer/toolchains/gnu_arm/10.3_2021.10/bin/../lib/gcc/arm-none-eabi/10.3.1/../../../../arm-none-eabi/lib/thumb/v8-m.main+fp/hard\libc_nano.a(lib_a-fstatr.o)
                0x0800b770                _fstat_r
 .text._isatty_r
                0x0800b794       0x20 c:/siliconlabs/simplicitystudio/v5/developer/toolchains/gnu_arm/10.3_2021.10/bin/../lib/gcc/arm-none-eabi/10.3.1/../../../../arm-none-eabi/lib/thumb/v8-m.main+fp/hard\libc_nano.a(lib_a-isattyr.o)
                0x0800b794                _isatty_r
 .text._lseek_r
                0x0800b7b4       0x24 c:/siliconlabs/simplicitystudio/v5/developer/toolchains/gnu_arm/10.3_2021.10/bin/../lib/gcc/arm-none-eabi/10.3.1/../../../../arm-none-eabi/lib/thumb/v8-m.main+fp/hard\libc_nano.a(lib_a-lseekr.o)
                0x0800b7b4                _lseek_r
 .text.__malloc_lock
                0x0800b7d8        0xc c:/siliconlabs/simplicitystudio/v5/developer/toolchains/gnu_arm/10.3_2021.10/bin/../lib/gcc/arm-none-eabi/10.3.1/../../../../arm-none-eabi/lib/thumb/v8-m.main+fp/hard\libc_nano.a(lib_a-mlock.o)
                0x0800b7d8                __malloc_lock
 .text.__malloc_unlock
                0x0800b7e4        0xc c:/siliconlabs/simplicitystudio/v5/developer/toolchains/gnu_arm/10.3_2021.10/bin/../lib/gcc/arm-none-eabi/10.3.1/../../../../arm-none-eabi/lib/thumb/v8-m.main+fp/hard\libc_nano.a(lib_a-mlock.o)
                0x0800b7e4                __malloc_unlock
 .text._read_r  0x0800b7f0       0x24 c:/siliconlabs/simplicitystudio/v5/developer/toolchains/gnu_arm/10.3_2021.10/bin/../lib/gcc/arm-none-eabi/10.3.1/../../../../arm-none-eabi/lib/thumb/v8-m.main+fp/hard\libc_nano.a(lib_a-readr.o)
                0x0800b7f0                _read_r
 .text.raise    0x0800b814       0x10 c:/siliconlabs/simplicitystudio/v5/developer/toolchains/gnu_arm/10.3_2021.10/bin/../lib/gcc/arm-none-eabi/10.3.1/../../../../arm-none-eabi/lib/thumb/v8-m.main+fp/hard\libc_nano.a(lib_a-signal.o)
                0x0800b814                raise
 .text._kill_r  0x0800b824       0x24 c:/siliconlabs/simplicitystudio/v5/developer/toolchains/gnu_arm/10.3_2021.10/bin/../lib/gcc/arm-none-eabi/10.3.1/../../../../arm-none-eabi/lib/thumb/v8-m.main+fp/hard\libc_nano.a(lib_a-signalr.o)
                0x0800b824                _kill_r
 .text          0x0800b848      0x424 c:/siliconlabs/simplicitystudio/v5/developer/toolchains/gnu_arm/10.3_2021.10/bin/../lib/gcc/arm-none-eabi/10.3.1/thumb/v8-m.main+fp/hard\libgcc.a(_arm_muldivdf3.o)
                0x0800b848                __aeabi_dmul
                0x0800b848                __muldf3
                0x0800ba9c                __divdf3
                0x0800ba9c                __aeabi_ddiv
 .text          0x0800bc6c      0x110 c:/siliconlabs/simplicitystudio/v5/developer/toolchains/gnu_arm/10.3_2021.10/bin/../lib/gcc/arm-none-eabi/10.3.1/thumb/v8-m.main+fp/hard\libgcc.a(_arm_cmpdf2.o)
                0x0800bc6c                __gtdf2
                0x0800bc6c                __gedf2
                0x0800bc74                __ltdf2
                0x0800bc74                __ledf2
                0x0800bc7c                __nedf2
                0x0800bc7c                __eqdf2
                0x0800bc7c                __cmpdf2
                0x0800bcf8                __aeabi_cdrcmple
                0x0800bd08                __aeabi_cdcmpeq
                0x0800bd08                __aeabi_cdcmple
                0x0800bd18                __aeabi_dcmpeq
                0x0800bd2c                __aeabi_dcmplt
                0x0800bd40                __aeabi_dcmple
                0x0800bd54                __aeabi_dcmpge
                0x0800bd68                __aeabi_dcmpgt
 .text          0x0800bd7c       0x2c c:/siliconlabs/simplicitystudio/v5/developer/toolchains/gnu_arm/10.3_2021.10/bin/../lib/gcc/arm-none-eabi/10.3.1/thumb/v8-m.main+fp/hard\libgcc.a(_arm_unorddf2.o)
                0x0800bd7c                __unorddf2
                0x0800bd7c                __aeabi_dcmpun
 .text          0x0800bda8       0x50 c:/siliconlabs/simplicitystudio/v5/developer/toolchains/gnu_arm/10.3_2021.10/bin/../lib/gcc/arm-none-eabi/10.3.1/thumb/v8-m.main+fp/hard\libgcc.a(_arm_fixdfsi.o)
                0x0800bda8                __aeabi_d2iz
                0x0800bda8                __fixdfsi
 .text.main     0x0800bdf8       0x18 ./main.o
                0x0800bdf8                main
 .text.sl_board_default_init
                0x0800be10        0xa ./autogen/sl_board_default_init.o
                0x0800be10                sl_board_default_init
 .text.CHIP_Init
                0x0800be1a        0x4 ./autogen/sl_event_handler.o
 .text.sl_platform_init
                0x0800be1e       0x32 ./autogen/sl_event_handler.o
                0x0800be1e                sl_platform_init
 .text.sl_driver_init
                0x0800be50       0x12 ./autogen/sl_event_handler.o
                0x0800be50                sl_driver_init
 .text.sl_service_init
                0x0800be62       0x1a ./autogen/sl_event_handler.o
                0x0800be62                sl_service_init
 .text.sl_stack_init
                0x0800be7c        0x4 ./autogen/sl_event_handler.o
                0x0800be7c                sl_stack_init
 .text.sl_internal_app_init
                0x0800be80        0xa ./autogen/sl_event_handler.o
                0x0800be80                sl_internal_app_init
 .text.sl_platform_process_action
                0x0800be8a        0x4 ./autogen/sl_event_handler.o
                0x0800be8a                sl_platform_process_action
 .text.sl_service_process_action
                0x0800be8e        0x4 ./autogen/sl_event_handler.o
                0x0800be8e                sl_service_process_action
 .text.sl_stack_process_action
                0x0800be92        0x4 ./autogen/sl_event_handler.o
                0x0800be92                sl_stack_process_action
 .text.sl_internal_app_process_action
                0x0800be96        0x4 ./autogen/sl_event_handler.o
                0x0800be96                sl_internal_app_process_action
 .text.sl_iostream_init_instances
                0x0800be9a        0xa ./autogen/sl_event_handler.o
                0x0800be9a                sl_iostream_init_instances
 .text.BUS_RegBitRead
                0x0800bea4       0x1a ./autogen/sl_iostream_init_usart_instances.o
 .text.sl_iostream_uart_sleep_on_isr_exit
                0x0800bebe       0x1c ./autogen/sl_iostream_init_usart_instances.o
 .text.app_is_ok_to_sleep
                0x0800beda        0x6 ./autogen/sl_power_manager_handler.o
                0x0800beda                app_is_ok_to_sleep
 .text.app_sleep_on_isr_exit
                0x0800bee0        0x6 ./autogen/sl_power_manager_handler.o
                0x0800bee0                app_sleep_on_isr_exit
 .text.sl_power_manager_is_ok_to_sleep
                0x0800bee6       0x2c ./autogen/sl_power_manager_handler.o
                0x0800bee6                sl_power_manager_is_ok_to_sleep
 .text.sl_power_manager_sleep_on_isr_exit
                0x0800bf12       0x84 ./autogen/sl_power_manager_handler.o
                0x0800bf12                sl_power_manager_sleep_on_isr_exit
 .text.sl_board_configure_vcom
                0x0800bf96        0xc ./gecko_sdk_4.2.2/hardware/board/src/sl_board_control_gpio.o
                0x0800bf96                sl_board_configure_vcom
 .text.sl_board_enable_vcom
                0x0800bfa2       0x14 ./gecko_sdk_4.2.2/hardware/board/src/sl_board_control_gpio.o
                0x0800bfa2                sl_board_enable_vcom
 .text.sl_board_disable_vcom
                0x0800bfb6       0x14 ./gecko_sdk_4.2.2/hardware/board/src/sl_board_control_gpio.o
                0x0800bfb6                sl_board_disable_vcom
 .text.sl_board_init
                0x0800bfca       0x16 ./gecko_sdk_4.2.2/hardware/board/src/sl_board_init.o
                0x0800bfca                sl_board_init
 .text.sl_board_preinit
                0x0800bfe0        0xe ./gecko_sdk_4.2.2/hardware/board/src/sl_board_init.o
                0x0800bfe0                sl_board_preinit
 .text.sl_cos_send_config
                0x0800bfee        0xc ./gecko_sdk_4.2.2/hardware/driver/configuration_over_swo/src/sl_cos.o
                0x0800bfee                sl_cos_send_config
 .text.cs_low   0x0800bffa        0xe ./gecko_sdk_4.2.2/hardware/driver/mx25_flash_shutdown/src/sl_mx25_flash_shutdown_eusart/sl_mx25_flash_shutdown.o
 .text.cs_high  0x0800c008        0xe ./gecko_sdk_4.2.2/hardware/driver/mx25_flash_shutdown/src/sl_mx25_flash_shutdown_eusart/sl_mx25_flash_shutdown.o
 .text.Default_Handler
                0x0800c016        0x2 ./gecko_sdk_4.2.2/platform/Device/SiliconLabs/EFR32MG24/Source/startup_efr32mg24.o
                0x0800c016                ULFRCO_IRQHandler
                0x0800c016                AHB2AHB1_IRQHandler
                0x0800c016                SW2_IRQHandler
                0x0800c016                TIMER2_IRQHandler
                0x0800c016                DebugMon_Handler
                0x0800c016                IADC_IRQHandler
                0x0800c016                EUSART0_TX_IRQHandler
                0x0800c016                I2C0_IRQHandler
                0x0800c016                LFXO_IRQHandler
                0x0800c016                HardFault_Handler
                0x0800c016                SMU_SECURE_IRQHandler
                0x0800c016                SysTick_Handler
                0x0800c016                SYSRTC_SEQ_IRQHandler
                0x0800c016                EMUEFP_IRQHandler
                0x0800c016                PendSV_Handler
                0x0800c016                NMI_Handler
                0x0800c016                SYNTH_IRQHandler
                0x0800c016                HOSTMAILBOX_IRQHandler
                0x0800c016                I2C1_IRQHandler
                0x0800c016                WDOG0_IRQHandler
                0x0800c016                TIMER3_IRQHandler
                0x0800c016                SYSCFG_IRQHandler
                0x0800c016                RFECA1_IRQHandler
                0x0800c016                EMUDG_IRQHandler
                0x0800c016                MSC_IRQHandler
                0x0800c016                DPLL0_IRQHandler
                0x0800c016                UsageFault_Handler
                0x0800c016                WDOG1_IRQHandler
                0x0800c016                M33CTI1_IRQHandler
                0x0800c016                TIMER4_IRQHandler
                0x0800c016                VDAC0_IRQHandler
                0x0800c016                SEMBTX_IRQHandler
                0x0800c016                SW0_IRQHandler
                0x0800c016                MVP_IRQHandler
                0x0800c016                LETIMER0_IRQHandler
                0x0800c016                EUSART1_RX_IRQHandler
                0x0800c016                TIMER1_IRQHandler
                0x0800c016                HFRCO0_IRQHandler
                0x0800c016                SecureFault_Handler
                0x0800c016                BUFC_IRQHandler
                0x0800c016                DCDC_IRQHandler
                0x0800c016                MODEM_IRQHandler
                0x0800c016                Default_Handler
                0x0800c016                RAC_SEQ_IRQHandler
                0x0800c016                FRC_PRI_IRQHandler
                0x0800c016                SW3_IRQHandler
                0x0800c016                EMU_IRQHandler
                0x0800c016                KERNEL0_IRQHandler
                0x0800c016                FRC_IRQHandler
                0x0800c016                PCNT0_IRQHandler
                0x0800c016                KERNEL1_IRQHandler
                0x0800c016                AGC_IRQHandler
                0x0800c016                EUSART1_TX_IRQHandler
                0x0800c016                KEYSCAN_IRQHandler
                0x0800c016                HFRCOEM23_IRQHandler
                0x0800c016                sl_app_properties
                0x0800c016                BURTC_IRQHandler
                0x0800c016                SEMBRX_IRQHandler
                0x0800c016                RFECA0_IRQHandler
                0x0800c016                LFRCO_IRQHandler
                0x0800c016                VDAC1_IRQHandler
                0x0800c016                ACMP0_IRQHandler
                0x0800c016                MemManage_Handler
                0x0800c016                AHB2AHB0_IRQHandler
                0x0800c016                SVC_Handler
                0x0800c016                SMU_S_PRIVILEGED_IRQHandler
                0x0800c016                SW1_IRQHandler
                0x0800c016                CMU_IRQHandler
                0x0800c016                EUSART0_RX_IRQHandler
                0x0800c016                RAC_RSM_IRQHandler
                0x0800c016                SETAMPERHOST_IRQHandler
                0x0800c016                AES_IRQHandler
                0x0800c016                M33CTI0_IRQHandler
                0x0800c016                ICACHE0_IRQHandler
                0x0800c016                SMU_NS_PRIVILEGED_IRQHandler
                0x0800c016                FPUEXH_IRQHandler
                0x0800c016                PROTIMER_IRQHandler
                0x0800c016                ACMP1_IRQHandler
                0x0800c016                BusFault_Handler
                0x0800c016                MPAHBRAM_IRQHandler
 .text.SystemCLKIN0Get
                0x0800c018        0x6 ./gecko_sdk_4.2.2/platform/Device/SiliconLabs/EFR32MG24/Source/system_efr32mg24.o
                0x0800c018                SystemCLKIN0Get
 .text.SystemLFRCOClockGet
                0x0800c01e        0x8 ./gecko_sdk_4.2.2/platform/Device/SiliconLabs/EFR32MG24/Source/system_efr32mg24.o
                0x0800c01e                SystemLFRCOClockGet
 .text.SystemULFRCOClockGet
                0x0800c026        0x8 ./gecko_sdk_4.2.2/platform/Device/SiliconLabs/EFR32MG24/Source/system_efr32mg24.o
                0x0800c026                SystemULFRCOClockGet
 .text.assertEFM
                0x0800c02e        0x8 ./gecko_sdk_4.2.2/platform/common/src/sl_assert.o
                0x0800c02e                assertEFM
 .text.sl_slist_init
                0x0800c036       0x10 ./gecko_sdk_4.2.2/platform/common/src/sl_slist.o
                0x0800c036                sl_slist_init
 .text.sl_debug_swo_enable_itm
                0x0800c046       0x26 ./gecko_sdk_4.2.2/platform/driver/debug/src/sl_debug_swo.o
                0x0800c046                sl_debug_swo_enable_itm
 .text.DMADRV_PeripheralMemory
                0x0800c06c       0x46 ./gecko_sdk_4.2.2/platform/emdrv/dmadrv/src/dmadrv.o
                0x0800c06c                DMADRV_PeripheralMemory
 .text.SL_CTZ   0x0800c0b2       0x2c ./gecko_sdk_4.2.2/platform/emdrv/gpiointerrupt/src/gpiointerrupt.o
 .text.GPIOINT_Init
                0x0800c0de       0x36 ./gecko_sdk_4.2.2/platform/emdrv/gpiointerrupt/src/gpiointerrupt.o
                0x0800c0de                GPIOINT_Init
 .text.GPIO_EVEN_IRQHandler
                0x0800c114       0x28 ./gecko_sdk_4.2.2/platform/emdrv/gpiointerrupt/src/gpiointerrupt.o
                0x0800c114                GPIO_EVEN_IRQHandler
 .text.GPIO_ODD_IRQHandler
                0x0800c13c       0x28 ./gecko_sdk_4.2.2/platform/emdrv/gpiointerrupt/src/gpiointerrupt.o
                0x0800c13c                GPIO_ODD_IRQHandler
 .text.SystemCoreClockGet
                0x0800c164        0xc ./gecko_sdk_4.2.2/platform/emlib/src/em_cmu.o
 .text.BUS_RegBitRead
                0x0800c170       0x1a ./gecko_sdk_4.2.2/platform/emlib/src/em_cmu.o
 .text.BUS_RegMaskedWrite
                0x0800c18a       0x34 ./gecko_sdk_4.2.2/platform/emlib/src/em_cmu.o
 .text.sli_em_cmu_SYSCLKInitPreClockSelect
                0x0800c1be       0x1a ./gecko_sdk_4.2.2/platform/emlib/src/em_cmu.o
                0x0800c1be                sli_em_cmu_SYSCLKInitPreClockSelect
 .text.sli_em_cmu_SYSCLKInitPostClockSelect
                0x0800c1d8       0x2e ./gecko_sdk_4.2.2/platform/emlib/src/em_cmu.o
                0x0800c1d8                sli_em_cmu_SYSCLKInitPostClockSelect
 .text.CMU_UpdateWaitStates
                0x0800c206       0x28 ./gecko_sdk_4.2.2/platform/emlib/src/em_cmu.o
                0x0800c206                CMU_UpdateWaitStates
 .text.pclkDivMax
                0x0800c22e       0x10 ./gecko_sdk_4.2.2/platform/emlib/src/em_cmu.o
 .text.waitStateMax
                0x0800c23e       0x14 ./gecko_sdk_4.2.2/platform/emlib/src/em_cmu.o
 .text.CORE_EnterCritical
                0x0800c252       0x18 ./gecko_sdk_4.2.2/platform/emlib/src/em_core.o
                0x0800c252                CORE_EnterCritical
 .text.CORE_ExitCritical
                0x0800c26a       0x14 ./gecko_sdk_4.2.2/platform/emlib/src/em_core.o
                0x0800c26a                CORE_ExitCritical
 .text.CORE_EnterAtomic
                0x0800c27e       0x20 ./gecko_sdk_4.2.2/platform/emlib/src/em_core.o
                0x0800c27e                CORE_EnterAtomic
 .text.CORE_ExitAtomic
                0x0800c29e       0x16 ./gecko_sdk_4.2.2/platform/emlib/src/em_core.o
                0x0800c29e                CORE_ExitAtomic
 .text.SystemCoreClockUpdate
                0x0800c2b4        0xa ./gecko_sdk_4.2.2/platform/emlib/src/em_emu.o
 .text.BUS_RegBitRead
                0x0800c2be       0x1a ./gecko_sdk_4.2.2/platform/emlib/src/em_emu.o
 .text.vScaleEM01Cmd
                0x0800c2d8       0x1c ./gecko_sdk_4.2.2/platform/emlib/src/em_emu.o
 .text.EMU_EFPEM23PresleepHook
                0x0800c2f4        0x4 ./gecko_sdk_4.2.2/platform/emlib/src/em_emu.o
                0x0800c2f4                EMU_EFPEM23PresleepHook
 .text.EMU_EFPEM23PostsleepHook
                0x0800c2f8        0x4 ./gecko_sdk_4.2.2/platform/emlib/src/em_emu.o
                0x0800c2f8                EMU_EFPEM23PostsleepHook
 .text.EMU_Save
                0x0800c2fc        0x4 ./gecko_sdk_4.2.2/platform/emlib/src/em_emu.o
                0x0800c2fc                EMU_Save
 .text.EMU_Restore
                0x0800c300        0x4 ./gecko_sdk_4.2.2/platform/emlib/src/em_emu.o
                0x0800c300                EMU_Restore
 .text.EMU_EFPEM01VScale
                0x0800c304        0xe ./gecko_sdk_4.2.2/platform/emlib/src/em_emu.o
                0x0800c304                EMU_EFPEM01VScale
 .text.EMU_DCDCUpdatedHook
                0x0800c312        0x4 ./gecko_sdk_4.2.2/platform/emlib/src/em_emu.o
                0x0800c312                EMU_DCDCUpdatedHook
 .text.EUSART_StatusGet
                0x0800c316        0xe ./gecko_sdk_4.2.2/platform/emlib/src/em_eusart.o
 .text.eusart_sync
                0x0800c324       0x1c ./gecko_sdk_4.2.2/platform/emlib/src/em_eusart.o
 .text.EUSART_Spi_TxRx
                0x0800c340       0x3a ./gecko_sdk_4.2.2/platform/emlib/src/em_eusart.o
                0x0800c340                EUSART_Spi_TxRx
 .text.EUSART_Disable
                0x0800c37a       0x68 ./gecko_sdk_4.2.2/platform/emlib/src/em_eusart.o
 .text.BUS_RegMaskedWrite
                0x0800c3e2       0x34 ./gecko_sdk_4.2.2/platform/emlib/src/em_gpio.o
 .text.GPIO_DbgLocationSet
                0x0800c416        0xa ./gecko_sdk_4.2.2/platform/emlib/src/em_gpio.o
                0x0800c416                GPIO_DbgLocationSet
 .text.I2C_IntClear
                0x0800c420       0x18 ./gecko_sdk_4.2.2/platform/emlib/src/em_i2c.o
 .text.BUS_RegMaskedWrite
                0x0800c438       0x34 ./gecko_sdk_4.2.2/platform/emlib/src/em_i2c.o
 .text.flushRx  0x0800c46c       0x28 ./gecko_sdk_4.2.2/platform/emlib/src/em_i2c.o
 .text.BUS_RegMaskedClear
                0x0800c494       0x1a ./gecko_sdk_4.2.2/platform/emlib/src/em_ldma.o
 .text.TIMER_SyncWait
                0x0800c4ae       0x24 ./gecko_sdk_4.2.2/platform/emlib/src/em_timer.o
                0x0800c4ae                TIMER_SyncWait
 .text.USART_Tx
                0x0800c4d2       0x26 ./gecko_sdk_4.2.2/platform/emlib/src/em_usart.o
                0x0800c4d2                USART_Tx
 .text.sl_device_init_nvic
                0x0800c4f8       0x38 ./gecko_sdk_4.2.2/platform/service/device_init/src/sl_device_init_nvic.o
                0x0800c4f8                sl_device_init_nvic
 .text.sl_hfxo_manager_init_hardware
                0x0800c530        0xa ./gecko_sdk_4.2.2/platform/service/hfxo_manager/src/sl_hfxo_manager.o
                0x0800c530                sl_hfxo_manager_init_hardware
 .text.HFXO0_IRQHandler
                0x0800c53a        0xa ./gecko_sdk_4.2.2/platform/service/hfxo_manager/src/sl_hfxo_manager_hal_s2.o
                0x0800c53a                HFXO0_IRQHandler
 .text.sl_iostream_write
                0x0800c544       0x40 ./gecko_sdk_4.2.2/platform/service/iostream/src/sl_iostream.o
                0x0800c544                sl_iostream_write
 .text.sl_iostream_read
                0x0800c584       0x50 ./gecko_sdk_4.2.2/platform/service/iostream/src/sl_iostream.o
                0x0800c584                sl_iostream_read
 .text.sl_iostream_vprintf
                0x0800c5d4       0x64 ./gecko_sdk_4.2.2/platform/service/iostream/src/sl_iostream.o
                0x0800c5d4                sl_iostream_vprintf
 .text.sl_iostream_printf
                0x0800c638       0x26 ./gecko_sdk_4.2.2/platform/service/iostream/src/sl_iostream.o
                0x0800c638                sl_iostream_printf
 .text._close   0x0800c65e        0xc ./gecko_sdk_4.2.2/platform/service/iostream/src/sl_iostream_retarget_stdio.o
                0x0800c65e                _close
 .text._exit    0x0800c66a        0x6 ./gecko_sdk_4.2.2/platform/service/iostream/src/sl_iostream_retarget_stdio.o
                0x0800c66a                _exit
 .text._fstat   0x0800c670       0x16 ./gecko_sdk_4.2.2/platform/service/iostream/src/sl_iostream_retarget_stdio.o
                0x0800c670                _fstat
 .text._getpid  0x0800c686        0x6 ./gecko_sdk_4.2.2/platform/service/iostream/src/sl_iostream_retarget_stdio.o
                0x0800c686                _getpid
 .text._isatty  0x0800c68c        0xc ./gecko_sdk_4.2.2/platform/service/iostream/src/sl_iostream_retarget_stdio.o
                0x0800c68c                _isatty
 .text._kill    0x0800c698       0x10 ./gecko_sdk_4.2.2/platform/service/iostream/src/sl_iostream_retarget_stdio.o
                0x0800c698                _kill
 .text._lseek   0x0800c6a8       0x10 ./gecko_sdk_4.2.2/platform/service/iostream/src/sl_iostream_retarget_stdio.o
                0x0800c6a8                _lseek
 .text._read    0x0800c6b8       0x30 ./gecko_sdk_4.2.2/platform/service/iostream/src/sl_iostream_retarget_stdio.o
                0x0800c6b8                _read
 .text.sl_power_manager_add_em_requirement
                0x0800c6e8       0x2a ./gecko_sdk_4.2.2/platform/service/iostream/src/sl_iostream_uart.o
 .text.sl_power_manager_remove_em_requirement
                0x0800c712       0x2a ./gecko_sdk_4.2.2/platform/service/iostream/src/sl_iostream_uart.o
 .text.sleep_on_isr_exit
                0x0800c73c       0x6a ./gecko_sdk_4.2.2/platform/service/iostream/src/sl_iostream_uart.o
 .text.set_auto_cr_lf
                0x0800c7a6       0x1e ./gecko_sdk_4.2.2/platform/service/iostream/src/sl_iostream_uart.o
 .text.get_auto_cr_lf
                0x0800c7c4       0x1c ./gecko_sdk_4.2.2/platform/service/iostream/src/sl_iostream_uart.o
 .text.set_rx_energy_mode_restriction
                0x0800c7e0       0x78 ./gecko_sdk_4.2.2/platform/service/iostream/src/sl_iostream_uart.o
 .text.get_rx_energy_mode_restriction
                0x0800c858       0x1c ./gecko_sdk_4.2.2/platform/service/iostream/src/sl_iostream_uart.o
 .text.nolock_uart_write
                0x0800c874       0xf6 ./gecko_sdk_4.2.2/platform/service/iostream/src/sl_iostream_uart.o
 .text.uart_write
                0x0800c96a       0x1e ./gecko_sdk_4.2.2/platform/service/iostream/src/sl_iostream_uart.o
 .text.uart_read
                0x0800c988       0x42 ./gecko_sdk_4.2.2/platform/service/iostream/src/sl_iostream_uart.o
 .text.USART_IntClear
                0x0800c9ca       0x18 ./gecko_sdk_4.2.2/platform/service/iostream/src/sl_iostream_usart.o
 .text.USART_IntDisable
                0x0800c9e2       0x1a ./gecko_sdk_4.2.2/platform/service/iostream/src/sl_iostream_usart.o
 .text.USART_IntEnable
                0x0800c9fc       0x18 ./gecko_sdk_4.2.2/platform/service/iostream/src/sl_iostream_usart.o
 .text.USART_StatusGet
                0x0800ca14        0xe ./gecko_sdk_4.2.2/platform/service/iostream/src/sl_iostream_usart.o
 .text.usart_tx
                0x0800ca22       0x2a ./gecko_sdk_4.2.2/platform/service/iostream/src/sl_iostream_usart.o
 .text.usart_set_next_byte_detect
                0x0800ca4c       0x3a ./gecko_sdk_4.2.2/platform/service/iostream/src/sl_iostream_usart.o
 .text.usart_tx_completed
                0x0800ca86       0x46 ./gecko_sdk_4.2.2/platform/service/iostream/src/sl_iostream_usart.o
 .text.usart_deinit
                0x0800cacc       0xce ./gecko_sdk_4.2.2/platform/service/iostream/src/sl_iostream_usart.o
 .text.sli_power_manager_initiate_restore
                0x0800cb9a       0x1c ./gecko_sdk_4.2.2/platform/service/power_manager/src/sl_power_manager.o
                0x0800cb9a                sli_power_manager_initiate_restore
 .text.enter_critical_with_primask
                0x0800cbb6       0x18 ./gecko_sdk_4.2.2/platform/service/power_manager/src/sl_power_manager.o
 .text.exit_critical_with_primask
                0x0800cbce       0x14 ./gecko_sdk_4.2.2/platform/service/power_manager/src/sl_power_manager.o
 .text.SystemCoreClockUpdate
                0x0800cbe2        0xa ./gecko_sdk_4.2.2/platform/service/power_manager/src/sl_power_manager_hal_s2.o
 .text.sli_power_manager_save_states
                0x0800cbec        0xa ./gecko_sdk_4.2.2/platform/service/power_manager/src/sl_power_manager_hal_s2.o
                0x0800cbec                sli_power_manager_save_states
 .text.sli_power_manager_get_default_high_frequency_minimum_offtime
                0x0800cbf6       0x10 ./gecko_sdk_4.2.2/platform/service/power_manager/src/sl_power_manager_hal_s2.o
                0x0800cbf6                sli_power_manager_get_default_high_frequency_minimum_offtime
 .text.sli_power_manager_low_frequency_restore
                0x0800cc06        0x4 ./gecko_sdk_4.2.2/platform/service/power_manager/src/sl_power_manager_hal_s2.o
                0x0800cc06                sli_power_manager_low_frequency_restore
 .text.sl_sleeptimer_restart_timer
                0x0800cc0a       0x4e ./gecko_sdk_4.2.2/platform/service/sleeptimer/src/sl_sleeptimer.o
                0x0800cc0a                sl_sleeptimer_restart_timer
 .text.sl_sleeptimer_get_tick_count
                0x0800cc58       0x20 ./gecko_sdk_4.2.2/platform/service/sleeptimer/src/sl_sleeptimer.o
                0x0800cc58                sl_sleeptimer_get_tick_count
 .text.sleeptimer_hal_init_timer
                0x0800cc78       0x76 ./gecko_sdk_4.2.2/platform/service/sleeptimer/src/sl_sleeptimer_hal_sysrtc.o
                0x0800cc78                sleeptimer_hal_init_timer
 .text.sleeptimer_hal_get_counter
                0x0800ccee        0xc ./gecko_sdk_4.2.2/platform/service/sleeptimer/src/sl_sleeptimer_hal_sysrtc.o
                0x0800ccee                sleeptimer_hal_get_counter
 .text.sleeptimer_hal_get_compare
                0x0800ccfa       0x10 ./gecko_sdk_4.2.2/platform/service/sleeptimer/src/sl_sleeptimer_hal_sysrtc.o
                0x0800ccfa                sleeptimer_hal_get_compare
 .text.sleeptimer_hal_enable_int
                0x0800cd0a       0x46 ./gecko_sdk_4.2.2/platform/service/sleeptimer/src/sl_sleeptimer_hal_sysrtc.o
                0x0800cd0a                sleeptimer_hal_enable_int
 .text.sli_sleeptimer_hal_is_int_status_set
                0x0800cd50       0x5a ./gecko_sdk_4.2.2/platform/service/sleeptimer/src/sl_sleeptimer_hal_sysrtc.o
                0x0800cd50                sli_sleeptimer_hal_is_int_status_set
 .text.SYSRTC_APP_IRQHandler
                0x0800cdaa       0x6a ./gecko_sdk_4.2.2/platform/service/sleeptimer/src/sl_sleeptimer_hal_sysrtc.o
                0x0800cdaa                SYSRTC_APP_IRQHandler
 .text.sleeptimer_hal_get_timer_frequency
                0x0800ce14        0xe ./gecko_sdk_4.2.2/platform/service/sleeptimer/src/sl_sleeptimer_hal_sysrtc.o
                0x0800ce14                sleeptimer_hal_get_timer_frequency
 .text.get_time_diff
                0x0800ce22       0x12 ./gecko_sdk_4.2.2/platform/service/sleeptimer/src/sl_sleeptimer_hal_sysrtc.o
 .text.sl_system_init
                0x0800ce34       0x1a ./gecko_sdk_4.2.2/platform/service/system/src/sl_system_init.o
                0x0800ce34                sl_system_init
 .text.sl_system_process_action
                0x0800ce4e       0x16 ./gecko_sdk_4.2.2/platform/service/system/src/sl_system_process_action.o
                0x0800ce4e                sl_system_process_action
 .text.SystemCoreClockGet
                0x0800ce64        0xc ./gecko_sdk_4.2.2/platform/service/udelay/src/sl_udelay.o
 .text.init_PPS
                0x0800ce70       0x12 ./src/GPIO.o
                0x0800ce70                init_PPS
 .text.PPS_on   0x0800ce82        0xe ./src/GPIO.o
                0x0800ce82                PPS_on
 .text.TIMER_IntClear
                0x0800ce90       0x18 ./src/irq.o
 .text.TIMER_IntGet
                0x0800cea8        0xe ./src/irq.o
 .text.gps_generate_checksum
                0x0800ceb6       0xde ./src/sam-m8q.o
                0x0800ceb6                gps_generate_checksum
 .text.gps_generate_ubx_frame_buffer
                0x0800cf94       0xb8 ./src/sam-m8q.o
                0x0800cf94                gps_generate_ubx_frame_buffer
 .text.TIMER_IntClear
                0x0800d04c       0x18 ./src/timers.o
 .text.TIMER_IntEnable
                0x0800d064       0x18 ./src/timers.o
 .text.memcpy   0x0800d07c       0x1a c:/siliconlabs/simplicitystudio/v5/developer/toolchains/gnu_arm/10.3_2021.10/bin/../lib/gcc/arm-none-eabi/10.3.1/../../../../arm-none-eabi/lib/thumb/v8-m.main+fp/hard\libc_nano.a(lib_a-memcpy-stub.o)
                0x0800d07c                memcpy
 .text.memset   0x0800d096       0x10 c:/siliconlabs/simplicitystudio/v5/developer/toolchains/gnu_arm/10.3_2021.10/bin/../lib/gcc/arm-none-eabi/10.3.1/../../../../arm-none-eabi/lib/thumb/v8-m.main+fp/hard\libc_nano.a(lib_a-memset.o)
                0x0800d096                memset
 .text.__cvt    0x0800d0a6       0xc4 c:/siliconlabs/simplicitystudio/v5/developer/toolchains/gnu_arm/10.3_2021.10/bin/../lib/gcc/arm-none-eabi/10.3.1/../../../../arm-none-eabi/lib/thumb/v8-m.main+fp/hard\libc_nano.a(lib_a-nano-vfprintf_float.o)
                0x0800d0a6                __cvt
 .text.__exponent
                0x0800d16a       0x7c c:/siliconlabs/simplicitystudio/v5/developer/toolchains/gnu_arm/10.3_2021.10/bin/../lib/gcc/arm-none-eabi/10.3.1/../../../../arm-none-eabi/lib/thumb/v8-m.main+fp/hard\libc_nano.a(lib_a-nano-vfprintf_float.o)
                0x0800d16a                __exponent
 .text._printf_common
                0x0800d1e6       0xe0 c:/siliconlabs/simplicitystudio/v5/developer/toolchains/gnu_arm/10.3_2021.10/bin/../lib/gcc/arm-none-eabi/10.3.1/../../../../arm-none-eabi/lib/thumb/v8-m.main+fp/hard\libc_nano.a(lib_a-nano-vfprintf_i.o)
                0x0800d1e6                _printf_common
 .text          0x0800d2c6       0x10 c:/siliconlabs/simplicitystudio/v5/developer/toolchains/gnu_arm/10.3_2021.10/bin/../lib/gcc/arm-none-eabi/10.3.1/../../../../arm-none-eabi/lib/thumb/v8-m.main+fp/hard\libc_nano.a(lib_a-strlen.o)
                0x0800d2c6                strlen
 .text.quorem   0x0800d2d6      0x122 c:/siliconlabs/simplicitystudio/v5/developer/toolchains/gnu_arm/10.3_2021.10/bin/../lib/gcc/arm-none-eabi/10.3.1/../../../../arm-none-eabi/lib/thumb/v8-m.main+fp/hard\libc_nano.a(lib_a-dtoa.o)
 .text.__sfmoreglue
                0x0800d3f8       0x2c c:/siliconlabs/simplicitystudio/v5/developer/toolchains/gnu_arm/10.3_2021.10/bin/../lib/gcc/arm-none-eabi/10.3.1/../../../../arm-none-eabi/lib/thumb/v8-m.main+fp/hard\libc_nano.a(lib_a-findfp.o)
                0x0800d3f8                __sfmoreglue
 .text._fwalk_reent
                0x0800d424       0x3e c:/siliconlabs/simplicitystudio/v5/developer/toolchains/gnu_arm/10.3_2021.10/bin/../lib/gcc/arm-none-eabi/10.3.1/../../../../arm-none-eabi/lib/thumb/v8-m.main+fp/hard\libc_nano.a(lib_a-fwalk.o)
                0x0800d424                _fwalk_reent
 .text.__retarget_lock_init_recursive