Archive member included to satisfy reference by file (symbol)

c:/siliconlabs/simplicitystudio/v5/developer/toolchains/gnu_arm/10.3_2021.10/bin/../lib/gcc/arm-none-eabi/10.3.1/thumb/v8-m.main+fp/hard\libgcc.a(_arm_muldf3.o)
                              ./src/sam-m8q.o (__aeabi_dmul)
c:/siliconlabs/simplicitystudio/v5/developer/toolchains/gnu_arm/10.3_2021.10/bin/../lib/gcc/arm-none-eabi/10.3.1/thumb/v8-m.main+fp/hard\libgcc.a(_arm_addsubdf3.o)
                              ./src/adxl343.o (__aeabi_i2d)
c:/siliconlabs/simplicitystudio/v5/developer/toolchains/gnu_arm/10.3_2021.10/bin/../lib/gcc/arm-none-eabi/10.3.1/thumb/v8-m.main+fp/hard\libgcc.a(_arm_muldivdf3.o)
                              ./src/adxl343.o (__aeabi_ddiv)
c:/siliconlabs/simplicitystudio/v5/developer/toolchains/gnu_arm/10.3_2021.10/bin/../lib/gcc/arm-none-eabi/10.3.1/thumb/v8-m.main+fp/hard\libgcc.a(_arm_fixdfsi.o)
                              ./src/adxl343.o (__aeabi_d2iz)
c:/siliconlabs/simplicitystudio/v5/developer/toolchains/gnu_arm/10.3_2021.10/bin/../lib/gcc/arm-none-eabi/10.3.1/thumb/v8-m.main+fp/hard\libgcc.a(_arm_truncdfsf2.o)
                              ./src/sam-m8q.o (__aeabi_d2f)
c:/siliconlabs/simplicitystudio/v5/developer/toolchains/gnu_arm/10.3_2021.10/bin/../lib/gcc/arm-none-eabi/10.3.1/thumb/v8-m.main+fp/hard\libgcc.a(_aeabi_uldivmod.o)
                              ./gecko_sdk_4.2.2/platform/emlib/src/em_eusart.o (__aeabi_uldivmod)
c:/siliconlabs/simplicitystudio/v5/developer/toolchains/gnu_arm/10.3_2021.10/bin/../lib/gcc/arm-none-eabi/10.3.1/thumb/v8-m.main+fp/hard\libgcc.a(_udivmoddi4.o)
                              c:/siliconlabs/simplicitystudio/v5/developer/toolchains/gnu_arm/10.3_2021.10/bin/../lib/gcc/arm-none-eabi/10.3.1/thumb/v8-m.main+fp/hard\libgcc.a(_aeabi_uldivmod.o) (__udivmoddi4)
c:/siliconlabs/simplicitystudio/v5/developer/toolchains/gnu_arm/10.3_2021.10/bin/../lib/gcc/arm-none-eabi/10.3.1/thumb/v8-m.main+fp/hard\libgcc.a(_dvmd_tls.o)
                              c:/siliconlabs/simplicitystudio/v5/developer/toolchains/gnu_arm/10.3_2021.10/bin/../lib/gcc/arm-none-eabi/10.3.1/thumb/v8-m.main+fp/hard\libgcc.a(_aeabi_uldivmod.o) (__aeabi_ldiv0)
c:/siliconlabs/simplicitystudio/v5/developer/toolchains/gnu_arm/10.3_2021.10/bin/../lib/gcc/arm-none-eabi/10.3.1/../../../../arm-none-eabi/lib/thumb/v8-m.main+fp/hard\libc_nano.a(lib_a-abs.o)
                              ./src/adxl343.o (abs)
c:/siliconlabs/simplicitystudio/v5/developer/toolchains/gnu_arm/10.3_2021.10/bin/../lib/gcc/arm-none-eabi/10.3.1/../../../../arm-none-eabi/lib/thumb/v8-m.main+fp/hard\libc_nano.a(lib_a-ctype_.o)
                              ./gecko_sdk_4.2.2/platform/common/src/sl_string.o (_ctype_)
c:/siliconlabs/simplicitystudio/v5/developer/toolchains/gnu_arm/10.3_2021.10/bin/../lib/gcc/arm-none-eabi/10.3.1/../../../../arm-none-eabi/lib/thumb/v8-m.main+fp/hard\libc_nano.a(lib_a-exit.o)
                              c:/siliconlabs/simplicitystudio/v5/developer/toolchains/gnu_arm/10.3_2021.10/bin/../lib/gcc/arm-none-eabi/10.3.1/../../../../arm-none-eabi/lib/thumb/v8-m.main+fp/hard/crt0.o (exit)
c:/siliconlabs/simplicitystudio/v5/developer/toolchains/gnu_arm/10.3_2021.10/bin/../lib/gcc/arm-none-eabi/10.3.1/../../../../arm-none-eabi/lib/thumb/v8-m.main+fp/hard\libc_nano.a(lib_a-impure.o)
                              c:/siliconlabs/simplicitystudio/v5/developer/toolchains/gnu_arm/10.3_2021.10/bin/../lib/gcc/arm-none-eabi/10.3.1/../../../../arm-none-eabi/lib/thumb/v8-m.main+fp/hard\libc_nano.a(lib_a-exit.o) (_global_impure_ptr)
c:/siliconlabs/simplicitystudio/v5/developer/toolchains/gnu_arm/10.3_2021.10/bin/../lib/gcc/arm-none-eabi/10.3.1/../../../../arm-none-eabi/lib/thumb/v8-m.main+fp/hard\libc_nano.a(lib_a-init.o)
                              c:/siliconlabs/simplicitystudio/v5/developer/toolchains/gnu_arm/10.3_2021.10/bin/../lib/gcc/arm-none-eabi/10.3.1/../../../../arm-none-eabi/lib/thumb/v8-m.main+fp/hard/crt0.o (__libc_init_array)
c:/siliconlabs/simplicitystudio/v5/developer/toolchains/gnu_arm/10.3_2021.10/bin/../lib/gcc/arm-none-eabi/10.3.1/../../../../arm-none-eabi/lib/thumb/v8-m.main+fp/hard\libc_nano.a(lib_a-memcpy-stub.o)
                              ./gecko_sdk_4.2.2/platform/emdrv/uartdrv/src/uartdrv.o (memcpy)
c:/siliconlabs/simplicitystudio/v5/developer/toolchains/gnu_arm/10.3_2021.10/bin/../lib/gcc/arm-none-eabi/10.3.1/../../../../arm-none-eabi/lib/thumb/v8-m.main+fp/hard\libc_nano.a(lib_a-memset.o)
                              c:/siliconlabs/simplicitystudio/v5/developer/toolchains/gnu_arm/10.3_2021.10/bin/../lib/gcc/arm-none-eabi/10.3.1/../../../../arm-none-eabi/lib/thumb/v8-m.main+fp/hard/crt0.o (memset)
c:/siliconlabs/simplicitystudio/v5/developer/toolchains/gnu_arm/10.3_2021.10/bin/../lib/gcc/arm-none-eabi/10.3.1/../../../../arm-none-eabi/lib/thumb/v8-m.main+fp/hard\libc_nano.a(lib_a-nano-vfprintf_float.o)
                              (_printf_float)
[...]
Memory Configuration

Name             Origin             Length             Attributes
FLASH            0x08000000         0x0017e000         xr
RAM              0x20000000         0x00040000         xrw
*default*        0x00000000         0xffffffff

Linker script and memory map

LOAD c:/siliconlabs/simplicitystudio/v5/developer/toolchains/gnu_arm/10.3_2021.10/bin/../lib/gcc/arm-none-eabi/10.3.1/thumb/v8-m.main+fp/hard/crti.o
LOAD c:/siliconlabs/simplicitystudio/v5/developer/toolchains/gnu_arm/10.3_2021.10/bin/../lib/gcc/arm-none-eabi/10.3.1/thumb/v8-m.main+fp/hard/crtbegin.o
LOAD c:/siliconlabs/simplicitystudio/v5/developer/toolchains/gnu_arm/10.3_2021.10/bin/../lib/gcc/arm-none-eabi/10.3.1/../../../../arm-none-eabi/lib/thumb/v8-m.main+fp/hard/crt0.o
START GROUP
LOAD ./app.o
LOAD ./main.o
LOAD ./autogen/sl_board_default_init.o
LOAD ./autogen/sl_device_init_clocks.o
LOAD ./autogen/sl_event_handler.o
LOAD ./autogen/sl_iostream_handles.o
LOAD ./autogen/sl_iostream_init_usart_instances.o
LOAD ./autogen/sl_power_manager_handler.o
LOAD ./gecko_sdk_4.2.2/app/common/util/app_log/app_log.o
LOAD ./gecko_sdk_4.2.2/hardware/board/src/sl_board_control_gpio.o
LOAD ./gecko_sdk_4.2.2/hardware/board/src/sl_board_init.o
LOAD ./gecko_sdk_4.2.2/hardware/driver/configuration_over_swo/src/sl_cos.o
LOAD ./gecko_sdk_4.2.2/hardware/driver/mx25_flash_shutdown/src/sl_mx25_flash_shutdown_eusart/sl_mx25_flash_shutdown.o
LOAD ./gecko_sdk_4.2.2/platform/Device/SiliconLabs/EFR32MG24/Source/startup_efr32mg24.o
LOAD ./gecko_sdk_4.2.2/platform/Device/SiliconLabs/EFR32MG24/Source/system_efr32mg24.o
LOAD ./gecko_sdk_4.2.2/platform/common/src/sl_assert.o
LOAD ./gecko_sdk_4.2.2/platform/common/src/sl_slist.o
LOAD ./gecko_sdk_4.2.2/platform/common/src/sl_string.o
LOAD ./gecko_sdk_4.2.2/platform/common/toolchain/src/sl_memory.o
LOAD ./gecko_sdk_4.2.2/platform/driver/debug/src/sl_debug_swo.o
LOAD ./gecko_sdk_4.2.2/platform/emdrv/dmadrv/src/dmadrv.o
LOAD ./gecko_sdk_4.2.2/platform/emdrv/gpiointerrupt/src/gpiointerrupt.o
LOAD ./gecko_sdk_4.2.2/platform/emdrv/uartdrv/src/uartdrv.o
LOAD ./gecko_sdk_4.2.2/platform/emlib/src/em_burtc.o
LOAD ./gecko_sdk_4.2.2/platform/emlib/src/em_cmu.o
LOAD ./gecko_sdk_4.2.2/platform/emlib/src/em_core.o
LOAD ./gecko_sdk_4.2.2/platform/emlib/src/em_emu.o
LOAD ./gecko_sdk_4.2.2/platform/emlib/src/em_eusart.o
LOAD ./gecko_sdk_4.2.2/platform/emlib/src/em_gpio.o
LOAD ./gecko_sdk_4.2.2/platform/emlib/src/em_i2c.o
LOAD ./gecko_sdk_4.2.2/platform/emlib/src/em_ldma.o
LOAD ./gecko_sdk_4.2.2/platform/emlib/src/em_msc.o
LOAD ./gecko_sdk_4.2.2/platform/emlib/src/em_system.o
LOAD ./gecko_sdk_4.2.2/platform/emlib/src/em_timer.o
LOAD ./gecko_sdk_4.2.2/platform/emlib/src/em_usart.o
LOAD ./gecko_sdk_4.2.2/platform/peripheral/src/peripheral_sysrtc.o
LOAD ./gecko_sdk_4.2.2/platform/service/device_init/src/sl_device_init_dcdc_s2.o
LOAD ./gecko_sdk_4.2.2/platform/service/device_init/src/sl_device_init_emu_s2.o
LOAD ./gecko_sdk_4.2.2/platform/service/device_init/src/sl_device_init_hfxo_s2.o
LOAD ./gecko_sdk_4.2.2/platform/service/device_init/src/sl_device_init_lfxo_s2.o
LOAD ./gecko_sdk_4.2.2/platform/service/device_init/src/sl_device_init_nvic.o
LOAD ./gecko_sdk_4.2.2/platform/service/hfxo_manager/src/sl_hfxo_manager.o
LOAD ./gecko_sdk_4.2.2/platform/service/hfxo_manager/src/sl_hfxo_manager_hal_s2.o
LOAD ./gecko_sdk_4.2.2/platform/service/iostream/src/sl_iostream.o
LOAD ./gecko_sdk_4.2.2/platform/service/iostream/src/sl_iostream_retarget_stdio.o
LOAD ./gecko_sdk_4.2.2/platform/service/iostream/src/sl_iostream_stdlib_config.o
LOAD ./gecko_sdk_4.2.2/platform/service/iostream/src/sl_iostream_uart.o
LOAD ./gecko_sdk_4.2.2/platform/service/iostream/src/sl_iostream_usart.o
LOAD ./gecko_sdk_4.2.2/platform/service/power_manager/src/sl_power_manager.o
LOAD ./gecko_sdk_4.2.2/platform/service/power_manager/src/sl_power_manager_debug.o
LOAD ./gecko_sdk_4.2.2/platform/service/power_manager/src/sl_power_manager_hal_s2.o
LOAD ./gecko_sdk_4.2.2/platform/service/sleeptimer/src/sl_sleeptimer.o
LOAD ./gecko_sdk_4.2.2/platform/service/sleeptimer/src/sl_sleeptimer_hal_burtc.o
LOAD ./gecko_sdk_4.2.2/platform/service/sleeptimer/src/sl_sleeptimer_hal_sysrtc.o
LOAD ./gecko_sdk_4.2.2/platform/service/sleeptimer/src/sl_sleeptimer_hal_timer.o
LOAD ./gecko_sdk_4.2.2/platform/service/system/src/sl_system_init.o
LOAD ./gecko_sdk_4.2.2/platform/service/system/src/sl_system_process_action.o
LOAD ./gecko_sdk_4.2.2/platform/service/udelay/src/sl_udelay.o
LOAD ./gecko_sdk_4.2.2/platform/service/udelay/src/sl_udelay_armv6m_gcc.o
LOAD ./src/GPIO.o
LOAD ./src/I2C.o
LOAD ./src/adxl343.o
LOAD ./src/irq.o
LOAD ./src/log.o
LOAD ./src/sam-m8q.o
LOAD ./src/timers.o
LOAD c:/siliconlabs/simplicitystudio/v5/developer/toolchains/gnu_arm/10.3_2021.10/bin/../lib/gcc/arm-none-eabi/10.3.1/thumb/v8-m.main+fp/hard\libgcc.a
LOAD c:/siliconlabs/simplicitystudio/v5/developer/toolchains/gnu_arm/10.3_2021.10/bin/../lib/gcc/arm-none-eabi/10.3.1/../../../../arm-none-eabi/lib/thumb/v8-m.main+fp/hard\libc_nano.a
LOAD c:/siliconlabs/simplicitystudio/v5/developer/toolchains/gnu_arm/10.3_2021.10/bin/../lib/gcc/arm-none-eabi/10.3.1/../../../../arm-none-eabi/lib/thumb/v8-m.main+fp/hard\libm.a
LOAD c:/siliconlabs/simplicitystudio/v5/developer/toolchains/gnu_arm/10.3_2021.10/bin/../lib/gcc/arm-none-eabi/10.3.1/../../../../arm-none-eabi/lib/thumb/v8-m.main+fp/hard\libnosys.a
END GROUP
START GROUP
LOAD c:/siliconlabs/simplicitystudio/v5/developer/toolchains/gnu_arm/10.3_2021.10/bin/../lib/gcc/arm-none-eabi/10.3.1/thumb/v8-m.main+fp/hard\libgcc.a
LOAD c:/siliconlabs/simplicitystudio/v5/developer/toolchains/gnu_arm/10.3_2021.10/bin/../lib/gcc/arm-none-eabi/10.3.1/../../../../arm-none-eabi/lib/thumb/v8-m.main+fp/hard\libc_nano.a
LOAD c:/siliconlabs/simplicitystudio/v5/developer/toolchains/gnu_arm/10.3_2021.10/bin/../lib/gcc/arm-none-eabi/10.3.1/../../../../arm-none-eabi/lib/thumb/v8-m.main+fp/hard\libnosys.a
END GROUP
START GROUP
LOAD c:/siliconlabs/simplicitystudio/v5/developer/toolchains/gnu_arm/10.3_2021.10/bin/../lib/gcc/arm-none-eabi/10.3.1/thumb/v8-m.main+fp/hard\libgcc.a
LOAD c:/siliconlabs/simplicitystudio/v5/developer/toolchains/gnu_arm/10.3_2021.10/bin/../lib/gcc/arm-none-eabi/10.3.1/../../../../arm-none-eabi/lib/thumb/v8-m.main+fp/hard\libg_nano.a
LOAD c:/siliconlabs/simplicitystudio/v5/developer/toolchains/gnu_arm/10.3_2021.10/bin/../lib/gcc/arm-none-eabi/10.3.1/../../../../arm-none-eabi/lib/thumb/v8-m.main+fp/hard\libc_nano.a
END GROUP
START GROUP
LOAD c:/siliconlabs/simplicitystudio/v5/developer/toolchains/gnu_arm/10.3_2021.10/bin/../lib/gcc/arm-none-eabi/10.3.1/thumb/v8-m.main+fp/hard\libgcc.a
LOAD c:/siliconlabs/simplicitystudio/v5/developer/toolchains/gnu_arm/10.3_2021.10/bin/../lib/gcc/arm-none-eabi/10.3.1/../../../../arm-none-eabi/lib/thumb/v8-m.main+fp/hard\libc_nano.a
END GROUP
LOAD c:/siliconlabs/simplicitystudio/v5/developer/toolchains/gnu_arm/10.3_2021.10/bin/../lib/gcc/arm-none-eabi/10.3.1/thumb/v8-m.main+fp/hard/crtend.o
LOAD c:/siliconlabs/simplicitystudio/v5/developer/toolchains/gnu_arm/10.3_2021.10/bin/../lib/gcc/arm-none-eabi/10.3.1/thumb/v8-m.main+fp/hard/crtn.o

.text           0x08000000     0xeddc
                0x08000000                linker_vectors_begin = .
 *(.vectors)
 .vectors       0x08000000      0x170 ./gecko_sdk_4.2.2/platform/Device/SiliconLabs/EFR32MG24/Source/startup_efr32mg24.o
                0x08000000                __Vectors
                0x08000170                linker_vectors_end = .
                0x08000170                __Vectors_End = .
                0x08000170                __Vectors_Size = (__Vectors_End - __Vectors)
                0x08000170                linker_code_begin = .
 *(SORT_BY_ALIGNMENT(.text*))
 .text          0x08000170        0x8 ./gecko_sdk_4.2.2/platform/service/udelay/src/sl_udelay_armv6m_gcc.o
                0x08000170                sli_delay_loop
 .text.print_nav_pvt_info
                0x08000178      0x158 ./src/sam-m8q.o
                0x08000178                print_nav_pvt_info
 .text._dtoa_r  0x080002d0      0xbd8 c:/siliconlabs/simplicitystudio/v5/developer/toolchains/gnu_arm/10.3_2021.10/bin/../lib/gcc/arm-none-eabi/10.3.1/../../../../arm-none-eabi/lib/thumb/v8-m.main+fp/hard\libc_nano.a(lib_a-dtoa.o)
                0x080002d0                _dtoa_r
 .text          0x08000ea8       0x40 c:/siliconlabs/simplicitystudio/v5/developer/toolchains/gnu_arm/10.3_2021.10/bin/../lib/gcc/arm-none-eabi/10.3.1/thumb/v8-m.main+fp/hard/crtbegin.o
 .text          0x08000ee8       0x7c c:/siliconlabs/simplicitystudio/v5/developer/toolchains/gnu_arm/10.3_2021.10/bin/../lib/gcc/arm-none-eabi/10.3.1/../../../../arm-none-eabi/lib/thumb/v8-m.main+fp/hard/crt0.o
                0x08000ee8                _stack_init
                0x08000ef0                _start
                0x08000ef0                _mainCRTStartup
 .text.app_init
                0x08000f64       0x7c ./app.o
                0x08000f64                app_init
 .text.app_process_action
                0x08000fe0       0x8c ./app.o
                0x08000fe0                app_process_action
 .text.sl_device_init_clocks
                0x0800106c       0xd4 ./autogen/sl_device_init_clocks.o
                0x0800106c                sl_device_init_clocks
 .text.GPIO_PinOutGet
                0x08001140       0x88 ./autogen/sl_iostream_init_usart_instances.o
 .text.sl_iostream_usart_init_vcom
                0x080011c8       0xf8 ./autogen/sl_iostream_init_usart_instances.o
                0x080011c8                sl_iostream_usart_init_vcom
 .text.sl_iostream_usart_init_instances
                0x080012c0       0x34 ./autogen/sl_iostream_init_usart_instances.o
                0x080012c0                sl_iostream_usart_init_instances
 .text.USART0_TX_IRQHandler
                0x080012f4       0x10 ./autogen/sl_iostream_init_usart_instances.o
                0x080012f4                USART0_TX_IRQHandler
 .text.USART0_RX_IRQHandler
                0x08001304       0x10 ./autogen/sl_iostream_init_usart_instances.o
                0x08001304                USART0_RX_IRQHandler
 .text.sl_iostream_usart_vcom_sleep_on_isr_exit
                0x08001314       0x14 ./autogen/sl_iostream_init_usart_instances.o
                0x08001314                sl_iostream_usart_vcom_sleep_on_isr_exit
 .text.events_handler
                0x08001328       0xb4 ./autogen/sl_iostream_init_usart_instances.o
 .text.app_log_init
                0x080013dc       0x3c ./gecko_sdk_4.2.2/app/common/util/app_log/app_log.o
                0x080013dc                app_log_init
 .text.GPIO_PinOutClear
                0x08001418       0x84 ./gecko_sdk_4.2.2/hardware/driver/mx25_flash_shutdown/src/sl_mx25_flash_shutdown_eusart/sl_mx25_flash_shutdown.o
 .text.GPIO_PinOutSet
                0x0800149c       0x84 ./gecko_sdk_4.2.2/hardware/driver/mx25_flash_shutdown/src/sl_mx25_flash_shutdown_eusart/sl_mx25_flash_shutdown.o
 .text.sl_mx25_flash_shutdown
                0x08001520      0x150 ./gecko_sdk_4.2.2/hardware/driver/mx25_flash_shutdown/src/sl_mx25_flash_shutdown_eusart/sl_mx25_flash_shutdown.o
                0x08001520                sl_mx25_flash_shutdown
 .text.Reset_Handler
                0x08001670       0x98 ./gecko_sdk_4.2.2/platform/Device/SiliconLabs/EFR32MG24/Source/startup_efr32mg24.o
                0x08001670                Reset_Handler
 .text.__NVIC_EnableIRQ
                0x08001708       0x34 ./gecko_sdk_4.2.2/platform/Device/SiliconLabs/EFR32MG24/Source/system_efr32mg24.o
 .text.__NVIC_ClearPendingIRQ
                0x0800173c       0x38 ./gecko_sdk_4.2.2/platform/Device/SiliconLabs/EFR32MG24/Source/system_efr32mg24.o
 .text.SystemInit
                0x08001774       0x90 ./gecko_sdk_4.2.2/platform/Device/SiliconLabs/EFR32MG24/Source/system_efr32mg24.o
                0x08001774                SystemInit
 .text.SystemHFRCODPLLClockGet
                0x08001804        0xc ./gecko_sdk_4.2.2/platform/Device/SiliconLabs/EFR32MG24/Source/system_efr32mg24.o
                0x08001804                SystemHFRCODPLLClockGet
 .text.SystemSYSCLKGet
                0x08001810       0x50 ./gecko_sdk_4.2.2/platform/Device/SiliconLabs/EFR32MG24/Source/system_efr32mg24.o
                0x08001810                SystemSYSCLKGet
 .text.SystemHCLKGet
                0x08001860       0x3c ./gecko_sdk_4.2.2/platform/Device/SiliconLabs/EFR32MG24/Source/system_efr32mg24.o
                0x08001860                SystemHCLKGet
 .text.SystemMaxCoreClockGet
                0x0800189c        0xc ./gecko_sdk_4.2.2/platform/Device/SiliconLabs/EFR32MG24/Source/system_efr32mg24.o
                0x0800189c                SystemMaxCoreClockGet
 .text.SystemHFXOClockGet
                0x080018a8        0xc ./gecko_sdk_4.2.2/platform/Device/SiliconLabs/EFR32MG24/Source/system_efr32mg24.o
                0x080018a8                SystemHFXOClockGet
 .text.SystemHFXOClockSet
                0x080018b4       0x2c ./gecko_sdk_4.2.2/platform/Device/SiliconLabs/EFR32MG24/Source/system_efr32mg24.o
                0x080018b4                SystemHFXOClockSet
 .text.SystemFSRCOClockGet
                0x080018e0        0xc ./gecko_sdk_4.2.2/platform/Device/SiliconLabs/EFR32MG24/Source/system_efr32mg24.o
                0x080018e0                SystemFSRCOClockGet
 .text.SystemHFRCOEM23ClockGet
                0x080018ec       0xe0 ./gecko_sdk_4.2.2/platform/Device/SiliconLabs/EFR32MG24/Source/system_efr32mg24.o
                0x080018ec                SystemHFRCOEM23ClockGet
 .text.SystemLFXOClockGet
                0x080019cc        0xc ./gecko_sdk_4.2.2/platform/Device/SiliconLabs/EFR32MG24/Source/system_efr32mg24.o
                0x080019cc                SystemLFXOClockGet
 .text.sl_slist_push
                0x080019d8       0x38 ./gecko_sdk_4.2.2/platform/common/src/sl_slist.o
                0x080019d8                sl_slist_push
 .text._sbrk    0x08001a10       0x3c ./gecko_sdk_4.2.2/platform/common/toolchain/src/sl_memory.o
                0x08001a10                _sbrk
 .text.BUS_RegBitWrite
                0x08001a4c       0x48 ./gecko_sdk_4.2.2/platform/driver/debug/src/sl_debug_swo.o
 .text.GPIO_DbgSWOEnable
                0x08001a94       0x30 ./gecko_sdk_4.2.2/platform/driver/debug/src/sl_debug_swo.o
 .text.sl_debug_swo_init
                0x08001ac4      0x168 ./gecko_sdk_4.2.2/platform/driver/debug/src/sl_debug_swo.o
                0x08001ac4                sl_debug_swo_init
 .text.DMADRV_AllocateChannel
                0x08001c2c       0xa0 ./gecko_sdk_4.2.2/platform/emdrv/dmadrv/src/dmadrv.o
                0x08001c2c                DMADRV_AllocateChannel
 .text.DMADRV_DeInit
                0x08001ccc       0x78 ./gecko_sdk_4.2.2/platform/emdrv/dmadrv/src/dmadrv.o
                0x08001ccc                DMADRV_DeInit
 .text.DMADRV_FreeChannel
                0x08001d44       0x74 ./gecko_sdk_4.2.2/platform/emdrv/dmadrv/src/dmadrv.o
                0x08001d44                DMADRV_FreeChannel
 .text.DMADRV_Init
                0x08001db8       0x7c ./gecko_sdk_4.2.2/platform/emdrv/dmadrv/src/dmadrv.o
                0x08001db8                DMADRV_Init
 .text.DMADRV_PauseTransfer
                0x08001e34       0x64 ./gecko_sdk_4.2.2/platform/emdrv/dmadrv/src/dmadrv.o
                0x08001e34                DMADRV_PauseTransfer
 .text.DMADRV_ResumeTransfer
                0x08001e98       0x64 ./gecko_sdk_4.2.2/platform/emdrv/dmadrv/src/dmadrv.o
                0x08001e98                DMADRV_ResumeTransfer
 .text.DMADRV_StopTransfer
                0x08001efc       0x64 ./gecko_sdk_4.2.2/platform/emdrv/dmadrv/src/dmadrv.o
                0x08001efc                DMADRV_StopTransfer
 .text.DMADRV_TransferCompletePending
                0x08001f60       0x84 ./gecko_sdk_4.2.2/platform/emdrv/dmadrv/src/dmadrv.o
                0x08001f60                DMADRV_TransferCompletePending
 .text.DMADRV_TransferDone
                0x08001fe4       0x74 ./gecko_sdk_4.2.2/platform/emdrv/dmadrv/src/dmadrv.o
                0x08001fe4                DMADRV_TransferDone
 .text.LDMA_IRQHandler
                0x08002058       0xec ./gecko_sdk_4.2.2/platform/emdrv/dmadrv/src/dmadrv.o
                0x08002058                LDMA_IRQHandler
 .text.StartTransfer
                0x08002144      0x21c ./gecko_sdk_4.2.2/platform/emdrv/dmadrv/src/dmadrv.o
 .text.__NVIC_EnableIRQ
                0x08002360       0x34 ./gecko_sdk_4.2.2/platform/emdrv/gpiointerrupt/src/gpiointerrupt.o
 .text.__NVIC_ClearPendingIRQ
                0x08002394       0x38 ./gecko_sdk_4.2.2/platform/emdrv/gpiointerrupt/src/gpiointerrupt.o
 .text.GPIO_IntClear
                0x080023cc       0x1c ./gecko_sdk_4.2.2/platform/emdrv/gpiointerrupt/src/gpiointerrupt.o
 .text.GPIO_IntGetEnabled
                0x080023e8       0x20 ./gecko_sdk_4.2.2/platform/emdrv/gpiointerrupt/src/gpiointerrupt.o
 .text.GPIOINT_CallbackRegister
                0x08002408       0x44 ./gecko_sdk_4.2.2/platform/emdrv/gpiointerrupt/src/gpiointerrupt.o
                0x08002408                GPIOINT_CallbackRegister
 .text.GPIOINT_IRQDispatcher
                0x0800244c       0x74 ./gecko_sdk_4.2.2/platform/emdrv/gpiointerrupt/src/gpiointerrupt.o
 .text.BUS_RegBitWrite
                0x080024c0       0x48 ./gecko_sdk_4.2.2/platform/emlib/src/em_cmu.o
 .text.EMU_VScaleWait
                0x08002508       0x1c ./gecko_sdk_4.2.2/platform/emlib/src/em_cmu.o
 .text.EMU_VScaleGet
                0x08002524       0x1c ./gecko_sdk_4.2.2/platform/emlib/src/em_cmu.o
 .text.MSC_LockGetLocked
                0x08002540       0x1c ./gecko_sdk_4.2.2/platform/emlib/src/em_cmu.o
 .text.MSC_LockSetLocked
                0x0800255c       0x10 ./gecko_sdk_4.2.2/platform/emlib/src/em_cmu.o
 .text.MSC_LockSetUnlocked
                0x0800256c       0x10 ./gecko_sdk_4.2.2/platform/emlib/src/em_cmu.o
 .text.MSC_ReadCTRLGet
                0x0800257c        0xc ./gecko_sdk_4.2.2/platform/emlib/src/em_cmu.o
 .text.MSC_ReadCTRLSet
                0x08002588       0x14 ./gecko_sdk_4.2.2/platform/emlib/src/em_cmu.o
 .text.CMU_ClockDivGet
                0x0800259c       0xec ./gecko_sdk_4.2.2/platform/emlib/src/em_cmu.o
                0x0800259c                CMU_ClockDivGet
 .text.CMU_ClockDivSet
                0x08002688      0x1b0 ./gecko_sdk_4.2.2/platform/emlib/src/em_cmu.o
                0x08002688                CMU_ClockDivSet
 .text.CMU_ClockEnable
                0x08002838       0x74 ./gecko_sdk_4.2.2/platform/emlib/src/em_cmu.o
                0x08002838                CMU_ClockEnable
 .text.CMU_ClockFreqGet
                0x080028ac      0x6a8 ./gecko_sdk_4.2.2/platform/emlib/src/em_cmu.o
                0x080028ac                CMU_ClockFreqGet
 .text.CMU_ClockSelectGet
                0x08002f54      0x3e4 ./gecko_sdk_4.2.2/platform/emlib/src/em_cmu.o
                0x08002f54                CMU_ClockSelectGet
 .text.sli_em_cmu_HFXOSetForceEnable
                0x08003338       0x28 ./gecko_sdk_4.2.2/platform/emlib/src/em_cmu.o
                0x08003338                sli_em_cmu_HFXOSetForceEnable
 .text.CMU_HFXOInit
                0x08003360      0x2f4 ./gecko_sdk_4.2.2/platform/emlib/src/em_cmu.o
                0x08003360                CMU_HFXOInit
 .text.CMU_HFXOCTuneDeltaGet
                0x08003654       0x10 ./gecko_sdk_4.2.2/platform/emlib/src/em_cmu.o
                0x08003654                CMU_HFXOCTuneDeltaGet
 .text.CMU_LFXOInit
                0x08003664      0x120 ./gecko_sdk_4.2.2/platform/emlib/src/em_cmu.o
                0x08003664                CMU_LFXOInit
 .text.CMU_LFXOPrecisionSet
                0x08003784       0x1c ./gecko_sdk_4.2.2/platform/emlib/src/em_cmu.o
                0x08003784                CMU_LFXOPrecisionSet
 .text.eusart0ClkGet
                0x080037a0       0xa8 ./gecko_sdk_4.2.2/platform/emlib/src/em_cmu.o
 .text.em01GrpcClkGet
                0x08003848       0xbc ./gecko_sdk_4.2.2/platform/emlib/src/em_cmu.o
 .text.vdac0ClkGet
                0x08003904       0xa8 ./gecko_sdk_4.2.2/platform/emlib/src/em_cmu.o
 .text.vdac1ClkGet
                0x080039ac       0xa8 ./gecko_sdk_4.2.2/platform/emlib/src/em_cmu.o
 .text.pcnt0ClkGet
                0x08003a54       0x74 ./gecko_sdk_4.2.2/platform/emlib/src/em_cmu.o
 .text.rhclkPrescMax
                0x08003ac8       0x18 ./gecko_sdk_4.2.2/platform/emlib/src/em_cmu.o
 .text.rhclkPrescOptimize
                0x08003ae0       0x2c ./gecko_sdk_4.2.2/platform/emlib/src/em_cmu.o
 .text.traceClkGet
                0x08003b0c       0x84 ./gecko_sdk_4.2.2/platform/emlib/src/em_cmu.o
 .text.dpllRefClkGet
                0x08003b90       0x94 ./gecko_sdk_4.2.2/platform/emlib/src/em_cmu.o
 .text.em01GrpaClkGet
                0x08003c24       0xbc ./gecko_sdk_4.2.2/platform/emlib/src/em_cmu.o
 .text.em23GrpaClkGet
                0x08003ce0       0x84 ./gecko_sdk_4.2.2/platform/emlib/src/em_cmu.o
 .text.em4GrpaClkGet
                0x08003d64       0x84 ./gecko_sdk_4.2.2/platform/emlib/src/em_cmu.o
 .text.getWaitStatesByFrequencyAndVScale
                0x08003de8       0x54 ./gecko_sdk_4.2.2/platform/emlib/src/em_cmu.o
 .text.flashWaitStateControl
                0x08003e3c       0x70 ./gecko_sdk_4.2.2/platform/emlib/src/em_cmu.o
 .text.iadcClkGet
                0x08003eac       0x8c ./gecko_sdk_4.2.2/platform/emlib/src/em_cmu.o
 .text.pclkDivOptimize
                0x08003f38       0x34 ./gecko_sdk_4.2.2/platform/emlib/src/em_cmu.o
 .text.sysrtcClkGet
                0x08003f6c       0x84 ./gecko_sdk_4.2.2/platform/emlib/src/em_cmu.o
 .text.wdog0ClkGet
                0x08003ff0       0xa0 ./gecko_sdk_4.2.2/platform/emlib/src/em_cmu.o
 .text.wdog1ClkGet
                0x08004090       0xa0 ./gecko_sdk_4.2.2/platform/emlib/src/em_cmu.o
 .text.sysTickClkGet
                0x08004130       0x58 ./gecko_sdk_4.2.2/platform/emlib/src/em_cmu.o
 .text.CORE_NvicIRQDisabled
                0x08004188       0x60 ./gecko_sdk_4.2.2/platform/emlib/src/em_core.o
                0x08004188                CORE_NvicIRQDisabled
 .text.EMU_DCDCLock
                0x080041e8       0x14 ./gecko_sdk_4.2.2/platform/emlib/src/em_emu.o
 .text.EMU_DCDCUnlock
                0x080041fc       0x10 ./gecko_sdk_4.2.2/platform/emlib/src/em_emu.o
 .text.EMU_DCDCSync
                0x0800420c       0x20 ./gecko_sdk_4.2.2/platform/emlib/src/em_emu.o
 .text.EMU_VScaleWait
                0x0800422c       0x1c ./gecko_sdk_4.2.2/platform/emlib/src/em_emu.o
 .text.EMU_VScaleGet
                0x08004248       0x1c ./gecko_sdk_4.2.2/platform/emlib/src/em_emu.o
 .text.EMU_EM01Init
                0x08004264       0x24 ./gecko_sdk_4.2.2/platform/emlib/src/em_emu.o
                0x08004264                EMU_EM01Init
 .text.EMU_EM23Init
                0x08004288       0x24 ./gecko_sdk_4.2.2/platform/emlib/src/em_emu.o
                0x08004288                EMU_EM23Init
 .text.EMU_EnterEM2
                0x080042ac       0x48 ./gecko_sdk_4.2.2/platform/emlib/src/em_emu.o
                0x080042ac                EMU_EnterEM2
 .text.EMU_EnterEM3
                0x080042f4       0x40 ./gecko_sdk_4.2.2/platform/emlib/src/em_emu.o
                0x080042f4                EMU_EnterEM3
 .text.EMU_EM4Init
                0x08004334       0x24 ./gecko_sdk_4.2.2/platform/emlib/src/em_emu.o
                0x08004334                EMU_EM4Init
 .text.EMU_VScaleEM01ByClock
                0x08004358       0x5c ./gecko_sdk_4.2.2/platform/emlib/src/em_emu.o
                0x08004358                EMU_VScaleEM01ByClock
 .text.EMU_VScaleEM01
                0x080043b4       0xdc ./gecko_sdk_4.2.2/platform/emlib/src/em_emu.o
                0x080043b4                EMU_VScaleEM01
 .text.EMU_DCDCModeSet
                0x08004490       0xc0 ./gecko_sdk_4.2.2/platform/emlib/src/em_emu.o
                0x08004490                EMU_DCDCModeSet
 .text.EMU_DCDCInit
                0x08004550       0xa8 ./gecko_sdk_4.2.2/platform/emlib/src/em_emu.o
                0x08004550                EMU_DCDCInit
 .text.EMU_DCDCSetPFMXModePeakCurrent
                0x080045f8       0xb4 ./gecko_sdk_4.2.2/platform/emlib/src/em_emu.o
                0x080045f8                EMU_DCDCSetPFMXModePeakCurrent
 .text.EUSART_SpiInit
                0x080046ac       0xe8 ./gecko_sdk_4.2.2/platform/emlib/src/em_eusart.o
                0x080046ac                EUSART_SpiInit
 .text.EUSART_Reset
                0x08004794       0xa4 ./gecko_sdk_4.2.2/platform/emlib/src/em_eusart.o
                0x08004794                EUSART_Reset
 .text.EUSART_Enable
                0x08004838       0xbc ./gecko_sdk_4.2.2/platform/emlib/src/em_eusart.o
                0x08004838                EUSART_Enable
 .text.EUSART_BaudrateSet
                0x080048f4      0x290 ./gecko_sdk_4.2.2/platform/emlib/src/em_eusart.o
                0x080048f4                EUSART_BaudrateSet
 .text.EUSART_ClockGet
                0x08004b84       0x48 ./gecko_sdk_4.2.2/platform/emlib/src/em_eusart.o
 .text.EUSART_SyncInitCommon
                0x08004bcc      0x240 ./gecko_sdk_4.2.2/platform/emlib/src/em_eusart.o
 .text.BUS_RegBitWrite
                0x08004e0c       0x48 ./gecko_sdk_4.2.2/platform/emlib/src/em_gpio.o
 .text.GPIO_IntClear
                0x08004e54       0x1c ./gecko_sdk_4.2.2/platform/emlib/src/em_gpio.o
 .text.GPIO_PinOutClear
                0x08004e70       0x84 ./gecko_sdk_4.2.2/platform/emlib/src/em_gpio.o
 .text.GPIO_PinOutSet
                0x08004ef4       0x84 ./gecko_sdk_4.2.2/platform/emlib/src/em_gpio.o
 .text.GPIO_ExtIntConfig
                0x08004f78      0x16c ./gecko_sdk_4.2.2/platform/emlib/src/em_gpio.o
                0x08004f78                GPIO_ExtIntConfig
 .text.GPIO_PinModeSet
                0x080050e4      0x124 ./gecko_sdk_4.2.2/platform/emlib/src/em_gpio.o
                0x080050e4                GPIO_PinModeSet
 .text.BUS_RegBitWrite
                0x08005208       0x48 ./gecko_sdk_4.2.2/platform/emlib/src/em_i2c.o
 .text.I2C_BusFreqSet
                0x08005250      0x1a8 ./gecko_sdk_4.2.2/platform/emlib/src/em_i2c.o
                0x08005250                I2C_BusFreqSet
 .text.I2C_Enable
                0x080053f8       0x48 ./gecko_sdk_4.2.2/platform/emlib/src/em_i2c.o
                0x080053f8                I2C_Enable
 .text.I2C_Init
                0x08005440       0x7c ./gecko_sdk_4.2.2/platform/emlib/src/em_i2c.o
                0x08005440                I2C_Init
 .text.I2C_Transfer
                0x080054bc      0x4c8 ./gecko_sdk_4.2.2/platform/emlib/src/em_i2c.o
                0x080054bc                I2C_Transfer
 .text.I2C_TransferInit
                0x08005984       0xf8 ./gecko_sdk_4.2.2/platform/emlib/src/em_i2c.o
                0x08005984                I2C_TransferInit
 .text.__NVIC_EnableIRQ
                0x08005a7c       0x34 ./gecko_sdk_4.2.2/platform/emlib/src/em_ldma.o
 .text.__NVIC_DisableIRQ
                0x08005ab0       0x44 ./gecko_sdk_4.2.2/platform/emlib/src/em_ldma.o
 .text.__NVIC_ClearPendingIRQ
                0x08005af4       0x38 ./gecko_sdk_4.2.2/platform/emlib/src/em_ldma.o
 .text.__NVIC_SetPriority
                0x08005b2c       0x50 ./gecko_sdk_4.2.2/platform/emlib/src/em_ldma.o
 .text.BUS_RegBitWrite
                0x08005b7c       0x48 ./gecko_sdk_4.2.2/platform/emlib/src/em_ldma.o
 .text.LDMA_DeInit
                0x08005bc4       0x34 ./gecko_sdk_4.2.2/platform/emlib/src/em_ldma.o
                0x08005bc4                LDMA_DeInit
 .text.LDMA_EnableChannelRequest
                0x08005bf8       0x40 ./gecko_sdk_4.2.2/platform/emlib/src/em_ldma.o
                0x08005bf8                LDMA_EnableChannelRequest
 .text.LDMA_Init
                0x08005c38       0xec ./gecko_sdk_4.2.2/platform/emlib/src/em_ldma.o
                0x08005c38                LDMA_Init
 .text.LDMA_StartTransfer
                0x08005d24      0x208 ./gecko_sdk_4.2.2/platform/emlib/src/em_ldma.o
                0x08005d24                LDMA_StartTransfer
 .text.LDMA_StopTransfer
                0x08005f2c       0x54 ./gecko_sdk_4.2.2/platform/emlib/src/em_ldma.o
                0x08005f2c                LDMA_StopTransfer
 .text.LDMA_TransferDone
                0x08005f80       0x68 ./gecko_sdk_4.2.2/platform/emlib/src/em_ldma.o
                0x08005f80                LDMA_TransferDone
 .text.TIMER_Valid
                0x08005fe8       0x54 ./gecko_sdk_4.2.2/platform/emlib/src/em_timer.o
 .text.TIMER_Init
                0x0800603c      0x130 ./gecko_sdk_4.2.2/platform/emlib/src/em_timer.o
                0x0800603c                TIMER_Init
 .text.prsRxInput
                0x0800616c       0x38 ./gecko_sdk_4.2.2/platform/emlib/src/em_usart.o
 .text.USART_BaudrateAsyncSet
                0x080061a4      0x14c ./gecko_sdk_4.2.2/platform/emlib/src/em_usart.o
                0x080061a4                USART_BaudrateAsyncSet
 .text.USART_Enable
                0x080062f0       0x70 ./gecko_sdk_4.2.2/platform/emlib/src/em_usart.o
                0x080062f0                USART_Enable
 .text.USART_InitAsync
                0x08006360      0x134 ./gecko_sdk_4.2.2/platform/emlib/src/em_usart.o
                0x08006360                USART_InitAsync
 .text.USART_Reset
                0x08006494       0xa0 ./gecko_sdk_4.2.2/platform/emlib/src/em_usart.o
                0x08006494                USART_Reset
 .text.sl_sysrtc_wait_sync
                0x08006534       0x20 ./gecko_sdk_4.2.2/platform/peripheral/src/peripheral_sysrtc.o
 .text.sl_sysrtc_wait_ready
                0x08006554       0x2c ./gecko_sdk_4.2.2/platform/peripheral/src/peripheral_sysrtc.o
 .text.sl_sysrtc_stop
                0x08006580       0x14 ./gecko_sdk_4.2.2/platform/peripheral/src/peripheral_sysrtc.o
 .text.sl_sysrtc_init
                0x08006594       0x38 ./gecko_sdk_4.2.2/platform/peripheral/src/peripheral_sysrtc.o
                0x08006594                sl_sysrtc_init
 .text.sl_sysrtc_enable
                0x080065cc       0x20 ./gecko_sdk_4.2.2/platform/peripheral/src/peripheral_sysrtc.o
                0x080065cc                sl_sysrtc_enable
 .text.sl_sysrtc_disable
                0x080065ec       0x24 ./gecko_sdk_4.2.2/platform/peripheral/src/peripheral_sysrtc.o
                0x080065ec                sl_sysrtc_disable
 .text.sl_sysrtc_init_group
                0x08006610       0xbc ./gecko_sdk_4.2.2/platform/peripheral/src/peripheral_sysrtc.o
                0x08006610                sl_sysrtc_init_group
 .text.sl_sysrtc_enable_group_interrupts
                0x080066cc       0x44 ./gecko_sdk_4.2.2/platform/peripheral/src/peripheral_sysrtc.o
                0x080066cc                sl_sysrtc_enable_group_interrupts
 .text.sl_sysrtc_disable_group_interrupts
                0x08006710       0x44 ./gecko_sdk_4.2.2/platform/peripheral/src/peripheral_sysrtc.o
                0x08006710                sl_sysrtc_disable_group_interrupts
 .text.sl_sysrtc_clear_group_interrupts
                0x08006754       0x44 ./gecko_sdk_4.2.2/platform/peripheral/src/peripheral_sysrtc.o
                0x08006754                sl_sysrtc_clear_group_interrupts
 .text.sl_sysrtc_get_group_interrupts
                0x08006798       0x3c ./gecko_sdk_4.2.2/platform/peripheral/src/peripheral_sysrtc.o
                0x08006798                sl_sysrtc_get_group_interrupts
 .text.sl_sysrtc_get_group_compare_channel_value
                0x080067d4       0x5c ./gecko_sdk_4.2.2/platform/peripheral/src/peripheral_sysrtc.o
                0x080067d4                sl_sysrtc_get_group_compare_channel_value
 .text.sl_sysrtc_set_group_compare_channel_value
                0x08006830       0x5c ./gecko_sdk_4.2.2/platform/peripheral/src/peripheral_sysrtc.o
                0x08006830                sl_sysrtc_set_group_compare_channel_value
 .text.sl_device_init_dcdc
                0x0800688c       0x34 ./gecko_sdk_4.2.2/platform/service/device_init/src/sl_device_init_dcdc_s2.o
                0x0800688c                sl_device_init_dcdc
 .text.sl_device_init_emu
                0x080068c0       0x34 ./gecko_sdk_4.2.2/platform/service/device_init/src/sl_device_init_emu_s2.o
                0x080068c0                sl_device_init_emu
 .text.sl_device_init_hfxo
                0x080068f4       0xc4 ./gecko_sdk_4.2.2/platform/service/device_init/src/sl_device_init_hfxo_s2.o
                0x080068f4                sl_device_init_hfxo
 .text.sl_device_init_lfxo
                0x080069b8       0x3c ./gecko_sdk_4.2.2/platform/service/device_init/src/sl_device_init_lfxo_s2.o
                0x080069b8                sl_device_init_lfxo
 .text.__NVIC_SetPriority
                0x080069f4       0x50 ./gecko_sdk_4.2.2/platform/service/device_init/src/sl_device_init_nvic.o
 .text.sl_hfxo_manager_init
                0x08006a44       0x88 ./gecko_sdk_4.2.2/platform/service/hfxo_manager/src/sl_hfxo_manager.o
                0x08006a44                sl_hfxo_manager_init
 .text.sli_hfxo_manager_begin_startup_measurement
                0x08006acc       0x20 ./gecko_sdk_4.2.2/platform/service/hfxo_manager/src/sl_hfxo_manager.o
                0x08006acc                sli_hfxo_manager_begin_startup_measurement
 .text.sli_hfxo_manager_end_startup_measurement
                0x08006aec       0xc8 ./gecko_sdk_4.2.2/platform/service/hfxo_manager/src/sl_hfxo_manager.o
                0x08006aec                sli_hfxo_manager_end_startup_measurement
 .text.sli_hfxo_manager_get_startup_time
                0x08006bb4        0xc ./gecko_sdk_4.2.2/platform/service/hfxo_manager/src/sl_hfxo_manager.o
                0x08006bb4                sli_hfxo_manager_get_startup_time
 .text.__NVIC_EnableIRQ
                0x08006bc0       0x34 ./gecko_sdk_4.2.2/platform/service/hfxo_manager/src/sl_hfxo_manager_hal_s2.o
 .text.__NVIC_ClearPendingIRQ
                0x08006bf4       0x38 ./gecko_sdk_4.2.2/platform/service/hfxo_manager/src/sl_hfxo_manager_hal_s2.o
 .text.__NVIC_SetPriority
                0x08006c2c       0x50 ./gecko_sdk_4.2.2/platform/service/hfxo_manager/src/sl_hfxo_manager_hal_s2.o
 .text.sli_hfxo_manager_init_hardware
                0x08006c7c       0x58 ./gecko_sdk_4.2.2/platform/service/hfxo_manager/src/sl_hfxo_manager_hal_s2.o
                0x08006c7c                sli_hfxo_manager_init_hardware
 .text.sli_hfxo_manager_is_hfxo_ready
                0x08006cd4       0x68 ./gecko_sdk_4.2.2/platform/service/hfxo_manager/src/sl_hfxo_manager_hal_s2.o
                0x08006cd4                sli_hfxo_manager_is_hfxo_ready
 .text.sl_hfxo_manager_irq_handler
                0x08006d3c       0x64 ./gecko_sdk_4.2.2/platform/service/hfxo_manager/src/sl_hfxo_manager_hal_s2.o
                0x08006d3c                sl_hfxo_manager_irq_handler
 .text.sl_iostream_set_default
                0x08006da0       0x28 ./gecko_sdk_4.2.2/platform/service/iostream/src/sl_iostream.o
                0x08006da0                sl_iostream_set_default
 .text.sl_iostream_get_default
                0x08006dc8       0x28 ./gecko_sdk_4.2.2/platform/service/iostream/src/sl_iostream.o
                0x08006dc8                sl_iostream_get_default
 .text._write   0x08006df0       0x34 ./gecko_sdk_4.2.2/platform/service/iostream/src/sl_iostream_retarget_stdio.o
                0x08006df0                _write
 .text.sl_iostream_stdlib_disable_buffering
                0x08006e24       0x1c ./gecko_sdk_4.2.2/platform/service/iostream/src/sl_iostream_stdlib_config.o
                0x08006e24                sl_iostream_stdlib_disable_buffering
 .text.__NVIC_EnableIRQ
                0x08006e40       0x34 ./gecko_sdk_4.2.2/platform/service/iostream/src/sl_iostream_uart.o
 .text.__NVIC_DisableIRQ
                0x08006e74       0x44 ./gecko_sdk_4.2.2/platform/service/iostream/src/sl_iostream_uart.o
 .text.__NVIC_ClearPendingIRQ
                0x08006eb8       0x38 ./gecko_sdk_4.2.2/platform/service/iostream/src/sl_iostream_uart.o
 .text.sli_iostream_uart_context_init
                0x08006ef0      0x1e0 ./gecko_sdk_4.2.2/platform/service/iostream/src/sl_iostream_uart.o
                0x08006ef0                sli_iostream_uart_context_init
 .text.sli_uart_txc
                0x080070d0       0x60 ./gecko_sdk_4.2.2/platform/service/iostream/src/sl_iostream_uart.o
                0x080070d0                sli_uart_txc
 .text.uart_deinit
                0x08007130       0xec ./gecko_sdk_4.2.2/platform/service/iostream/src/sl_iostream_uart.o
 .text.scan_for_ctrl_char
                0x0800721c       0xbc ./gecko_sdk_4.2.2/platform/service/iostream/src/sl_iostream_uart.o
 .text.dma_irq_handler
                0x080072d8       0xd0 ./gecko_sdk_4.2.2/platform/service/iostream/src/sl_iostream_uart.o
 .text.get_write_ptr
                0x080073a8       0x54 ./gecko_sdk_4.2.2/platform/service/iostream/src/sl_iostream_uart.o
 .text.update_ring_buffer
                0x080073fc      0x148 ./gecko_sdk_4.2.2/platform/service/iostream/src/sl_iostream_uart.o
 .text.read_rx_buffer
                0x08007544      0x1cc ./gecko_sdk_4.2.2/platform/service/iostream/src/sl_iostream_uart.o
 .text.sl_iostream_usart_init
                0x08007710      0x280 ./gecko_sdk_4.2.2/platform/service/iostream/src/sl_iostream_usart.o
                0x08007710                sl_iostream_usart_init
 .text.sl_iostream_usart_irq_handler
                0x08007990      0x120 ./gecko_sdk_4.2.2/platform/service/iostream/src/sl_iostream_usart.o
                0x08007990                sl_iostream_usart_irq_handler
 .text.sl_power_manager_init
                0x08007ab0       0x80 ./gecko_sdk_4.2.2/platform/service/power_manager/src/sl_power_manager.o
                0x08007ab0                sl_power_manager_init
 .text.sl_power_manager_sleep
                0x08007b30      0x204 ./gecko_sdk_4.2.2/platform/service/power_manager/src/sl_power_manager.o
                0x08007b30                sl_power_manager_sleep
 .text.sli_power_manager_update_em_requirement
                0x08007d34      0x108 ./gecko_sdk_4.2.2/platform/service/power_manager/src/sl_power_manager.o
                0x08007d34                sli_power_manager_update_em_requirement
 .text.sli_power_manager_get_restore_delay
                0x08007e3c       0x48 ./gecko_sdk_4.2.2/platform/service/power_manager/src/sl_power_manager.o
                0x08007e3c                sli_power_manager_get_restore_delay
 .text.sl_power_manager_subscribe_em_transition_event
                0x08007e84       0x30 ./gecko_sdk_4.2.2/platform/service/power_manager/src/sl_power_manager.o
                0x08007e84                sl_power_manager_subscribe_em_transition_event
 .text.sl_power_manager_schedule_wakeup_get_restore_overhead_tick
                0x08007eb4       0x14 ./gecko_sdk_4.2.2/platform/service/power_manager/src/sl_power_manager.o
                0x08007eb4                sl_power_manager_schedule_wakeup_get_restore_overhead_tick
 .text.sli_power_manager_convert_delay_us_to_tick
                0x08007ec8       0x2c ./gecko_sdk_4.2.2/platform/service/power_manager/src/sl_power_manager.o
                0x08007ec8                sli_power_manager_convert_delay_us_to_tick
 .text.sl_power_manager_is_latest_wakeup_internal
                0x08007ef4       0x4c ./gecko_sdk_4.2.2/platform/service/power_manager/src/sl_power_manager.o
                0x08007ef4                sl_power_manager_is_latest_wakeup_internal
 .text.get_lowest_em
                0x08007f40       0x34 ./gecko_sdk_4.2.2/platform/service/power_manager/src/sl_power_manager.o
 .text.power_manager_notify_em_transition
                0x08007f74       0xec ./gecko_sdk_4.2.2/platform/service/power_manager/src/sl_power_manager.o
 .text.evaluate_wakeup
                0x08008060       0xf8 ./gecko_sdk_4.2.2/platform/service/power_manager/src/sl_power_manager.o
 .text.update_em1_requirement
                0x08008158       0x94 ./gecko_sdk_4.2.2/platform/service/power_manager/src/sl_power_manager.o
 .text.clock_restore_and_wait
                0x080081ec       0x88 ./gecko_sdk_4.2.2/platform/service/power_manager/src/sl_power_manager.o
 .text.clock_restore
                0x08008274       0x6c ./gecko_sdk_4.2.2/platform/service/power_manager/src/sl_power_manager.o
 .text.on_clock_wakeup_timeout
                0x080082e0       0x34 ./gecko_sdk_4.2.2/platform/service/power_manager/src/sl_power_manager.o
 .text.sli_hfxo_manager_notify_ready_for_power_manager
                0x08008314       0x48 ./gecko_sdk_4.2.2/platform/service/power_manager/src/sl_power_manager.o
                0x08008314                sli_hfxo_manager_notify_ready_for_power_manager
 .text.EMU_EnterEM1
                0x0800835c       0x18 ./gecko_sdk_4.2.2/platform/service/power_manager/src/sl_power_manager_hal_s2.o
 .text.sli_power_manager_init_hardware
                0x08008374      0x210 ./gecko_sdk_4.2.2/platform/service/power_manager/src/sl_power_manager_hal_s2.o
                0x08008374                sli_power_manager_init_hardware
 .text.sli_power_manager_em23_voltage_scaling_enable_fast_wakeup
                0x08008584       0x88 ./gecko_sdk_4.2.2/platform/service/power_manager/src/sl_power_manager_hal_s2.o
                0x08008584                sli_power_manager_em23_voltage_scaling_enable_fast_wakeup
 .text.EMU_EM23PresleepHook
                0x0800860c       0x30 ./gecko_sdk_4.2.2/platform/service/power_manager/src/sl_power_manager_hal_s2.o
                0x0800860c                EMU_EM23PresleepHook
 .text.EMU_EM23PostsleepHook
                0x0800863c       0x70 ./gecko_sdk_4.2.2/platform/service/power_manager/src/sl_power_manager_hal_s2.o
                0x0800863c                EMU_EM23PostsleepHook
 .text.sli_power_manager_handle_pre_deepsleep_operations
                0x080086ac       0x10 ./gecko_sdk_4.2.2/platform/service/power_manager/src/sl_power_manager_hal_s2.o
                0x080086ac                sli_power_manager_handle_pre_deepsleep_operations
 .text.sli_power_manager_restore_high_freq_accuracy_clk
                0x080086bc       0x70 ./gecko_sdk_4.2.2/platform/service/power_manager/src/sl_power_manager_hal_s2.o
                0x080086bc                sli_power_manager_restore_high_freq_accuracy_clk
 .text.sli_power_manager_is_high_freq_accuracy_clk_ready
                0x0800872c       0x34 ./gecko_sdk_4.2.2/platform/service/power_manager/src/sl_power_manager_hal_s2.o
                0x0800872c                sli_power_manager_is_high_freq_accuracy_clk_ready
 .text.sli_power_manager_restore_states
                0x08008760       0x48 ./gecko_sdk_4.2.2/platform/service/power_manager/src/sl_power_manager_hal_s2.o
                0x08008760                sli_power_manager_restore_states
 .text.sli_power_manager_apply_em
                0x080087a8       0x50 ./gecko_sdk_4.2.2/platform/service/power_manager/src/sl_power_manager_hal_s2.o
                0x080087a8                sli_power_manager_apply_em
 .text.sli_power_manager_get_wakeup_process_time_overhead
                0x080087f8       0x3c ./gecko_sdk_4.2.2/platform/service/power_manager/src/sl_power_manager_hal_s2.o
                0x080087f8                sli_power_manager_get_wakeup_process_time_overhead
 .text.sl_sleeptimer_init
                0x08008834       0xa0 ./gecko_sdk_4.2.2/platform/service/sleeptimer/src/sl_sleeptimer.o
                0x08008834                sl_sleeptimer_init
 .text.sl_sleeptimer_stop_timer
                0x080088d4       0x80 ./gecko_sdk_4.2.2/platform/service/sleeptimer/src/sl_sleeptimer.o
                0x080088d4                sl_sleeptimer_stop_timer
 .text.sl_sleeptimer_get_remaining_time_of_first_timer
                0x08008954       0x94 ./gecko_sdk_4.2.2/platform/service/sleeptimer/src/sl_sleeptimer.o
                0x08008954                sl_sleeptimer_get_remaining_time_of_first_timer
 .text.sli_sleeptimer_is_power_manager_timer_next_to_expire
                0x080089e8       0x18 ./gecko_sdk_4.2.2/platform/service/sleeptimer/src/sl_sleeptimer.o
                0x080089e8                sli_sleeptimer_is_power_manager_timer_next_to_expire
 .text.sl_sleeptimer_get_timer_frequency
                0x08008a00        0xc ./gecko_sdk_4.2.2/platform/service/sleeptimer/src/sl_sleeptimer.o
                0x08008a00                sl_sleeptimer_get_timer_frequency
 .text.process_timer_irq
                0x08008a0c      0x258 ./gecko_sdk_4.2.2/platform/service/sleeptimer/src/sl_sleeptimer.o
                0x08008a0c                process_timer_irq
 .text.delta_list_insert_timer
                0x08008c64       0xd4 ./gecko_sdk_4.2.2/platform/service/sleeptimer/src/sl_sleeptimer.o
 .text.delta_list_remove_timer
                0x08008d38       0x74 ./gecko_sdk_4.2.2/platform/service/sleeptimer/src/sl_sleeptimer.o
 .text.set_comparator_for_next_timer
                0x08008dac       0x4c ./gecko_sdk_4.2.2/platform/service/sleeptimer/src/sl_sleeptimer.o
 .text.update_delta_list
                0x08008df8       0x70 ./gecko_sdk_4.2.2/platform/service/sleeptimer/src/sl_sleeptimer.o
 .text.create_timer
                0x08008e68       0xa8 ./gecko_sdk_4.2.2/platform/service/sleeptimer/src/sl_sleeptimer.o
 .text.update_next_timer_to_expire_is_power_manager
                0x08008f10       0x58 ./gecko_sdk_4.2.2/platform/service/sleeptimer/src/sl_sleeptimer.o
 .text.sl_sleeptimer_is_power_manager_early_restore_timer_latest_to_expire
                0x08008f68       0x28 ./gecko_sdk_4.2.2/platform/service/sleeptimer/src/sl_sleeptimer.o
                0x08008f68                sl_sleeptimer_is_power_manager_early_restore_timer_latest_to_expire
 .text.__NVIC_EnableIRQ
                0x08008f90       0x34 ./gecko_sdk_4.2.2/platform/service/sleeptimer/src/sl_sleeptimer_hal_sysrtc.o
 .text.__NVIC_ClearPendingIRQ
                0x08008fc4       0x38 ./gecko_sdk_4.2.2/platform/service/sleeptimer/src/sl_sleeptimer_hal_sysrtc.o
 .text.sl_sysrtc_wait_sync
                0x08008ffc       0x20 ./gecko_sdk_4.2.2/platform/service/sleeptimer/src/sl_sleeptimer_hal_sysrtc.o
 .text.sl_sysrtc_get_counter
                0x0800901c       0x14 ./gecko_sdk_4.2.2/platform/service/sleeptimer/src/sl_sleeptimer_hal_sysrtc.o
 .text.sl_sysrtc_set_counter
                0x08009030       0x1c ./gecko_sdk_4.2.2/platform/service/sleeptimer/src/sl_sleeptimer_hal_sysrtc.o
 .text.sleeptimer_hal_set_compare
                0x0800904c       0xac ./gecko_sdk_4.2.2/platform/service/sleeptimer/src/sl_sleeptimer_hal_sysrtc.o
                0x0800904c                sleeptimer_hal_set_compare
 .text.sleeptimer_hal_disable_int
                0x080090f8       0x60 ./gecko_sdk_4.2.2/platform/service/sleeptimer/src/sl_sleeptimer_hal_sysrtc.o
                0x080090f8                sleeptimer_hal_disable_int
 .text.sleeptimer_hal_set_int
                0x08009158       0x2c ./gecko_sdk_4.2.2/platform/service/sleeptimer/src/sl_sleeptimer_hal_sysrtc.o
                0x08009158                sleeptimer_hal_set_int
 .text.sl_udelay_wait
                0x08009184       0x80 ./gecko_sdk_4.2.2/platform/service/udelay/src/sl_udelay.o
                0x08009184                sl_udelay_wait
 .text.__NVIC_EnableIRQ
                0x08009204       0x34 ./src/GPIO.o
 .text.__NVIC_ClearPendingIRQ
                0x08009238       0x38 ./src/GPIO.o
 .text.GPIO_PinOutClear
                0x08009270       0x84 ./src/GPIO.o
 .text.init_GPIO
                0x080092f4       0xbc ./src/GPIO.o
                0x080092f4                init_GPIO
 .text.init_I2C0
                0x080093b0       0x90 ./src/I2C.o
                0x080093b0                init_I2C0
 .text.init_I2C1
                0x08009440       0x94 ./src/I2C.o
                0x08009440                init_I2C1
 .text.TIMER0_IRQHandler
                0x080094d4       0x34 ./src/irq.o
                0x080094d4                TIMER0_IRQHandler
 .text.accel_event_callback
                0x08009508       0x10 ./src/irq.o
                0x08009508                accel_event_callback
 .text.sos_event_callback
                0x08009518       0x10 ./src/irq.o
                0x08009518                sos_event_callback
 .text.GPS_TX_RDY_event_callback
                0x08009528       0x10 ./src/irq.o
                0x08009528                GPS_TX_RDY_event_callback
 .text.gps_read_flag_set
                0x08009538       0x1c ./src/sam-m8q.o
                0x08009538                gps_read_flag_set
 .text.gps_read_pending_data_length
                0x08009554       0x90 ./src/sam-m8q.o
                0x08009554                gps_read_pending_data_length
 .text.gps_read_pending_data
                0x080095e4       0x98 ./src/sam-m8q.o
                0x080095e4                gps_read_pending_data
 .text.gps_enable_periodic_updates
                0x0800967c      0x27c ./src/sam-m8q.o
                0x0800967c                gps_enable_periodic_updates
 .text.__NVIC_EnableIRQ
                0x080098f8       0x34 ./src/timers.o
 .text.__NVIC_ClearPendingIRQ
                0x0800992c       0x38 ./src/timers.o
 .text.TIMER_Valid
                0x08009964       0x54 ./src/timers.o
 .text.TIMER_MaxCount
                0x080099b8       0xf0 ./src/timers.o
 .text.TIMER_Enable
                0x08009aa8       0x44 ./src/timers.o
 .text.TIMER_TopSet
                0x08009aec       0x48 ./src/timers.o
 .text.init_timer0
                0x08009b34       0x70 ./src/timers.o
                0x08009b34                init_timer0
 .text          0x08009ba4      0x378 c:/siliconlabs/simplicitystudio/v5/developer/toolchains/gnu_arm/10.3_2021.10/bin/../lib/gcc/arm-none-eabi/10.3.1/thumb/v8-m.main+fp/hard\libgcc.a(_arm_addsubdf3.o)
                0x08009ba4                __aeabi_drsub
                0x08009bac                __aeabi_dsub
                0x08009bac                __subdf3
                0x08009bb0                __aeabi_dadd
                0x08009bb0                __adddf3
                0x08009e28                __floatunsidf
                0x08009e28                __aeabi_ui2d
                0x08009e48                __floatsidf
                0x08009e48                __aeabi_i2d
                0x08009e6c                __aeabi_f2d
                0x08009e6c                __extendsfdf2
                0x08009eb0                __floatundidf
                0x08009eb0                __aeabi_ul2d
                0x08009ec0                __floatdidf
                0x08009ec0                __aeabi_l2d
 .text          0x08009f1c      0x424 c:/siliconlabs/simplicitystudio/v5/developer/toolchains/gnu_arm/10.3_2021.10/bin/../lib/gcc/arm-none-eabi/10.3.1/thumb/v8-m.main+fp/hard\libgcc.a(_arm_muldivdf3.o)
                0x08009f1c                __aeabi_dmul
                0x08009f1c                __muldf3
                0x0800a170                __divdf3
                0x0800a170                __aeabi_ddiv
 .text          0x0800a340       0x50 c:/siliconlabs/simplicitystudio/v5/developer/toolchains/gnu_arm/10.3_2021.10/bin/../lib/gcc/arm-none-eabi/10.3.1/thumb/v8-m.main+fp/hard\libgcc.a(_arm_fixdfsi.o)
                0x0800a340                __aeabi_d2iz
                0x0800a340                __fixdfsi
 .text          0x0800a390       0xa0 c:/siliconlabs/simplicitystudio/v5/developer/toolchains/gnu_arm/10.3_2021.10/bin/../lib/gcc/arm-none-eabi/10.3.1/thumb/v8-m.main+fp/hard\libgcc.a(_arm_truncdfsf2.o)
                0x0800a390                __truncdfsf2
                0x0800a390                __aeabi_d2f
 .text          0x0800a430       0x30 c:/siliconlabs/simplicitystudio/v5/developer/toolchains/gnu_arm/10.3_2021.10/bin/../lib/gcc/arm-none-eabi/10.3.1/thumb/v8-m.main+fp/hard\libgcc.a(_aeabi_uldivmod.o)
                0x0800a430                __aeabi_uldivmod
 .text          0x0800a460      0x2ec c:/siliconlabs/simplicitystudio/v5/developer/toolchains/gnu_arm/10.3_2021.10/bin/../lib/gcc/arm-none-eabi/10.3.1/thumb/v8-m.main+fp/hard\libgcc.a(_udivmoddi4.o)
                0x0800a460                __udivmoddi4
 .text          0x0800a74c        0x4 c:/siliconlabs/simplicitystudio/v5/developer/toolchains/gnu_arm/10.3_2021.10/bin/../lib/gcc/arm-none-eabi/10.3.1/thumb/v8-m.main+fp/hard\libgcc.a(_dvmd_tls.o)
                0x0800a74c                __aeabi_idiv0
                0x0800a74c                __aeabi_ldiv0
 .text.exit     0x0800a750       0x28 c:/siliconlabs/simplicitystudio/v5/developer/toolchains/gnu_arm/10.3_2021.10/bin/../lib/gcc/arm-none-eabi/10.3.1/../../../../arm-none-eabi/lib/thumb/v8-m.main+fp/hard\libc_nano.a(lib_a-exit.o)
                0x0800a750                exit
 .text.__libc_init_array
                0x0800a778       0x48 c:/siliconlabs/simplicitystudio/v5/developer/toolchains/gnu_arm/10.3_2021.10/bin/../lib/gcc/arm-none-eabi/10.3.1/../../../../arm-none-eabi/lib/thumb/v8-m.main+fp/hard\libc_nano.a(lib_a-init.o)
                0x0800a778                __libc_init_array
 .text._printf_float
                0x0800a7c0      0x46c c:/siliconlabs/simplicitystudio/v5/developer/toolchains/gnu_arm/10.3_2021.10/bin/../lib/gcc/arm-none-eabi/10.3.1/../../../../arm-none-eabi/lib/thumb/v8-m.main+fp/hard\libc_nano.a(lib_a-nano-vfprintf_float.o)
                0x0800a7c0                _printf_float
 .text._printf_i
                0x0800ac2c      0x24c c:/siliconlabs/simplicitystudio/v5/developer/toolchains/gnu_arm/10.3_2021.10/bin/../lib/gcc/arm-none-eabi/10.3.1/../../../../arm-none-eabi/lib/thumb/v8-m.main+fp/hard\libc_nano.a(lib_a-nano-vfprintf_i.o)
                0x0800ac2c                _printf_i
 .text.setvbuf  0x0800ae78      0x188 c:/siliconlabs/simplicitystudio/v5/developer/toolchains/gnu_arm/10.3_2021.10/bin/../lib/gcc/arm-none-eabi/10.3.1/../../../../arm-none-eabi/lib/thumb/v8-m.main+fp/hard\libc_nano.a(lib_a-setvbuf.o)
                0x0800ae78                setvbuf
 .text.vprintf  0x0800b000       0x30 c:/siliconlabs/simplicitystudio/v5/developer/toolchains/gnu_arm/10.3_2021.10/bin/../lib/gcc/arm-none-eabi/10.3.1/../../../../arm-none-eabi/lib/thumb/v8-m.main+fp/hard\libc_nano.a(lib_a-vprintf.o)
                0x0800b000                viprintf
                0x0800b000                vprintf
 .text.__sflush_r
                0x0800b030      0x108 c:/siliconlabs/simplicitystudio/v5/developer/toolchains/gnu_arm/10.3_2021.10/bin/../lib/gcc/arm-none-eabi/10.3.1/../../../../arm-none-eabi/lib/thumb/v8-m.main+fp/hard\libc_nano.a(lib_a-fflush.o)
                0x0800b030                __sflush_r
 .text._fflush_r
                0x0800b138       0x78 c:/siliconlabs/simplicitystudio/v5/developer/toolchains/gnu_arm/10.3_2021.10/bin/../lib/gcc/arm-none-eabi/10.3.1/../../../../arm-none-eabi/lib/thumb/v8-m.main+fp/hard\libc_nano.a(lib_a-fflush.o)
                0x0800b138                _fflush_r
 .text.std      0x0800b1b0       0x48 c:/siliconlabs/simplicitystudio/v5/developer/toolchains/gnu_arm/10.3_2021.10/bin/../lib/gcc/arm-none-eabi/10.3.1/../../../../arm-none-eabi/lib/thumb/v8-m.main+fp/hard\libc_nano.a(lib_a-findfp.o)
 .text._cleanup_r
                0x0800b1f8        0xc c:/siliconlabs/simplicitystudio/v5/developer/toolchains/gnu_arm/10.3_2021.10/bin/../lib/gcc/arm-none-eabi/10.3.1/../../../../arm-none-eabi/lib/thumb/v8-m.main+fp/hard\libc_nano.a(lib_a-findfp.o)
                0x0800b1f8                _cleanup_r
 .text.__sfp_lock_acquire
                0x0800b204        0xc c:/siliconlabs/simplicitystudio/v5/developer/toolchains/gnu_arm/10.3_2021.10/bin/../lib/gcc/arm-none-eabi/10.3.1/../../../../arm-none-eabi/lib/thumb/v8-m.main+fp/hard\libc_nano.a(lib_a-findfp.o)
                0x0800b204                __sfp_lock_acquire
 .text.__sfp_lock_release
                0x0800b210        0xc c:/siliconlabs/simplicitystudio/v5/developer/toolchains/gnu_arm/10.3_2021.10/bin/../lib/gcc/arm-none-eabi/10.3.1/../../../../arm-none-eabi/lib/thumb/v8-m.main+fp/hard\libc_nano.a(lib_a-findfp.o)
                0x0800b210                __sfp_lock_release
 .text.__sinit_lock_acquire
                0x0800b21c        0xc c:/siliconlabs/simplicitystudio/v5/developer/toolchains/gnu_arm/10.3_2021.10/bin/../lib/gcc/arm-none-eabi/10.3.1/../../../../arm-none-eabi/lib/thumb/v8-m.main+fp/hard\libc_nano.a(lib_a-findfp.o)
                0x0800b21c                __sinit_lock_acquire
 .text.__sinit_lock_release
                0x0800b228        0xc c:/siliconlabs/simplicitystudio/v5/developer/toolchains/gnu_arm/10.3_2021.10/bin/../lib/gcc/arm-none-eabi/10.3.1/../../../../arm-none-eabi/lib/thumb/v8-m.main+fp/hard\libc_nano.a(lib_a-findfp.o)
                0x0800b228                __sinit_lock_release
 .text.__sinit  0x0800b234       0x70 c:/siliconlabs/simplicitystudio/v5/developer/toolchains/gnu_arm/10.3_2021.10/bin/../lib/gcc/arm-none-eabi/10.3.1/../../../../arm-none-eabi/lib/thumb/v8-m.main+fp/hard\libc_nano.a(lib_a-findfp.o)
                0x0800b234                __sinit
 .text.__sfp    0x0800b2a4       0x8c c:/siliconlabs/simplicitystudio/v5/developer/toolchains/gnu_arm/10.3_2021.10/bin/../lib/gcc/arm-none-eabi/10.3.1/../../../../arm-none-eabi/lib/thumb/v8-m.main+fp/hard\libc_nano.a(lib_a-findfp.o)
                0x0800b2a4                __sfp
 .text._localeconv_r
                0x0800b330        0x8 c:/siliconlabs/simplicitystudio/v5/developer/toolchains/gnu_arm/10.3_2021.10/bin/../lib/gcc/arm-none-eabi/10.3.1/../../../../arm-none-eabi/lib/thumb/v8-m.main+fp/hard\libc_nano.a(lib_a-localeconv.o)
                0x0800b330                _localeconv_r
 .text.__smakebuf_r
                0x0800b338       0x80 c:/siliconlabs/simplicitystudio/v5/developer/toolchains/gnu_arm/10.3_2021.10/bin/../lib/gcc/arm-none-eabi/10.3.1/../../../../arm-none-eabi/lib/thumb/v8-m.main+fp/hard\libc_nano.a(lib_a-makebuf.o)
                0x0800b338                __smakebuf_r
 .text.malloc   0x0800b3b8       0x10 c:/siliconlabs/simplicitystudio/v5/developer/toolchains/gnu_arm/10.3_2021.10/bin/../lib/gcc/arm-none-eabi/10.3.1/../../../../arm-none-eabi/lib/thumb/v8-m.main+fp/hard\libc_nano.a(lib_a-malloc.o)
                0x0800b3b8                malloc
 .text._Balloc  0x0800b3c8       0x80 c:/siliconlabs/simplicitystudio/v5/developer/toolchains/gnu_arm/10.3_2021.10/bin/../lib/gcc/arm-none-eabi/10.3.1/../../../../arm-none-eabi/lib/thumb/v8-m.main+fp/hard\libc_nano.a(lib_a-mprec.o)
                0x0800b3c8                _Balloc
 .text._Bfree   0x0800b448       0x44 c:/siliconlabs/simplicitystudio/v5/developer/toolchains/gnu_arm/10.3_2021.10/bin/../lib/gcc/arm-none-eabi/10.3.1/../../../../arm-none-eabi/lib/thumb/v8-m.main+fp/hard\libc_nano.a(lib_a-mprec.o)
                0x0800b448                _Bfree
 .text.__multadd
                0x0800b48c       0x90 c:/siliconlabs/simplicitystudio/v5/developer/toolchains/gnu_arm/10.3_2021.10/bin/../lib/gcc/arm-none-eabi/10.3.1/../../../../arm-none-eabi/lib/thumb/v8-m.main+fp/hard\libc_nano.a(lib_a-mprec.o)
                0x0800b48c                __multadd
 .text.__i2b    0x0800b51c       0x2c c:/siliconlabs/simplicitystudio/v5/developer/toolchains/gnu_arm/10.3_2021.10/bin/../lib/gcc/arm-none-eabi/10.3.1/../../../../arm-none-eabi/lib/thumb/v8-m.main+fp/hard\libc_nano.a(lib_a-mprec.o)
                0x0800b51c                __i2b
 .text.__multiply
                0x0800b548      0x150 c:/siliconlabs/simplicitystudio/v5/developer/toolchains/gnu_arm/10.3_2021.10/bin/../lib/gcc/arm-none-eabi/10.3.1/../../../../arm-none-eabi/lib/thumb/v8-m.main+fp/hard\libc_nano.a(lib_a-mprec.o)
                0x0800b548                __multiply
 .text.__pow5mult
                0x0800b698       0xb4 c:/siliconlabs/simplicitystudio/v5/developer/toolchains/gnu_arm/10.3_2021.10/bin/../lib/gcc/arm-none-eabi/10.3.1/../../../../arm-none-eabi/lib/thumb/v8-m.main+fp/hard\libc_nano.a(lib_a-mprec.o)
                0x0800b698                __pow5mult
 .text.__lshift
                0x0800b74c       0xe0 c:/siliconlabs/simplicitystudio/v5/developer/toolchains/gnu_arm/10.3_2021.10/bin/../lib/gcc/arm-none-eabi/10.3.1/../../../../arm-none-eabi/lib/thumb/v8-m.main+fp/hard\libc_nano.a(lib_a-mprec.o)
                0x0800b74c                __lshift
 .text.__mdiff  0x0800b82c      0x120 c:/siliconlabs/simplicitystudio/v5/developer/toolchains/gnu_arm/10.3_2021.10/bin/../lib/gcc/arm-none-eabi/10.3.1/../../../../arm-none-eabi/lib/thumb/v8-m.main+fp/hard\libc_nano.a(lib_a-mprec.o)
                0x0800b82c                __mdiff
 .text.__d2b    0x0800b94c       0xb8 c:/siliconlabs/simplicitystudio/v5/developer/toolchains/gnu_arm/10.3_2021.10/bin/../lib/gcc/arm-none-eabi/10.3.1/../../../../arm-none-eabi/lib/thumb/v8-m.main+fp/hard\libc_nano.a(lib_a-mprec.o)
                0x0800b94c                __d2b
 .text._free_r  0x0800ba04       0x98 c:/siliconlabs/simplicitystudio/v5/developer/toolchains/gnu_arm/10.3_2021.10/bin/../lib/gcc/arm-none-eabi/10.3.1/../../../../arm-none-eabi/lib/thumb/v8-m.main+fp/hard\libc_nano.a(lib_a-nano-freer.o)
                0x0800ba04                _free_r
 .text.sbrk_aligned
                0x0800ba9c       0x40 c:/siliconlabs/simplicitystudio/v5/developer/toolchains/gnu_arm/10.3_2021.10/bin/../lib/gcc/arm-none-eabi/10.3.1/../../../../arm-none-eabi/lib/thumb/v8-m.main+fp/hard\libc_nano.a(lib_a-nano-mallocr.o)
 .text._malloc_r
                0x0800badc       0xe8 c:/siliconlabs/simplicitystudio/v5/developer/toolchains/gnu_arm/10.3_2021.10/bin/../lib/gcc/arm-none-eabi/10.3.1/../../../../arm-none-eabi/lib/thumb/v8-m.main+fp/hard\libc_nano.a(lib_a-nano-mallocr.o)
                0x0800badc                _malloc_r
 .text._vfprintf_r
                0x0800bbc4      0x260 c:/siliconlabs/simplicitystudio/v5/developer/toolchains/gnu_arm/10.3_2021.10/bin/../lib/gcc/arm-none-eabi/10.3.1/../../../../arm-none-eabi/lib/thumb/v8-m.main+fp/hard\libc_nano.a(lib_a-nano-vfprintf.o)
                0x0800bbc4                _vfprintf_r
                0x0800bbc4                _vfiprintf_r
 .text._sbrk_r  0x0800be24       0x20 c:/siliconlabs/simplicitystudio/v5/developer/toolchains/gnu_arm/10.3_2021.10/bin/../lib/gcc/arm-none-eabi/10.3.1/../../../../arm-none-eabi/lib/thumb/v8-m.main+fp/hard\libc_nano.a(lib_a-sbrkr.o)
                0x0800be24                _sbrk_r
 .text.__swbuf_r
                0x0800be44       0xa4 c:/siliconlabs/simplicitystudio/v5/developer/toolchains/gnu_arm/10.3_2021.10/bin/../lib/gcc/arm-none-eabi/10.3.1/../../../../arm-none-eabi/lib/thumb/v8-m.main+fp/hard\libc_nano.a(lib_a-wbuf.o)
                0x0800be44                __swbuf_r
 .text._write_r
                0x0800bee8       0x24 c:/siliconlabs/simplicitystudio/v5/developer/toolchains/gnu_arm/10.3_2021.10/bin/../lib/gcc/arm-none-eabi/10.3.1/../../../../arm-none-eabi/lib/thumb/v8-m.main+fp/hard\libc_nano.a(lib_a-writer.o)
                0x0800bee8                _write_r
 .text.__swsetup_r
                0x0800bf0c       0xdc c:/siliconlabs/simplicitystudio/v5/developer/toolchains/gnu_arm/10.3_2021.10/bin/../lib/gcc/arm-none-eabi/10.3.1/../../../../arm-none-eabi/lib/thumb/v8-m.main+fp/hard\libc_nano.a(lib_a-wsetup.o)
                0x0800bf0c                __swsetup_r
 .text.__assert_func
                0x0800bfe8       0x3c c:/siliconlabs/simplicitystudio/v5/developer/toolchains/gnu_arm/10.3_2021.10/bin/../lib/gcc/arm-none-eabi/10.3.1/../../../../arm-none-eabi/lib/thumb/v8-m.main+fp/hard\libc_nano.a(lib_a-assert.o)
                0x0800bfe8                __assert_func
 .text._close_r
                0x0800c024       0x20 c:/siliconlabs/simplicitystudio/v5/developer/toolchains/gnu_arm/10.3_2021.10/bin/../lib/gcc/arm-none-eabi/10.3.1/../../../../arm-none-eabi/lib/thumb/v8-m.main+fp/hard\libc_nano.a(lib_a-closer.o)
                0x0800c024                _close_r
 .text.fprintf  0x0800c044       0x24 c:/siliconlabs/simplicitystudio/v5/developer/toolchains/gnu_arm/10.3_2021.10/bin/../lib/gcc/arm-none-eabi/10.3.1/../../../../arm-none-eabi/lib/thumb/v8-m.main+fp/hard\libc_nano.a(lib_a-fprintf.o)
                0x0800c044                fiprintf
                0x0800c044                fprintf
 .text._fstat_r
                0x0800c068       0x24 c:/siliconlabs/simplicitystudio/v5/developer/toolchains/gnu_arm/10.3_2021.10/bin/../lib/gcc/arm-none-eabi/10.3.1/../../../../arm-none-eabi/lib/thumb/v8-m.main+fp/hard\libc_nano.a(lib_a-fstatr.o)
                0x0800c068                _fstat_r
 .text._isatty_r
                0x0800c08c       0x20 c:/siliconlabs/simplicitystudio/v5/developer/toolchains/gnu_arm/10.3_2021.10/bin/../lib/gcc/arm-none-eabi/10.3.1/../../../../arm-none-eabi/lib/thumb/v8-m.main+fp/hard\libc_nano.a(lib_a-isattyr.o)
                0x0800c08c                _isatty_r
 .text._lseek_r
                0x0800c0ac       0x24 c:/siliconlabs/simplicitystudio/v5/developer/toolchains/gnu_arm/10.3_2021.10/bin/../lib/gcc/arm-none-eabi/10.3.1/../../../../arm-none-eabi/lib/thumb/v8-m.main+fp/hard\libc_nano.a(lib_a-lseekr.o)
                0x0800c0ac                _lseek_r
 .text.__malloc_lock
                0x0800c0d0        0xc c:/siliconlabs/simplicitystudio/v5/developer/toolchains/gnu_arm/10.3_2021.10/bin/../lib/gcc/arm-none-eabi/10.3.1/../../../../arm-none-eabi/lib/thumb/v8-m.main+fp/hard\libc_nano.a(lib_a-mlock.o)
                0x0800c0d0                __malloc_lock
 .text.__malloc_unlock
                0x0800c0dc        0xc c:/siliconlabs/simplicitystudio/v5/developer/toolchains/gnu_arm/10.3_2021.10/bin/../lib/gcc/arm-none-eabi/10.3.1/../../../../arm-none-eabi/lib/thumb/v8-m.main+fp/hard\libc_nano.a(lib_a-mlock.o)
                0x0800c0dc                __malloc_unlock
 .text._read_r  0x0800c0e8       0x24 c:/siliconlabs/simplicitystudio/v5/developer/toolchains/gnu_arm/10.3_2021.10/bin/../lib/gcc/arm-none-eabi/10.3.1/../../../../arm-none-eabi/lib/thumb/v8-m.main+fp/hard\libc_nano.a(lib_a-readr.o)
                0x0800c0e8                _read_r
 .text.raise    0x0800c10c       0x10 c:/siliconlabs/simplicitystudio/v5/developer/toolchains/gnu_arm/10.3_2021.10/bin/../lib/gcc/arm-none-eabi/10.3.1/../../../../arm-none-eabi/lib/thumb/v8-m.main+fp/hard\libc_nano.a(lib_a-signal.o)
                0x0800c10c                raise
 .text._kill_r  0x0800c11c       0x24 c:/siliconlabs/simplicitystudio/v5/developer/toolchains/gnu_arm/10.3_2021.10/bin/../lib/gcc/arm-none-eabi/10.3.1/../../../../arm-none-eabi/lib/thumb/v8-m.main+fp/hard\libc_nano.a(lib_a-signalr.o)
                0x0800c11c                _kill_r
 .text          0x0800c140      0x110 c:/siliconlabs/simplicitystudio/v5/developer/toolchains/gnu_arm/10.3_2021.10/bin/../lib/gcc/arm-none-eabi/10.3.1/thumb/v8-m.main+fp/hard\libgcc.a(_arm_cmpdf2.o)
                0x0800c140                __gtdf2
                0x0800c140                __gedf2
                0x0800c148                __ltdf2
                0x0800c148                __ledf2
                0x0800c150                __nedf2
                0x0800c150                __eqdf2
                0x0800c150                __cmpdf2
                0x0800c1cc                __aeabi_cdrcmple
                0x0800c1dc                __aeabi_cdcmpeq
                0x0800c1dc                __aeabi_cdcmple
                0x0800c1ec                __aeabi_dcmpeq
                0x0800c200                __aeabi_dcmplt
                0x0800c214                __aeabi_dcmple
                0x0800c228                __aeabi_dcmpge
                0x0800c23c                __aeabi_dcmpgt
 .text          0x0800c250       0x2c c:/siliconlabs/simplicitystudio/v5/developer/toolchains/gnu_arm/10.3_2021.10/bin/../lib/gcc/arm-none-eabi/10.3.1/thumb/v8-m.main+fp/hard\libgcc.a(_arm_unorddf2.o)
                0x0800c250                __unorddf2
                0x0800c250                __aeabi_dcmpun
 .text.main     0x0800c27c       0x18 ./main.o
                0x0800c27c                main
 .text.sl_board_default_init
                0x0800c294        0xa ./autogen/sl_board_default_init.o
                0x0800c294                sl_board_default_init
 .text.CHIP_Init
                0x0800c29e        0x4 ./autogen/sl_event_handler.o
 .text.sl_platform_init
                0x0800c2a2       0x32 ./autogen/sl_event_handler.o
                0x0800c2a2                sl_platform_init
 .text.sl_driver_init
                0x0800c2d4       0x12 ./autogen/sl_event_handler.o
                0x0800c2d4                sl_driver_init
 .text.sl_service_init
                0x0800c2e6       0x1a ./autogen/sl_event_handler.o
                0x0800c2e6                sl_service_init
 .text.sl_stack_init
                0x0800c300        0x4 ./autogen/sl_event_handler.o
                0x0800c300                sl_stack_init
 .text.sl_internal_app_init
                0x0800c304        0xa ./autogen/sl_event_handler.o
                0x0800c304                sl_internal_app_init
 .text.sl_platform_process_action
                0x0800c30e        0x4 ./autogen/sl_event_handler.o
                0x0800c30e                sl_platform_process_action
 .text.sl_service_process_action
                0x0800c312        0x4 ./autogen/sl_event_handler.o
                0x0800c312                sl_service_process_action
 .text.sl_stack_process_action
                0x0800c316        0x4 ./autogen/sl_event_handler.o
                0x0800c316                sl_stack_process_action
 .text.sl_internal_app_process_action
                0x0800c31a        0x4 ./autogen/sl_event_handler.o
                0x0800c31a                sl_internal_app_process_action
 .text.sl_iostream_init_instances
                0x0800c31e        0xa ./autogen/sl_event_handler.o
                0x0800c31e                sl_iostream_init_instances
 .text.BUS_RegBitRead
                0x0800c328       0x1a ./autogen/sl_iostream_init_usart_instances.o
 .text.sl_iostream_uart_sleep_on_isr_exit
                0x0800c342       0x1c ./autogen/sl_iostream_init_usart_instances.o
 .text.app_is_ok_to_sleep
                0x0800c35e        0x6 ./autogen/sl_power_manager_handler.o
                0x0800c35e                app_is_ok_to_sleep
 .text.app_sleep_on_isr_exit
                0x0800c364        0x6 ./autogen/sl_power_manager_handler.o
                0x0800c364                app_sleep_on_isr_exit
 .text.sl_power_manager_is_ok_to_sleep
                0x0800c36a       0x2c ./autogen/sl_power_manager_handler.o
                0x0800c36a                sl_power_manager_is_ok_to_sleep
 .text.sl_power_manager_sleep_on_isr_exit
                0x0800c396       0x84 ./autogen/sl_power_manager_handler.o
                0x0800c396                sl_power_manager_sleep_on_isr_exit
 .text.sl_board_configure_vcom
                0x0800c41a        0xc ./gecko_sdk_4.2.2/hardware/board/src/sl_board_control_gpio.o
                0x0800c41a                sl_board_configure_vcom
 .text.sl_board_enable_vcom
                0x0800c426       0x14 ./gecko_sdk_4.2.2/hardware/board/src/sl_board_control_gpio.o
                0x0800c426                sl_board_enable_vcom
 .text.sl_board_disable_vcom
                0x0800c43a       0x14 ./gecko_sdk_4.2.2/hardware/board/src/sl_board_control_gpio.o
                0x0800c43a                sl_board_disable_vcom
 .text.sl_board_init
                0x0800c44e       0x16 ./gecko_sdk_4.2.2/hardware/board/src/sl_board_init.o
                0x0800c44e                sl_board_init
 .text.sl_board_preinit
                0x0800c464        0xe ./gecko_sdk_4.2.2/hardware/board/src/sl_board_init.o
                0x0800c464                sl_board_preinit
 .text.sl_cos_send_config
                0x0800c472        0xc ./gecko_sdk_4.2.2/hardware/driver/configuration_over_swo/src/sl_cos.o
                0x0800c472                sl_cos_send_config
 .text.cs_low   0x0800c47e        0xe ./gecko_sdk_4.2.2/hardware/driver/mx25_flash_shutdown/src/sl_mx25_flash_shutdown_eusart/sl_mx25_flash_shutdown.o
 .text.cs_high  0x0800c48c        0xe ./gecko_sdk_4.2.2/hardware/driver/mx25_flash_shutdown/src/sl_mx25_flash_shutdown_eusart/sl_mx25_flash_shutdown.o
 .text.Default_Handler
                0x0800c49a        0x2 ./gecko_sdk_4.2.2/platform/Device/SiliconLabs/EFR32MG24/Source/startup_efr32mg24.o
                0x0800c49a                ULFRCO_IRQHandler
                0x0800c49a                AHB2AHB1_IRQHandler
                0x0800c49a                SW2_IRQHandler
                0x0800c49a                TIMER2_IRQHandler
                0x0800c49a                DebugMon_Handler
                0x0800c49a                IADC_IRQHandler
                0x0800c49a                EUSART0_TX_IRQHandler
                0x0800c49a                I2C0_IRQHandler
                0x0800c49a                LFXO_IRQHandler
                0x0800c49a                HardFault_Handler
                0x0800c49a                SMU_SECURE_IRQHandler
                0x0800c49a                SysTick_Handler
                0x0800c49a                SYSRTC_SEQ_IRQHandler
                0x0800c49a                EMUEFP_IRQHandler
                0x0800c49a                PendSV_Handler
                0x0800c49a                NMI_Handler
                0x0800c49a                SYNTH_IRQHandler
                0x0800c49a                HOSTMAILBOX_IRQHandler
                0x0800c49a                I2C1_IRQHandler
                0x0800c49a                WDOG0_IRQHandler
                0x0800c49a                TIMER3_IRQHandler
                0x0800c49a                SYSCFG_IRQHandler
                0x0800c49a                RFECA1_IRQHandler
                0x0800c49a                EMUDG_IRQHandler
                0x0800c49a                MSC_IRQHandler
                0x0800c49a                DPLL0_IRQHandler
                0x0800c49a                UsageFault_Handler
                0x0800c49a                WDOG1_IRQHandler
                0x0800c49a                M33CTI1_IRQHandler
                0x0800c49a                TIMER4_IRQHandler
                0x0800c49a                VDAC0_IRQHandler
                0x0800c49a                SEMBTX_IRQHandler
                0x0800c49a                SW0_IRQHandler
                0x0800c49a                MVP_IRQHandler
                0x0800c49a                LETIMER0_IRQHandler
                0x0800c49a                EUSART1_RX_IRQHandler
                0x0800c49a                TIMER1_IRQHandler
                0x0800c49a                HFRCO0_IRQHandler
                0x0800c49a                SecureFault_Handler
                0x0800c49a                BUFC_IRQHandler
                0x0800c49a                DCDC_IRQHandler
                0x0800c49a                MODEM_IRQHandler
                0x0800c49a                Default_Handler
                0x0800c49a                RAC_SEQ_IRQHandler
                0x0800c49a                FRC_PRI_IRQHandler
                0x0800c49a                SW3_IRQHandler
                0x0800c49a                EMU_IRQHandler
                0x0800c49a                KERNEL0_IRQHandler
                0x0800c49a                FRC_IRQHandler
                0x0800c49a                PCNT0_IRQHandler
                0x0800c49a                KERNEL1_IRQHandler
                0x0800c49a                AGC_IRQHandler
                0x0800c49a                EUSART1_TX_IRQHandler
                0x0800c49a                KEYSCAN_IRQHandler
                0x0800c49a                HFRCOEM23_IRQHandler
                0x0800c49a                sl_app_properties
                0x0800c49a                BURTC_IRQHandler
                0x0800c49a                SEMBRX_IRQHandler
                0x0800c49a                RFECA0_IRQHandler
                0x0800c49a                LFRCO_IRQHandler
                0x0800c49a                VDAC1_IRQHandler
                0x0800c49a                ACMP0_IRQHandler
                0x0800c49a                MemManage_Handler
                0x0800c49a                AHB2AHB0_IRQHandler
                0x0800c49a                SVC_Handler
                0x0800c49a                SMU_S_PRIVILEGED_IRQHandler
                0x0800c49a                SW1_IRQHandler
                0x0800c49a                CMU_IRQHandler
                0x0800c49a                EUSART0_RX_IRQHandler
                0x0800c49a                RAC_RSM_IRQHandler
                0x0800c49a                SETAMPERHOST_IRQHandler
                0x0800c49a                AES_IRQHandler
                0x0800c49a                M33CTI0_IRQHandler
                0x0800c49a                ICACHE0_IRQHandler
                0x0800c49a                SMU_NS_PRIVILEGED_IRQHandler
                0x0800c49a                FPUEXH_IRQHandler
                0x0800c49a                PROTIMER_IRQHandler
                0x0800c49a                ACMP1_IRQHandler
                0x0800c49a                BusFault_Handler
                0x0800c49a                MPAHBRAM_IRQHandler
 .text.SystemCLKIN0Get
                0x0800c49c        0x6 ./gecko_sdk_4.2.2/platform/Device/SiliconLabs/EFR32MG24/Source/system_efr32mg24.o
                0x0800c49c                SystemCLKIN0Get
 .text.SystemLFRCOClockGet
                0x0800c4a2        0x8 ./gecko_sdk_4.2.2/platform/Device/SiliconLabs/EFR32MG24/Source/system_efr32mg24.o
                0x0800c4a2                SystemLFRCOClockGet
 .text.SystemULFRCOClockGet
                0x0800c4aa        0x8 ./gecko_sdk_4.2.2/platform/Device/SiliconLabs/EFR32MG24/Source/system_efr32mg24.o
                0x0800c4aa                SystemULFRCOClockGet
 .text.assertEFM
                0x0800c4b2        0x8 ./gecko_sdk_4.2.2/platform/common/src/sl_assert.o
                0x0800c4b2                assertEFM
 .text.sl_slist_init
                0x0800c4ba       0x10 ./gecko_sdk_4.2.2/platform/common/src/sl_slist.o
                0x0800c4ba                sl_slist_init
 .text.sl_debug_swo_enable_itm
                0x0800c4ca       0x26 ./gecko_sdk_4.2.2/platform/driver/debug/src/sl_debug_swo.o
                0x0800c4ca                sl_debug_swo_enable_itm
 .text.DMADRV_PeripheralMemory
                0x0800c4f0       0x46 ./gecko_sdk_4.2.2/platform/emdrv/dmadrv/src/dmadrv.o
                0x0800c4f0                DMADRV_PeripheralMemory
 .text.SL_CTZ   0x0800c536       0x2c ./gecko_sdk_4.2.2/platform/emdrv/gpiointerrupt/src/gpiointerrupt.o
 .text.GPIOINT_Init
                0x0800c562       0x36 ./gecko_sdk_4.2.2/platform/emdrv/gpiointerrupt/src/gpiointerrupt.o
                0x0800c562                GPIOINT_Init
 .text.GPIO_EVEN_IRQHandler
                0x0800c598       0x28 ./gecko_sdk_4.2.2/platform/emdrv/gpiointerrupt/src/gpiointerrupt.o
                0x0800c598                GPIO_EVEN_IRQHandler
 .text.GPIO_ODD_IRQHandler
                0x0800c5c0       0x28 ./gecko_sdk_4.2.2/platform/emdrv/gpiointerrupt/src/gpiointerrupt.o
                0x0800c5c0                GPIO_ODD_IRQHandler
 .text.SystemCoreClockGet
                0x0800c5e8        0xc ./gecko_sdk_4.2.2/platform/emlib/src/em_cmu.o
 .text.BUS_RegBitRead
                0x0800c5f4       0x1a ./gecko_sdk_4.2.2/platform/emlib/src/em_cmu.o
 .text.BUS_RegMaskedWrite
                0x0800c60e       0x34 ./gecko_sdk_4.2.2/platform/emlib/src/em_cmu.o
 .text.sli_em_cmu_SYSCLKInitPreClockSelect
                0x0800c642       0x1a ./gecko_sdk_4.2.2/platform/emlib/src/em_cmu.o
                0x0800c642                sli_em_cmu_SYSCLKInitPreClockSelect
 .text.sli_em_cmu_SYSCLKInitPostClockSelect
                0x0800c65c       0x2e ./gecko_sdk_4.2.2/platform/emlib/src/em_cmu.o
                0x0800c65c                sli_em_cmu_SYSCLKInitPostClockSelect
 .text.CMU_UpdateWaitStates
                0x0800c68a       0x28 ./gecko_sdk_4.2.2/platform/emlib/src/em_cmu.o
                0x0800c68a                CMU_UpdateWaitStates
 .text.pclkDivMax
                0x0800c6b2       0x10 ./gecko_sdk_4.2.2/platform/emlib/src/em_cmu.o
 .text.waitStateMax
                0x0800c6c2       0x14 ./gecko_sdk_4.2.2/platform/emlib/src/em_cmu.o
 .text.CORE_EnterCritical
                0x0800c6d6       0x18 ./gecko_sdk_4.2.2/platform/emlib/src/em_core.o
                0x0800c6d6                CORE_EnterCritical
 .text.CORE_ExitCritical
                0x0800c6ee       0x14 ./gecko_sdk_4.2.2/platform/emlib/src/em_core.o
                0x0800c6ee                CORE_ExitCritical
 .text.CORE_EnterAtomic
                0x0800c702       0x20 ./gecko_sdk_4.2.2/platform/emlib/src/em_core.o
                0x0800c702                CORE_EnterAtomic
 .text.CORE_ExitAtomic
                0x0800c722       0x16 ./gecko_sdk_4.2.2/platform/emlib/src/em_core.o
                0x0800c722                CORE_ExitAtomic
 .text.SystemCoreClockUpdate
                0x0800c738        0xa ./gecko_sdk_4.2.2/platform/emlib/src/em_emu.o
 .text.BUS_RegBitRead
                0x0800c742       0x1a ./gecko_sdk_4.2.2/platform/emlib/src/em_emu.o
 .text.vScaleEM01Cmd
                0x0800c75c       0x1c ./gecko_sdk_4.2.2/platform/emlib/src/em_emu.o
 .text.EMU_EFPEM23PresleepHook
                0x0800c778        0x4 ./gecko_sdk_4.2.2/platform/emlib/src/em_emu.o
                0x0800c778                EMU_EFPEM23PresleepHook
 .text.EMU_EFPEM23PostsleepHook
                0x0800c77c        0x4 ./gecko_sdk_4.2.2/platform/emlib/src/em_emu.o
                0x0800c77c                EMU_EFPEM23PostsleepHook
 .text.EMU_Save
                0x0800c780        0x4 ./gecko_sdk_4.2.2/platform/emlib/src/em_emu.o
                0x0800c780                EMU_Save
 .text.EMU_Restore
                0x0800c784        0x4 ./gecko_sdk_4.2.2/platform/emlib/src/em_emu.o
                0x0800c784                EMU_Restore
 .text.EMU_EFPEM01VScale
                0x0800c788        0xe ./gecko_sdk_4.2.2/platform/emlib/src/em_emu.o
                0x0800c788                EMU_EFPEM01VScale
 .text.EMU_DCDCUpdatedHook
                0x0800c796        0x4 ./gecko_sdk_4.2.2/platform/emlib/src/em_emu.o
                0x0800c796                EMU_DCDCUpdatedHook
 .text.EUSART_StatusGet
                0x0800c79a        0xe ./gecko_sdk_4.2.2/platform/emlib/src/em_eusart.o
 .text.eusart_sync
                0x0800c7a8       0x1c ./gecko_sdk_4.2.2/platform/emlib/src/em_eusart.o
 .text.EUSART_Spi_TxRx
                0x0800c7c4       0x3a ./gecko_sdk_4.2.2/platform/emlib/src/em_eusart.o
                0x0800c7c4                EUSART_Spi_TxRx
 .text.EUSART_Disable
                0x0800c7fe       0x68 ./gecko_sdk_4.2.2/platform/emlib/src/em_eusart.o
 .text.BUS_RegMaskedWrite
                0x0800c866       0x34 ./gecko_sdk_4.2.2/platform/emlib/src/em_gpio.o
 .text.GPIO_DbgLocationSet
                0x0800c89a        0xa ./gecko_sdk_4.2.2/platform/emlib/src/em_gpio.o
                0x0800c89a                GPIO_DbgLocationSet
 .text.I2C_IntClear
                0x0800c8a4       0x18 ./gecko_sdk_4.2.2/platform/emlib/src/em_i2c.o
 .text.BUS_RegMaskedWrite
                0x0800c8bc       0x34 ./gecko_sdk_4.2.2/platform/emlib/src/em_i2c.o
 .text.flushRx  0x0800c8f0       0x28 ./gecko_sdk_4.2.2/platform/emlib/src/em_i2c.o
 .text.BUS_RegMaskedClear
                0x0800c918       0x1a ./gecko_sdk_4.2.2/platform/emlib/src/em_ldma.o
 .text.TIMER_SyncWait
                0x0800c932       0x24 ./gecko_sdk_4.2.2/platform/emlib/src/em_timer.o
                0x0800c932                TIMER_SyncWait
 .text.USART_Tx
                0x0800c956       0x26 ./gecko_sdk_4.2.2/platform/emlib/src/em_usart.o
                0x0800c956                USART_Tx
 .text.sl_device_init_nvic
                0x0800c97c       0x38 ./gecko_sdk_4.2.2/platform/service/device_init/src/sl_device_init_nvic.o
                0x0800c97c                sl_device_init_nvic
 .text.sl_hfxo_manager_init_hardware
                0x0800c9b4        0xa ./gecko_sdk_4.2.2/platform/service/hfxo_manager/src/sl_hfxo_manager.o
                0x0800c9b4                sl_hfxo_manager_init_hardware
 .text.HFXO0_IRQHandler
                0x0800c9be        0xa ./gecko_sdk_4.2.2/platform/service/hfxo_manager/src/sl_hfxo_manager_hal_s2.o
                0x0800c9be                HFXO0_IRQHandler
 .text.sl_iostream_write
                0x0800c9c8       0x40 ./gecko_sdk_4.2.2/platform/service/iostream/src/sl_iostream.o
                0x0800c9c8                sl_iostream_write
 .text.sl_iostream_read
                0x0800ca08       0x50 ./gecko_sdk_4.2.2/platform/service/iostream/src/sl_iostream.o
                0x0800ca08                sl_iostream_read
 .text.sl_iostream_vprintf
                0x0800ca58       0x64 ./gecko_sdk_4.2.2/platform/service/iostream/src/sl_iostream.o
                0x0800ca58                sl_iostream_vprintf
 .text.sl_iostream_printf
                0x0800cabc       0x26 ./gecko_sdk_4.2.2/platform/service/iostream/src/sl_iostream.o
                0x0800cabc                sl_iostream_printf
 .text._close   0x0800cae2        0xc ./gecko_sdk_4.2.2/platform/service/iostream/src/sl_iostream_retarget_stdio.o
                0x0800cae2                _close
 .text._exit    0x0800caee        0x6 ./gecko_sdk_4.2.2/platform/service/iostream/src/sl_iostream_retarget_stdio.o
                0x0800caee                _exit
 .text._fstat   0x0800caf4       0x16 ./gecko_sdk_4.2.2/platform/service/iostream/src/sl_iostream_retarget_stdio.o
                0x0800caf4                _fstat
 .text._getpid  0x0800cb0a        0x6 ./gecko_sdk_4.2.2/platform/service/iostream/src/sl_iostream_retarget_stdio.o
                0x0800cb0a                _getpid
 .text._isatty  0x0800cb10        0xc ./gecko_sdk_4.2.2/platform/service/iostream/src/sl_iostream_retarget_stdio.o
                0x0800cb10                _isatty
 .text._kill    0x0800cb1c       0x10 ./gecko_sdk_4.2.2/platform/service/iostream/src/sl_iostream_retarget_stdio.o
                0x0800cb1c                _kill
 .text._lseek   0x0800cb2c       0x10 ./gecko_sdk_4.2.2/platform/service/iostream/src/sl_iostream_retarget_stdio.o
                0x0800cb2c                _lseek
 .text._read    0x0800cb3c       0x30 ./gecko_sdk_4.2.2/platform/service/iostream/src/sl_iostream_retarget_stdio.o
                0x0800cb3c                _read
 .text.sl_power_manager_add_em_requirement
                0x0800cb6c       0x2a ./gecko_sdk_4.2.2/platform/service/iostream/src/sl_iostream_uart.o
 .text.sl_power_manager_remove_em_requirement
                0x0800cb96       0x2a ./gecko_sdk_4.2.2/platform/service/iostream/src/sl_iostream_uart.o
 .text.sleep_on_isr_exit
                0x0800cbc0       0x60 ./gecko_sdk_4.2.2/platform/service/iostream/src/sl_iostream_uart.o
 .text.set_auto_cr_lf
                0x0800cc20       0x1e ./gecko_sdk_4.2.2/platform/service/iostream/src/sl_iostream_uart.o
 .text.get_auto_cr_lf
                0x0800cc3e       0x1c ./gecko_sdk_4.2.2/platform/service/iostream/src/sl_iostream_uart.o
 .text.set_rx_energy_mode_restriction
                0x0800cc5a       0x78 ./gecko_sdk_4.2.2/platform/service/iostream/src/sl_iostream_uart.o
 .text.get_rx_energy_mode_restriction
                0x0800ccd2       0x1c ./gecko_sdk_4.2.2/platform/service/iostream/src/sl_iostream_uart.o
 .text.nolock_uart_write
                0x0800ccee       0xf6 ./gecko_sdk_4.2.2/platform/service/iostream/src/sl_iostream_uart.o
 .text.uart_write
                0x0800cde4       0x1e ./gecko_sdk_4.2.2/platform/service/iostream/src/sl_iostream_uart.o
 .text.uart_read
                0x0800ce02       0x42 ./gecko_sdk_4.2.2/platform/service/iostream/src/sl_iostream_uart.o
 .text.USART_IntClear
                0x0800ce44       0x18 ./gecko_sdk_4.2.2/platform/service/iostream/src/sl_iostream_usart.o
 .text.USART_IntDisable
                0x0800ce5c       0x1a ./gecko_sdk_4.2.2/platform/service/iostream/src/sl_iostream_usart.o
 .text.USART_IntEnable
                0x0800ce76       0x18 ./gecko_sdk_4.2.2/platform/service/iostream/src/sl_iostream_usart.o
 .text.USART_StatusGet
                0x0800ce8e        0xe ./gecko_sdk_4.2.2/platform/service/iostream/src/sl_iostream_usart.o
 .text.usart_tx
                0x0800ce9c       0x2a ./gecko_sdk_4.2.2/platform/service/iostream/src/sl_iostream_usart.o
 .text.usart_set_next_byte_detect
                0x0800cec6       0x3a ./gecko_sdk_4.2.2/platform/service/iostream/src/sl_iostream_usart.o
 .text.usart_tx_completed
                0x0800cf00       0x46 ./gecko_sdk_4.2.2/platform/service/iostream/src/sl_iostream_usart.o
 .text.usart_deinit
                0x0800cf46       0xb6 ./gecko_sdk_4.2.2/platform/service/iostream/src/sl_iostream_usart.o
 .text.sli_power_manager_initiate_restore
                0x0800cffc       0x1c ./gecko_sdk_4.2.2/platform/service/power_manager/src/sl_power_manager.o
                0x0800cffc                sli_power_manager_initiate_restore
 .text.enter_critical_with_primask
                0x0800d018       0x18 ./gecko_sdk_4.2.2/platform/service/power_manager/src/sl_power_manager.o
 .text.exit_critical_with_primask
                0x0800d030       0x14 ./gecko_sdk_4.2.2/platform/service/power_manager/src/sl_power_manager.o
 .text.SystemCoreClockUpdate
                0x0800d044        0xa ./gecko_sdk_4.2.2/platform/service/power_manager/src/sl_power_manager_hal_s2.o
 .text.sli_power_manager_save_states
                0x0800d04e        0xa ./gecko_sdk_4.2.2/platform/service/power_manager/src/sl_power_manager_hal_s2.o
                0x0800d04e                sli_power_manager_save_states
 .text.sli_power_manager_get_default_high_frequency_minimum_offtime
                0x0800d058       0x10 ./gecko_sdk_4.2.2/platform/service/power_manager/src/sl_power_manager_hal_s2.o
                0x0800d058                sli_power_manager_get_default_high_frequency_minimum_offtime
 .text.sli_power_manager_low_frequency_restore
                0x0800d068        0x4 ./gecko_sdk_4.2.2/platform/service/power_manager/src/sl_power_manager_hal_s2.o
                0x0800d068                sli_power_manager_low_frequency_restore
 .text.sl_sleeptimer_restart_timer
                0x0800d06c       0x4e ./gecko_sdk_4.2.2/platform/service/sleeptimer/src/sl_sleeptimer.o
                0x0800d06c                sl_sleeptimer_restart_timer
 .text.sl_sleeptimer_get_tick_count
                0x0800d0ba       0x20 ./gecko_sdk_4.2.2/platform/service/sleeptimer/src/sl_sleeptimer.o
                0x0800d0ba                sl_sleeptimer_get_tick_count
 .text.sleeptimer_hal_init_timer
                0x0800d0da       0x76 ./gecko_sdk_4.2.2/platform/service/sleeptimer/src/sl_sleeptimer_hal_sysrtc.o
                0x0800d0da                sleeptimer_hal_init_timer
 .text.sleeptimer_hal_get_counter
                0x0800d150        0xc ./gecko_sdk_4.2.2/platform/service/sleeptimer/src/sl_sleeptimer_hal_sysrtc.o
                0x0800d150                sleeptimer_hal_get_counter
 .text.sleeptimer_hal_get_compare
                0x0800d15c       0x10 ./gecko_sdk_4.2.2/platform/service/sleeptimer/src/sl_sleeptimer_hal_sysrtc.o
                0x0800d15c                sleeptimer_hal_get_compare
 .text.sleeptimer_hal_enable_int
                0x0800d16c       0x46 ./gecko_sdk_4.2.2/platform/service/sleeptimer/src/sl_sleeptimer_hal_sysrtc.o
                0x0800d16c                sleeptimer_hal_enable_int
 .text.sli_sleeptimer_hal_is_int_status_set
                0x0800d1b2       0x5a ./gecko_sdk_4.2.2/platform/service/sleeptimer/src/sl_sleeptimer_hal_sysrtc.o
                0x0800d1b2                sli_sleeptimer_hal_is_int_status_set
 .text.SYSRTC_APP_IRQHandler
                0x0800d20c       0x6a ./gecko_sdk_4.2.2/platform/service/sleeptimer/src/sl_sleeptimer_hal_sysrtc.o
                0x0800d20c                SYSRTC_APP_IRQHandler
 .text.sleeptimer_hal_get_timer_frequency
                0x0800d276        0xe ./gecko_sdk_4.2.2/platform/service/sleeptimer/src/sl_sleeptimer_hal_sysrtc.o
                0x0800d276                sleeptimer_hal_get_timer_frequency
 .text.get_time_diff
                0x0800d284       0x12 ./gecko_sdk_4.2.2/platform/service/sleeptimer/src/sl_sleeptimer_hal_sysrtc.o
 .text.sl_system_init
                0x0800d296       0x1a ./gecko_sdk_4.2.2/platform/service/system/src/sl_system_init.o
                0x0800d296                sl_system_init
 .text.sl_system_process_action
                0x0800d2b0       0x16 ./gecko_sdk_4.2.2/platform/service/system/src/sl_system_process_action.o
                0x0800d2b0                sl_system_process_action
 .text.SystemCoreClockGet
                0x0800d2c6        0xc ./gecko_sdk_4.2.2/platform/service/udelay/src/sl_udelay.o
 .text.init_PPS
                0x0800d2d2       0x12 ./src/GPIO.o
                0x0800d2d2                init_PPS
 .text.PPS_on   0x0800d2e4        0xe ./src/GPIO.o
                0x0800d2e4                PPS_on
 .text.adxl_init
                0x0800d2f2       0x1e ./src/adxl343.o
                0x0800d2f2                adxl_init
 .text.adxl_config
                0x0800d310       0xae ./src/adxl343.o
                0x0800d310                adxl_config
 .text.adxl_read
                0x0800d3be       0xc0 ./src/adxl343.o
                0x0800d3be                adxl_read
 .text.adxl_write
                0x0800d47e       0x72 ./src/adxl343.o
                0x0800d47e                adxl_write
 .text.adxl_getAccelVals
                0x0800d4f0       0x7a ./src/adxl343.o
                0x0800d4f0                adxl_getAccelVals
 .text.adxl_getAccelEvent
                0x0800d56a       0xd0 ./src/adxl343.o
                0x0800d56a                adxl_getAccelEvent
 .text.TIMER_IntClear
                0x0800d63a       0x18 ./src/irq.o
 .text.TIMER_IntGet
                0x0800d652        0xe ./src/irq.o
 .text.gps_generate_checksum
                0x0800d660       0xde ./src/sam-m8q.o
                0x0800d660                gps_generate_checksum
 .text.gps_generate_ubx_frame_buffer
                0x0800d73e       0xb8 ./src/sam-m8q.o
                0x0800d73e                gps_generate_ubx_frame_buffer
 .text.TIMER_IntClear
                0x0800d7f6       0x18 ./src/timers.o
 .text.TIMER_IntEnable
                0x0800d80e       0x18 ./src/timers.o
 .text.abs      0x0800d826        0x8 c:/siliconlabs/simplicitystudio/v5/developer/toolchains/gnu_arm/10.3_2021.10/bin/../lib/gcc/arm-none-eabi/10.3.1/../../../../arm-none-eabi/lib/thumb/v8-m.main+fp/hard\libc_nano.a(lib_a-abs.o)
                0x0800d826                abs
 .text.memcpy   0x0800d82e       0x1a c:/siliconlabs/simplicitystudio/v5/developer/toolchains/gnu_arm/10.3_2021.10/bin/../lib/gcc/arm-none-eabi/10.3.1/../../../../arm-none-eabi/lib/thumb/v8-m.main+fp/hard\libc_nano.a(lib_a-memcpy-stub.o)