Archive member included to satisfy reference by file (symbol)

c:/siliconlabs/simplicitystudio/v5/developer/toolchains/gnu_arm/10.3_2021.10/bin/../lib/gcc/arm-none-eabi/10.3.1/thumb/v8-m.main+fp/hard\libgcc.a(_aeabi_uldivmod.o)
                              ./gecko_sdk_4.2.1/platform/emlib/src/em_eusart.o (__aeabi_uldivmod)
c:/siliconlabs/simplicitystudio/v5/developer/toolchains/gnu_arm/10.3_2021.10/bin/../lib/gcc/arm-none-eabi/10.3.1/thumb/v8-m.main+fp/hard\libgcc.a(_udivmoddi4.o)
                              c:/siliconlabs/simplicitystudio/v5/developer/toolchains/gnu_arm/10.3_2021.10/bin/../lib/gcc/arm-none-eabi/10.3.1/thumb/v8-m.main+fp/hard\libgcc.a(_aeabi_uldivmod.o) (__udivmoddi4)
c:/siliconlabs/simplicitystudio/v5/developer/toolchains/gnu_arm/10.3_2021.10/bin/../lib/gcc/arm-none-eabi/10.3.1/thumb/v8-m.main+fp/hard\libgcc.a(_dvmd_tls.o)
                              c:/siliconlabs/simplicitystudio/v5/developer/toolchains/gnu_arm/10.3_2021.10/bin/../lib/gcc/arm-none-eabi/10.3.1/thumb/v8-m.main+fp/hard\libgcc.a(_aeabi_uldivmod.o) (__aeabi_ldiv0)
c:/siliconlabs/simplicitystudio/v5/developer/toolchains/gnu_arm/10.3_2021.10/bin/../lib/gcc/arm-none-eabi/10.3.1/../../../../arm-none-eabi/lib/thumb/v8-m.main+fp/hard\libc_nano.a(lib_a-ctype_.o)
                              ./gecko_sdk_4.2.1/platform/common/src/sl_string.o (_ctype_)
c:/siliconlabs/simplicitystudio/v5/developer/toolchains/gnu_arm/10.3_2021.10/bin/../lib/gcc/arm-none-eabi/10.3.1/../../../../arm-none-eabi/lib/thumb/v8-m.main+fp/hard\libc_nano.a(lib_a-exit.o)
                              c:/siliconlabs/simplicitystudio/v5/developer/toolchains/gnu_arm/10.3_2021.10/bin/../lib/gcc/arm-none-eabi/10.3.1/../../../../arm-none-eabi/lib/thumb/v8-m.main+fp/hard/crt0.o (exit)
c:/siliconlabs/simplicitystudio/v5/developer/toolchains/gnu_arm/10.3_2021.10/bin/../lib/gcc/arm-none-eabi/10.3.1/../../../../arm-none-eabi/lib/thumb/v8-m.main+fp/hard\libc_nano.a(lib_a-impure.o)
                              c:/siliconlabs/simplicitystudio/v5/developer/toolchains/gnu_arm/10.3_2021.10/bin/../lib/gcc/arm-none-eabi/10.3.1/../../../../arm-none-eabi/lib/thumb/v8-m.main+fp/hard\libc_nano.a(lib_a-exit.o) (_global_impure_ptr)
c:/siliconlabs/simplicitystudio/v5/developer/toolchains/gnu_arm/10.3_2021.10/bin/../lib/gcc/arm-none-eabi/10.3.1/../../../../arm-none-eabi/lib/thumb/v8-m.main+fp/hard\libc_nano.a(lib_a-init.o)
                              c:/siliconlabs/simplicitystudio/v5/developer/toolchains/gnu_arm/10.3_2021.10/bin/../lib/gcc/arm-none-eabi/10.3.1/../../../../arm-none-eabi/lib/thumb/v8-m.main+fp/hard/crt0.o (__libc_init_array)
c:/siliconlabs/simplicitystudio/v5/developer/toolchains/gnu_arm/10.3_2021.10/bin/../lib/gcc/arm-none-eabi/10.3.1/../../../../arm-none-eabi/lib/thumb/v8-m.main+fp/hard\libc_nano.a(lib_a-memcpy-stub.o)
                              ./gecko_sdk_4.2.1/platform/service/iostream/src/sl_iostream_uart.o (memcpy)
c:/siliconlabs/simplicitystudio/v5/developer/toolchains/gnu_arm/10.3_2021.10/bin/../lib/gcc/arm-none-eabi/10.3.1/../../../../arm-none-eabi/lib/thumb/v8-m.main+fp/hard\libc_nano.a(lib_a-memset.o)
                              c:/siliconlabs/simplicitystudio/v5/developer/toolchains/gnu_arm/10.3_2021.10/bin/../lib/gcc/arm-none-eabi/10.3.1/../../../../arm-none-eabi/lib/thumb/v8-m.main+fp/hard/crt0.o (memset)
c:/siliconlabs/simplicitystudio/v5/developer/toolchains/gnu_arm/10.3_2021.10/bin/../lib/gcc/arm-none-eabi/10.3.1/../../../../arm-none-eabi/lib/thumb/v8-m.main+fp/hard\libc_nano.a(lib_a-setvbuf.o)
                              ./gecko_sdk_4.2.1/platform/service/iostream/src/sl_iostream_stdlib_config.o (setvbuf)
c:/siliconlabs/simplicitystudio/v5/developer/toolchains/gnu_arm/10.3_2021.10/bin/../lib/gcc/arm-none-eabi/10.3.1/../../../../arm-none-eabi/lib/thumb/v8-m.main+fp/hard\libc_nano.a(lib_a-strcmp.o)
                              ./autogen/sl_iostream_handles.o (strcmp)
c:/siliconlabs/simplicitystudio/v5/developer/toolchains/gnu_arm/10.3_2021.10/bin/../lib/gcc/arm-none-eabi/10.3.1/../../../../arm-none-eabi/lib/thumb/v8-m.main+fp/hard\libc_nano.a(lib_a-vprintf.o)
                              ./gecko_sdk_4.2.1/platform/service/iostream/src/sl_iostream.o (vprintf)
c:/siliconlabs/simplicitystudio/v5/developer/toolchains/gnu_arm/10.3_2021.10/bin/../lib/gcc/arm-none-eabi/10.3.1/../../../../arm-none-eabi/lib/thumb/v8-m.main+fp/hard\libc_nano.a(lib_a-fflush.o)
                              c:/siliconlabs/simplicitystudio/v5/developer/toolchains/gnu_arm/10.3_2021.10/bin/../lib/gcc/arm-none-eabi/10.3.1/../../../../arm-none-eabi/lib/thumb/v8-m.main+fp/hard\libc_nano.a(lib_a-setvbuf.o) (_fflush_r)
c:/siliconlabs/simplicitystudio/v5/developer/toolchains/gnu_arm/10.3_2021.10/bin/../lib/gcc/arm-none-eabi/10.3.1/../../../../arm-none-eabi/lib/thumb/v8-m.main+fp/hard\libc_nano.a(lib_a-findfp.o)
[...]
Memory Configuration

Name             Origin             Length             Attributes
FLASH            0x08000000         0x0017e000         xr
RAM              0x20000000         0x00040000         xrw
*default*        0x00000000         0xffffffff

Linker script and memory map

LOAD c:/siliconlabs/simplicitystudio/v5/developer/toolchains/gnu_arm/10.3_2021.10/bin/../lib/gcc/arm-none-eabi/10.3.1/thumb/v8-m.main+fp/hard/crti.o
LOAD c:/siliconlabs/simplicitystudio/v5/developer/toolchains/gnu_arm/10.3_2021.10/bin/../lib/gcc/arm-none-eabi/10.3.1/thumb/v8-m.main+fp/hard/crtbegin.o
LOAD c:/siliconlabs/simplicitystudio/v5/developer/toolchains/gnu_arm/10.3_2021.10/bin/../lib/gcc/arm-none-eabi/10.3.1/../../../../arm-none-eabi/lib/thumb/v8-m.main+fp/hard/crt0.o
START GROUP
LOAD ./app.o
LOAD ./main.o
LOAD ./autogen/sl_device_init_clocks.o
LOAD ./autogen/sl_event_handler.o
LOAD ./autogen/sl_iostream_handles.o
LOAD ./autogen/sl_iostream_init_usart_instances.o
LOAD ./autogen/sl_power_manager_handler.o
LOAD ./gecko_sdk_4.2.1/app/common/util/app_log/app_log.o
LOAD ./gecko_sdk_4.2.1/platform/Device/SiliconLabs/EFR32MG24/Source/startup_efr32mg24.o
LOAD ./gecko_sdk_4.2.1/platform/Device/SiliconLabs/EFR32MG24/Source/system_efr32mg24.o
LOAD ./gecko_sdk_4.2.1/platform/common/src/sl_assert.o
LOAD ./gecko_sdk_4.2.1/platform/common/src/sl_slist.o
LOAD ./gecko_sdk_4.2.1/platform/common/src/sl_string.o
LOAD ./gecko_sdk_4.2.1/platform/common/toolchain/src/sl_memory.o
LOAD ./gecko_sdk_4.2.1/platform/emdrv/dmadrv/src/dmactrl.o
LOAD ./gecko_sdk_4.2.1/platform/emdrv/dmadrv/src/dmadrv.o
LOAD ./gecko_sdk_4.2.1/platform/emlib/src/em_burtc.o
LOAD ./gecko_sdk_4.2.1/platform/emlib/src/em_cmu.o
LOAD ./gecko_sdk_4.2.1/platform/emlib/src/em_core.o
LOAD ./gecko_sdk_4.2.1/platform/emlib/src/em_emu.o
LOAD ./gecko_sdk_4.2.1/platform/emlib/src/em_eusart.o
LOAD ./gecko_sdk_4.2.1/platform/emlib/src/em_gpio.o
LOAD ./gecko_sdk_4.2.1/platform/emlib/src/em_i2c.o
LOAD ./gecko_sdk_4.2.1/platform/emlib/src/em_ldma.o
LOAD ./gecko_sdk_4.2.1/platform/emlib/src/em_msc.o
LOAD ./gecko_sdk_4.2.1/platform/emlib/src/em_system.o
LOAD ./gecko_sdk_4.2.1/platform/emlib/src/em_timer.o
LOAD ./gecko_sdk_4.2.1/platform/emlib/src/em_usart.o
LOAD ./gecko_sdk_4.2.1/platform/peripheral/src/peripheral_sysrtc.o
LOAD ./gecko_sdk_4.2.1/platform/service/device_init/src/sl_device_init_dcdc_s2.o
LOAD ./gecko_sdk_4.2.1/platform/service/device_init/src/sl_device_init_emu_s2.o
LOAD ./gecko_sdk_4.2.1/platform/service/device_init/src/sl_device_init_hfxo_s2.o
LOAD ./gecko_sdk_4.2.1/platform/service/device_init/src/sl_device_init_lfxo_s2.o
LOAD ./gecko_sdk_4.2.1/platform/service/device_init/src/sl_device_init_nvic.o
LOAD ./gecko_sdk_4.2.1/platform/service/hfxo_manager/src/sl_hfxo_manager.o
LOAD ./gecko_sdk_4.2.1/platform/service/hfxo_manager/src/sl_hfxo_manager_hal_s2.o
LOAD ./gecko_sdk_4.2.1/platform/service/iostream/src/sl_iostream.o
LOAD ./gecko_sdk_4.2.1/platform/service/iostream/src/sl_iostream_retarget_stdio.o
LOAD ./gecko_sdk_4.2.1/platform/service/iostream/src/sl_iostream_stdlib_config.o
LOAD ./gecko_sdk_4.2.1/platform/service/iostream/src/sl_iostream_uart.o
LOAD ./gecko_sdk_4.2.1/platform/service/iostream/src/sl_iostream_usart.o
LOAD ./gecko_sdk_4.2.1/platform/service/power_manager/src/sl_power_manager.o
LOAD ./gecko_sdk_4.2.1/platform/service/power_manager/src/sl_power_manager_debug.o
LOAD ./gecko_sdk_4.2.1/platform/service/power_manager/src/sl_power_manager_hal_s2.o
LOAD ./gecko_sdk_4.2.1/platform/service/sleeptimer/src/sl_sleeptimer.o
LOAD ./gecko_sdk_4.2.1/platform/service/sleeptimer/src/sl_sleeptimer_hal_burtc.o
LOAD ./gecko_sdk_4.2.1/platform/service/sleeptimer/src/sl_sleeptimer_hal_sysrtc.o
LOAD ./gecko_sdk_4.2.1/platform/service/sleeptimer/src/sl_sleeptimer_hal_timer.o
LOAD ./gecko_sdk_4.2.1/platform/service/system/src/sl_system_init.o
LOAD ./gecko_sdk_4.2.1/platform/service/system/src/sl_system_process_action.o
LOAD ./src/GPIO.o
LOAD ./src/I2C.o
LOAD ./src/adxl343.o
LOAD ./src/irq.o
LOAD ./src/log.o
LOAD ./src/timers.o
LOAD c:/siliconlabs/simplicitystudio/v5/developer/toolchains/gnu_arm/10.3_2021.10/bin/../lib/gcc/arm-none-eabi/10.3.1/thumb/v8-m.main+fp/hard\libgcc.a
LOAD c:/siliconlabs/simplicitystudio/v5/developer/toolchains/gnu_arm/10.3_2021.10/bin/../lib/gcc/arm-none-eabi/10.3.1/../../../../arm-none-eabi/lib/thumb/v8-m.main+fp/hard\libc_nano.a
LOAD c:/siliconlabs/simplicitystudio/v5/developer/toolchains/gnu_arm/10.3_2021.10/bin/../lib/gcc/arm-none-eabi/10.3.1/../../../../arm-none-eabi/lib/thumb/v8-m.main+fp/hard\libm.a
LOAD c:/siliconlabs/simplicitystudio/v5/developer/toolchains/gnu_arm/10.3_2021.10/bin/../lib/gcc/arm-none-eabi/10.3.1/../../../../arm-none-eabi/lib/thumb/v8-m.main+fp/hard\libnosys.a
END GROUP
START GROUP
LOAD c:/siliconlabs/simplicitystudio/v5/developer/toolchains/gnu_arm/10.3_2021.10/bin/../lib/gcc/arm-none-eabi/10.3.1/thumb/v8-m.main+fp/hard\libgcc.a
LOAD c:/siliconlabs/simplicitystudio/v5/developer/toolchains/gnu_arm/10.3_2021.10/bin/../lib/gcc/arm-none-eabi/10.3.1/../../../../arm-none-eabi/lib/thumb/v8-m.main+fp/hard\libc_nano.a
LOAD c:/siliconlabs/simplicitystudio/v5/developer/toolchains/gnu_arm/10.3_2021.10/bin/../lib/gcc/arm-none-eabi/10.3.1/../../../../arm-none-eabi/lib/thumb/v8-m.main+fp/hard\libnosys.a
END GROUP
START GROUP
LOAD c:/siliconlabs/simplicitystudio/v5/developer/toolchains/gnu_arm/10.3_2021.10/bin/../lib/gcc/arm-none-eabi/10.3.1/thumb/v8-m.main+fp/hard\libgcc.a
LOAD c:/siliconlabs/simplicitystudio/v5/developer/toolchains/gnu_arm/10.3_2021.10/bin/../lib/gcc/arm-none-eabi/10.3.1/../../../../arm-none-eabi/lib/thumb/v8-m.main+fp/hard\libg_nano.a
LOAD c:/siliconlabs/simplicitystudio/v5/developer/toolchains/gnu_arm/10.3_2021.10/bin/../lib/gcc/arm-none-eabi/10.3.1/../../../../arm-none-eabi/lib/thumb/v8-m.main+fp/hard\libc_nano.a
END GROUP
START GROUP
LOAD c:/siliconlabs/simplicitystudio/v5/developer/toolchains/gnu_arm/10.3_2021.10/bin/../lib/gcc/arm-none-eabi/10.3.1/thumb/v8-m.main+fp/hard\libgcc.a
LOAD c:/siliconlabs/simplicitystudio/v5/developer/toolchains/gnu_arm/10.3_2021.10/bin/../lib/gcc/arm-none-eabi/10.3.1/../../../../arm-none-eabi/lib/thumb/v8-m.main+fp/hard\libc_nano.a
END GROUP
LOAD c:/siliconlabs/simplicitystudio/v5/developer/toolchains/gnu_arm/10.3_2021.10/bin/../lib/gcc/arm-none-eabi/10.3.1/thumb/v8-m.main+fp/hard/crtend.o
LOAD c:/siliconlabs/simplicitystudio/v5/developer/toolchains/gnu_arm/10.3_2021.10/bin/../lib/gcc/arm-none-eabi/10.3.1/thumb/v8-m.main+fp/hard/crtn.o

.text           0x08000000     0xaaf4
                0x08000000                linker_vectors_begin = .
 *(.vectors)
 .vectors       0x08000000      0x170 ./gecko_sdk_4.2.1/platform/Device/SiliconLabs/EFR32MG24/Source/startup_efr32mg24.o
                0x08000000                __Vectors
                0x08000170                linker_vectors_end = .
                0x08000170                __Vectors_End = .
                0x08000170                __Vectors_Size = (__Vectors_End - __Vectors)
                0x08000170                linker_code_begin = .
 *(SORT_BY_ALIGNMENT(.text*))
 .text          0x08000170       0x40 c:/siliconlabs/simplicitystudio/v5/developer/toolchains/gnu_arm/10.3_2021.10/bin/../lib/gcc/arm-none-eabi/10.3.1/thumb/v8-m.main+fp/hard/crtbegin.o
 .text          0x080001b0       0x7c c:/siliconlabs/simplicitystudio/v5/developer/toolchains/gnu_arm/10.3_2021.10/bin/../lib/gcc/arm-none-eabi/10.3.1/../../../../arm-none-eabi/lib/thumb/v8-m.main+fp/hard/crt0.o
                0x080001b0                _stack_init
                0x080001b8                _start
                0x080001b8                _mainCRTStartup
 .text.app_init
                0x0800022c       0x48 ./app.o
                0x0800022c                app_init
 .text.app_process_action
                0x08000274      0x23c ./app.o
                0x08000274                app_process_action
 .text.sl_device_init_clocks
                0x080004b0       0xd4 ./autogen/sl_device_init_clocks.o
                0x080004b0                sl_device_init_clocks
 .text.GPIO_PinOutGet
                0x08000584       0x88 ./autogen/sl_iostream_init_usart_instances.o
 .text.sl_iostream_usart_init_vcom
                0x0800060c       0xe0 ./autogen/sl_iostream_init_usart_instances.o
                0x0800060c                sl_iostream_usart_init_vcom
 .text.sl_iostream_usart_init_instances
                0x080006ec       0x34 ./autogen/sl_iostream_init_usart_instances.o
                0x080006ec                sl_iostream_usart_init_instances
 .text.USART0_TX_IRQHandler
                0x08000720       0x10 ./autogen/sl_iostream_init_usart_instances.o
                0x08000720                USART0_TX_IRQHandler
 .text.USART0_RX_IRQHandler
                0x08000730       0x10 ./autogen/sl_iostream_init_usart_instances.o
                0x08000730                USART0_RX_IRQHandler
 .text.sl_iostream_usart_vcom_sleep_on_isr_exit
                0x08000740       0x14 ./autogen/sl_iostream_init_usart_instances.o
                0x08000740                sl_iostream_usart_vcom_sleep_on_isr_exit
 .text.events_handler
                0x08000754       0xa8 ./autogen/sl_iostream_init_usart_instances.o
 .text.app_log_init
                0x080007fc       0x3c ./gecko_sdk_4.2.1/app/common/util/app_log/app_log.o
                0x080007fc                app_log_init
 .text.Reset_Handler
                0x08000838       0x98 ./gecko_sdk_4.2.1/platform/Device/SiliconLabs/EFR32MG24/Source/startup_efr32mg24.o
                0x08000838                Reset_Handler
 .text.__NVIC_EnableIRQ
                0x080008d0       0x34 ./gecko_sdk_4.2.1/platform/Device/SiliconLabs/EFR32MG24/Source/system_efr32mg24.o
 .text.__NVIC_ClearPendingIRQ
                0x08000904       0x38 ./gecko_sdk_4.2.1/platform/Device/SiliconLabs/EFR32MG24/Source/system_efr32mg24.o
 .text.SystemInit
                0x0800093c       0x90 ./gecko_sdk_4.2.1/platform/Device/SiliconLabs/EFR32MG24/Source/system_efr32mg24.o
                0x0800093c                SystemInit
 .text.SystemHFRCODPLLClockGet
                0x080009cc        0xc ./gecko_sdk_4.2.1/platform/Device/SiliconLabs/EFR32MG24/Source/system_efr32mg24.o
                0x080009cc                SystemHFRCODPLLClockGet
 .text.SystemSYSCLKGet
                0x080009d8       0x50 ./gecko_sdk_4.2.1/platform/Device/SiliconLabs/EFR32MG24/Source/system_efr32mg24.o
                0x080009d8                SystemSYSCLKGet
 .text.SystemHCLKGet
                0x08000a28       0x3c ./gecko_sdk_4.2.1/platform/Device/SiliconLabs/EFR32MG24/Source/system_efr32mg24.o
                0x08000a28                SystemHCLKGet
 .text.SystemMaxCoreClockGet
                0x08000a64        0xc ./gecko_sdk_4.2.1/platform/Device/SiliconLabs/EFR32MG24/Source/system_efr32mg24.o
                0x08000a64                SystemMaxCoreClockGet
 .text.SystemHFXOClockGet
                0x08000a70        0xc ./gecko_sdk_4.2.1/platform/Device/SiliconLabs/EFR32MG24/Source/system_efr32mg24.o
                0x08000a70                SystemHFXOClockGet
 .text.SystemHFXOClockSet
                0x08000a7c       0x2c ./gecko_sdk_4.2.1/platform/Device/SiliconLabs/EFR32MG24/Source/system_efr32mg24.o
                0x08000a7c                SystemHFXOClockSet
 .text.SystemFSRCOClockGet
                0x08000aa8        0xc ./gecko_sdk_4.2.1/platform/Device/SiliconLabs/EFR32MG24/Source/system_efr32mg24.o
                0x08000aa8                SystemFSRCOClockGet
 .text.SystemHFRCOEM23ClockGet
                0x08000ab4       0xe0 ./gecko_sdk_4.2.1/platform/Device/SiliconLabs/EFR32MG24/Source/system_efr32mg24.o
                0x08000ab4                SystemHFRCOEM23ClockGet
 .text.SystemLFXOClockGet
                0x08000b94        0xc ./gecko_sdk_4.2.1/platform/Device/SiliconLabs/EFR32MG24/Source/system_efr32mg24.o
                0x08000b94                SystemLFXOClockGet
 .text.sl_slist_push
                0x08000ba0       0x38 ./gecko_sdk_4.2.1/platform/common/src/sl_slist.o
                0x08000ba0                sl_slist_push
 .text._sbrk    0x08000bd8       0x3c ./gecko_sdk_4.2.1/platform/common/toolchain/src/sl_memory.o
                0x08000bd8                _sbrk
 .text.DMADRV_AllocateChannel
                0x08000c14       0xa0 ./gecko_sdk_4.2.1/platform/emdrv/dmadrv/src/dmadrv.o
                0x08000c14                DMADRV_AllocateChannel
 .text.DMADRV_DeInit
                0x08000cb4       0x78 ./gecko_sdk_4.2.1/platform/emdrv/dmadrv/src/dmadrv.o
                0x08000cb4                DMADRV_DeInit
 .text.DMADRV_FreeChannel
                0x08000d2c       0x74 ./gecko_sdk_4.2.1/platform/emdrv/dmadrv/src/dmadrv.o
                0x08000d2c                DMADRV_FreeChannel
 .text.DMADRV_Init
                0x08000da0       0x7c ./gecko_sdk_4.2.1/platform/emdrv/dmadrv/src/dmadrv.o
                0x08000da0                DMADRV_Init
 .text.DMADRV_PauseTransfer
                0x08000e1c       0x64 ./gecko_sdk_4.2.1/platform/emdrv/dmadrv/src/dmadrv.o
                0x08000e1c                DMADRV_PauseTransfer
 .text.DMADRV_ResumeTransfer
                0x08000e80       0x64 ./gecko_sdk_4.2.1/platform/emdrv/dmadrv/src/dmadrv.o
                0x08000e80                DMADRV_ResumeTransfer
 .text.DMADRV_StopTransfer
                0x08000ee4       0x64 ./gecko_sdk_4.2.1/platform/emdrv/dmadrv/src/dmadrv.o
                0x08000ee4                DMADRV_StopTransfer
 .text.DMADRV_TransferCompletePending
                0x08000f48       0x84 ./gecko_sdk_4.2.1/platform/emdrv/dmadrv/src/dmadrv.o
                0x08000f48                DMADRV_TransferCompletePending
 .text.DMADRV_TransferDone
                0x08000fcc       0x74 ./gecko_sdk_4.2.1/platform/emdrv/dmadrv/src/dmadrv.o
                0x08000fcc                DMADRV_TransferDone
 .text.LDMA_IRQHandler
                0x08001040       0xec ./gecko_sdk_4.2.1/platform/emdrv/dmadrv/src/dmadrv.o
                0x08001040                LDMA_IRQHandler
 .text.StartTransfer
                0x0800112c      0x21c ./gecko_sdk_4.2.1/platform/emdrv/dmadrv/src/dmadrv.o
 .text.BUS_RegBitWrite
                0x08001348       0x48 ./gecko_sdk_4.2.1/platform/emlib/src/em_cmu.o
 .text.EMU_VScaleWait
                0x08001390       0x1c ./gecko_sdk_4.2.1/platform/emlib/src/em_cmu.o
 .text.EMU_VScaleGet
                0x080013ac       0x1c ./gecko_sdk_4.2.1/platform/emlib/src/em_cmu.o
 .text.MSC_LockGetLocked
                0x080013c8       0x1c ./gecko_sdk_4.2.1/platform/emlib/src/em_cmu.o
 .text.MSC_LockSetLocked
                0x080013e4       0x10 ./gecko_sdk_4.2.1/platform/emlib/src/em_cmu.o
 .text.MSC_LockSetUnlocked
                0x080013f4       0x10 ./gecko_sdk_4.2.1/platform/emlib/src/em_cmu.o
 .text.MSC_ReadCTRLGet
                0x08001404        0xc ./gecko_sdk_4.2.1/platform/emlib/src/em_cmu.o
 .text.MSC_ReadCTRLSet
                0x08001410       0x14 ./gecko_sdk_4.2.1/platform/emlib/src/em_cmu.o
 .text.CMU_ClockDivGet
                0x08001424       0xec ./gecko_sdk_4.2.1/platform/emlib/src/em_cmu.o
                0x08001424                CMU_ClockDivGet
 .text.CMU_ClockDivSet
                0x08001510      0x1b0 ./gecko_sdk_4.2.1/platform/emlib/src/em_cmu.o
                0x08001510                CMU_ClockDivSet
 .text.CMU_ClockEnable
                0x080016c0       0x74 ./gecko_sdk_4.2.1/platform/emlib/src/em_cmu.o
                0x080016c0                CMU_ClockEnable
 .text.CMU_ClockFreqGet
                0x08001734      0x6a8 ./gecko_sdk_4.2.1/platform/emlib/src/em_cmu.o
                0x08001734                CMU_ClockFreqGet
 .text.CMU_ClockSelectGet
                0x08001ddc      0x3e4 ./gecko_sdk_4.2.1/platform/emlib/src/em_cmu.o
                0x08001ddc                CMU_ClockSelectGet
 .text.sli_em_cmu_HFXOSetForceEnable
                0x080021c0       0x28 ./gecko_sdk_4.2.1/platform/emlib/src/em_cmu.o
                0x080021c0                sli_em_cmu_HFXOSetForceEnable
 .text.CMU_HFXOInit
                0x080021e8      0x2f4 ./gecko_sdk_4.2.1/platform/emlib/src/em_cmu.o
                0x080021e8                CMU_HFXOInit
 .text.CMU_HFXOCTuneDeltaGet
                0x080024dc       0x10 ./gecko_sdk_4.2.1/platform/emlib/src/em_cmu.o
                0x080024dc                CMU_HFXOCTuneDeltaGet
 .text.CMU_LFXOInit
                0x080024ec      0x120 ./gecko_sdk_4.2.1/platform/emlib/src/em_cmu.o
                0x080024ec                CMU_LFXOInit
 .text.CMU_LFXOPrecisionSet
                0x0800260c       0x1c ./gecko_sdk_4.2.1/platform/emlib/src/em_cmu.o
                0x0800260c                CMU_LFXOPrecisionSet
 .text.eusart0ClkGet
                0x08002628       0xa8 ./gecko_sdk_4.2.1/platform/emlib/src/em_cmu.o
 .text.em01GrpcClkGet
                0x080026d0       0xbc ./gecko_sdk_4.2.1/platform/emlib/src/em_cmu.o
 .text.vdac0ClkGet
                0x0800278c       0xa8 ./gecko_sdk_4.2.1/platform/emlib/src/em_cmu.o
 .text.vdac1ClkGet
                0x08002834       0xa8 ./gecko_sdk_4.2.1/platform/emlib/src/em_cmu.o
 .text.pcnt0ClkGet
                0x080028dc       0x74 ./gecko_sdk_4.2.1/platform/emlib/src/em_cmu.o
 .text.rhclkPrescMax
                0x08002950       0x18 ./gecko_sdk_4.2.1/platform/emlib/src/em_cmu.o
 .text.rhclkPrescOptimize
                0x08002968       0x2c ./gecko_sdk_4.2.1/platform/emlib/src/em_cmu.o
 .text.traceClkGet
                0x08002994       0x84 ./gecko_sdk_4.2.1/platform/emlib/src/em_cmu.o
 .text.dpllRefClkGet
                0x08002a18       0x94 ./gecko_sdk_4.2.1/platform/emlib/src/em_cmu.o
 .text.em01GrpaClkGet
                0x08002aac       0xbc ./gecko_sdk_4.2.1/platform/emlib/src/em_cmu.o
 .text.em23GrpaClkGet
                0x08002b68       0x84 ./gecko_sdk_4.2.1/platform/emlib/src/em_cmu.o
 .text.em4GrpaClkGet
                0x08002bec       0x84 ./gecko_sdk_4.2.1/platform/emlib/src/em_cmu.o
 .text.getWaitStatesByFrequencyAndVScale
                0x08002c70       0x54 ./gecko_sdk_4.2.1/platform/emlib/src/em_cmu.o
 .text.flashWaitStateControl
                0x08002cc4       0x70 ./gecko_sdk_4.2.1/platform/emlib/src/em_cmu.o
 .text.iadcClkGet
                0x08002d34       0x8c ./gecko_sdk_4.2.1/platform/emlib/src/em_cmu.o
 .text.pclkDivOptimize
                0x08002dc0       0x34 ./gecko_sdk_4.2.1/platform/emlib/src/em_cmu.o
 .text.sysrtcClkGet
                0x08002df4       0x84 ./gecko_sdk_4.2.1/platform/emlib/src/em_cmu.o
 .text.wdog0ClkGet
                0x08002e78       0xa0 ./gecko_sdk_4.2.1/platform/emlib/src/em_cmu.o
 .text.wdog1ClkGet
                0x08002f18       0xa0 ./gecko_sdk_4.2.1/platform/emlib/src/em_cmu.o
 .text.sysTickClkGet
                0x08002fb8       0x58 ./gecko_sdk_4.2.1/platform/emlib/src/em_cmu.o
 .text.EMU_DCDCLock
                0x08003010       0x14 ./gecko_sdk_4.2.1/platform/emlib/src/em_emu.o
 .text.EMU_DCDCUnlock
                0x08003024       0x10 ./gecko_sdk_4.2.1/platform/emlib/src/em_emu.o
 .text.EMU_DCDCSync
                0x08003034       0x20 ./gecko_sdk_4.2.1/platform/emlib/src/em_emu.o
 .text.EMU_VScaleWait
                0x08003054       0x1c ./gecko_sdk_4.2.1/platform/emlib/src/em_emu.o
 .text.EMU_VScaleGet
                0x08003070       0x1c ./gecko_sdk_4.2.1/platform/emlib/src/em_emu.o
 .text.EMU_EM01Init
                0x0800308c       0x24 ./gecko_sdk_4.2.1/platform/emlib/src/em_emu.o
                0x0800308c                EMU_EM01Init
 .text.EMU_EM23Init
                0x080030b0       0x24 ./gecko_sdk_4.2.1/platform/emlib/src/em_emu.o
                0x080030b0                EMU_EM23Init
 .text.EMU_EnterEM2
                0x080030d4       0x48 ./gecko_sdk_4.2.1/platform/emlib/src/em_emu.o
                0x080030d4                EMU_EnterEM2
 .text.EMU_EnterEM3
                0x0800311c       0x40 ./gecko_sdk_4.2.1/platform/emlib/src/em_emu.o
                0x0800311c                EMU_EnterEM3
 .text.EMU_EM4Init
                0x0800315c       0x24 ./gecko_sdk_4.2.1/platform/emlib/src/em_emu.o
                0x0800315c                EMU_EM4Init
 .text.EMU_VScaleEM01ByClock
                0x08003180       0x5c ./gecko_sdk_4.2.1/platform/emlib/src/em_emu.o
                0x08003180                EMU_VScaleEM01ByClock
 .text.EMU_VScaleEM01
                0x080031dc       0xdc ./gecko_sdk_4.2.1/platform/emlib/src/em_emu.o
                0x080031dc                EMU_VScaleEM01
 .text.EMU_DCDCModeSet
                0x080032b8       0xc0 ./gecko_sdk_4.2.1/platform/emlib/src/em_emu.o
                0x080032b8                EMU_DCDCModeSet
 .text.EMU_DCDCInit
                0x08003378       0xa8 ./gecko_sdk_4.2.1/platform/emlib/src/em_emu.o
                0x08003378                EMU_DCDCInit
 .text.EMU_DCDCSetPFMXModePeakCurrent
                0x08003420       0xb4 ./gecko_sdk_4.2.1/platform/emlib/src/em_emu.o
                0x08003420                EMU_DCDCSetPFMXModePeakCurrent
 .text.BUS_RegBitWrite
                0x080034d4       0x48 ./gecko_sdk_4.2.1/platform/emlib/src/em_gpio.o
 .text.GPIO_IntClear
                0x0800351c       0x1c ./gecko_sdk_4.2.1/platform/emlib/src/em_gpio.o
 .text.GPIO_PinOutClear
                0x08003538       0x84 ./gecko_sdk_4.2.1/platform/emlib/src/em_gpio.o
 .text.GPIO_PinOutSet
                0x080035bc       0x84 ./gecko_sdk_4.2.1/platform/emlib/src/em_gpio.o
 .text.GPIO_ExtIntConfig
                0x08003640      0x16c ./gecko_sdk_4.2.1/platform/emlib/src/em_gpio.o
                0x08003640                GPIO_ExtIntConfig
 .text.GPIO_PinModeSet
                0x080037ac      0x124 ./gecko_sdk_4.2.1/platform/emlib/src/em_gpio.o
                0x080037ac                GPIO_PinModeSet
 .text.BUS_RegBitWrite
                0x080038d0       0x48 ./gecko_sdk_4.2.1/platform/emlib/src/em_i2c.o
 .text.I2C_BusFreqSet
                0x08003918      0x1a8 ./gecko_sdk_4.2.1/platform/emlib/src/em_i2c.o
                0x08003918                I2C_BusFreqSet
 .text.I2C_Enable
                0x08003ac0       0x48 ./gecko_sdk_4.2.1/platform/emlib/src/em_i2c.o
                0x08003ac0                I2C_Enable
 .text.I2C_Init
                0x08003b08       0x7c ./gecko_sdk_4.2.1/platform/emlib/src/em_i2c.o
                0x08003b08                I2C_Init
 .text.I2C_Transfer
                0x08003b84      0x4c8 ./gecko_sdk_4.2.1/platform/emlib/src/em_i2c.o
                0x08003b84                I2C_Transfer
 .text.I2C_TransferInit
                0x0800404c       0xf8 ./gecko_sdk_4.2.1/platform/emlib/src/em_i2c.o
                0x0800404c                I2C_TransferInit
 .text.__NVIC_EnableIRQ
                0x08004144       0x34 ./gecko_sdk_4.2.1/platform/emlib/src/em_ldma.o
 .text.__NVIC_DisableIRQ
                0x08004178       0x44 ./gecko_sdk_4.2.1/platform/emlib/src/em_ldma.o
 .text.__NVIC_ClearPendingIRQ
                0x080041bc       0x38 ./gecko_sdk_4.2.1/platform/emlib/src/em_ldma.o
 .text.__NVIC_SetPriority
                0x080041f4       0x50 ./gecko_sdk_4.2.1/platform/emlib/src/em_ldma.o
 .text.BUS_RegBitWrite
                0x08004244       0x48 ./gecko_sdk_4.2.1/platform/emlib/src/em_ldma.o
 .text.LDMA_DeInit
                0x0800428c       0x34 ./gecko_sdk_4.2.1/platform/emlib/src/em_ldma.o
                0x0800428c                LDMA_DeInit
 .text.LDMA_EnableChannelRequest
                0x080042c0       0x40 ./gecko_sdk_4.2.1/platform/emlib/src/em_ldma.o
                0x080042c0                LDMA_EnableChannelRequest
 .text.LDMA_Init
                0x08004300       0xec ./gecko_sdk_4.2.1/platform/emlib/src/em_ldma.o
                0x08004300                LDMA_Init
 .text.LDMA_StartTransfer
                0x080043ec      0x208 ./gecko_sdk_4.2.1/platform/emlib/src/em_ldma.o
                0x080043ec                LDMA_StartTransfer
 .text.LDMA_StopTransfer
                0x080045f4       0x54 ./gecko_sdk_4.2.1/platform/emlib/src/em_ldma.o
                0x080045f4                LDMA_StopTransfer
 .text.LDMA_TransferDone
                0x08004648       0x68 ./gecko_sdk_4.2.1/platform/emlib/src/em_ldma.o
                0x08004648                LDMA_TransferDone
 .text.TIMER_Valid
                0x080046b0       0x54 ./gecko_sdk_4.2.1/platform/emlib/src/em_timer.o
 .text.TIMER_Init
                0x08004704      0x130 ./gecko_sdk_4.2.1/platform/emlib/src/em_timer.o
                0x08004704                TIMER_Init
 .text.prsRxInput
                0x08004834       0x38 ./gecko_sdk_4.2.1/platform/emlib/src/em_usart.o
 .text.USART_BaudrateAsyncSet
                0x0800486c      0x14c ./gecko_sdk_4.2.1/platform/emlib/src/em_usart.o
                0x0800486c                USART_BaudrateAsyncSet
 .text.USART_Enable
                0x080049b8       0x70 ./gecko_sdk_4.2.1/platform/emlib/src/em_usart.o
                0x080049b8                USART_Enable
 .text.USART_InitAsync
                0x08004a28      0x134 ./gecko_sdk_4.2.1/platform/emlib/src/em_usart.o
                0x08004a28                USART_InitAsync
 .text.USART_Reset
                0x08004b5c       0xa0 ./gecko_sdk_4.2.1/platform/emlib/src/em_usart.o
                0x08004b5c                USART_Reset
 .text.sl_sysrtc_wait_sync
                0x08004bfc       0x20 ./gecko_sdk_4.2.1/platform/peripheral/src/peripheral_sysrtc.o
 .text.sl_sysrtc_wait_ready
                0x08004c1c       0x2c ./gecko_sdk_4.2.1/platform/peripheral/src/peripheral_sysrtc.o
 .text.sl_sysrtc_stop
                0x08004c48       0x14 ./gecko_sdk_4.2.1/platform/peripheral/src/peripheral_sysrtc.o
 .text.sl_sysrtc_init
                0x08004c5c       0x38 ./gecko_sdk_4.2.1/platform/peripheral/src/peripheral_sysrtc.o
                0x08004c5c                sl_sysrtc_init
 .text.sl_sysrtc_enable
                0x08004c94       0x20 ./gecko_sdk_4.2.1/platform/peripheral/src/peripheral_sysrtc.o
                0x08004c94                sl_sysrtc_enable
 .text.sl_sysrtc_disable
                0x08004cb4       0x24 ./gecko_sdk_4.2.1/platform/peripheral/src/peripheral_sysrtc.o
                0x08004cb4                sl_sysrtc_disable
 .text.sl_sysrtc_init_group
                0x08004cd8       0xbc ./gecko_sdk_4.2.1/platform/peripheral/src/peripheral_sysrtc.o
                0x08004cd8                sl_sysrtc_init_group
 .text.sl_sysrtc_enable_group_interrupts
                0x08004d94       0x44 ./gecko_sdk_4.2.1/platform/peripheral/src/peripheral_sysrtc.o
                0x08004d94                sl_sysrtc_enable_group_interrupts
 .text.sl_sysrtc_disable_group_interrupts
                0x08004dd8       0x44 ./gecko_sdk_4.2.1/platform/peripheral/src/peripheral_sysrtc.o
                0x08004dd8                sl_sysrtc_disable_group_interrupts
 .text.sl_sysrtc_clear_group_interrupts
                0x08004e1c       0x44 ./gecko_sdk_4.2.1/platform/peripheral/src/peripheral_sysrtc.o
                0x08004e1c                sl_sysrtc_clear_group_interrupts
 .text.sl_sysrtc_get_group_interrupts
                0x08004e60       0x3c ./gecko_sdk_4.2.1/platform/peripheral/src/peripheral_sysrtc.o
                0x08004e60                sl_sysrtc_get_group_interrupts
 .text.sl_sysrtc_get_group_compare_channel_value
                0x08004e9c       0x5c ./gecko_sdk_4.2.1/platform/peripheral/src/peripheral_sysrtc.o
                0x08004e9c                sl_sysrtc_get_group_compare_channel_value
 .text.sl_sysrtc_set_group_compare_channel_value
                0x08004ef8       0x5c ./gecko_sdk_4.2.1/platform/peripheral/src/peripheral_sysrtc.o
                0x08004ef8                sl_sysrtc_set_group_compare_channel_value
 .text.sl_device_init_dcdc
                0x08004f54       0x34 ./gecko_sdk_4.2.1/platform/service/device_init/src/sl_device_init_dcdc_s2.o
                0x08004f54                sl_device_init_dcdc
 .text.sl_device_init_emu
                0x08004f88       0x34 ./gecko_sdk_4.2.1/platform/service/device_init/src/sl_device_init_emu_s2.o
                0x08004f88                sl_device_init_emu
 .text.sl_device_init_hfxo
                0x08004fbc       0xc4 ./gecko_sdk_4.2.1/platform/service/device_init/src/sl_device_init_hfxo_s2.o
                0x08004fbc                sl_device_init_hfxo
 .text.sl_device_init_lfxo
                0x08005080       0x3c ./gecko_sdk_4.2.1/platform/service/device_init/src/sl_device_init_lfxo_s2.o
                0x08005080                sl_device_init_lfxo
 .text.__NVIC_SetPriority
                0x080050bc       0x50 ./gecko_sdk_4.2.1/platform/service/device_init/src/sl_device_init_nvic.o
 .text.sl_hfxo_manager_init
                0x0800510c       0x88 ./gecko_sdk_4.2.1/platform/service/hfxo_manager/src/sl_hfxo_manager.o
                0x0800510c                sl_hfxo_manager_init
 .text.sli_hfxo_manager_begin_startup_measurement
                0x08005194       0x20 ./gecko_sdk_4.2.1/platform/service/hfxo_manager/src/sl_hfxo_manager.o
                0x08005194                sli_hfxo_manager_begin_startup_measurement
 .text.sli_hfxo_manager_end_startup_measurement
                0x080051b4       0xc8 ./gecko_sdk_4.2.1/platform/service/hfxo_manager/src/sl_hfxo_manager.o
                0x080051b4                sli_hfxo_manager_end_startup_measurement
 .text.sli_hfxo_manager_get_startup_time
                0x0800527c        0xc ./gecko_sdk_4.2.1/platform/service/hfxo_manager/src/sl_hfxo_manager.o
                0x0800527c                sli_hfxo_manager_get_startup_time
 .text.__NVIC_EnableIRQ
                0x08005288       0x34 ./gecko_sdk_4.2.1/platform/service/hfxo_manager/src/sl_hfxo_manager_hal_s2.o
 .text.__NVIC_ClearPendingIRQ
                0x080052bc       0x38 ./gecko_sdk_4.2.1/platform/service/hfxo_manager/src/sl_hfxo_manager_hal_s2.o
 .text.__NVIC_SetPriority
                0x080052f4       0x50 ./gecko_sdk_4.2.1/platform/service/hfxo_manager/src/sl_hfxo_manager_hal_s2.o
 .text.sli_hfxo_manager_init_hardware
                0x08005344       0x58 ./gecko_sdk_4.2.1/platform/service/hfxo_manager/src/sl_hfxo_manager_hal_s2.o
                0x08005344                sli_hfxo_manager_init_hardware
 .text.sli_hfxo_manager_is_hfxo_ready
                0x0800539c       0x68 ./gecko_sdk_4.2.1/platform/service/hfxo_manager/src/sl_hfxo_manager_hal_s2.o
                0x0800539c                sli_hfxo_manager_is_hfxo_ready
 .text.sl_hfxo_manager_irq_handler
                0x08005404       0x64 ./gecko_sdk_4.2.1/platform/service/hfxo_manager/src/sl_hfxo_manager_hal_s2.o
                0x08005404                sl_hfxo_manager_irq_handler
 .text.sl_iostream_set_default
                0x08005468       0x28 ./gecko_sdk_4.2.1/platform/service/iostream/src/sl_iostream.o
                0x08005468                sl_iostream_set_default
 .text.sl_iostream_get_default
                0x08005490       0x28 ./gecko_sdk_4.2.1/platform/service/iostream/src/sl_iostream.o
                0x08005490                sl_iostream_get_default
 .text._write   0x080054b8       0x34 ./gecko_sdk_4.2.1/platform/service/iostream/src/sl_iostream_retarget_stdio.o
                0x080054b8                _write
 .text.sl_iostream_stdlib_disable_buffering
                0x080054ec       0x1c ./gecko_sdk_4.2.1/platform/service/iostream/src/sl_iostream_stdlib_config.o
                0x080054ec                sl_iostream_stdlib_disable_buffering
 .text.__NVIC_EnableIRQ
                0x08005508       0x34 ./gecko_sdk_4.2.1/platform/service/iostream/src/sl_iostream_uart.o
 .text.__NVIC_DisableIRQ
                0x0800553c       0x44 ./gecko_sdk_4.2.1/platform/service/iostream/src/sl_iostream_uart.o
 .text.__NVIC_ClearPendingIRQ
                0x08005580       0x38 ./gecko_sdk_4.2.1/platform/service/iostream/src/sl_iostream_uart.o
 .text.sli_iostream_uart_context_init
                0x080055b8      0x1e0 ./gecko_sdk_4.2.1/platform/service/iostream/src/sl_iostream_uart.o
                0x080055b8                sli_iostream_uart_context_init
 .text.sli_uart_txc
                0x08005798       0x60 ./gecko_sdk_4.2.1/platform/service/iostream/src/sl_iostream_uart.o
                0x08005798                sli_uart_txc
 .text.uart_deinit
                0x080057f8       0xec ./gecko_sdk_4.2.1/platform/service/iostream/src/sl_iostream_uart.o
 .text.scan_for_ctrl_char
                0x080058e4       0xbc ./gecko_sdk_4.2.1/platform/service/iostream/src/sl_iostream_uart.o
 .text.dma_irq_handler
                0x080059a0       0xd0 ./gecko_sdk_4.2.1/platform/service/iostream/src/sl_iostream_uart.o
 .text.get_write_ptr
                0x08005a70       0x54 ./gecko_sdk_4.2.1/platform/service/iostream/src/sl_iostream_uart.o
 .text.update_ring_buffer
                0x08005ac4      0x148 ./gecko_sdk_4.2.1/platform/service/iostream/src/sl_iostream_uart.o
 .text.read_rx_buffer
                0x08005c0c      0x1cc ./gecko_sdk_4.2.1/platform/service/iostream/src/sl_iostream_uart.o
 .text.sl_iostream_usart_init
                0x08005dd8      0x280 ./gecko_sdk_4.2.1/platform/service/iostream/src/sl_iostream_usart.o
                0x08005dd8                sl_iostream_usart_init
 .text.sl_iostream_usart_irq_handler
                0x08006058      0x120 ./gecko_sdk_4.2.1/platform/service/iostream/src/sl_iostream_usart.o
                0x08006058                sl_iostream_usart_irq_handler
 .text.sl_power_manager_init
                0x08006178       0x80 ./gecko_sdk_4.2.1/platform/service/power_manager/src/sl_power_manager.o
                0x08006178                sl_power_manager_init
 .text.sl_power_manager_sleep
                0x080061f8      0x204 ./gecko_sdk_4.2.1/platform/service/power_manager/src/sl_power_manager.o
                0x080061f8                sl_power_manager_sleep
 .text.sli_power_manager_update_em_requirement
                0x080063fc      0x108 ./gecko_sdk_4.2.1/platform/service/power_manager/src/sl_power_manager.o
                0x080063fc                sli_power_manager_update_em_requirement
 .text.sli_power_manager_get_restore_delay
                0x08006504       0x48 ./gecko_sdk_4.2.1/platform/service/power_manager/src/sl_power_manager.o
                0x08006504                sli_power_manager_get_restore_delay
 .text.sl_power_manager_subscribe_em_transition_event
                0x0800654c       0x30 ./gecko_sdk_4.2.1/platform/service/power_manager/src/sl_power_manager.o
                0x0800654c                sl_power_manager_subscribe_em_transition_event
 .text.sl_power_manager_schedule_wakeup_get_restore_overhead_tick
                0x0800657c       0x14 ./gecko_sdk_4.2.1/platform/service/power_manager/src/sl_power_manager.o
                0x0800657c                sl_power_manager_schedule_wakeup_get_restore_overhead_tick
 .text.sli_power_manager_convert_delay_us_to_tick
                0x08006590       0x2c ./gecko_sdk_4.2.1/platform/service/power_manager/src/sl_power_manager.o
                0x08006590                sli_power_manager_convert_delay_us_to_tick
 .text.sl_power_manager_is_latest_wakeup_internal
                0x080065bc       0x4c ./gecko_sdk_4.2.1/platform/service/power_manager/src/sl_power_manager.o
                0x080065bc                sl_power_manager_is_latest_wakeup_internal
 .text.get_lowest_em
                0x08006608       0x34 ./gecko_sdk_4.2.1/platform/service/power_manager/src/sl_power_manager.o
 .text.power_manager_notify_em_transition
                0x0800663c       0xec ./gecko_sdk_4.2.1/platform/service/power_manager/src/sl_power_manager.o
 .text.evaluate_wakeup
                0x08006728       0xf8 ./gecko_sdk_4.2.1/platform/service/power_manager/src/sl_power_manager.o
 .text.update_em1_requirement
                0x08006820       0x94 ./gecko_sdk_4.2.1/platform/service/power_manager/src/sl_power_manager.o
 .text.clock_restore_and_wait
                0x080068b4       0x88 ./gecko_sdk_4.2.1/platform/service/power_manager/src/sl_power_manager.o
 .text.clock_restore
                0x0800693c       0x6c ./gecko_sdk_4.2.1/platform/service/power_manager/src/sl_power_manager.o
 .text.on_clock_wakeup_timeout
                0x080069a8       0x34 ./gecko_sdk_4.2.1/platform/service/power_manager/src/sl_power_manager.o
 .text.sli_hfxo_manager_notify_ready_for_power_manager
                0x080069dc       0x48 ./gecko_sdk_4.2.1/platform/service/power_manager/src/sl_power_manager.o
                0x080069dc                sli_hfxo_manager_notify_ready_for_power_manager
 .text.EMU_EnterEM1
                0x08006a24       0x18 ./gecko_sdk_4.2.1/platform/service/power_manager/src/sl_power_manager_hal_s2.o
 .text.sli_power_manager_init_hardware
                0x08006a3c      0x210 ./gecko_sdk_4.2.1/platform/service/power_manager/src/sl_power_manager_hal_s2.o
                0x08006a3c                sli_power_manager_init_hardware
 .text.sli_power_manager_em23_voltage_scaling_enable_fast_wakeup
                0x08006c4c       0x88 ./gecko_sdk_4.2.1/platform/service/power_manager/src/sl_power_manager_hal_s2.o
                0x08006c4c                sli_power_manager_em23_voltage_scaling_enable_fast_wakeup
 .text.EMU_EM23PresleepHook
                0x08006cd4       0x30 ./gecko_sdk_4.2.1/platform/service/power_manager/src/sl_power_manager_hal_s2.o
                0x08006cd4                EMU_EM23PresleepHook
 .text.EMU_EM23PostsleepHook
                0x08006d04       0x70 ./gecko_sdk_4.2.1/platform/service/power_manager/src/sl_power_manager_hal_s2.o
                0x08006d04                EMU_EM23PostsleepHook
 .text.sli_power_manager_handle_pre_deepsleep_operations
                0x08006d74       0x10 ./gecko_sdk_4.2.1/platform/service/power_manager/src/sl_power_manager_hal_s2.o
                0x08006d74                sli_power_manager_handle_pre_deepsleep_operations
 .text.sli_power_manager_restore_high_freq_accuracy_clk
                0x08006d84       0x70 ./gecko_sdk_4.2.1/platform/service/power_manager/src/sl_power_manager_hal_s2.o
                0x08006d84                sli_power_manager_restore_high_freq_accuracy_clk
 .text.sli_power_manager_is_high_freq_accuracy_clk_ready
                0x08006df4       0x34 ./gecko_sdk_4.2.1/platform/service/power_manager/src/sl_power_manager_hal_s2.o
                0x08006df4                sli_power_manager_is_high_freq_accuracy_clk_ready
 .text.sli_power_manager_restore_states
                0x08006e28       0x48 ./gecko_sdk_4.2.1/platform/service/power_manager/src/sl_power_manager_hal_s2.o
                0x08006e28                sli_power_manager_restore_states
 .text.sli_power_manager_apply_em
                0x08006e70       0x50 ./gecko_sdk_4.2.1/platform/service/power_manager/src/sl_power_manager_hal_s2.o
                0x08006e70                sli_power_manager_apply_em
 .text.sli_power_manager_get_wakeup_process_time_overhead
                0x08006ec0       0x3c ./gecko_sdk_4.2.1/platform/service/power_manager/src/sl_power_manager_hal_s2.o
                0x08006ec0                sli_power_manager_get_wakeup_process_time_overhead
 .text.sl_sleeptimer_init
                0x08006efc       0xa0 ./gecko_sdk_4.2.1/platform/service/sleeptimer/src/sl_sleeptimer.o
                0x08006efc                sl_sleeptimer_init
 .text.sl_sleeptimer_stop_timer
                0x08006f9c       0x80 ./gecko_sdk_4.2.1/platform/service/sleeptimer/src/sl_sleeptimer.o
                0x08006f9c                sl_sleeptimer_stop_timer
 .text.sl_sleeptimer_get_remaining_time_of_first_timer
                0x0800701c       0x94 ./gecko_sdk_4.2.1/platform/service/sleeptimer/src/sl_sleeptimer.o
                0x0800701c                sl_sleeptimer_get_remaining_time_of_first_timer
 .text.sli_sleeptimer_is_power_manager_timer_next_to_expire
                0x080070b0       0x18 ./gecko_sdk_4.2.1/platform/service/sleeptimer/src/sl_sleeptimer.o
                0x080070b0                sli_sleeptimer_is_power_manager_timer_next_to_expire
 .text.sl_sleeptimer_get_timer_frequency
                0x080070c8        0xc ./gecko_sdk_4.2.1/platform/service/sleeptimer/src/sl_sleeptimer.o
                0x080070c8                sl_sleeptimer_get_timer_frequency
 .text.process_timer_irq
                0x080070d4      0x258 ./gecko_sdk_4.2.1/platform/service/sleeptimer/src/sl_sleeptimer.o
                0x080070d4                process_timer_irq
 .text.delta_list_insert_timer
                0x0800732c       0xd4 ./gecko_sdk_4.2.1/platform/service/sleeptimer/src/sl_sleeptimer.o
 .text.delta_list_remove_timer
                0x08007400       0x74 ./gecko_sdk_4.2.1/platform/service/sleeptimer/src/sl_sleeptimer.o
 .text.set_comparator_for_next_timer
                0x08007474       0x4c ./gecko_sdk_4.2.1/platform/service/sleeptimer/src/sl_sleeptimer.o
 .text.update_delta_list
                0x080074c0       0x70 ./gecko_sdk_4.2.1/platform/service/sleeptimer/src/sl_sleeptimer.o
 .text.create_timer
                0x08007530       0xa8 ./gecko_sdk_4.2.1/platform/service/sleeptimer/src/sl_sleeptimer.o
 .text.update_next_timer_to_expire_is_power_manager
                0x080075d8       0x58 ./gecko_sdk_4.2.1/platform/service/sleeptimer/src/sl_sleeptimer.o
 .text.sl_sleeptimer_is_power_manager_early_restore_timer_latest_to_expire
                0x08007630       0x28 ./gecko_sdk_4.2.1/platform/service/sleeptimer/src/sl_sleeptimer.o
                0x08007630                sl_sleeptimer_is_power_manager_early_restore_timer_latest_to_expire
 .text.__NVIC_EnableIRQ
                0x08007658       0x34 ./gecko_sdk_4.2.1/platform/service/sleeptimer/src/sl_sleeptimer_hal_sysrtc.o
 .text.__NVIC_ClearPendingIRQ
                0x0800768c       0x38 ./gecko_sdk_4.2.1/platform/service/sleeptimer/src/sl_sleeptimer_hal_sysrtc.o
 .text.sl_sysrtc_wait_sync
                0x080076c4       0x20 ./gecko_sdk_4.2.1/platform/service/sleeptimer/src/sl_sleeptimer_hal_sysrtc.o
 .text.sl_sysrtc_get_counter
                0x080076e4       0x14 ./gecko_sdk_4.2.1/platform/service/sleeptimer/src/sl_sleeptimer_hal_sysrtc.o
 .text.sl_sysrtc_set_counter
                0x080076f8       0x1c ./gecko_sdk_4.2.1/platform/service/sleeptimer/src/sl_sleeptimer_hal_sysrtc.o
 .text.sleeptimer_hal_set_compare
                0x08007714       0xac ./gecko_sdk_4.2.1/platform/service/sleeptimer/src/sl_sleeptimer_hal_sysrtc.o
                0x08007714                sleeptimer_hal_set_compare
 .text.sleeptimer_hal_disable_int
                0x080077c0       0x60 ./gecko_sdk_4.2.1/platform/service/sleeptimer/src/sl_sleeptimer_hal_sysrtc.o
                0x080077c0                sleeptimer_hal_disable_int
 .text.sleeptimer_hal_set_int
                0x08007820       0x2c ./gecko_sdk_4.2.1/platform/service/sleeptimer/src/sl_sleeptimer_hal_sysrtc.o
                0x08007820                sleeptimer_hal_set_int
 .text.__NVIC_EnableIRQ
                0x0800784c       0x34 ./src/GPIO.o
 .text.__NVIC_ClearPendingIRQ
                0x08007880       0x38 ./src/GPIO.o
 .text.init_I2C0
                0x080078b8       0x90 ./src/I2C.o
                0x080078b8                init_I2C0
 .text.GPIO_IntClear
                0x08007948       0x1c ./src/irq.o
 .text.GPIO_IntGet
                0x08007964       0x10 ./src/irq.o
 .text.TIMER0_IRQHandler
                0x08007974       0x38 ./src/irq.o
                0x08007974                TIMER0_IRQHandler
 .text.GPIO_EVEN_IRQHandler
                0x080079ac       0x30 ./src/irq.o
                0x080079ac                GPIO_EVEN_IRQHandler
 .text.__NVIC_EnableIRQ
                0x080079dc       0x34 ./src/timers.o
 .text.__NVIC_ClearPendingIRQ
                0x08007a10       0x38 ./src/timers.o
 .text.TIMER_Valid
                0x08007a48       0x54 ./src/timers.o
 .text.TIMER_MaxCount
                0x08007a9c       0xf0 ./src/timers.o
 .text.TIMER_Enable
                0x08007b8c       0x44 ./src/timers.o
 .text.TIMER_TopSet
                0x08007bd0       0x48 ./src/timers.o
 .text.init_timer0
                0x08007c18       0x70 ./src/timers.o
                0x08007c18                init_timer0
 .text          0x08007c88       0x30 c:/siliconlabs/simplicitystudio/v5/developer/toolchains/gnu_arm/10.3_2021.10/bin/../lib/gcc/arm-none-eabi/10.3.1/thumb/v8-m.main+fp/hard\libgcc.a(_aeabi_uldivmod.o)
                0x08007c88                __aeabi_uldivmod
 .text          0x08007cb8      0x2ec c:/siliconlabs/simplicitystudio/v5/developer/toolchains/gnu_arm/10.3_2021.10/bin/../lib/gcc/arm-none-eabi/10.3.1/thumb/v8-m.main+fp/hard\libgcc.a(_udivmoddi4.o)
                0x08007cb8                __udivmoddi4
 .text          0x08007fa4        0x4 c:/siliconlabs/simplicitystudio/v5/developer/toolchains/gnu_arm/10.3_2021.10/bin/../lib/gcc/arm-none-eabi/10.3.1/thumb/v8-m.main+fp/hard\libgcc.a(_dvmd_tls.o)
                0x08007fa4                __aeabi_idiv0
                0x08007fa4                __aeabi_ldiv0
 .text.exit     0x08007fa8       0x28 c:/siliconlabs/simplicitystudio/v5/developer/toolchains/gnu_arm/10.3_2021.10/bin/../lib/gcc/arm-none-eabi/10.3.1/../../../../arm-none-eabi/lib/thumb/v8-m.main+fp/hard\libc_nano.a(lib_a-exit.o)
                0x08007fa8                exit
 .text.__libc_init_array
                0x08007fd0       0x48 c:/siliconlabs/simplicitystudio/v5/developer/toolchains/gnu_arm/10.3_2021.10/bin/../lib/gcc/arm-none-eabi/10.3.1/../../../../arm-none-eabi/lib/thumb/v8-m.main+fp/hard\libc_nano.a(lib_a-init.o)
                0x08007fd0                __libc_init_array
 .text.setvbuf  0x08008018      0x188 c:/siliconlabs/simplicitystudio/v5/developer/toolchains/gnu_arm/10.3_2021.10/bin/../lib/gcc/arm-none-eabi/10.3.1/../../../../arm-none-eabi/lib/thumb/v8-m.main+fp/hard\libc_nano.a(lib_a-setvbuf.o)
                0x08008018                setvbuf
 .text.vprintf  0x080081a0       0x30 c:/siliconlabs/simplicitystudio/v5/developer/toolchains/gnu_arm/10.3_2021.10/bin/../lib/gcc/arm-none-eabi/10.3.1/../../../../arm-none-eabi/lib/thumb/v8-m.main+fp/hard\libc_nano.a(lib_a-vprintf.o)
                0x080081a0                viprintf
                0x080081a0                vprintf
 .text.__sflush_r
                0x080081d0      0x108 c:/siliconlabs/simplicitystudio/v5/developer/toolchains/gnu_arm/10.3_2021.10/bin/../lib/gcc/arm-none-eabi/10.3.1/../../../../arm-none-eabi/lib/thumb/v8-m.main+fp/hard\libc_nano.a(lib_a-fflush.o)
                0x080081d0                __sflush_r
 .text._fflush_r
                0x080082d8       0x78 c:/siliconlabs/simplicitystudio/v5/developer/toolchains/gnu_arm/10.3_2021.10/bin/../lib/gcc/arm-none-eabi/10.3.1/../../../../arm-none-eabi/lib/thumb/v8-m.main+fp/hard\libc_nano.a(lib_a-fflush.o)
                0x080082d8                _fflush_r
 .text.std      0x08008350       0x48 c:/siliconlabs/simplicitystudio/v5/developer/toolchains/gnu_arm/10.3_2021.10/bin/../lib/gcc/arm-none-eabi/10.3.1/../../../../arm-none-eabi/lib/thumb/v8-m.main+fp/hard\libc_nano.a(lib_a-findfp.o)
 .text._cleanup_r
                0x08008398        0xc c:/siliconlabs/simplicitystudio/v5/developer/toolchains/gnu_arm/10.3_2021.10/bin/../lib/gcc/arm-none-eabi/10.3.1/../../../../arm-none-eabi/lib/thumb/v8-m.main+fp/hard\libc_nano.a(lib_a-findfp.o)
                0x08008398                _cleanup_r
 .text.__sfp_lock_acquire
                0x080083a4        0xc c:/siliconlabs/simplicitystudio/v5/developer/toolchains/gnu_arm/10.3_2021.10/bin/../lib/gcc/arm-none-eabi/10.3.1/../../../../arm-none-eabi/lib/thumb/v8-m.main+fp/hard\libc_nano.a(lib_a-findfp.o)
                0x080083a4                __sfp_lock_acquire
 .text.__sfp_lock_release
                0x080083b0        0xc c:/siliconlabs/simplicitystudio/v5/developer/toolchains/gnu_arm/10.3_2021.10/bin/../lib/gcc/arm-none-eabi/10.3.1/../../../../arm-none-eabi/lib/thumb/v8-m.main+fp/hard\libc_nano.a(lib_a-findfp.o)
                0x080083b0                __sfp_lock_release
 .text.__sinit_lock_acquire
                0x080083bc        0xc c:/siliconlabs/simplicitystudio/v5/developer/toolchains/gnu_arm/10.3_2021.10/bin/../lib/gcc/arm-none-eabi/10.3.1/../../../../arm-none-eabi/lib/thumb/v8-m.main+fp/hard\libc_nano.a(lib_a-findfp.o)
                0x080083bc                __sinit_lock_acquire
 .text.__sinit_lock_release
                0x080083c8        0xc c:/siliconlabs/simplicitystudio/v5/developer/toolchains/gnu_arm/10.3_2021.10/bin/../lib/gcc/arm-none-eabi/10.3.1/../../../../arm-none-eabi/lib/thumb/v8-m.main+fp/hard\libc_nano.a(lib_a-findfp.o)
                0x080083c8                __sinit_lock_release
 .text.__sinit  0x080083d4       0x70 c:/siliconlabs/simplicitystudio/v5/developer/toolchains/gnu_arm/10.3_2021.10/bin/../lib/gcc/arm-none-eabi/10.3.1/../../../../arm-none-eabi/lib/thumb/v8-m.main+fp/hard\libc_nano.a(lib_a-findfp.o)
                0x080083d4                __sinit
 .text.__sfp    0x08008444       0x8c c:/siliconlabs/simplicitystudio/v5/developer/toolchains/gnu_arm/10.3_2021.10/bin/../lib/gcc/arm-none-eabi/10.3.1/../../../../arm-none-eabi/lib/thumb/v8-m.main+fp/hard\libc_nano.a(lib_a-findfp.o)
                0x08008444                __sfp
 .text.__smakebuf_r
                0x080084d0       0x80 c:/siliconlabs/simplicitystudio/v5/developer/toolchains/gnu_arm/10.3_2021.10/bin/../lib/gcc/arm-none-eabi/10.3.1/../../../../arm-none-eabi/lib/thumb/v8-m.main+fp/hard\libc_nano.a(lib_a-makebuf.o)
                0x080084d0                __smakebuf_r
 .text.malloc   0x08008550       0x10 c:/siliconlabs/simplicitystudio/v5/developer/toolchains/gnu_arm/10.3_2021.10/bin/../lib/gcc/arm-none-eabi/10.3.1/../../../../arm-none-eabi/lib/thumb/v8-m.main+fp/hard\libc_nano.a(lib_a-malloc.o)
                0x08008550                malloc
 .text._free_r  0x08008560       0x98 c:/siliconlabs/simplicitystudio/v5/developer/toolchains/gnu_arm/10.3_2021.10/bin/../lib/gcc/arm-none-eabi/10.3.1/../../../../arm-none-eabi/lib/thumb/v8-m.main+fp/hard\libc_nano.a(lib_a-nano-freer.o)
                0x08008560                _free_r
 .text.sbrk_aligned
                0x080085f8       0x40 c:/siliconlabs/simplicitystudio/v5/developer/toolchains/gnu_arm/10.3_2021.10/bin/../lib/gcc/arm-none-eabi/10.3.1/../../../../arm-none-eabi/lib/thumb/v8-m.main+fp/hard\libc_nano.a(lib_a-nano-mallocr.o)
 .text._malloc_r
                0x08008638       0xe8 c:/siliconlabs/simplicitystudio/v5/developer/toolchains/gnu_arm/10.3_2021.10/bin/../lib/gcc/arm-none-eabi/10.3.1/../../../../arm-none-eabi/lib/thumb/v8-m.main+fp/hard\libc_nano.a(lib_a-nano-mallocr.o)
                0x08008638                _malloc_r
 .text._vfprintf_r
                0x08008720      0x260 c:/siliconlabs/simplicitystudio/v5/developer/toolchains/gnu_arm/10.3_2021.10/bin/../lib/gcc/arm-none-eabi/10.3.1/../../../../arm-none-eabi/lib/thumb/v8-m.main+fp/hard\libc_nano.a(lib_a-nano-vfprintf.o)
                0x08008720                _vfprintf_r
                0x08008720                _vfiprintf_r
 .text._printf_i
                0x08008980      0x24c c:/siliconlabs/simplicitystudio/v5/developer/toolchains/gnu_arm/10.3_2021.10/bin/../lib/gcc/arm-none-eabi/10.3.1/../../../../arm-none-eabi/lib/thumb/v8-m.main+fp/hard\libc_nano.a(lib_a-nano-vfprintf_i.o)
                0x08008980                _printf_i
 .text._sbrk_r  0x08008bcc       0x20 c:/siliconlabs/simplicitystudio/v5/developer/toolchains/gnu_arm/10.3_2021.10/bin/../lib/gcc/arm-none-eabi/10.3.1/../../../../arm-none-eabi/lib/thumb/v8-m.main+fp/hard\libc_nano.a(lib_a-sbrkr.o)
                0x08008bcc                _sbrk_r
 .text.__swbuf_r
                0x08008bec       0xa4 c:/siliconlabs/simplicitystudio/v5/developer/toolchains/gnu_arm/10.3_2021.10/bin/../lib/gcc/arm-none-eabi/10.3.1/../../../../arm-none-eabi/lib/thumb/v8-m.main+fp/hard\libc_nano.a(lib_a-wbuf.o)
                0x08008bec                __swbuf_r
 .text._write_r
                0x08008c90       0x24 c:/siliconlabs/simplicitystudio/v5/developer/toolchains/gnu_arm/10.3_2021.10/bin/../lib/gcc/arm-none-eabi/10.3.1/../../../../arm-none-eabi/lib/thumb/v8-m.main+fp/hard\libc_nano.a(lib_a-writer.o)
                0x08008c90                _write_r
 .text.__swsetup_r
                0x08008cb4       0xdc c:/siliconlabs/simplicitystudio/v5/developer/toolchains/gnu_arm/10.3_2021.10/bin/../lib/gcc/arm-none-eabi/10.3.1/../../../../arm-none-eabi/lib/thumb/v8-m.main+fp/hard\libc_nano.a(lib_a-wsetup.o)
                0x08008cb4                __swsetup_r
 .text._close_r
                0x08008d90       0x20 c:/siliconlabs/simplicitystudio/v5/developer/toolchains/gnu_arm/10.3_2021.10/bin/../lib/gcc/arm-none-eabi/10.3.1/../../../../arm-none-eabi/lib/thumb/v8-m.main+fp/hard\libc_nano.a(lib_a-closer.o)
                0x08008d90                _close_r
 .text._fstat_r
                0x08008db0       0x24 c:/siliconlabs/simplicitystudio/v5/developer/toolchains/gnu_arm/10.3_2021.10/bin/../lib/gcc/arm-none-eabi/10.3.1/../../../../arm-none-eabi/lib/thumb/v8-m.main+fp/hard\libc_nano.a(lib_a-fstatr.o)
                0x08008db0                _fstat_r
 .text._isatty_r
                0x08008dd4       0x20 c:/siliconlabs/simplicitystudio/v5/developer/toolchains/gnu_arm/10.3_2021.10/bin/../lib/gcc/arm-none-eabi/10.3.1/../../../../arm-none-eabi/lib/thumb/v8-m.main+fp/hard\libc_nano.a(lib_a-isattyr.o)
                0x08008dd4                _isatty_r
 .text._lseek_r
                0x08008df4       0x24 c:/siliconlabs/simplicitystudio/v5/developer/toolchains/gnu_arm/10.3_2021.10/bin/../lib/gcc/arm-none-eabi/10.3.1/../../../../arm-none-eabi/lib/thumb/v8-m.main+fp/hard\libc_nano.a(lib_a-lseekr.o)
                0x08008df4                _lseek_r
 .text.__malloc_lock
                0x08008e18        0xc c:/siliconlabs/simplicitystudio/v5/developer/toolchains/gnu_arm/10.3_2021.10/bin/../lib/gcc/arm-none-eabi/10.3.1/../../../../arm-none-eabi/lib/thumb/v8-m.main+fp/hard\libc_nano.a(lib_a-mlock.o)
                0x08008e18                __malloc_lock
 .text.__malloc_unlock
                0x08008e24        0xc c:/siliconlabs/simplicitystudio/v5/developer/toolchains/gnu_arm/10.3_2021.10/bin/../lib/gcc/arm-none-eabi/10.3.1/../../../../arm-none-eabi/lib/thumb/v8-m.main+fp/hard\libc_nano.a(lib_a-mlock.o)
                0x08008e24                __malloc_unlock
 .text._read_r  0x08008e30       0x24 c:/siliconlabs/simplicitystudio/v5/developer/toolchains/gnu_arm/10.3_2021.10/bin/../lib/gcc/arm-none-eabi/10.3.1/../../../../arm-none-eabi/lib/thumb/v8-m.main+fp/hard\libc_nano.a(lib_a-readr.o)
                0x08008e30                _read_r
 .text.sl_power_manager_add_em_requirement
                0x08008e54       0x2a ./app.o
 .text.main     0x08008e7e       0x18 ./main.o
                0x08008e7e                main
 .text.CHIP_Init
                0x08008e96        0x4 ./autogen/sl_event_handler.o
 .text.sl_platform_init
                0x08008e9a       0x2a ./autogen/sl_event_handler.o
                0x08008e9a                sl_platform_init
 .text.sl_driver_init
                0x08008ec4        0x4 ./autogen/sl_event_handler.o
                0x08008ec4                sl_driver_init
 .text.sl_service_init
                0x08008ec8       0x16 ./autogen/sl_event_handler.o
                0x08008ec8                sl_service_init
 .text.sl_stack_init
                0x08008ede        0x4 ./autogen/sl_event_handler.o
                0x08008ede                sl_stack_init
 .text.sl_internal_app_init
                0x08008ee2        0xa ./autogen/sl_event_handler.o
                0x08008ee2                sl_internal_app_init
 .text.sl_platform_process_action
                0x08008eec        0x4 ./autogen/sl_event_handler.o
                0x08008eec                sl_platform_process_action
 .text.sl_service_process_action
                0x08008ef0        0x4 ./autogen/sl_event_handler.o
                0x08008ef0                sl_service_process_action
 .text.sl_stack_process_action
                0x08008ef4        0x4 ./autogen/sl_event_handler.o
                0x08008ef4                sl_stack_process_action
 .text.sl_internal_app_process_action
                0x08008ef8        0x4 ./autogen/sl_event_handler.o
                0x08008ef8                sl_internal_app_process_action
 .text.sl_iostream_init_instances
                0x08008efc        0xa ./autogen/sl_event_handler.o
                0x08008efc                sl_iostream_init_instances
 .text.BUS_RegBitRead
                0x08008f06       0x1a ./autogen/sl_iostream_init_usart_instances.o
 .text.sl_iostream_uart_sleep_on_isr_exit
                0x08008f20       0x1c ./autogen/sl_iostream_init_usart_instances.o
 .text.app_is_ok_to_sleep
                0x08008f3c        0x6 ./autogen/sl_power_manager_handler.o
                0x08008f3c                app_is_ok_to_sleep
 .text.app_sleep_on_isr_exit
                0x08008f42        0x6 ./autogen/sl_power_manager_handler.o
                0x08008f42                app_sleep_on_isr_exit
 .text.sl_power_manager_is_ok_to_sleep
                0x08008f48       0x2c ./autogen/sl_power_manager_handler.o
                0x08008f48                sl_power_manager_is_ok_to_sleep
 .text.sl_power_manager_sleep_on_isr_exit
                0x08008f74       0x84 ./autogen/sl_power_manager_handler.o
                0x08008f74                sl_power_manager_sleep_on_isr_exit
 .text._app_log_time
                0x08008ff8        0x4 ./gecko_sdk_4.2.1/app/common/util/app_log/app_log.o
                0x08008ff8                _app_log_time
 .text._app_log_counter
                0x08008ffc        0x4 ./gecko_sdk_4.2.1/app/common/util/app_log/app_log.o
                0x08008ffc                _app_log_counter
 .text.Default_Handler
                0x08009000        0x2 ./gecko_sdk_4.2.1/platform/Device/SiliconLabs/EFR32MG24/Source/startup_efr32mg24.o
                0x08009000                ULFRCO_IRQHandler
                0x08009000                AHB2AHB1_IRQHandler
                0x08009000                SW2_IRQHandler
                0x08009000                TIMER2_IRQHandler
                0x08009000                DebugMon_Handler
                0x08009000                IADC_IRQHandler
                0x08009000                EUSART0_TX_IRQHandler
                0x08009000                I2C0_IRQHandler
                0x08009000                LFXO_IRQHandler
                0x08009000                HardFault_Handler
                0x08009000                SMU_SECURE_IRQHandler
                0x08009000                SysTick_Handler
                0x08009000                SYSRTC_SEQ_IRQHandler
                0x08009000                EMUEFP_IRQHandler
                0x08009000                PendSV_Handler
                0x08009000                NMI_Handler
                0x08009000                SYNTH_IRQHandler
                0x08009000                HOSTMAILBOX_IRQHandler
                0x08009000                I2C1_IRQHandler
                0x08009000                WDOG0_IRQHandler
                0x08009000                TIMER3_IRQHandler
                0x08009000                SYSCFG_IRQHandler
                0x08009000                RFECA1_IRQHandler
                0x08009000                EMUDG_IRQHandler
                0x08009000                MSC_IRQHandler
                0x08009000                DPLL0_IRQHandler
                0x08009000                UsageFault_Handler
                0x08009000                WDOG1_IRQHandler
                0x08009000                M33CTI1_IRQHandler
                0x08009000                TIMER4_IRQHandler
                0x08009000                VDAC0_IRQHandler
                0x08009000                SEMBTX_IRQHandler
                0x08009000                SW0_IRQHandler
                0x08009000                MVP_IRQHandler
                0x08009000                LETIMER0_IRQHandler
                0x08009000                EUSART1_RX_IRQHandler
                0x08009000                TIMER1_IRQHandler
                0x08009000                HFRCO0_IRQHandler
                0x08009000                SecureFault_Handler
                0x08009000                BUFC_IRQHandler
                0x08009000                DCDC_IRQHandler
                0x08009000                MODEM_IRQHandler
                0x08009000                Default_Handler
                0x08009000                RAC_SEQ_IRQHandler
                0x08009000                FRC_PRI_IRQHandler
                0x08009000                SW3_IRQHandler
                0x08009000                EMU_IRQHandler
                0x08009000                KERNEL0_IRQHandler
                0x08009000                FRC_IRQHandler
                0x08009000                PCNT0_IRQHandler
                0x08009000                KERNEL1_IRQHandler
                0x08009000                AGC_IRQHandler
                0x08009000                EUSART1_TX_IRQHandler
                0x08009000                KEYSCAN_IRQHandler
                0x08009000                HFRCOEM23_IRQHandler
                0x08009000                sl_app_properties
                0x08009000                BURTC_IRQHandler
                0x08009000                SEMBRX_IRQHandler
                0x08009000                RFECA0_IRQHandler
                0x08009000                LFRCO_IRQHandler
                0x08009000                VDAC1_IRQHandler
                0x08009000                ACMP0_IRQHandler
                0x08009000                MemManage_Handler
                0x08009000                AHB2AHB0_IRQHandler
                0x08009000                SVC_Handler
                0x08009000                SMU_S_PRIVILEGED_IRQHandler
                0x08009000                SW1_IRQHandler
                0x08009000                CMU_IRQHandler
                0x08009000                EUSART0_RX_IRQHandler
                0x08009000                RAC_RSM_IRQHandler
                0x08009000                SETAMPERHOST_IRQHandler
                0x08009000                GPIO_ODD_IRQHandler
                0x08009000                AES_IRQHandler
                0x08009000                M33CTI0_IRQHandler
                0x08009000                ICACHE0_IRQHandler
                0x08009000                SMU_NS_PRIVILEGED_IRQHandler
                0x08009000                FPUEXH_IRQHandler
                0x08009000                PROTIMER_IRQHandler
                0x08009000                ACMP1_IRQHandler
                0x08009000                BusFault_Handler
                0x08009000                MPAHBRAM_IRQHandler
 .text.SystemCLKIN0Get
                0x08009002        0x6 ./gecko_sdk_4.2.1/platform/Device/SiliconLabs/EFR32MG24/Source/system_efr32mg24.o
                0x08009002                SystemCLKIN0Get
 .text.SystemLFRCOClockGet
                0x08009008        0x8 ./gecko_sdk_4.2.1/platform/Device/SiliconLabs/EFR32MG24/Source/system_efr32mg24.o
                0x08009008                SystemLFRCOClockGet
 .text.SystemULFRCOClockGet
                0x08009010        0x8 ./gecko_sdk_4.2.1/platform/Device/SiliconLabs/EFR32MG24/Source/system_efr32mg24.o
                0x08009010                SystemULFRCOClockGet
 .text.assertEFM
                0x08009018        0x8 ./gecko_sdk_4.2.1/platform/common/src/sl_assert.o
                0x08009018                assertEFM
 .text.sl_slist_init
                0x08009020       0x10 ./gecko_sdk_4.2.1/platform/common/src/sl_slist.o
                0x08009020                sl_slist_init
 .text.DMADRV_PeripheralMemory
                0x08009030       0x46 ./gecko_sdk_4.2.1/platform/emdrv/dmadrv/src/dmadrv.o
                0x08009030                DMADRV_PeripheralMemory
 .text.SystemCoreClockGet
                0x08009076        0xc ./gecko_sdk_4.2.1/platform/emlib/src/em_cmu.o
 .text.BUS_RegBitRead
                0x08009082       0x1a ./gecko_sdk_4.2.1/platform/emlib/src/em_cmu.o
 .text.BUS_RegMaskedWrite
                0x0800909c       0x34 ./gecko_sdk_4.2.1/platform/emlib/src/em_cmu.o
 .text.sli_em_cmu_SYSCLKInitPreClockSelect
                0x080090d0       0x1a ./gecko_sdk_4.2.1/platform/emlib/src/em_cmu.o
                0x080090d0                sli_em_cmu_SYSCLKInitPreClockSelect
 .text.sli_em_cmu_SYSCLKInitPostClockSelect
                0x080090ea       0x2e ./gecko_sdk_4.2.1/platform/emlib/src/em_cmu.o
                0x080090ea                sli_em_cmu_SYSCLKInitPostClockSelect
 .text.CMU_UpdateWaitStates
                0x08009118       0x28 ./gecko_sdk_4.2.1/platform/emlib/src/em_cmu.o
                0x08009118                CMU_UpdateWaitStates
 .text.pclkDivMax
                0x08009140       0x10 ./gecko_sdk_4.2.1/platform/emlib/src/em_cmu.o
 .text.waitStateMax
                0x08009150       0x14 ./gecko_sdk_4.2.1/platform/emlib/src/em_cmu.o
 .text.CORE_EnterCritical
                0x08009164       0x18 ./gecko_sdk_4.2.1/platform/emlib/src/em_core.o
                0x08009164                CORE_EnterCritical
 .text.CORE_ExitCritical
                0x0800917c       0x14 ./gecko_sdk_4.2.1/platform/emlib/src/em_core.o
                0x0800917c                CORE_ExitCritical
 .text.CORE_EnterAtomic
                0x08009190       0x20 ./gecko_sdk_4.2.1/platform/emlib/src/em_core.o
                0x08009190                CORE_EnterAtomic
 .text.CORE_ExitAtomic
                0x080091b0       0x16 ./gecko_sdk_4.2.1/platform/emlib/src/em_core.o
                0x080091b0                CORE_ExitAtomic
 .text.SystemCoreClockUpdate
                0x080091c6        0xa ./gecko_sdk_4.2.1/platform/emlib/src/em_emu.o
 .text.BUS_RegBitRead
                0x080091d0       0x1a ./gecko_sdk_4.2.1/platform/emlib/src/em_emu.o
 .text.vScaleEM01Cmd
                0x080091ea       0x1c ./gecko_sdk_4.2.1/platform/emlib/src/em_emu.o
 .text.EMU_EFPEM23PresleepHook
                0x08009206        0x4 ./gecko_sdk_4.2.1/platform/emlib/src/em_emu.o
                0x08009206                EMU_EFPEM23PresleepHook
 .text.EMU_EFPEM23PostsleepHook
                0x0800920a        0x4 ./gecko_sdk_4.2.1/platform/emlib/src/em_emu.o
                0x0800920a                EMU_EFPEM23PostsleepHook
 .text.EMU_Save
                0x0800920e        0x4 ./gecko_sdk_4.2.1/platform/emlib/src/em_emu.o
                0x0800920e                EMU_Save
 .text.EMU_Restore
                0x08009212        0x4 ./gecko_sdk_4.2.1/platform/emlib/src/em_emu.o
                0x08009212                EMU_Restore
 .text.EMU_EFPEM01VScale
                0x08009216        0xe ./gecko_sdk_4.2.1/platform/emlib/src/em_emu.o
                0x08009216                EMU_EFPEM01VScale
 .text.EMU_DCDCUpdatedHook
                0x08009224        0x4 ./gecko_sdk_4.2.1/platform/emlib/src/em_emu.o
                0x08009224                EMU_DCDCUpdatedHook
 .text.BUS_RegMaskedWrite
                0x08009228       0x34 ./gecko_sdk_4.2.1/platform/emlib/src/em_gpio.o
 .text.I2C_IntClear
                0x0800925c       0x18 ./gecko_sdk_4.2.1/platform/emlib/src/em_i2c.o
 .text.BUS_RegMaskedWrite
                0x08009274       0x34 ./gecko_sdk_4.2.1/platform/emlib/src/em_i2c.o
 .text.flushRx  0x080092a8       0x28 ./gecko_sdk_4.2.1/platform/emlib/src/em_i2c.o
 .text.BUS_RegMaskedClear
                0x080092d0       0x1a ./gecko_sdk_4.2.1/platform/emlib/src/em_ldma.o
 .text.TIMER_SyncWait
                0x080092ea       0x24 ./gecko_sdk_4.2.1/platform/emlib/src/em_timer.o
                0x080092ea                TIMER_SyncWait
 .text.USART_Tx
                0x0800930e       0x26 ./gecko_sdk_4.2.1/platform/emlib/src/em_usart.o
                0x0800930e                USART_Tx
 .text.sl_device_init_nvic
                0x08009334       0x38 ./gecko_sdk_4.2.1/platform/service/device_init/src/sl_device_init_nvic.o
                0x08009334                sl_device_init_nvic
 .text.sl_hfxo_manager_init_hardware
                0x0800936c        0xa ./gecko_sdk_4.2.1/platform/service/hfxo_manager/src/sl_hfxo_manager.o
                0x0800936c                sl_hfxo_manager_init_hardware
 .text.HFXO0_IRQHandler
                0x08009376        0xa ./gecko_sdk_4.2.1/platform/service/hfxo_manager/src/sl_hfxo_manager_hal_s2.o
                0x08009376                HFXO0_IRQHandler
 .text.sl_iostream_write
                0x08009380       0x40 ./gecko_sdk_4.2.1/platform/service/iostream/src/sl_iostream.o
                0x08009380                sl_iostream_write
 .text.sl_iostream_read
                0x080093c0       0x50 ./gecko_sdk_4.2.1/platform/service/iostream/src/sl_iostream.o
                0x080093c0                sl_iostream_read
 .text.sl_iostream_vprintf
                0x08009410       0x64 ./gecko_sdk_4.2.1/platform/service/iostream/src/sl_iostream.o
                0x08009410                sl_iostream_vprintf
 .text.sl_iostream_printf
                0x08009474       0x26 ./gecko_sdk_4.2.1/platform/service/iostream/src/sl_iostream.o
                0x08009474                sl_iostream_printf
 .text._close   0x0800949a        0xc ./gecko_sdk_4.2.1/platform/service/iostream/src/sl_iostream_retarget_stdio.o
                0x0800949a                _close
 .text._exit    0x080094a6        0x6 ./gecko_sdk_4.2.1/platform/service/iostream/src/sl_iostream_retarget_stdio.o
                0x080094a6                _exit
 .text._fstat   0x080094ac       0x16 ./gecko_sdk_4.2.1/platform/service/iostream/src/sl_iostream_retarget_stdio.o
                0x080094ac                _fstat
 .text._isatty  0x080094c2        0xc ./gecko_sdk_4.2.1/platform/service/iostream/src/sl_iostream_retarget_stdio.o
                0x080094c2                _isatty
 .text._lseek   0x080094ce       0x10 ./gecko_sdk_4.2.1/platform/service/iostream/src/sl_iostream_retarget_stdio.o
                0x080094ce                _lseek
 .text._read    0x080094de       0x30 ./gecko_sdk_4.2.1/platform/service/iostream/src/sl_iostream_retarget_stdio.o
                0x080094de                _read
 .text.sl_power_manager_add_em_requirement
                0x0800950e       0x2a ./gecko_sdk_4.2.1/platform/service/iostream/src/sl_iostream_uart.o
 .text.sl_power_manager_remove_em_requirement
                0x08009538       0x2a ./gecko_sdk_4.2.1/platform/service/iostream/src/sl_iostream_uart.o
 .text.sleep_on_isr_exit
                0x08009562       0x60 ./gecko_sdk_4.2.1/platform/service/iostream/src/sl_iostream_uart.o
 .text.set_auto_cr_lf
                0x080095c2       0x1e ./gecko_sdk_4.2.1/platform/service/iostream/src/sl_iostream_uart.o
 .text.get_auto_cr_lf
                0x080095e0       0x1c ./gecko_sdk_4.2.1/platform/service/iostream/src/sl_iostream_uart.o
 .text.set_rx_energy_mode_restriction
                0x080095fc       0x78 ./gecko_sdk_4.2.1/platform/service/iostream/src/sl_iostream_uart.o
 .text.get_rx_energy_mode_restriction
                0x08009674       0x1c ./gecko_sdk_4.2.1/platform/service/iostream/src/sl_iostream_uart.o
 .text.nolock_uart_write
                0x08009690       0xf6 ./gecko_sdk_4.2.1/platform/service/iostream/src/sl_iostream_uart.o
 .text.uart_write
                0x08009786       0x1e ./gecko_sdk_4.2.1/platform/service/iostream/src/sl_iostream_uart.o
 .text.uart_read
                0x080097a4       0x42 ./gecko_sdk_4.2.1/platform/service/iostream/src/sl_iostream_uart.o
 .text.USART_IntClear
                0x080097e6       0x18 ./gecko_sdk_4.2.1/platform/service/iostream/src/sl_iostream_usart.o
 .text.USART_IntDisable
                0x080097fe       0x1a ./gecko_sdk_4.2.1/platform/service/iostream/src/sl_iostream_usart.o
 .text.USART_IntEnable
                0x08009818       0x18 ./gecko_sdk_4.2.1/platform/service/iostream/src/sl_iostream_usart.o
 .text.USART_StatusGet
                0x08009830        0xe ./gecko_sdk_4.2.1/platform/service/iostream/src/sl_iostream_usart.o
 .text.usart_tx
                0x0800983e       0x2a ./gecko_sdk_4.2.1/platform/service/iostream/src/sl_iostream_usart.o
 .text.usart_set_next_byte_detect
                0x08009868       0x3a ./gecko_sdk_4.2.1/platform/service/iostream/src/sl_iostream_usart.o
 .text.usart_tx_completed
                0x080098a2       0x46 ./gecko_sdk_4.2.1/platform/service/iostream/src/sl_iostream_usart.o
 .text.usart_deinit
                0x080098e8       0xb6 ./gecko_sdk_4.2.1/platform/service/iostream/src/sl_iostream_usart.o
 .text.sli_power_manager_initiate_restore
                0x0800999e       0x1c ./gecko_sdk_4.2.1/platform/service/power_manager/src/sl_power_manager.o
                0x0800999e                sli_power_manager_initiate_restore
 .text.enter_critical_with_primask
                0x080099ba       0x18 ./gecko_sdk_4.2.1/platform/service/power_manager/src/sl_power_manager.o
 .text.exit_critical_with_primask
                0x080099d2       0x14 ./gecko_sdk_4.2.1/platform/service/power_manager/src/sl_power_manager.o
 .text.SystemCoreClockUpdate
                0x080099e6        0xa ./gecko_sdk_4.2.1/platform/service/power_manager/src/sl_power_manager_hal_s2.o
 .text.sli_power_manager_save_states
                0x080099f0        0xa ./gecko_sdk_4.2.1/platform/service/power_manager/src/sl_power_manager_hal_s2.o
                0x080099f0                sli_power_manager_save_states
 .text.sli_power_manager_get_default_high_frequency_minimum_offtime
                0x080099fa       0x10 ./gecko_sdk_4.2.1/platform/service/power_manager/src/sl_power_manager_hal_s2.o
                0x080099fa                sli_power_manager_get_default_high_frequency_minimum_offtime
 .text.sli_power_manager_low_frequency_restore
                0x08009a0a        0x4 ./gecko_sdk_4.2.1/platform/service/power_manager/src/sl_power_manager_hal_s2.o
                0x08009a0a                sli_power_manager_low_frequency_restore
 .text.sl_sleeptimer_restart_timer
                0x08009a0e       0x4e ./gecko_sdk_4.2.1/platform/service/sleeptimer/src/sl_sleeptimer.o
                0x08009a0e                sl_sleeptimer_restart_timer
 .text.sl_sleeptimer_get_tick_count
                0x08009a5c       0x20 ./gecko_sdk_4.2.1/platform/service/sleeptimer/src/sl_sleeptimer.o
                0x08009a5c                sl_sleeptimer_get_tick_count
 .text.sleeptimer_hal_init_timer
                0x08009a7c       0x76 ./gecko_sdk_4.2.1/platform/service/sleeptimer/src/sl_sleeptimer_hal_sysrtc.o
                0x08009a7c                sleeptimer_hal_init_timer
 .text.sleeptimer_hal_get_counter
                0x08009af2        0xc ./gecko_sdk_4.2.1/platform/service/sleeptimer/src/sl_sleeptimer_hal_sysrtc.o
                0x08009af2                sleeptimer_hal_get_counter
 .text.sleeptimer_hal_get_compare
                0x08009afe       0x10 ./gecko_sdk_4.2.1/platform/service/sleeptimer/src/sl_sleeptimer_hal_sysrtc.o
                0x08009afe                sleeptimer_hal_get_compare
 .text.sleeptimer_hal_enable_int
                0x08009b0e       0x46 ./gecko_sdk_4.2.1/platform/service/sleeptimer/src/sl_sleeptimer_hal_sysrtc.o
                0x08009b0e                sleeptimer_hal_enable_int
 .text.sli_sleeptimer_hal_is_int_status_set
                0x08009b54       0x5a ./gecko_sdk_4.2.1/platform/service/sleeptimer/src/sl_sleeptimer_hal_sysrtc.o
                0x08009b54                sli_sleeptimer_hal_is_int_status_set
 .text.SYSRTC_APP_IRQHandler
                0x08009bae       0x6a ./gecko_sdk_4.2.1/platform/service/sleeptimer/src/sl_sleeptimer_hal_sysrtc.o
                0x08009bae                SYSRTC_APP_IRQHandler
 .text.sleeptimer_hal_get_timer_frequency
                0x08009c18        0xe ./gecko_sdk_4.2.1/platform/service/sleeptimer/src/sl_sleeptimer_hal_sysrtc.o
                0x08009c18                sleeptimer_hal_get_timer_frequency
 .text.get_time_diff
                0x08009c26       0x12 ./gecko_sdk_4.2.1/platform/service/sleeptimer/src/sl_sleeptimer_hal_sysrtc.o
 .text.sl_system_init
                0x08009c38       0x1a ./gecko_sdk_4.2.1/platform/service/system/src/sl_system_init.o
                0x08009c38                sl_system_init
 .text.sl_system_process_action
                0x08009c52       0x16 ./gecko_sdk_4.2.1/platform/service/system/src/sl_system_process_action.o
                0x08009c52                sl_system_process_action
 .text.init_GPIO
                0x08009c68       0x70 ./src/GPIO.o
                0x08009c68                init_GPIO
 .text.adxl_init
                0x08009cd8       0x1e ./src/adxl343.o
                0x08009cd8                adxl_init
 .text.adxl_config
                0x08009cf6       0x42 ./src/adxl343.o
                0x08009cf6                adxl_config
 .text.adxl_read
                0x08009d38       0xc0 ./src/adxl343.o
                0x08009d38                adxl_read
 .text.adxl_write
                0x08009df8       0x72 ./src/adxl343.o
                0x08009df8                adxl_write
 .text.TIMER_IntClear
                0x08009e6a       0x18 ./src/irq.o
 .text.TIMER_IntGet
                0x08009e82        0xe ./src/irq.o
 .text.loggerGetTimestamp
                0x08009e90        0x6 ./src/log.o
                0x08009e90                loggerGetTimestamp
 .text.TIMER_IntClear
                0x08009e96       0x18 ./src/timers.o
 .text.TIMER_IntEnable
                0x08009eae       0x18 ./src/timers.o
 .text.memcpy   0x08009ec6       0x1a c:/siliconlabs/simplicitystudio/v5/developer/toolchains/gnu_arm/10.3_2021.10/bin/../lib/gcc/arm-none-eabi/10.3.1/../../../../arm-none-eabi/lib/thumb/v8-m.main+fp/hard\libc_nano.a(lib_a-memcpy-stub.o)
                0x08009ec6                memcpy
 .text.memset   0x08009ee0       0x10 c:/siliconlabs/simplicitystudio/v5/developer/toolchains/gnu_arm/10.3_2021.10/bin/../lib/gcc/arm-none-eabi/10.3.1/../../../../arm-none-eabi/lib/thumb/v8-m.main+fp/hard\libc_nano.a(lib_a-memset.o)
                0x08009ee0                memset
 .text.__sfmoreglue
                0x08009ef0       0x2c c:/siliconlabs/simplicitystudio/v5/developer/toolchains/gnu_arm/10.3_2021.10/bin/../lib/gcc/arm-none-eabi/10.3.1/../../../../arm-none-eabi/lib/thumb/v8-m.main+fp/hard\libc_nano.a(lib_a-findfp.o)
                0x08009ef0                __sfmoreglue
 .text._fwalk_reent
                0x08009f1c       0x3e c:/siliconlabs/simplicitystudio/v5/developer/toolchains/gnu_arm/10.3_2021.10/bin/../lib/gcc/arm-none-eabi/10.3.1/../../../../arm-none-eabi/lib/thumb/v8-m.main+fp/hard\libc_nano.a(lib_a-fwalk.o)
                0x08009f1c                _fwalk_reent
 .text.__retarget_lock_init_recursive
                0x08009f5a        0x2 c:/siliconlabs/simplicitystudio/v5/developer/toolchains/gnu_arm/10.3_2021.10/bin/../lib/gcc/arm-none-eabi/10.3.1/../../../../arm-none-eabi/lib/thumb/v8-m.main+fp/hard\libc_nano.a(lib_a-lock.o)
                0x08009f5a                __retarget_lock_init_recursive
 .text.__retarget_lock_acquire_recursive
                0x08009f5c        0x2 c:/siliconlabs/simplicitystudio/v5/developer/toolchains/gnu_arm/10.3_2021.10/bin/../lib/gcc/arm-none-eabi/10.3.1/../../../../arm-none-eabi/lib/thumb/v8-m.main+fp/hard\libc_nano.a(lib_a-lock.o)
                0x08009f5c                __retarget_lock_acquire_recursive
 .text.__retarget_lock_release_recursive
                0x08009f5e        0x2 c:/siliconlabs/simplicitystudio/v5/developer/toolchains/gnu_arm/10.3_2021.10/bin/../lib/gcc/arm-none-eabi/10.3.1/../../../../arm-none-eabi/lib/thumb/v8-m.main+fp/hard\libc_nano.a(lib_a-lock.o)
                0x08009f5e                __retarget_lock_release_recursive
 .text.__swhatbuf_r
                0x08009f60       0x4a c:/siliconlabs/simplicitystudio/v5/developer/toolchains/gnu_arm/10.3_2021.10/bin/../lib/gcc/arm-none-eabi/10.3.1/../../../../arm-none-eabi/lib/thumb/v8-m.main+fp/hard\libc_nano.a(lib_a-makebuf.o)
                0x08009f60                __swhatbuf_r
 .text.__sfputc_r
                0x08009faa       0x2e c:/siliconlabs/simplicitystudio/v5/developer/toolchains/gnu_arm/10.3_2021.10/bin/../lib/gcc/arm-none-eabi/10.3.1/../../../../arm-none-eabi/lib/thumb/v8-m.main+fp/hard\libc_nano.a(lib_a-nano-vfprintf.o)
 .text.__sfputs_r
                0x08009fd8       0x24 c:/siliconlabs/simplicitystudio/v5/developer/toolchains/gnu_arm/10.3_2021.10/bin/../lib/gcc/arm-none-eabi/10.3.1/../../../../arm-none-eabi/lib/thumb/v8-m.main+fp/hard\libc_nano.a(lib_a-nano-vfprintf.o)
                0x08009fd8                __sfputs_r
 .text._printf_common
                0x08009ffc       0xe0 c:/siliconlabs/simplicitystudio/v5/developer/toolchains/gnu_arm/10.3_2021.10/bin/../lib/gcc/arm-none-eabi/10.3.1/../../../../arm-none-eabi/lib/thumb/v8-m.main+fp/hard\libc_nano.a(lib_a-nano-vfprintf_i.o)
                0x08009ffc                _printf_common
 .text.__sread  0x0800a0dc       0x22 c:/siliconlabs/simplicitystudio/v5/developer/toolchains/gnu_arm/10.3_2021.10/bin/../lib/gcc/arm-none-eabi/10.3.1/../../../../arm-none-eabi/lib/thumb/v8-m.main+fp/hard\libc_nano.a(lib_a-stdio.o)
                0x0800a0dc                __sread
 .text.__swrite
                0x0800a0fe       0x38 c:/siliconlabs/simplicitystudio/v5/developer/toolchains/gnu_arm/10.3_2021.10/bin/../lib/gcc/arm-none-eabi/10.3.1/../../../../arm-none-eabi/lib/thumb/v8-m.main+fp/hard\libc_nano.a(lib_a-stdio.o)
                0x0800a0fe                __swrite
 .text.__sseek  0x0800a136       0x24 c:/siliconlabs/simplicitystudio/v5/developer/toolchains/gnu_arm/10.3_2021.10/bin/../lib/gcc/arm-none-eabi/10.3.1/../../../../arm-none-eabi/lib/thumb/v8-m.main+fp/hard\libc_nano.a(lib_a-stdio.o)
                0x0800a136                __sseek
 .text.__sclose
                0x0800a15a        0x8 c:/siliconlabs/simplicitystudio/v5/developer/toolchains/gnu_arm/10.3_2021.10/bin/../lib/gcc/arm-none-eabi/10.3.1/../../../../arm-none-eabi/lib/thumb/v8-m.main+fp/hard\libc_nano.a(lib_a-stdio.o)
                0x0800a15a                __sclose
 .text.memchr   0x0800a162       0x1c c:/siliconlabs/simplicitystudio/v5/developer/toolchains/gnu_arm/10.3_2021.10/bin/../lib/gcc/arm-none-eabi/10.3.1/../../../../arm-none-eabi/lib/thumb/v8-m.main+fp/hard\libc_nano.a(lib_a-memchr-stub.o)
                0x0800a162                memchr
                0x0800a17e                linker_code_end = .
 *(.init)
 *fill*         0x0800a17e        0x2 
 .init          0x0800a180        0x4 c:/siliconlabs/simplicitystudio/v5/developer/toolchains/gnu_arm/10.3_2021.10/bin/../lib/gcc/arm-none-eabi/10.3.1/thumb/v8-m.main+fp/hard/crti.o
                0x0800a180                _init
 .init          0x0800a184        0x8 c:/siliconlabs/simplicitystudio/v5/developer/toolchains/gnu_arm/10.3_2021.10/bin/../lib/gcc/arm-none-eabi/10.3.1/thumb/v8-m.main+fp/hard/crtn.o
 *(.fini)
 .fini          0x0800a18c        0x4 c:/siliconlabs/simplicitystudio/v5/developer/toolchains/gnu_arm/10.3_2021.10/bin/../lib/gcc/arm-none-eabi/10.3.1/thumb/v8-m.main+fp/hard/crti.o
                0x0800a18c                _fini
 .fini          0x0800a190        0x8 c:/siliconlabs/simplicitystudio/v5/developer/toolchains/gnu_arm/10.3_2021.10/bin/../lib/gcc/arm-none-eabi/10.3.1/thumb/v8-m.main+fp/hard/crtn.o
 *crtbegin.o(.ctors)
 *crtbegin?.o(.ctors)
 *(EXCLUDE_FILE(*crtend.o *crtend?.o) .ctors)
 *(SORT_BY_NAME(.ctors.*))
 *(.ctors)
 *crtbegin.o(.dtors)
 *crtbegin?.o(.dtors)
 *(EXCLUDE_FILE(*crtend.o *crtend?.o) .dtors)
 *(SORT_BY_NAME(.dtors.*))
 *(.dtors)
 *(.rodata*)
 .rodata        0x0800a198      0x138 ./app.o
 .rodata.__func__.0
                0x0800a2d0       0x13 ./app.o
 *fill*         0x0800a2e3        0x1 
 .rodata        0x0800a2e4       0xa8 ./autogen/sl_iostream_init_usart_instances.o
 .rodata        0x0800a38c       0x4e ./gecko_sdk_4.2.1/platform/common/src/sl_slist.o
 *fill*         0x0800a3da        0x2 
 .rodata        0x0800a3dc        0x4 ./gecko_sdk_4.2.1/platform/emdrv/dmadrv/src/dmadrv.o
 .rodata        0x0800a3e0       0x97 ./gecko_sdk_4.2.1/platform/emlib/src/em_cmu.o
 *fill*         0x0800a477        0x1 
 .rodata        0x0800a478       0x4b ./gecko_sdk_4.2.1/platform/emlib/src/em_emu.o
 *fill*         0x0800a4c3        0x1 
 .rodata        0x0800a4c4       0xe4 ./gecko_sdk_4.2.1/platform/emlib/src/em_gpio.o
 .rodata        0x0800a5a8       0x97 ./gecko_sdk_4.2.1/platform/emlib/src/em_i2c.o
 *fill*         0x0800a63f        0x1 
 .rodata.i2cNSum
                0x0800a640        0x4 ./gecko_sdk_4.2.1/platform/emlib/src/em_i2c.o
 .rodata        0x0800a644       0x7c ./gecko_sdk_4.2.1/platform/emlib/src/em_ldma.o
 .rodata        0x0800a6c0       0x9d ./gecko_sdk_4.2.1/platform/emlib/src/em_timer.o
 *fill*         0x0800a75d        0x3 
 .rodata        0x0800a760       0x31 ./gecko_sdk_4.2.1/platform/emlib/src/em_usart.o
 *fill*         0x0800a791        0x3 
 .rodata        0x0800a794       0x5b ./gecko_sdk_4.2.1/platform/peripheral/src/peripheral_sysrtc.o
 *fill*         0x0800a7ef        0x1 
 .rodata        0x0800a7f0        0x7 ./gecko_sdk_4.2.1/platform/service/device_init/src/sl_device_init_dcdc_s2.o
 *fill*         0x0800a7f7        0x1 
 .rodata        0x0800a7f8       0x28 ./gecko_sdk_4.2.1/platform/service/device_init/src/sl_device_init_hfxo_s2.o
 .rodata        0x0800a820       0x14 ./gecko_sdk_4.2.1/platform/service/device_init/src/sl_device_init_lfxo_s2.o
 .rodata        0x0800a834       0x4e ./gecko_sdk_4.2.1/platform/service/iostream/src/sl_iostream_retarget_stdio.o
 *fill*         0x0800a882        0x2 
 .rodata        0x0800a884       0x44 ./gecko_sdk_4.2.1/platform/service/iostream/src/sl_iostream_uart.o
 .rodata        0x0800a8c8       0x65 ./gecko_sdk_4.2.1/platform/service/power_manager/src/sl_power_manager.o
 *fill*         0x0800a92d        0x3 
 .rodata        0x0800a930       0x6c ./gecko_sdk_4.2.1/platform/service/power_manager/src/sl_power_manager_hal_s2.o
 .rodata        0x0800a99c       0x5f ./gecko_sdk_4.2.1/platform/service/sleeptimer/src/sl_sleeptimer.o
 *fill*         0x0800a9fb        0x1 
 .rodata        0x0800a9fc       0x10 ./src/I2C.o
 .rodata        0x0800aa0c       0x4d ./src/timers.o
 *fill*         0x0800aa59        0x3 
 .rodata._global_impure_ptr
                0x0800aa5c        0x4 c:/siliconlabs/simplicitystudio/v5/developer/toolchains/gnu_arm/10.3_2021.10/bin/../lib/gcc/arm-none-eabi/10.3.1/../../../../arm-none-eabi/lib/thumb/v8-m.main+fp/hard\libc_nano.a(lib_a-impure.o)
                0x0800aa5c                _global_impure_ptr
 .rodata.__sf_fake_stderr
                0x0800aa60       0x20 c:/siliconlabs/simplicitystudio/v5/developer/toolchains/gnu_arm/10.3_2021.10/bin/../lib/gcc/arm-none-eabi/10.3.1/../../../../arm-none-eabi/lib/thumb/v8-m.main+fp/hard\libc_nano.a(lib_a-findfp.o)
                0x0800aa60                __sf_fake_stderr
 .rodata.__sf_fake_stdin
                0x0800aa80       0x20 c:/siliconlabs/simplicitystudio/v5/developer/toolchains/gnu_arm/10.3_2021.10/bin/../lib/gcc/arm-none-eabi/10.3.1/../../../../arm-none-eabi/lib/thumb/v8-m.main+fp/hard\libc_nano.a(lib_a-findfp.o)
                0x0800aa80                __sf_fake_stdin
 .rodata.__sf_fake_stdout
                0x0800aaa0       0x20 c:/siliconlabs/simplicitystudio/v5/developer/toolchains/gnu_arm/10.3_2021.10/bin/../lib/gcc/arm-none-eabi/10.3.1/../../../../arm-none-eabi/lib/thumb/v8-m.main+fp/hard\libc_nano.a(lib_a-findfp.o)
                0x0800aaa0                __sf_fake_stdout
 .rodata._vfprintf_r.str1.1
                0x0800aac0       0x11 c:/siliconlabs/simplicitystudio/v5/developer/toolchains/gnu_arm/10.3_2021.10/bin/../lib/gcc/arm-none-eabi/10.3.1/../../../../arm-none-eabi/lib/thumb/v8-m.main+fp/hard\libc_nano.a(lib_a-nano-vfprintf.o)
 .rodata._printf_i.str1.1
                0x0800aad1       0x22 c:/siliconlabs/simplicitystudio/v5/developer/toolchains/gnu_arm/10.3_2021.10/bin/../lib/gcc/arm-none-eabi/10.3.1/../../../../arm-none-eabi/lib/thumb/v8-m.main+fp/hard\libc_nano.a(lib_a-nano-vfprintf_i.o)
 *(.eh_frame*)
 *fill*         0x0800aaf3        0x1 
 .eh_frame      0x0800aaf4        0x0 c:/siliconlabs/simplicitystudio/v5/developer/toolchains/gnu_arm/10.3_2021.10/bin/../lib/gcc/arm-none-eabi/10.3.1/thumb/v8-m.main+fp/hard/crtbegin.o

.glue_7         0x0800aaf4        0x0
 .glue_7        0x0800aaf4        0x0 linker stubs

.glue_7t        0x0800aaf4        0x0
 .glue_7t       0x0800aaf4        0x0 linker stubs

.vfp11_veneer   0x0800aaf4        0x0
 .vfp11_veneer  0x0800aaf4        0x0 linker stubs

.v4_bx          0x0800aaf4        0x0
 .v4_bx         0x0800aaf4        0x0 linker stubs

.iplt           0x0800aaf4        0x0
 .iplt          0x0800aaf4        0x0 c:/siliconlabs/simplicitystudio/v5/developer/toolchains/gnu_arm/10.3_2021.10/bin/../lib/gcc/arm-none-eabi/10.3.1/thumb/v8-m.main+fp/hard/crtbegin.o

.ARM.extab
 *(.ARM.extab* .gnu.linkonce.armextab.*)
                0x0800aaf4                __exidx_start = .

.ARM.exidx      0x0800aaf4        0x8
 *(.ARM.exidx* .gnu.linkonce.armexidx.*)
 .ARM.exidx     0x0800aaf4        0x8 c:/siliconlabs/simplicitystudio/v5/developer/toolchains/gnu_arm/10.3_2021.10/bin/../lib/gcc/arm-none-eabi/10.3.1/../../../../arm-none-eabi/lib/thumb/v8-m.main+fp/hard/crt0.o
                                 0x10 (size before relaxing)
 .ARM.exidx     0x0800aafc        0x0 c:/siliconlabs/simplicitystudio/v5/developer/toolchains/gnu_arm/10.3_2021.10/bin/../lib/gcc/arm-none-eabi/10.3.1/thumb/v8-m.main+fp/hard\libgcc.a(_udivmoddi4.o)
                                  0x8 (size before relaxing)
                0x0800aafc                __exidx_end = .

.rel.dyn        0x0800aafc        0x0
 .rel.iplt      0x0800aafc        0x0 c:/siliconlabs/simplicitystudio/v5/developer/toolchains/gnu_arm/10.3_2021.10/bin/../lib/gcc/arm-none-eabi/10.3.1/thumb/v8-m.main+fp/hard/crtbegin.o

.copy.table     0x0800aafc        0xc
                0x0800aafc                . = ALIGN (0x4)
                0x0800aafc                __copy_table_start__ = .
                0x0800aafc        0x4 LONG 0x800ab08 __etext
                0x0800ab00        0x4 LONG 0x20001000 __data_start__
                0x0800ab04        0x4 LONG 0x25 ((__data_end__ - __data_start__) / 0x4)
                0x0800ab08                __copy_table_end__ = .

.zero.table     0x0800ab08        0x0
                0x0800ab08                . = ALIGN (0x4)
                0x0800ab08                __zero_table_start__ = .
                0x0800ab08                __zero_table_end__ = .
                0x0800ab08                __etext = .
                0x20000000                . = ORIGIN (RAM)

.stack          0x20000000     0x1000
                0x20000000                __StackLimit = .
 *(.stack*)
 .stack         0x20000000     0x1000 ./gecko_sdk_4.2.1/platform/common/toolchain/src/sl_memory.o
                0x20001000                . = ALIGN (0x4)
                0x20001000                __StackTop = .
                0x20001000                PROVIDE (__stack = __StackTop)

.noinit
 *(.noinit*)

.data           0x20001000       0x94 load address 0x0800ab08
                0x20001000                . = ALIGN (0x4)
                0x20001000                __data_start__ = .
 *(vtable)
 *(SORT_BY_ALIGNMENT(.data*))
 .data.events_info
                0x20001000        0x8 ./autogen/sl_iostream_init_usart_instances.o
 .data.sl_iostream_vcom_handle
                0x20001008        0x4 ./autogen/sl_iostream_init_usart_instances.o
                0x20001008                sl_iostream_vcom_handle
 .data.SystemHFXOClock
                0x2000100c        0x4 ./gecko_sdk_4.2.1/platform/Device/SiliconLabs/EFR32MG24/Source/system_efr32mg24.o
 .data.SystemLFXOClock
                0x20001010        0x4 ./gecko_sdk_4.2.1/platform/Device/SiliconLabs/EFR32MG24/Source/system_efr32mg24.o
 .data.SystemHFRCODPLLClock
                0x20001014        0x4 ./gecko_sdk_4.2.1/platform/Device/SiliconLabs/EFR32MG24/Source/system_efr32mg24.o
 .data.SystemCoreClock
                0x20001018        0x4 ./gecko_sdk_4.2.1/platform/Device/SiliconLabs/EFR32MG24/Source/system_efr32mg24.o
                0x20001018                SystemCoreClock
 .data.heap_end.0
                0x2000101c        0x4 ./gecko_sdk_4.2.1/platform/common/toolchain/src/sl_memory.o
 .data._impure_ptr
                0x20001020        0x4 c:/siliconlabs/simplicitystudio/v5/developer/toolchains/gnu_arm/10.3_2021.10/bin/../lib/gcc/arm-none-eabi/10.3.1/../../../../arm-none-eabi/lib/thumb/v8-m.main+fp/hard\libc_nano.a(lib_a-impure.o)
                0x20001020                _impure_ptr
 .data.impure_data
                0x20001024       0x60 c:/siliconlabs/simplicitystudio/v5/developer/toolchains/gnu_arm/10.3_2021.10/bin/../lib/gcc/arm-none-eabi/10.3.1/../../../../arm-none-eabi/lib/thumb/v8-m.main+fp/hard\libc_nano.a(lib_a-impure.o)
 .data.lfxo_precision
                0x20001084        0x2 ./gecko_sdk_4.2.1/platform/emlib/src/em_cmu.o
 .data.level_filter_enabled
                0x20001086        0x1 ./gecko_sdk_4.2.1/app/common/util/app_log/app_log.o
 .data.level_filter_threshold
                0x20001087        0x1 ./gecko_sdk_4.2.1/app/common/util/app_log/app_log.o
 .data.level_mask
                0x20001088        0x1 ./gecko_sdk_4.2.1/app/common/util/app_log/app_log.o
 .data.ctuneDelta
                0x20001089        0x1 ./gecko_sdk_4.2.1/platform/emlib/src/em_cmu.o
 .data.is_fast_wakeup_enabled
                0x2000108a        0x1 ./gecko_sdk_4.2.1/platform/service/power_manager/src/sl_power_manager_hal_s2.o
 .data.cc_disabled
                0x2000108b        0x1 ./gecko_sdk_4.2.1/platform/service/sleeptimer/src/sl_sleeptimer_hal_sysrtc.o
                0x2000108c                . = ALIGN (0x4)
                [!provide]                PROVIDE (__ram_func_section_start = .)
 *(.ram)
                [!provide]                PROVIDE (__ram_func_section_end = .)
                0x2000108c                . = ALIGN (0x4)
                0x2000108c                PROVIDE (__preinit_array_start = .)
 *(.preinit_array)
                0x2000108c                PROVIDE (__preinit_array_end = .)
                0x2000108c                . = ALIGN (0x4)
                0x2000108c                PROVIDE (__init_array_start = .)
 *(SORT_BY_NAME(.init_array.*))
 *(.init_array)
 .init_array    0x2000108c        0x4 c:/siliconlabs/simplicitystudio/v5/developer/toolchains/gnu_arm/10.3_2021.10/bin/../lib/gcc/arm-none-eabi/10.3.1/thumb/v8-m.main+fp/hard/crtbegin.o
                0x20001090                PROVIDE (__init_array_end = .)
                0x20001090                . = ALIGN (0x4)
                [!provide]                PROVIDE (__fini_array_start = .)
 *(SORT_BY_NAME(.fini_array.*))
 *(.fini_array)