Archive member included to satisfy reference by file (symbol)

c:/siliconlabs/simplicitystudio/v5/developer/toolchains/gnu_arm/10.3_2021.10/bin/../lib/gcc/arm-none-eabi/10.3.1/thumb/v8-m.main+fp/hard\libgcc.a(_arm_addsubdf3.o)
                              ./src/adxl343.o (__aeabi_i2d)
c:/siliconlabs/simplicitystudio/v5/developer/toolchains/gnu_arm/10.3_2021.10/bin/../lib/gcc/arm-none-eabi/10.3.1/thumb/v8-m.main+fp/hard\libgcc.a(_arm_muldivdf3.o)
                              ./src/adxl343.o (__aeabi_ddiv)
c:/siliconlabs/simplicitystudio/v5/developer/toolchains/gnu_arm/10.3_2021.10/bin/../lib/gcc/arm-none-eabi/10.3.1/thumb/v8-m.main+fp/hard\libgcc.a(_arm_fixdfsi.o)
                              ./src/adxl343.o (__aeabi_d2iz)
c:/siliconlabs/simplicitystudio/v5/developer/toolchains/gnu_arm/10.3_2021.10/bin/../lib/gcc/arm-none-eabi/10.3.1/thumb/v8-m.main+fp/hard\libgcc.a(_aeabi_uldivmod.o)
                              ./gecko_sdk_4.2.1/platform/emlib/src/em_eusart.o (__aeabi_uldivmod)
c:/siliconlabs/simplicitystudio/v5/developer/toolchains/gnu_arm/10.3_2021.10/bin/../lib/gcc/arm-none-eabi/10.3.1/thumb/v8-m.main+fp/hard\libgcc.a(_udivmoddi4.o)
                              c:/siliconlabs/simplicitystudio/v5/developer/toolchains/gnu_arm/10.3_2021.10/bin/../lib/gcc/arm-none-eabi/10.3.1/thumb/v8-m.main+fp/hard\libgcc.a(_aeabi_uldivmod.o) (__udivmoddi4)
c:/siliconlabs/simplicitystudio/v5/developer/toolchains/gnu_arm/10.3_2021.10/bin/../lib/gcc/arm-none-eabi/10.3.1/thumb/v8-m.main+fp/hard\libgcc.a(_dvmd_tls.o)
                              c:/siliconlabs/simplicitystudio/v5/developer/toolchains/gnu_arm/10.3_2021.10/bin/../lib/gcc/arm-none-eabi/10.3.1/thumb/v8-m.main+fp/hard\libgcc.a(_aeabi_uldivmod.o) (__aeabi_ldiv0)
c:/siliconlabs/simplicitystudio/v5/developer/toolchains/gnu_arm/10.3_2021.10/bin/../lib/gcc/arm-none-eabi/10.3.1/../../../../arm-none-eabi/lib/thumb/v8-m.main+fp/hard\libc_nano.a(lib_a-ctype_.o)
                              ./gecko_sdk_4.2.1/platform/common/src/sl_string.o (_ctype_)
c:/siliconlabs/simplicitystudio/v5/developer/toolchains/gnu_arm/10.3_2021.10/bin/../lib/gcc/arm-none-eabi/10.3.1/../../../../arm-none-eabi/lib/thumb/v8-m.main+fp/hard\libc_nano.a(lib_a-exit.o)
                              c:/siliconlabs/simplicitystudio/v5/developer/toolchains/gnu_arm/10.3_2021.10/bin/../lib/gcc/arm-none-eabi/10.3.1/../../../../arm-none-eabi/lib/thumb/v8-m.main+fp/hard/crt0.o (exit)
c:/siliconlabs/simplicitystudio/v5/developer/toolchains/gnu_arm/10.3_2021.10/bin/../lib/gcc/arm-none-eabi/10.3.1/../../../../arm-none-eabi/lib/thumb/v8-m.main+fp/hard\libc_nano.a(lib_a-impure.o)
                              c:/siliconlabs/simplicitystudio/v5/developer/toolchains/gnu_arm/10.3_2021.10/bin/../lib/gcc/arm-none-eabi/10.3.1/../../../../arm-none-eabi/lib/thumb/v8-m.main+fp/hard\libc_nano.a(lib_a-exit.o) (_global_impure_ptr)
c:/siliconlabs/simplicitystudio/v5/developer/toolchains/gnu_arm/10.3_2021.10/bin/../lib/gcc/arm-none-eabi/10.3.1/../../../../arm-none-eabi/lib/thumb/v8-m.main+fp/hard\libc_nano.a(lib_a-init.o)
                              c:/siliconlabs/simplicitystudio/v5/developer/toolchains/gnu_arm/10.3_2021.10/bin/../lib/gcc/arm-none-eabi/10.3.1/../../../../arm-none-eabi/lib/thumb/v8-m.main+fp/hard/crt0.o (__libc_init_array)
c:/siliconlabs/simplicitystudio/v5/developer/toolchains/gnu_arm/10.3_2021.10/bin/../lib/gcc/arm-none-eabi/10.3.1/../../../../arm-none-eabi/lib/thumb/v8-m.main+fp/hard\libc_nano.a(lib_a-memcpy-stub.o)
                              ./gecko_sdk_4.2.1/platform/service/iostream/src/sl_iostream_uart.o (memcpy)
c:/siliconlabs/simplicitystudio/v5/developer/toolchains/gnu_arm/10.3_2021.10/bin/../lib/gcc/arm-none-eabi/10.3.1/../../../../arm-none-eabi/lib/thumb/v8-m.main+fp/hard\libc_nano.a(lib_a-memset.o)
                              c:/siliconlabs/simplicitystudio/v5/developer/toolchains/gnu_arm/10.3_2021.10/bin/../lib/gcc/arm-none-eabi/10.3.1/../../../../arm-none-eabi/lib/thumb/v8-m.main+fp/hard/crt0.o (memset)
c:/siliconlabs/simplicitystudio/v5/developer/toolchains/gnu_arm/10.3_2021.10/bin/../lib/gcc/arm-none-eabi/10.3.1/../../../../arm-none-eabi/lib/thumb/v8-m.main+fp/hard\libc_nano.a(lib_a-setvbuf.o)
                              ./gecko_sdk_4.2.1/platform/service/iostream/src/sl_iostream_stdlib_config.o (setvbuf)
c:/siliconlabs/simplicitystudio/v5/developer/toolchains/gnu_arm/10.3_2021.10/bin/../lib/gcc/arm-none-eabi/10.3.1/../../../../arm-none-eabi/lib/thumb/v8-m.main+fp/hard\libc_nano.a(lib_a-strcmp.o)
                              ./autogen/sl_iostream_handles.o (strcmp)
c:/siliconlabs/simplicitystudio/v5/developer/toolchains/gnu_arm/10.3_2021.10/bin/../lib/gcc/arm-none-eabi/10.3.1/../../../../arm-none-eabi/lib/thumb/v8-m.main+fp/hard\libc_nano.a(lib_a-vprintf.o)
                              ./gecko_sdk_4.2.1/platform/service/iostream/src/sl_iostream.o (vprintf)
[...]
Memory Configuration

Name             Origin             Length             Attributes
FLASH            0x08000000         0x0017e000         xr
RAM              0x20000000         0x00040000         xrw
*default*        0x00000000         0xffffffff

Linker script and memory map

LOAD c:/siliconlabs/simplicitystudio/v5/developer/toolchains/gnu_arm/10.3_2021.10/bin/../lib/gcc/arm-none-eabi/10.3.1/thumb/v8-m.main+fp/hard/crti.o
LOAD c:/siliconlabs/simplicitystudio/v5/developer/toolchains/gnu_arm/10.3_2021.10/bin/../lib/gcc/arm-none-eabi/10.3.1/thumb/v8-m.main+fp/hard/crtbegin.o
LOAD c:/siliconlabs/simplicitystudio/v5/developer/toolchains/gnu_arm/10.3_2021.10/bin/../lib/gcc/arm-none-eabi/10.3.1/../../../../arm-none-eabi/lib/thumb/v8-m.main+fp/hard/crt0.o
START GROUP
LOAD ./app.o
LOAD ./main.o
LOAD ./autogen/sl_device_init_clocks.o
LOAD ./autogen/sl_event_handler.o
LOAD ./autogen/sl_iostream_handles.o
LOAD ./autogen/sl_iostream_init_usart_instances.o
LOAD ./autogen/sl_power_manager_handler.o
LOAD ./gecko_sdk_4.2.1/app/common/util/app_log/app_log.o
LOAD ./gecko_sdk_4.2.1/platform/Device/SiliconLabs/EFR32MG24/Source/startup_efr32mg24.o
LOAD ./gecko_sdk_4.2.1/platform/Device/SiliconLabs/EFR32MG24/Source/system_efr32mg24.o
LOAD ./gecko_sdk_4.2.1/platform/common/src/sl_assert.o
LOAD ./gecko_sdk_4.2.1/platform/common/src/sl_slist.o
LOAD ./gecko_sdk_4.2.1/platform/common/src/sl_string.o
LOAD ./gecko_sdk_4.2.1/platform/common/toolchain/src/sl_memory.o
LOAD ./gecko_sdk_4.2.1/platform/emdrv/dmadrv/src/dmactrl.o
LOAD ./gecko_sdk_4.2.1/platform/emdrv/dmadrv/src/dmadrv.o
LOAD ./gecko_sdk_4.2.1/platform/emlib/src/em_burtc.o
LOAD ./gecko_sdk_4.2.1/platform/emlib/src/em_cmu.o
LOAD ./gecko_sdk_4.2.1/platform/emlib/src/em_core.o
LOAD ./gecko_sdk_4.2.1/platform/emlib/src/em_emu.o
LOAD ./gecko_sdk_4.2.1/platform/emlib/src/em_eusart.o
LOAD ./gecko_sdk_4.2.1/platform/emlib/src/em_gpio.o
LOAD ./gecko_sdk_4.2.1/platform/emlib/src/em_i2c.o
LOAD ./gecko_sdk_4.2.1/platform/emlib/src/em_ldma.o
LOAD ./gecko_sdk_4.2.1/platform/emlib/src/em_msc.o
LOAD ./gecko_sdk_4.2.1/platform/emlib/src/em_system.o
LOAD ./gecko_sdk_4.2.1/platform/emlib/src/em_timer.o
LOAD ./gecko_sdk_4.2.1/platform/emlib/src/em_usart.o
LOAD ./gecko_sdk_4.2.1/platform/peripheral/src/peripheral_sysrtc.o
LOAD ./gecko_sdk_4.2.1/platform/service/device_init/src/sl_device_init_dcdc_s2.o
LOAD ./gecko_sdk_4.2.1/platform/service/device_init/src/sl_device_init_emu_s2.o
LOAD ./gecko_sdk_4.2.1/platform/service/device_init/src/sl_device_init_hfxo_s2.o
LOAD ./gecko_sdk_4.2.1/platform/service/device_init/src/sl_device_init_lfxo_s2.o
LOAD ./gecko_sdk_4.2.1/platform/service/device_init/src/sl_device_init_nvic.o
LOAD ./gecko_sdk_4.2.1/platform/service/hfxo_manager/src/sl_hfxo_manager.o
LOAD ./gecko_sdk_4.2.1/platform/service/hfxo_manager/src/sl_hfxo_manager_hal_s2.o
LOAD ./gecko_sdk_4.2.1/platform/service/iostream/src/sl_iostream.o
LOAD ./gecko_sdk_4.2.1/platform/service/iostream/src/sl_iostream_retarget_stdio.o
LOAD ./gecko_sdk_4.2.1/platform/service/iostream/src/sl_iostream_stdlib_config.o
LOAD ./gecko_sdk_4.2.1/platform/service/iostream/src/sl_iostream_uart.o
LOAD ./gecko_sdk_4.2.1/platform/service/iostream/src/sl_iostream_usart.o
LOAD ./gecko_sdk_4.2.1/platform/service/power_manager/src/sl_power_manager.o
LOAD ./gecko_sdk_4.2.1/platform/service/power_manager/src/sl_power_manager_debug.o
LOAD ./gecko_sdk_4.2.1/platform/service/power_manager/src/sl_power_manager_hal_s2.o
LOAD ./gecko_sdk_4.2.1/platform/service/sleeptimer/src/sl_sleeptimer.o
LOAD ./gecko_sdk_4.2.1/platform/service/sleeptimer/src/sl_sleeptimer_hal_burtc.o
LOAD ./gecko_sdk_4.2.1/platform/service/sleeptimer/src/sl_sleeptimer_hal_sysrtc.o
LOAD ./gecko_sdk_4.2.1/platform/service/sleeptimer/src/sl_sleeptimer_hal_timer.o
LOAD ./gecko_sdk_4.2.1/platform/service/system/src/sl_system_init.o
LOAD ./gecko_sdk_4.2.1/platform/service/system/src/sl_system_process_action.o
LOAD ./src/GPIO.o
LOAD ./src/I2C.o
LOAD ./src/adxl343.o
LOAD ./src/irq.o
LOAD ./src/log.o
LOAD ./src/timers.o
LOAD c:/siliconlabs/simplicitystudio/v5/developer/toolchains/gnu_arm/10.3_2021.10/bin/../lib/gcc/arm-none-eabi/10.3.1/thumb/v8-m.main+fp/hard\libgcc.a
LOAD c:/siliconlabs/simplicitystudio/v5/developer/toolchains/gnu_arm/10.3_2021.10/bin/../lib/gcc/arm-none-eabi/10.3.1/../../../../arm-none-eabi/lib/thumb/v8-m.main+fp/hard\libc_nano.a
LOAD c:/siliconlabs/simplicitystudio/v5/developer/toolchains/gnu_arm/10.3_2021.10/bin/../lib/gcc/arm-none-eabi/10.3.1/../../../../arm-none-eabi/lib/thumb/v8-m.main+fp/hard\libm.a
LOAD c:/siliconlabs/simplicitystudio/v5/developer/toolchains/gnu_arm/10.3_2021.10/bin/../lib/gcc/arm-none-eabi/10.3.1/../../../../arm-none-eabi/lib/thumb/v8-m.main+fp/hard\libnosys.a
END GROUP
START GROUP
LOAD c:/siliconlabs/simplicitystudio/v5/developer/toolchains/gnu_arm/10.3_2021.10/bin/../lib/gcc/arm-none-eabi/10.3.1/thumb/v8-m.main+fp/hard\libgcc.a
LOAD c:/siliconlabs/simplicitystudio/v5/developer/toolchains/gnu_arm/10.3_2021.10/bin/../lib/gcc/arm-none-eabi/10.3.1/../../../../arm-none-eabi/lib/thumb/v8-m.main+fp/hard\libc_nano.a
LOAD c:/siliconlabs/simplicitystudio/v5/developer/toolchains/gnu_arm/10.3_2021.10/bin/../lib/gcc/arm-none-eabi/10.3.1/../../../../arm-none-eabi/lib/thumb/v8-m.main+fp/hard\libnosys.a
END GROUP
START GROUP
LOAD c:/siliconlabs/simplicitystudio/v5/developer/toolchains/gnu_arm/10.3_2021.10/bin/../lib/gcc/arm-none-eabi/10.3.1/thumb/v8-m.main+fp/hard\libgcc.a
LOAD c:/siliconlabs/simplicitystudio/v5/developer/toolchains/gnu_arm/10.3_2021.10/bin/../lib/gcc/arm-none-eabi/10.3.1/../../../../arm-none-eabi/lib/thumb/v8-m.main+fp/hard\libg_nano.a
LOAD c:/siliconlabs/simplicitystudio/v5/developer/toolchains/gnu_arm/10.3_2021.10/bin/../lib/gcc/arm-none-eabi/10.3.1/../../../../arm-none-eabi/lib/thumb/v8-m.main+fp/hard\libc_nano.a
END GROUP
START GROUP
LOAD c:/siliconlabs/simplicitystudio/v5/developer/toolchains/gnu_arm/10.3_2021.10/bin/../lib/gcc/arm-none-eabi/10.3.1/thumb/v8-m.main+fp/hard\libgcc.a
LOAD c:/siliconlabs/simplicitystudio/v5/developer/toolchains/gnu_arm/10.3_2021.10/bin/../lib/gcc/arm-none-eabi/10.3.1/../../../../arm-none-eabi/lib/thumb/v8-m.main+fp/hard\libc_nano.a
END GROUP
LOAD c:/siliconlabs/simplicitystudio/v5/developer/toolchains/gnu_arm/10.3_2021.10/bin/../lib/gcc/arm-none-eabi/10.3.1/thumb/v8-m.main+fp/hard/crtend.o
LOAD c:/siliconlabs/simplicitystudio/v5/developer/toolchains/gnu_arm/10.3_2021.10/bin/../lib/gcc/arm-none-eabi/10.3.1/thumb/v8-m.main+fp/hard/crtn.o

.text           0x08000000     0xaa10
                0x08000000                linker_vectors_begin = .
 *(.vectors)
 .vectors       0x08000000      0x170 ./gecko_sdk_4.2.1/platform/Device/SiliconLabs/EFR32MG24/Source/startup_efr32mg24.o
                0x08000000                __Vectors
                0x08000170                linker_vectors_end = .
                0x08000170                __Vectors_End = .
                0x08000170                __Vectors_Size = (__Vectors_End - __Vectors)
                0x08000170                linker_code_begin = .
 *(SORT_BY_ALIGNMENT(.text*))
 .text          0x08000170       0x40 c:/siliconlabs/simplicitystudio/v5/developer/toolchains/gnu_arm/10.3_2021.10/bin/../lib/gcc/arm-none-eabi/10.3.1/thumb/v8-m.main+fp/hard/crtbegin.o
 .text          0x080001b0       0x7c c:/siliconlabs/simplicitystudio/v5/developer/toolchains/gnu_arm/10.3_2021.10/bin/../lib/gcc/arm-none-eabi/10.3.1/../../../../arm-none-eabi/lib/thumb/v8-m.main+fp/hard/crt0.o
                0x080001b0                _stack_init
                0x080001b8                _start
                0x080001b8                _mainCRTStartup
 .text.app_init
                0x0800022c       0x48 ./app.o
                0x0800022c                app_init
 .text.app_process_action
                0x08000274       0xf8 ./app.o
                0x08000274                app_process_action
 .text.sl_device_init_clocks
                0x0800036c       0xd4 ./autogen/sl_device_init_clocks.o
                0x0800036c                sl_device_init_clocks
 .text.GPIO_PinOutGet
                0x08000440       0x88 ./autogen/sl_iostream_init_usart_instances.o
 .text.sl_iostream_usart_init_vcom
                0x080004c8       0xe0 ./autogen/sl_iostream_init_usart_instances.o
                0x080004c8                sl_iostream_usart_init_vcom
 .text.sl_iostream_usart_init_instances
                0x080005a8       0x34 ./autogen/sl_iostream_init_usart_instances.o
                0x080005a8                sl_iostream_usart_init_instances
 .text.USART0_TX_IRQHandler
                0x080005dc       0x10 ./autogen/sl_iostream_init_usart_instances.o
                0x080005dc                USART0_TX_IRQHandler
 .text.USART0_RX_IRQHandler
                0x080005ec       0x10 ./autogen/sl_iostream_init_usart_instances.o
                0x080005ec                USART0_RX_IRQHandler
 .text.sl_iostream_usart_vcom_sleep_on_isr_exit
                0x080005fc       0x14 ./autogen/sl_iostream_init_usart_instances.o
                0x080005fc                sl_iostream_usart_vcom_sleep_on_isr_exit
 .text.events_handler
                0x08000610       0xa8 ./autogen/sl_iostream_init_usart_instances.o
 .text.app_log_init
                0x080006b8       0x3c ./gecko_sdk_4.2.1/app/common/util/app_log/app_log.o
                0x080006b8                app_log_init
 .text.Reset_Handler
                0x080006f4       0x98 ./gecko_sdk_4.2.1/platform/Device/SiliconLabs/EFR32MG24/Source/startup_efr32mg24.o
                0x080006f4                Reset_Handler
 .text.__NVIC_EnableIRQ
                0x0800078c       0x34 ./gecko_sdk_4.2.1/platform/Device/SiliconLabs/EFR32MG24/Source/system_efr32mg24.o
 .text.__NVIC_ClearPendingIRQ
                0x080007c0       0x38 ./gecko_sdk_4.2.1/platform/Device/SiliconLabs/EFR32MG24/Source/system_efr32mg24.o
 .text.SystemInit
                0x080007f8       0x90 ./gecko_sdk_4.2.1/platform/Device/SiliconLabs/EFR32MG24/Source/system_efr32mg24.o
                0x080007f8                SystemInit
 .text.SystemHFRCODPLLClockGet
                0x08000888        0xc ./gecko_sdk_4.2.1/platform/Device/SiliconLabs/EFR32MG24/Source/system_efr32mg24.o
                0x08000888                SystemHFRCODPLLClockGet
 .text.SystemSYSCLKGet
                0x08000894       0x50 ./gecko_sdk_4.2.1/platform/Device/SiliconLabs/EFR32MG24/Source/system_efr32mg24.o
                0x08000894                SystemSYSCLKGet
 .text.SystemHCLKGet
                0x080008e4       0x3c ./gecko_sdk_4.2.1/platform/Device/SiliconLabs/EFR32MG24/Source/system_efr32mg24.o
                0x080008e4                SystemHCLKGet
 .text.SystemMaxCoreClockGet
                0x08000920        0xc ./gecko_sdk_4.2.1/platform/Device/SiliconLabs/EFR32MG24/Source/system_efr32mg24.o
                0x08000920                SystemMaxCoreClockGet
 .text.SystemHFXOClockGet
                0x0800092c        0xc ./gecko_sdk_4.2.1/platform/Device/SiliconLabs/EFR32MG24/Source/system_efr32mg24.o
                0x0800092c                SystemHFXOClockGet
 .text.SystemHFXOClockSet
                0x08000938       0x2c ./gecko_sdk_4.2.1/platform/Device/SiliconLabs/EFR32MG24/Source/system_efr32mg24.o
                0x08000938                SystemHFXOClockSet
 .text.SystemFSRCOClockGet
                0x08000964        0xc ./gecko_sdk_4.2.1/platform/Device/SiliconLabs/EFR32MG24/Source/system_efr32mg24.o
                0x08000964                SystemFSRCOClockGet
 .text.SystemHFRCOEM23ClockGet
                0x08000970       0xe0 ./gecko_sdk_4.2.1/platform/Device/SiliconLabs/EFR32MG24/Source/system_efr32mg24.o
                0x08000970                SystemHFRCOEM23ClockGet
 .text.SystemLFXOClockGet
                0x08000a50        0xc ./gecko_sdk_4.2.1/platform/Device/SiliconLabs/EFR32MG24/Source/system_efr32mg24.o
                0x08000a50                SystemLFXOClockGet
 .text.sl_slist_push
                0x08000a5c       0x38 ./gecko_sdk_4.2.1/platform/common/src/sl_slist.o
                0x08000a5c                sl_slist_push
 .text._sbrk    0x08000a94       0x3c ./gecko_sdk_4.2.1/platform/common/toolchain/src/sl_memory.o
                0x08000a94                _sbrk
 .text.DMADRV_AllocateChannel
                0x08000ad0       0xa0 ./gecko_sdk_4.2.1/platform/emdrv/dmadrv/src/dmadrv.o
                0x08000ad0                DMADRV_AllocateChannel
 .text.DMADRV_DeInit
                0x08000b70       0x78 ./gecko_sdk_4.2.1/platform/emdrv/dmadrv/src/dmadrv.o
                0x08000b70                DMADRV_DeInit
 .text.DMADRV_FreeChannel
                0x08000be8       0x74 ./gecko_sdk_4.2.1/platform/emdrv/dmadrv/src/dmadrv.o
                0x08000be8                DMADRV_FreeChannel
 .text.DMADRV_Init
                0x08000c5c       0x7c ./gecko_sdk_4.2.1/platform/emdrv/dmadrv/src/dmadrv.o
                0x08000c5c                DMADRV_Init
 .text.DMADRV_PauseTransfer
                0x08000cd8       0x64 ./gecko_sdk_4.2.1/platform/emdrv/dmadrv/src/dmadrv.o
                0x08000cd8                DMADRV_PauseTransfer
 .text.DMADRV_ResumeTransfer
                0x08000d3c       0x64 ./gecko_sdk_4.2.1/platform/emdrv/dmadrv/src/dmadrv.o
                0x08000d3c                DMADRV_ResumeTransfer
 .text.DMADRV_StopTransfer
                0x08000da0       0x64 ./gecko_sdk_4.2.1/platform/emdrv/dmadrv/src/dmadrv.o
                0x08000da0                DMADRV_StopTransfer
 .text.DMADRV_TransferCompletePending
                0x08000e04       0x84 ./gecko_sdk_4.2.1/platform/emdrv/dmadrv/src/dmadrv.o
                0x08000e04                DMADRV_TransferCompletePending
 .text.DMADRV_TransferDone
                0x08000e88       0x74 ./gecko_sdk_4.2.1/platform/emdrv/dmadrv/src/dmadrv.o
                0x08000e88                DMADRV_TransferDone
 .text.LDMA_IRQHandler
                0x08000efc       0xec ./gecko_sdk_4.2.1/platform/emdrv/dmadrv/src/dmadrv.o
                0x08000efc                LDMA_IRQHandler
 .text.StartTransfer
                0x08000fe8      0x21c ./gecko_sdk_4.2.1/platform/emdrv/dmadrv/src/dmadrv.o
 .text.BUS_RegBitWrite
                0x08001204       0x48 ./gecko_sdk_4.2.1/platform/emlib/src/em_cmu.o
 .text.EMU_VScaleWait
                0x0800124c       0x1c ./gecko_sdk_4.2.1/platform/emlib/src/em_cmu.o
 .text.EMU_VScaleGet
                0x08001268       0x1c ./gecko_sdk_4.2.1/platform/emlib/src/em_cmu.o
 .text.MSC_LockGetLocked
                0x08001284       0x1c ./gecko_sdk_4.2.1/platform/emlib/src/em_cmu.o
 .text.MSC_LockSetLocked
                0x080012a0       0x10 ./gecko_sdk_4.2.1/platform/emlib/src/em_cmu.o
 .text.MSC_LockSetUnlocked
                0x080012b0       0x10 ./gecko_sdk_4.2.1/platform/emlib/src/em_cmu.o
 .text.MSC_ReadCTRLGet
                0x080012c0        0xc ./gecko_sdk_4.2.1/platform/emlib/src/em_cmu.o
 .text.MSC_ReadCTRLSet
                0x080012cc       0x14 ./gecko_sdk_4.2.1/platform/emlib/src/em_cmu.o
 .text.CMU_ClockDivGet
                0x080012e0       0xec ./gecko_sdk_4.2.1/platform/emlib/src/em_cmu.o
                0x080012e0                CMU_ClockDivGet
 .text.CMU_ClockDivSet
                0x080013cc      0x1b0 ./gecko_sdk_4.2.1/platform/emlib/src/em_cmu.o
                0x080013cc                CMU_ClockDivSet
 .text.CMU_ClockEnable
                0x0800157c       0x74 ./gecko_sdk_4.2.1/platform/emlib/src/em_cmu.o
                0x0800157c                CMU_ClockEnable
 .text.CMU_ClockFreqGet
                0x080015f0      0x6a8 ./gecko_sdk_4.2.1/platform/emlib/src/em_cmu.o
                0x080015f0                CMU_ClockFreqGet
 .text.CMU_ClockSelectGet
                0x08001c98      0x3e4 ./gecko_sdk_4.2.1/platform/emlib/src/em_cmu.o
                0x08001c98                CMU_ClockSelectGet
 .text.sli_em_cmu_HFXOSetForceEnable
                0x0800207c       0x28 ./gecko_sdk_4.2.1/platform/emlib/src/em_cmu.o
                0x0800207c                sli_em_cmu_HFXOSetForceEnable
 .text.CMU_HFXOInit
                0x080020a4      0x2f4 ./gecko_sdk_4.2.1/platform/emlib/src/em_cmu.o
                0x080020a4                CMU_HFXOInit
 .text.CMU_HFXOCTuneDeltaGet
                0x08002398       0x10 ./gecko_sdk_4.2.1/platform/emlib/src/em_cmu.o
                0x08002398                CMU_HFXOCTuneDeltaGet
 .text.CMU_LFXOInit
                0x080023a8      0x120 ./gecko_sdk_4.2.1/platform/emlib/src/em_cmu.o
                0x080023a8                CMU_LFXOInit
 .text.CMU_LFXOPrecisionSet
                0x080024c8       0x1c ./gecko_sdk_4.2.1/platform/emlib/src/em_cmu.o
                0x080024c8                CMU_LFXOPrecisionSet
 .text.eusart0ClkGet
                0x080024e4       0xa8 ./gecko_sdk_4.2.1/platform/emlib/src/em_cmu.o
 .text.em01GrpcClkGet
                0x0800258c       0xbc ./gecko_sdk_4.2.1/platform/emlib/src/em_cmu.o
 .text.vdac0ClkGet
                0x08002648       0xa8 ./gecko_sdk_4.2.1/platform/emlib/src/em_cmu.o
 .text.vdac1ClkGet
                0x080026f0       0xa8 ./gecko_sdk_4.2.1/platform/emlib/src/em_cmu.o
 .text.pcnt0ClkGet
                0x08002798       0x74 ./gecko_sdk_4.2.1/platform/emlib/src/em_cmu.o
 .text.rhclkPrescMax
                0x0800280c       0x18 ./gecko_sdk_4.2.1/platform/emlib/src/em_cmu.o
 .text.rhclkPrescOptimize
                0x08002824       0x2c ./gecko_sdk_4.2.1/platform/emlib/src/em_cmu.o
 .text.traceClkGet
                0x08002850       0x84 ./gecko_sdk_4.2.1/platform/emlib/src/em_cmu.o
 .text.dpllRefClkGet
                0x080028d4       0x94 ./gecko_sdk_4.2.1/platform/emlib/src/em_cmu.o
 .text.em01GrpaClkGet
                0x08002968       0xbc ./gecko_sdk_4.2.1/platform/emlib/src/em_cmu.o
 .text.em23GrpaClkGet
                0x08002a24       0x84 ./gecko_sdk_4.2.1/platform/emlib/src/em_cmu.o
 .text.em4GrpaClkGet
                0x08002aa8       0x84 ./gecko_sdk_4.2.1/platform/emlib/src/em_cmu.o
 .text.getWaitStatesByFrequencyAndVScale
                0x08002b2c       0x54 ./gecko_sdk_4.2.1/platform/emlib/src/em_cmu.o
 .text.flashWaitStateControl
                0x08002b80       0x70 ./gecko_sdk_4.2.1/platform/emlib/src/em_cmu.o
 .text.iadcClkGet
                0x08002bf0       0x8c ./gecko_sdk_4.2.1/platform/emlib/src/em_cmu.o
 .text.pclkDivOptimize
                0x08002c7c       0x34 ./gecko_sdk_4.2.1/platform/emlib/src/em_cmu.o
 .text.sysrtcClkGet
                0x08002cb0       0x84 ./gecko_sdk_4.2.1/platform/emlib/src/em_cmu.o
 .text.wdog0ClkGet
                0x08002d34       0xa0 ./gecko_sdk_4.2.1/platform/emlib/src/em_cmu.o
 .text.wdog1ClkGet
                0x08002dd4       0xa0 ./gecko_sdk_4.2.1/platform/emlib/src/em_cmu.o
 .text.sysTickClkGet
                0x08002e74       0x58 ./gecko_sdk_4.2.1/platform/emlib/src/em_cmu.o
 .text.EMU_DCDCLock
                0x08002ecc       0x14 ./gecko_sdk_4.2.1/platform/emlib/src/em_emu.o
 .text.EMU_DCDCUnlock
                0x08002ee0       0x10 ./gecko_sdk_4.2.1/platform/emlib/src/em_emu.o
 .text.EMU_DCDCSync
                0x08002ef0       0x20 ./gecko_sdk_4.2.1/platform/emlib/src/em_emu.o
 .text.EMU_VScaleWait
                0x08002f10       0x1c ./gecko_sdk_4.2.1/platform/emlib/src/em_emu.o
 .text.EMU_VScaleGet
                0x08002f2c       0x1c ./gecko_sdk_4.2.1/platform/emlib/src/em_emu.o
 .text.EMU_EM01Init
                0x08002f48       0x24 ./gecko_sdk_4.2.1/platform/emlib/src/em_emu.o
                0x08002f48                EMU_EM01Init
 .text.EMU_EM23Init
                0x08002f6c       0x24 ./gecko_sdk_4.2.1/platform/emlib/src/em_emu.o
                0x08002f6c                EMU_EM23Init
 .text.EMU_EnterEM2
                0x08002f90       0x48 ./gecko_sdk_4.2.1/platform/emlib/src/em_emu.o
                0x08002f90                EMU_EnterEM2
 .text.EMU_EnterEM3
                0x08002fd8       0x40 ./gecko_sdk_4.2.1/platform/emlib/src/em_emu.o
                0x08002fd8                EMU_EnterEM3
 .text.EMU_EM4Init
                0x08003018       0x24 ./gecko_sdk_4.2.1/platform/emlib/src/em_emu.o
                0x08003018                EMU_EM4Init
 .text.EMU_VScaleEM01ByClock
                0x0800303c       0x5c ./gecko_sdk_4.2.1/platform/emlib/src/em_emu.o
                0x0800303c                EMU_VScaleEM01ByClock
 .text.EMU_VScaleEM01
                0x08003098       0xdc ./gecko_sdk_4.2.1/platform/emlib/src/em_emu.o
                0x08003098                EMU_VScaleEM01
 .text.EMU_DCDCModeSet
                0x08003174       0xc0 ./gecko_sdk_4.2.1/platform/emlib/src/em_emu.o
                0x08003174                EMU_DCDCModeSet
 .text.EMU_DCDCInit
                0x08003234       0xa8 ./gecko_sdk_4.2.1/platform/emlib/src/em_emu.o
                0x08003234                EMU_DCDCInit
 .text.EMU_DCDCSetPFMXModePeakCurrent
                0x080032dc       0xb4 ./gecko_sdk_4.2.1/platform/emlib/src/em_emu.o
                0x080032dc                EMU_DCDCSetPFMXModePeakCurrent
 .text.BUS_RegBitWrite
                0x08003390       0x48 ./gecko_sdk_4.2.1/platform/emlib/src/em_gpio.o
 .text.GPIO_IntClear
                0x080033d8       0x1c ./gecko_sdk_4.2.1/platform/emlib/src/em_gpio.o
 .text.GPIO_PinOutClear
                0x080033f4       0x84 ./gecko_sdk_4.2.1/platform/emlib/src/em_gpio.o
 .text.GPIO_PinOutSet
                0x08003478       0x84 ./gecko_sdk_4.2.1/platform/emlib/src/em_gpio.o
 .text.GPIO_ExtIntConfig
                0x080034fc      0x16c ./gecko_sdk_4.2.1/platform/emlib/src/em_gpio.o
                0x080034fc                GPIO_ExtIntConfig
 .text.GPIO_PinModeSet
                0x08003668      0x124 ./gecko_sdk_4.2.1/platform/emlib/src/em_gpio.o
                0x08003668                GPIO_PinModeSet
 .text.BUS_RegBitWrite
                0x0800378c       0x48 ./gecko_sdk_4.2.1/platform/emlib/src/em_i2c.o
 .text.I2C_BusFreqSet
                0x080037d4      0x1a8 ./gecko_sdk_4.2.1/platform/emlib/src/em_i2c.o
                0x080037d4                I2C_BusFreqSet
 .text.I2C_Enable
                0x0800397c       0x48 ./gecko_sdk_4.2.1/platform/emlib/src/em_i2c.o
                0x0800397c                I2C_Enable
 .text.I2C_Init
                0x080039c4       0x7c ./gecko_sdk_4.2.1/platform/emlib/src/em_i2c.o
                0x080039c4                I2C_Init
 .text.I2C_Transfer
                0x08003a40      0x4c8 ./gecko_sdk_4.2.1/platform/emlib/src/em_i2c.o
                0x08003a40                I2C_Transfer
 .text.I2C_TransferInit
                0x08003f08       0xf8 ./gecko_sdk_4.2.1/platform/emlib/src/em_i2c.o
                0x08003f08                I2C_TransferInit
 .text.__NVIC_EnableIRQ
                0x08004000       0x34 ./gecko_sdk_4.2.1/platform/emlib/src/em_ldma.o
 .text.__NVIC_DisableIRQ
                0x08004034       0x44 ./gecko_sdk_4.2.1/platform/emlib/src/em_ldma.o
 .text.__NVIC_ClearPendingIRQ
                0x08004078       0x38 ./gecko_sdk_4.2.1/platform/emlib/src/em_ldma.o
 .text.__NVIC_SetPriority
                0x080040b0       0x50 ./gecko_sdk_4.2.1/platform/emlib/src/em_ldma.o
 .text.BUS_RegBitWrite
                0x08004100       0x48 ./gecko_sdk_4.2.1/platform/emlib/src/em_ldma.o
 .text.LDMA_DeInit
                0x08004148       0x34 ./gecko_sdk_4.2.1/platform/emlib/src/em_ldma.o
                0x08004148                LDMA_DeInit
 .text.LDMA_EnableChannelRequest
                0x0800417c       0x40 ./gecko_sdk_4.2.1/platform/emlib/src/em_ldma.o
                0x0800417c                LDMA_EnableChannelRequest
 .text.LDMA_Init
                0x080041bc       0xec ./gecko_sdk_4.2.1/platform/emlib/src/em_ldma.o
                0x080041bc                LDMA_Init
 .text.LDMA_StartTransfer
                0x080042a8      0x208 ./gecko_sdk_4.2.1/platform/emlib/src/em_ldma.o
                0x080042a8                LDMA_StartTransfer
 .text.LDMA_StopTransfer
                0x080044b0       0x54 ./gecko_sdk_4.2.1/platform/emlib/src/em_ldma.o
                0x080044b0                LDMA_StopTransfer
 .text.LDMA_TransferDone
                0x08004504       0x68 ./gecko_sdk_4.2.1/platform/emlib/src/em_ldma.o
                0x08004504                LDMA_TransferDone
 .text.TIMER_Valid
                0x0800456c       0x54 ./gecko_sdk_4.2.1/platform/emlib/src/em_timer.o
 .text.TIMER_Init
                0x080045c0      0x130 ./gecko_sdk_4.2.1/platform/emlib/src/em_timer.o
                0x080045c0                TIMER_Init
 .text.prsRxInput
                0x080046f0       0x38 ./gecko_sdk_4.2.1/platform/emlib/src/em_usart.o
 .text.USART_BaudrateAsyncSet
                0x08004728      0x14c ./gecko_sdk_4.2.1/platform/emlib/src/em_usart.o
                0x08004728                USART_BaudrateAsyncSet
 .text.USART_Enable
                0x08004874       0x70 ./gecko_sdk_4.2.1/platform/emlib/src/em_usart.o
                0x08004874                USART_Enable
 .text.USART_InitAsync
                0x080048e4      0x134 ./gecko_sdk_4.2.1/platform/emlib/src/em_usart.o
                0x080048e4                USART_InitAsync
 .text.USART_Reset
                0x08004a18       0xa0 ./gecko_sdk_4.2.1/platform/emlib/src/em_usart.o
                0x08004a18                USART_Reset
 .text.sl_sysrtc_wait_sync
                0x08004ab8       0x20 ./gecko_sdk_4.2.1/platform/peripheral/src/peripheral_sysrtc.o
 .text.sl_sysrtc_wait_ready
                0x08004ad8       0x2c ./gecko_sdk_4.2.1/platform/peripheral/src/peripheral_sysrtc.o
 .text.sl_sysrtc_stop
                0x08004b04       0x14 ./gecko_sdk_4.2.1/platform/peripheral/src/peripheral_sysrtc.o
 .text.sl_sysrtc_init
                0x08004b18       0x38 ./gecko_sdk_4.2.1/platform/peripheral/src/peripheral_sysrtc.o
                0x08004b18                sl_sysrtc_init
 .text.sl_sysrtc_enable
                0x08004b50       0x20 ./gecko_sdk_4.2.1/platform/peripheral/src/peripheral_sysrtc.o
                0x08004b50                sl_sysrtc_enable
 .text.sl_sysrtc_disable
                0x08004b70       0x24 ./gecko_sdk_4.2.1/platform/peripheral/src/peripheral_sysrtc.o
                0x08004b70                sl_sysrtc_disable
 .text.sl_sysrtc_init_group
                0x08004b94       0xbc ./gecko_sdk_4.2.1/platform/peripheral/src/peripheral_sysrtc.o
                0x08004b94                sl_sysrtc_init_group
 .text.sl_sysrtc_enable_group_interrupts
                0x08004c50       0x44 ./gecko_sdk_4.2.1/platform/peripheral/src/peripheral_sysrtc.o
                0x08004c50                sl_sysrtc_enable_group_interrupts
 .text.sl_sysrtc_disable_group_interrupts
                0x08004c94       0x44 ./gecko_sdk_4.2.1/platform/peripheral/src/peripheral_sysrtc.o
                0x08004c94                sl_sysrtc_disable_group_interrupts
 .text.sl_sysrtc_clear_group_interrupts
                0x08004cd8       0x44 ./gecko_sdk_4.2.1/platform/peripheral/src/peripheral_sysrtc.o
                0x08004cd8                sl_sysrtc_clear_group_interrupts
 .text.sl_sysrtc_get_group_interrupts
                0x08004d1c       0x3c ./gecko_sdk_4.2.1/platform/peripheral/src/peripheral_sysrtc.o
                0x08004d1c                sl_sysrtc_get_group_interrupts
 .text.sl_sysrtc_get_group_compare_channel_value
                0x08004d58       0x5c ./gecko_sdk_4.2.1/platform/peripheral/src/peripheral_sysrtc.o
                0x08004d58                sl_sysrtc_get_group_compare_channel_value
 .text.sl_sysrtc_set_group_compare_channel_value
                0x08004db4       0x5c ./gecko_sdk_4.2.1/platform/peripheral/src/peripheral_sysrtc.o
                0x08004db4                sl_sysrtc_set_group_compare_channel_value
 .text.sl_device_init_dcdc
                0x08004e10       0x34 ./gecko_sdk_4.2.1/platform/service/device_init/src/sl_device_init_dcdc_s2.o
                0x08004e10                sl_device_init_dcdc
 .text.sl_device_init_emu
                0x08004e44       0x34 ./gecko_sdk_4.2.1/platform/service/device_init/src/sl_device_init_emu_s2.o
                0x08004e44                sl_device_init_emu
 .text.sl_device_init_hfxo
                0x08004e78       0xc4 ./gecko_sdk_4.2.1/platform/service/device_init/src/sl_device_init_hfxo_s2.o
                0x08004e78                sl_device_init_hfxo
 .text.sl_device_init_lfxo
                0x08004f3c       0x3c ./gecko_sdk_4.2.1/platform/service/device_init/src/sl_device_init_lfxo_s2.o
                0x08004f3c                sl_device_init_lfxo
 .text.__NVIC_SetPriority
                0x08004f78       0x50 ./gecko_sdk_4.2.1/platform/service/device_init/src/sl_device_init_nvic.o
 .text.sl_hfxo_manager_init
                0x08004fc8       0x88 ./gecko_sdk_4.2.1/platform/service/hfxo_manager/src/sl_hfxo_manager.o
                0x08004fc8                sl_hfxo_manager_init
 .text.sli_hfxo_manager_begin_startup_measurement
                0x08005050       0x20 ./gecko_sdk_4.2.1/platform/service/hfxo_manager/src/sl_hfxo_manager.o
                0x08005050                sli_hfxo_manager_begin_startup_measurement
 .text.sli_hfxo_manager_end_startup_measurement
                0x08005070       0xc8 ./gecko_sdk_4.2.1/platform/service/hfxo_manager/src/sl_hfxo_manager.o
                0x08005070                sli_hfxo_manager_end_startup_measurement
 .text.sli_hfxo_manager_get_startup_time
                0x08005138        0xc ./gecko_sdk_4.2.1/platform/service/hfxo_manager/src/sl_hfxo_manager.o
                0x08005138                sli_hfxo_manager_get_startup_time
 .text.__NVIC_EnableIRQ
                0x08005144       0x34 ./gecko_sdk_4.2.1/platform/service/hfxo_manager/src/sl_hfxo_manager_hal_s2.o
 .text.__NVIC_ClearPendingIRQ
                0x08005178       0x38 ./gecko_sdk_4.2.1/platform/service/hfxo_manager/src/sl_hfxo_manager_hal_s2.o
 .text.__NVIC_SetPriority
                0x080051b0       0x50 ./gecko_sdk_4.2.1/platform/service/hfxo_manager/src/sl_hfxo_manager_hal_s2.o
 .text.sli_hfxo_manager_init_hardware
                0x08005200       0x58 ./gecko_sdk_4.2.1/platform/service/hfxo_manager/src/sl_hfxo_manager_hal_s2.o
                0x08005200                sli_hfxo_manager_init_hardware
 .text.sli_hfxo_manager_is_hfxo_ready
                0x08005258       0x68 ./gecko_sdk_4.2.1/platform/service/hfxo_manager/src/sl_hfxo_manager_hal_s2.o
                0x08005258                sli_hfxo_manager_is_hfxo_ready
 .text.sl_hfxo_manager_irq_handler
                0x080052c0       0x64 ./gecko_sdk_4.2.1/platform/service/hfxo_manager/src/sl_hfxo_manager_hal_s2.o
                0x080052c0                sl_hfxo_manager_irq_handler
 .text.sl_iostream_set_default
                0x08005324       0x28 ./gecko_sdk_4.2.1/platform/service/iostream/src/sl_iostream.o
                0x08005324                sl_iostream_set_default
 .text.sl_iostream_get_default
                0x0800534c       0x28 ./gecko_sdk_4.2.1/platform/service/iostream/src/sl_iostream.o
                0x0800534c                sl_iostream_get_default
 .text._write   0x08005374       0x34 ./gecko_sdk_4.2.1/platform/service/iostream/src/sl_iostream_retarget_stdio.o
                0x08005374                _write
 .text.sl_iostream_stdlib_disable_buffering
                0x080053a8       0x1c ./gecko_sdk_4.2.1/platform/service/iostream/src/sl_iostream_stdlib_config.o
                0x080053a8                sl_iostream_stdlib_disable_buffering
 .text.__NVIC_EnableIRQ
                0x080053c4       0x34 ./gecko_sdk_4.2.1/platform/service/iostream/src/sl_iostream_uart.o
 .text.__NVIC_DisableIRQ
                0x080053f8       0x44 ./gecko_sdk_4.2.1/platform/service/iostream/src/sl_iostream_uart.o
 .text.__NVIC_ClearPendingIRQ
                0x0800543c       0x38 ./gecko_sdk_4.2.1/platform/service/iostream/src/sl_iostream_uart.o
 .text.sli_iostream_uart_context_init
                0x08005474      0x1e0 ./gecko_sdk_4.2.1/platform/service/iostream/src/sl_iostream_uart.o
                0x08005474                sli_iostream_uart_context_init
 .text.sli_uart_txc
                0x08005654       0x60 ./gecko_sdk_4.2.1/platform/service/iostream/src/sl_iostream_uart.o
                0x08005654                sli_uart_txc
 .text.uart_deinit
                0x080056b4       0xec ./gecko_sdk_4.2.1/platform/service/iostream/src/sl_iostream_uart.o
 .text.scan_for_ctrl_char
                0x080057a0       0xbc ./gecko_sdk_4.2.1/platform/service/iostream/src/sl_iostream_uart.o
 .text.dma_irq_handler
                0x0800585c       0xd0 ./gecko_sdk_4.2.1/platform/service/iostream/src/sl_iostream_uart.o
 .text.get_write_ptr
                0x0800592c       0x54 ./gecko_sdk_4.2.1/platform/service/iostream/src/sl_iostream_uart.o
 .text.update_ring_buffer
                0x08005980      0x148 ./gecko_sdk_4.2.1/platform/service/iostream/src/sl_iostream_uart.o
 .text.read_rx_buffer
                0x08005ac8      0x1cc ./gecko_sdk_4.2.1/platform/service/iostream/src/sl_iostream_uart.o
 .text.sl_iostream_usart_init
                0x08005c94      0x280 ./gecko_sdk_4.2.1/platform/service/iostream/src/sl_iostream_usart.o
                0x08005c94                sl_iostream_usart_init
 .text.sl_iostream_usart_irq_handler
                0x08005f14      0x120 ./gecko_sdk_4.2.1/platform/service/iostream/src/sl_iostream_usart.o
                0x08005f14                sl_iostream_usart_irq_handler
 .text.sl_power_manager_init
                0x08006034       0x80 ./gecko_sdk_4.2.1/platform/service/power_manager/src/sl_power_manager.o
                0x08006034                sl_power_manager_init
 .text.sl_power_manager_sleep
                0x080060b4      0x204 ./gecko_sdk_4.2.1/platform/service/power_manager/src/sl_power_manager.o
                0x080060b4                sl_power_manager_sleep
 .text.sli_power_manager_update_em_requirement
                0x080062b8      0x108 ./gecko_sdk_4.2.1/platform/service/power_manager/src/sl_power_manager.o
                0x080062b8                sli_power_manager_update_em_requirement
 .text.sli_power_manager_get_restore_delay
                0x080063c0       0x48 ./gecko_sdk_4.2.1/platform/service/power_manager/src/sl_power_manager.o
                0x080063c0                sli_power_manager_get_restore_delay
 .text.sl_power_manager_subscribe_em_transition_event
                0x08006408       0x30 ./gecko_sdk_4.2.1/platform/service/power_manager/src/sl_power_manager.o
                0x08006408                sl_power_manager_subscribe_em_transition_event
 .text.sl_power_manager_schedule_wakeup_get_restore_overhead_tick
                0x08006438       0x14 ./gecko_sdk_4.2.1/platform/service/power_manager/src/sl_power_manager.o
                0x08006438                sl_power_manager_schedule_wakeup_get_restore_overhead_tick
 .text.sli_power_manager_convert_delay_us_to_tick
                0x0800644c       0x2c ./gecko_sdk_4.2.1/platform/service/power_manager/src/sl_power_manager.o
                0x0800644c                sli_power_manager_convert_delay_us_to_tick
 .text.sl_power_manager_is_latest_wakeup_internal
                0x08006478       0x4c ./gecko_sdk_4.2.1/platform/service/power_manager/src/sl_power_manager.o
                0x08006478                sl_power_manager_is_latest_wakeup_internal
 .text.get_lowest_em
                0x080064c4       0x34 ./gecko_sdk_4.2.1/platform/service/power_manager/src/sl_power_manager.o
 .text.power_manager_notify_em_transition
                0x080064f8       0xec ./gecko_sdk_4.2.1/platform/service/power_manager/src/sl_power_manager.o
 .text.evaluate_wakeup
                0x080065e4       0xf8 ./gecko_sdk_4.2.1/platform/service/power_manager/src/sl_power_manager.o
 .text.update_em1_requirement
                0x080066dc       0x94 ./gecko_sdk_4.2.1/platform/service/power_manager/src/sl_power_manager.o
 .text.clock_restore_and_wait
                0x08006770       0x88 ./gecko_sdk_4.2.1/platform/service/power_manager/src/sl_power_manager.o
 .text.clock_restore
                0x080067f8       0x6c ./gecko_sdk_4.2.1/platform/service/power_manager/src/sl_power_manager.o
 .text.on_clock_wakeup_timeout
                0x08006864       0x34 ./gecko_sdk_4.2.1/platform/service/power_manager/src/sl_power_manager.o
 .text.sli_hfxo_manager_notify_ready_for_power_manager
                0x08006898       0x48 ./gecko_sdk_4.2.1/platform/service/power_manager/src/sl_power_manager.o
                0x08006898                sli_hfxo_manager_notify_ready_for_power_manager
 .text.EMU_EnterEM1
                0x080068e0       0x18 ./gecko_sdk_4.2.1/platform/service/power_manager/src/sl_power_manager_hal_s2.o
 .text.sli_power_manager_init_hardware
                0x080068f8      0x210 ./gecko_sdk_4.2.1/platform/service/power_manager/src/sl_power_manager_hal_s2.o
                0x080068f8                sli_power_manager_init_hardware
 .text.sli_power_manager_em23_voltage_scaling_enable_fast_wakeup
                0x08006b08       0x88 ./gecko_sdk_4.2.1/platform/service/power_manager/src/sl_power_manager_hal_s2.o
                0x08006b08                sli_power_manager_em23_voltage_scaling_enable_fast_wakeup
 .text.EMU_EM23PresleepHook
                0x08006b90       0x30 ./gecko_sdk_4.2.1/platform/service/power_manager/src/sl_power_manager_hal_s2.o
                0x08006b90                EMU_EM23PresleepHook
 .text.EMU_EM23PostsleepHook
                0x08006bc0       0x70 ./gecko_sdk_4.2.1/platform/service/power_manager/src/sl_power_manager_hal_s2.o
                0x08006bc0                EMU_EM23PostsleepHook
 .text.sli_power_manager_handle_pre_deepsleep_operations
                0x08006c30       0x10 ./gecko_sdk_4.2.1/platform/service/power_manager/src/sl_power_manager_hal_s2.o
                0x08006c30                sli_power_manager_handle_pre_deepsleep_operations
 .text.sli_power_manager_restore_high_freq_accuracy_clk
                0x08006c40       0x70 ./gecko_sdk_4.2.1/platform/service/power_manager/src/sl_power_manager_hal_s2.o
                0x08006c40                sli_power_manager_restore_high_freq_accuracy_clk
 .text.sli_power_manager_is_high_freq_accuracy_clk_ready
                0x08006cb0       0x34 ./gecko_sdk_4.2.1/platform/service/power_manager/src/sl_power_manager_hal_s2.o
                0x08006cb0                sli_power_manager_is_high_freq_accuracy_clk_ready
 .text.sli_power_manager_restore_states
                0x08006ce4       0x48 ./gecko_sdk_4.2.1/platform/service/power_manager/src/sl_power_manager_hal_s2.o
                0x08006ce4                sli_power_manager_restore_states
 .text.sli_power_manager_apply_em
                0x08006d2c       0x50 ./gecko_sdk_4.2.1/platform/service/power_manager/src/sl_power_manager_hal_s2.o
                0x08006d2c                sli_power_manager_apply_em
 .text.sli_power_manager_get_wakeup_process_time_overhead
                0x08006d7c       0x3c ./gecko_sdk_4.2.1/platform/service/power_manager/src/sl_power_manager_hal_s2.o
                0x08006d7c                sli_power_manager_get_wakeup_process_time_overhead
 .text.sl_sleeptimer_init
                0x08006db8       0xa0 ./gecko_sdk_4.2.1/platform/service/sleeptimer/src/sl_sleeptimer.o
                0x08006db8                sl_sleeptimer_init
 .text.sl_sleeptimer_stop_timer
                0x08006e58       0x80 ./gecko_sdk_4.2.1/platform/service/sleeptimer/src/sl_sleeptimer.o
                0x08006e58                sl_sleeptimer_stop_timer
 .text.sl_sleeptimer_get_remaining_time_of_first_timer
                0x08006ed8       0x94 ./gecko_sdk_4.2.1/platform/service/sleeptimer/src/sl_sleeptimer.o
                0x08006ed8                sl_sleeptimer_get_remaining_time_of_first_timer
 .text.sli_sleeptimer_is_power_manager_timer_next_to_expire
                0x08006f6c       0x18 ./gecko_sdk_4.2.1/platform/service/sleeptimer/src/sl_sleeptimer.o
                0x08006f6c                sli_sleeptimer_is_power_manager_timer_next_to_expire
 .text.sl_sleeptimer_get_timer_frequency
                0x08006f84        0xc ./gecko_sdk_4.2.1/platform/service/sleeptimer/src/sl_sleeptimer.o
                0x08006f84                sl_sleeptimer_get_timer_frequency
 .text.process_timer_irq
                0x08006f90      0x258 ./gecko_sdk_4.2.1/platform/service/sleeptimer/src/sl_sleeptimer.o
                0x08006f90                process_timer_irq
 .text.delta_list_insert_timer
                0x080071e8       0xd4 ./gecko_sdk_4.2.1/platform/service/sleeptimer/src/sl_sleeptimer.o
 .text.delta_list_remove_timer
                0x080072bc       0x74 ./gecko_sdk_4.2.1/platform/service/sleeptimer/src/sl_sleeptimer.o
 .text.set_comparator_for_next_timer
                0x08007330       0x4c ./gecko_sdk_4.2.1/platform/service/sleeptimer/src/sl_sleeptimer.o
 .text.update_delta_list
                0x0800737c       0x70 ./gecko_sdk_4.2.1/platform/service/sleeptimer/src/sl_sleeptimer.o
 .text.create_timer
                0x080073ec       0xa8 ./gecko_sdk_4.2.1/platform/service/sleeptimer/src/sl_sleeptimer.o
 .text.update_next_timer_to_expire_is_power_manager
                0x08007494       0x58 ./gecko_sdk_4.2.1/platform/service/sleeptimer/src/sl_sleeptimer.o
 .text.sl_sleeptimer_is_power_manager_early_restore_timer_latest_to_expire
                0x080074ec       0x28 ./gecko_sdk_4.2.1/platform/service/sleeptimer/src/sl_sleeptimer.o
                0x080074ec                sl_sleeptimer_is_power_manager_early_restore_timer_latest_to_expire
 .text.__NVIC_EnableIRQ
                0x08007514       0x34 ./gecko_sdk_4.2.1/platform/service/sleeptimer/src/sl_sleeptimer_hal_sysrtc.o
 .text.__NVIC_ClearPendingIRQ
                0x08007548       0x38 ./gecko_sdk_4.2.1/platform/service/sleeptimer/src/sl_sleeptimer_hal_sysrtc.o
 .text.sl_sysrtc_wait_sync
                0x08007580       0x20 ./gecko_sdk_4.2.1/platform/service/sleeptimer/src/sl_sleeptimer_hal_sysrtc.o
 .text.sl_sysrtc_get_counter
                0x080075a0       0x14 ./gecko_sdk_4.2.1/platform/service/sleeptimer/src/sl_sleeptimer_hal_sysrtc.o
 .text.sl_sysrtc_set_counter
                0x080075b4       0x1c ./gecko_sdk_4.2.1/platform/service/sleeptimer/src/sl_sleeptimer_hal_sysrtc.o
 .text.sleeptimer_hal_set_compare
                0x080075d0       0xac ./gecko_sdk_4.2.1/platform/service/sleeptimer/src/sl_sleeptimer_hal_sysrtc.o
                0x080075d0                sleeptimer_hal_set_compare
 .text.sleeptimer_hal_disable_int
                0x0800767c       0x60 ./gecko_sdk_4.2.1/platform/service/sleeptimer/src/sl_sleeptimer_hal_sysrtc.o
                0x0800767c                sleeptimer_hal_disable_int
 .text.sleeptimer_hal_set_int
                0x080076dc       0x2c ./gecko_sdk_4.2.1/platform/service/sleeptimer/src/sl_sleeptimer_hal_sysrtc.o
                0x080076dc                sleeptimer_hal_set_int
 .text.__NVIC_EnableIRQ
                0x08007708       0x34 ./src/GPIO.o
 .text.__NVIC_ClearPendingIRQ
                0x0800773c       0x38 ./src/GPIO.o
 .text.init_I2C0
                0x08007774       0x90 ./src/I2C.o
                0x08007774                init_I2C0
 .text.GPIO_IntClear
                0x08007804       0x1c ./src/irq.o
 .text.GPIO_IntGet
                0x08007820       0x10 ./src/irq.o
 .text.TIMER0_IRQHandler
                0x08007830       0x38 ./src/irq.o
                0x08007830                TIMER0_IRQHandler
 .text.GPIO_EVEN_IRQHandler
                0x08007868       0x30 ./src/irq.o
                0x08007868                GPIO_EVEN_IRQHandler
 .text.__NVIC_EnableIRQ
                0x08007898       0x34 ./src/timers.o
 .text.__NVIC_ClearPendingIRQ
                0x080078cc       0x38 ./src/timers.o
 .text.TIMER_Valid
                0x08007904       0x54 ./src/timers.o
 .text.TIMER_MaxCount
                0x08007958       0xf0 ./src/timers.o
 .text.TIMER_Enable
                0x08007a48       0x44 ./src/timers.o
 .text.TIMER_TopSet
                0x08007a8c       0x48 ./src/timers.o
 .text.init_timer0
                0x08007ad4       0x70 ./src/timers.o
                0x08007ad4                init_timer0
 .text          0x08007b44       0x30 c:/siliconlabs/simplicitystudio/v5/developer/toolchains/gnu_arm/10.3_2021.10/bin/../lib/gcc/arm-none-eabi/10.3.1/thumb/v8-m.main+fp/hard\libgcc.a(_aeabi_uldivmod.o)
                0x08007b44                __aeabi_uldivmod
 .text          0x08007b74      0x2ec c:/siliconlabs/simplicitystudio/v5/developer/toolchains/gnu_arm/10.3_2021.10/bin/../lib/gcc/arm-none-eabi/10.3.1/thumb/v8-m.main+fp/hard\libgcc.a(_udivmoddi4.o)
                0x08007b74                __udivmoddi4
 .text          0x08007e60        0x4 c:/siliconlabs/simplicitystudio/v5/developer/toolchains/gnu_arm/10.3_2021.10/bin/../lib/gcc/arm-none-eabi/10.3.1/thumb/v8-m.main+fp/hard\libgcc.a(_dvmd_tls.o)
                0x08007e60                __aeabi_idiv0
                0x08007e60                __aeabi_ldiv0
 .text.exit     0x08007e64       0x28 c:/siliconlabs/simplicitystudio/v5/developer/toolchains/gnu_arm/10.3_2021.10/bin/../lib/gcc/arm-none-eabi/10.3.1/../../../../arm-none-eabi/lib/thumb/v8-m.main+fp/hard\libc_nano.a(lib_a-exit.o)
                0x08007e64                exit
 .text.__libc_init_array
                0x08007e8c       0x48 c:/siliconlabs/simplicitystudio/v5/developer/toolchains/gnu_arm/10.3_2021.10/bin/../lib/gcc/arm-none-eabi/10.3.1/../../../../arm-none-eabi/lib/thumb/v8-m.main+fp/hard\libc_nano.a(lib_a-init.o)
                0x08007e8c                __libc_init_array
 .text.setvbuf  0x08007ed4      0x188 c:/siliconlabs/simplicitystudio/v5/developer/toolchains/gnu_arm/10.3_2021.10/bin/../lib/gcc/arm-none-eabi/10.3.1/../../../../arm-none-eabi/lib/thumb/v8-m.main+fp/hard\libc_nano.a(lib_a-setvbuf.o)
                0x08007ed4                setvbuf
 .text.vprintf  0x0800805c       0x30 c:/siliconlabs/simplicitystudio/v5/developer/toolchains/gnu_arm/10.3_2021.10/bin/../lib/gcc/arm-none-eabi/10.3.1/../../../../arm-none-eabi/lib/thumb/v8-m.main+fp/hard\libc_nano.a(lib_a-vprintf.o)
                0x0800805c                viprintf
                0x0800805c                vprintf
 .text.__sflush_r
                0x0800808c      0x108 c:/siliconlabs/simplicitystudio/v5/developer/toolchains/gnu_arm/10.3_2021.10/bin/../lib/gcc/arm-none-eabi/10.3.1/../../../../arm-none-eabi/lib/thumb/v8-m.main+fp/hard\libc_nano.a(lib_a-fflush.o)
                0x0800808c                __sflush_r
 .text._fflush_r
                0x08008194       0x78 c:/siliconlabs/simplicitystudio/v5/developer/toolchains/gnu_arm/10.3_2021.10/bin/../lib/gcc/arm-none-eabi/10.3.1/../../../../arm-none-eabi/lib/thumb/v8-m.main+fp/hard\libc_nano.a(lib_a-fflush.o)
                0x08008194                _fflush_r
 .text.std      0x0800820c       0x48 c:/siliconlabs/simplicitystudio/v5/developer/toolchains/gnu_arm/10.3_2021.10/bin/../lib/gcc/arm-none-eabi/10.3.1/../../../../arm-none-eabi/lib/thumb/v8-m.main+fp/hard\libc_nano.a(lib_a-findfp.o)
 .text._cleanup_r
                0x08008254        0xc c:/siliconlabs/simplicitystudio/v5/developer/toolchains/gnu_arm/10.3_2021.10/bin/../lib/gcc/arm-none-eabi/10.3.1/../../../../arm-none-eabi/lib/thumb/v8-m.main+fp/hard\libc_nano.a(lib_a-findfp.o)
                0x08008254                _cleanup_r
 .text.__sfp_lock_acquire
                0x08008260        0xc c:/siliconlabs/simplicitystudio/v5/developer/toolchains/gnu_arm/10.3_2021.10/bin/../lib/gcc/arm-none-eabi/10.3.1/../../../../arm-none-eabi/lib/thumb/v8-m.main+fp/hard\libc_nano.a(lib_a-findfp.o)
                0x08008260                __sfp_lock_acquire
 .text.__sfp_lock_release
                0x0800826c        0xc c:/siliconlabs/simplicitystudio/v5/developer/toolchains/gnu_arm/10.3_2021.10/bin/../lib/gcc/arm-none-eabi/10.3.1/../../../../arm-none-eabi/lib/thumb/v8-m.main+fp/hard\libc_nano.a(lib_a-findfp.o)
                0x0800826c                __sfp_lock_release
 .text.__sinit_lock_acquire
                0x08008278        0xc c:/siliconlabs/simplicitystudio/v5/developer/toolchains/gnu_arm/10.3_2021.10/bin/../lib/gcc/arm-none-eabi/10.3.1/../../../../arm-none-eabi/lib/thumb/v8-m.main+fp/hard\libc_nano.a(lib_a-findfp.o)
                0x08008278                __sinit_lock_acquire
 .text.__sinit_lock_release
                0x08008284        0xc c:/siliconlabs/simplicitystudio/v5/developer/toolchains/gnu_arm/10.3_2021.10/bin/../lib/gcc/arm-none-eabi/10.3.1/../../../../arm-none-eabi/lib/thumb/v8-m.main+fp/hard\libc_nano.a(lib_a-findfp.o)
                0x08008284                __sinit_lock_release
 .text.__sinit  0x08008290       0x70 c:/siliconlabs/simplicitystudio/v5/developer/toolchains/gnu_arm/10.3_2021.10/bin/../lib/gcc/arm-none-eabi/10.3.1/../../../../arm-none-eabi/lib/thumb/v8-m.main+fp/hard\libc_nano.a(lib_a-findfp.o)
                0x08008290                __sinit
 .text.__sfp    0x08008300       0x8c c:/siliconlabs/simplicitystudio/v5/developer/toolchains/gnu_arm/10.3_2021.10/bin/../lib/gcc/arm-none-eabi/10.3.1/../../../../arm-none-eabi/lib/thumb/v8-m.main+fp/hard\libc_nano.a(lib_a-findfp.o)
                0x08008300                __sfp
 .text.__smakebuf_r
                0x0800838c       0x80 c:/siliconlabs/simplicitystudio/v5/developer/toolchains/gnu_arm/10.3_2021.10/bin/../lib/gcc/arm-none-eabi/10.3.1/../../../../arm-none-eabi/lib/thumb/v8-m.main+fp/hard\libc_nano.a(lib_a-makebuf.o)
                0x0800838c                __smakebuf_r
 .text.malloc   0x0800840c       0x10 c:/siliconlabs/simplicitystudio/v5/developer/toolchains/gnu_arm/10.3_2021.10/bin/../lib/gcc/arm-none-eabi/10.3.1/../../../../arm-none-eabi/lib/thumb/v8-m.main+fp/hard\libc_nano.a(lib_a-malloc.o)
                0x0800840c                malloc
 .text._free_r  0x0800841c       0x98 c:/siliconlabs/simplicitystudio/v5/developer/toolchains/gnu_arm/10.3_2021.10/bin/../lib/gcc/arm-none-eabi/10.3.1/../../../../arm-none-eabi/lib/thumb/v8-m.main+fp/hard\libc_nano.a(lib_a-nano-freer.o)
                0x0800841c                _free_r
 .text.sbrk_aligned
                0x080084b4       0x40 c:/siliconlabs/simplicitystudio/v5/developer/toolchains/gnu_arm/10.3_2021.10/bin/../lib/gcc/arm-none-eabi/10.3.1/../../../../arm-none-eabi/lib/thumb/v8-m.main+fp/hard\libc_nano.a(lib_a-nano-mallocr.o)
 .text._malloc_r
                0x080084f4       0xe8 c:/siliconlabs/simplicitystudio/v5/developer/toolchains/gnu_arm/10.3_2021.10/bin/../lib/gcc/arm-none-eabi/10.3.1/../../../../arm-none-eabi/lib/thumb/v8-m.main+fp/hard\libc_nano.a(lib_a-nano-mallocr.o)
                0x080084f4                _malloc_r
 .text._vfprintf_r
                0x080085dc      0x260 c:/siliconlabs/simplicitystudio/v5/developer/toolchains/gnu_arm/10.3_2021.10/bin/../lib/gcc/arm-none-eabi/10.3.1/../../../../arm-none-eabi/lib/thumb/v8-m.main+fp/hard\libc_nano.a(lib_a-nano-vfprintf.o)
                0x080085dc                _vfprintf_r
                0x080085dc                _vfiprintf_r
 .text._printf_i
                0x0800883c      0x24c c:/siliconlabs/simplicitystudio/v5/developer/toolchains/gnu_arm/10.3_2021.10/bin/../lib/gcc/arm-none-eabi/10.3.1/../../../../arm-none-eabi/lib/thumb/v8-m.main+fp/hard\libc_nano.a(lib_a-nano-vfprintf_i.o)
                0x0800883c                _printf_i
 .text._sbrk_r  0x08008a88       0x20 c:/siliconlabs/simplicitystudio/v5/developer/toolchains/gnu_arm/10.3_2021.10/bin/../lib/gcc/arm-none-eabi/10.3.1/../../../../arm-none-eabi/lib/thumb/v8-m.main+fp/hard\libc_nano.a(lib_a-sbrkr.o)
                0x08008a88                _sbrk_r
 .text.__swbuf_r
                0x08008aa8       0xa4 c:/siliconlabs/simplicitystudio/v5/developer/toolchains/gnu_arm/10.3_2021.10/bin/../lib/gcc/arm-none-eabi/10.3.1/../../../../arm-none-eabi/lib/thumb/v8-m.main+fp/hard\libc_nano.a(lib_a-wbuf.o)
                0x08008aa8                __swbuf_r
 .text._write_r
                0x08008b4c       0x24 c:/siliconlabs/simplicitystudio/v5/developer/toolchains/gnu_arm/10.3_2021.10/bin/../lib/gcc/arm-none-eabi/10.3.1/../../../../arm-none-eabi/lib/thumb/v8-m.main+fp/hard\libc_nano.a(lib_a-writer.o)
                0x08008b4c                _write_r
 .text.__swsetup_r
                0x08008b70       0xdc c:/siliconlabs/simplicitystudio/v5/developer/toolchains/gnu_arm/10.3_2021.10/bin/../lib/gcc/arm-none-eabi/10.3.1/../../../../arm-none-eabi/lib/thumb/v8-m.main+fp/hard\libc_nano.a(lib_a-wsetup.o)
                0x08008b70                __swsetup_r
 .text._close_r
                0x08008c4c       0x20 c:/siliconlabs/simplicitystudio/v5/developer/toolchains/gnu_arm/10.3_2021.10/bin/../lib/gcc/arm-none-eabi/10.3.1/../../../../arm-none-eabi/lib/thumb/v8-m.main+fp/hard\libc_nano.a(lib_a-closer.o)
                0x08008c4c                _close_r
 .text._fstat_r
                0x08008c6c       0x24 c:/siliconlabs/simplicitystudio/v5/developer/toolchains/gnu_arm/10.3_2021.10/bin/../lib/gcc/arm-none-eabi/10.3.1/../../../../arm-none-eabi/lib/thumb/v8-m.main+fp/hard\libc_nano.a(lib_a-fstatr.o)
                0x08008c6c                _fstat_r
 .text._isatty_r
                0x08008c90       0x20 c:/siliconlabs/simplicitystudio/v5/developer/toolchains/gnu_arm/10.3_2021.10/bin/../lib/gcc/arm-none-eabi/10.3.1/../../../../arm-none-eabi/lib/thumb/v8-m.main+fp/hard\libc_nano.a(lib_a-isattyr.o)
                0x08008c90                _isatty_r
 .text._lseek_r
                0x08008cb0       0x24 c:/siliconlabs/simplicitystudio/v5/developer/toolchains/gnu_arm/10.3_2021.10/bin/../lib/gcc/arm-none-eabi/10.3.1/../../../../arm-none-eabi/lib/thumb/v8-m.main+fp/hard\libc_nano.a(lib_a-lseekr.o)
                0x08008cb0                _lseek_r
 .text.__malloc_lock
                0x08008cd4        0xc c:/siliconlabs/simplicitystudio/v5/developer/toolchains/gnu_arm/10.3_2021.10/bin/../lib/gcc/arm-none-eabi/10.3.1/../../../../arm-none-eabi/lib/thumb/v8-m.main+fp/hard\libc_nano.a(lib_a-mlock.o)
                0x08008cd4                __malloc_lock
 .text.__malloc_unlock
                0x08008ce0        0xc c:/siliconlabs/simplicitystudio/v5/developer/toolchains/gnu_arm/10.3_2021.10/bin/../lib/gcc/arm-none-eabi/10.3.1/../../../../arm-none-eabi/lib/thumb/v8-m.main+fp/hard\libc_nano.a(lib_a-mlock.o)
                0x08008ce0                __malloc_unlock
 .text._read_r  0x08008cec       0x24 c:/siliconlabs/simplicitystudio/v5/developer/toolchains/gnu_arm/10.3_2021.10/bin/../lib/gcc/arm-none-eabi/10.3.1/../../../../arm-none-eabi/lib/thumb/v8-m.main+fp/hard\libc_nano.a(lib_a-readr.o)
                0x08008cec                _read_r
 .text.sl_power_manager_add_em_requirement
                0x08008d10       0x2a ./app.o
 .text.main     0x08008d3a       0x18 ./main.o
                0x08008d3a                main
 .text.CHIP_Init
                0x08008d52        0x4 ./autogen/sl_event_handler.o
 .text.sl_platform_init
                0x08008d56       0x2a ./autogen/sl_event_handler.o
                0x08008d56                sl_platform_init
 .text.sl_driver_init
                0x08008d80        0x4 ./autogen/sl_event_handler.o
                0x08008d80                sl_driver_init
 .text.sl_service_init
                0x08008d84       0x16 ./autogen/sl_event_handler.o
                0x08008d84                sl_service_init
 .text.sl_stack_init
                0x08008d9a        0x4 ./autogen/sl_event_handler.o
                0x08008d9a                sl_stack_init
 .text.sl_internal_app_init
                0x08008d9e        0xa ./autogen/sl_event_handler.o
                0x08008d9e                sl_internal_app_init
 .text.sl_platform_process_action
                0x08008da8        0x4 ./autogen/sl_event_handler.o
                0x08008da8                sl_platform_process_action
 .text.sl_service_process_action
                0x08008dac        0x4 ./autogen/sl_event_handler.o
                0x08008dac                sl_service_process_action
 .text.sl_stack_process_action
                0x08008db0        0x4 ./autogen/sl_event_handler.o
                0x08008db0                sl_stack_process_action
 .text.sl_internal_app_process_action
                0x08008db4        0x4 ./autogen/sl_event_handler.o
                0x08008db4                sl_internal_app_process_action
 .text.sl_iostream_init_instances
                0x08008db8        0xa ./autogen/sl_event_handler.o
                0x08008db8                sl_iostream_init_instances
 .text.BUS_RegBitRead
                0x08008dc2       0x1a ./autogen/sl_iostream_init_usart_instances.o
 .text.sl_iostream_uart_sleep_on_isr_exit
                0x08008ddc       0x1c ./autogen/sl_iostream_init_usart_instances.o
 .text.app_is_ok_to_sleep
                0x08008df8        0x6 ./autogen/sl_power_manager_handler.o
                0x08008df8                app_is_ok_to_sleep
 .text.app_sleep_on_isr_exit
                0x08008dfe        0x6 ./autogen/sl_power_manager_handler.o
                0x08008dfe                app_sleep_on_isr_exit
 .text.sl_power_manager_is_ok_to_sleep
                0x08008e04       0x2c ./autogen/sl_power_manager_handler.o
                0x08008e04                sl_power_manager_is_ok_to_sleep
 .text.sl_power_manager_sleep_on_isr_exit
                0x08008e30       0x84 ./autogen/sl_power_manager_handler.o
                0x08008e30                sl_power_manager_sleep_on_isr_exit
 .text._app_log_time
                0x08008eb4        0x4 ./gecko_sdk_4.2.1/app/common/util/app_log/app_log.o
                0x08008eb4                _app_log_time
 .text._app_log_counter
                0x08008eb8        0x4 ./gecko_sdk_4.2.1/app/common/util/app_log/app_log.o
                0x08008eb8                _app_log_counter
 .text.Default_Handler
                0x08008ebc        0x2 ./gecko_sdk_4.2.1/platform/Device/SiliconLabs/EFR32MG24/Source/startup_efr32mg24.o
                0x08008ebc                ULFRCO_IRQHandler
                0x08008ebc                AHB2AHB1_IRQHandler
                0x08008ebc                SW2_IRQHandler
                0x08008ebc                TIMER2_IRQHandler
                0x08008ebc                DebugMon_Handler
                0x08008ebc                IADC_IRQHandler
                0x08008ebc                EUSART0_TX_IRQHandler
                0x08008ebc                I2C0_IRQHandler
                0x08008ebc                LFXO_IRQHandler
                0x08008ebc                HardFault_Handler
                0x08008ebc                SMU_SECURE_IRQHandler
                0x08008ebc                SysTick_Handler
                0x08008ebc                SYSRTC_SEQ_IRQHandler
                0x08008ebc                EMUEFP_IRQHandler
                0x08008ebc                PendSV_Handler
                0x08008ebc                NMI_Handler
                0x08008ebc                SYNTH_IRQHandler
                0x08008ebc                HOSTMAILBOX_IRQHandler
                0x08008ebc                I2C1_IRQHandler
                0x08008ebc                WDOG0_IRQHandler
                0x08008ebc                TIMER3_IRQHandler
                0x08008ebc                SYSCFG_IRQHandler
                0x08008ebc                RFECA1_IRQHandler
                0x08008ebc                EMUDG_IRQHandler
                0x08008ebc                MSC_IRQHandler
                0x08008ebc                DPLL0_IRQHandler
                0x08008ebc                UsageFault_Handler
                0x08008ebc                WDOG1_IRQHandler
                0x08008ebc                M33CTI1_IRQHandler
                0x08008ebc                TIMER4_IRQHandler
                0x08008ebc                VDAC0_IRQHandler
                0x08008ebc                SEMBTX_IRQHandler
                0x08008ebc                SW0_IRQHandler
                0x08008ebc                MVP_IRQHandler
                0x08008ebc                LETIMER0_IRQHandler
                0x08008ebc                EUSART1_RX_IRQHandler
                0x08008ebc                TIMER1_IRQHandler
                0x08008ebc                HFRCO0_IRQHandler
                0x08008ebc                SecureFault_Handler
                0x08008ebc                BUFC_IRQHandler
                0x08008ebc                DCDC_IRQHandler
                0x08008ebc                MODEM_IRQHandler
                0x08008ebc                Default_Handler
                0x08008ebc                RAC_SEQ_IRQHandler
                0x08008ebc                FRC_PRI_IRQHandler
                0x08008ebc                SW3_IRQHandler
                0x08008ebc                EMU_IRQHandler
                0x08008ebc                KERNEL0_IRQHandler
                0x08008ebc                FRC_IRQHandler
                0x08008ebc                PCNT0_IRQHandler
                0x08008ebc                KERNEL1_IRQHandler
                0x08008ebc                AGC_IRQHandler
                0x08008ebc                EUSART1_TX_IRQHandler
                0x08008ebc                KEYSCAN_IRQHandler
                0x08008ebc                HFRCOEM23_IRQHandler
                0x08008ebc                sl_app_properties
                0x08008ebc                BURTC_IRQHandler
                0x08008ebc                SEMBRX_IRQHandler
                0x08008ebc                RFECA0_IRQHandler
                0x08008ebc                LFRCO_IRQHandler
                0x08008ebc                VDAC1_IRQHandler
                0x08008ebc                ACMP0_IRQHandler
                0x08008ebc                MemManage_Handler
                0x08008ebc                AHB2AHB0_IRQHandler
                0x08008ebc                SVC_Handler
                0x08008ebc                SMU_S_PRIVILEGED_IRQHandler
                0x08008ebc                SW1_IRQHandler
                0x08008ebc                CMU_IRQHandler
                0x08008ebc                EUSART0_RX_IRQHandler
                0x08008ebc                RAC_RSM_IRQHandler
                0x08008ebc                SETAMPERHOST_IRQHandler
                0x08008ebc                GPIO_ODD_IRQHandler
                0x08008ebc                AES_IRQHandler
                0x08008ebc                M33CTI0_IRQHandler
                0x08008ebc                ICACHE0_IRQHandler
                0x08008ebc                SMU_NS_PRIVILEGED_IRQHandler
                0x08008ebc                FPUEXH_IRQHandler
                0x08008ebc                PROTIMER_IRQHandler
                0x08008ebc                ACMP1_IRQHandler
                0x08008ebc                BusFault_Handler
                0x08008ebc                MPAHBRAM_IRQHandler
 .text.SystemCLKIN0Get
                0x08008ebe        0x6 ./gecko_sdk_4.2.1/platform/Device/SiliconLabs/EFR32MG24/Source/system_efr32mg24.o
                0x08008ebe                SystemCLKIN0Get
 .text.SystemLFRCOClockGet
                0x08008ec4        0x8 ./gecko_sdk_4.2.1/platform/Device/SiliconLabs/EFR32MG24/Source/system_efr32mg24.o
                0x08008ec4                SystemLFRCOClockGet
 .text.SystemULFRCOClockGet
                0x08008ecc        0x8 ./gecko_sdk_4.2.1/platform/Device/SiliconLabs/EFR32MG24/Source/system_efr32mg24.o
                0x08008ecc                SystemULFRCOClockGet
 .text.assertEFM
                0x08008ed4        0x8 ./gecko_sdk_4.2.1/platform/common/src/sl_assert.o
                0x08008ed4                assertEFM
 .text.sl_slist_init
                0x08008edc       0x10 ./gecko_sdk_4.2.1/platform/common/src/sl_slist.o
                0x08008edc                sl_slist_init
 .text.DMADRV_PeripheralMemory
                0x08008eec       0x46 ./gecko_sdk_4.2.1/platform/emdrv/dmadrv/src/dmadrv.o
                0x08008eec                DMADRV_PeripheralMemory
 .text.SystemCoreClockGet
                0x08008f32        0xc ./gecko_sdk_4.2.1/platform/emlib/src/em_cmu.o
 .text.BUS_RegBitRead
                0x08008f3e       0x1a ./gecko_sdk_4.2.1/platform/emlib/src/em_cmu.o
 .text.BUS_RegMaskedWrite
                0x08008f58       0x34 ./gecko_sdk_4.2.1/platform/emlib/src/em_cmu.o
 .text.sli_em_cmu_SYSCLKInitPreClockSelect
                0x08008f8c       0x1a ./gecko_sdk_4.2.1/platform/emlib/src/em_cmu.o
                0x08008f8c                sli_em_cmu_SYSCLKInitPreClockSelect
 .text.sli_em_cmu_SYSCLKInitPostClockSelect
                0x08008fa6       0x2e ./gecko_sdk_4.2.1/platform/emlib/src/em_cmu.o
                0x08008fa6                sli_em_cmu_SYSCLKInitPostClockSelect
 .text.CMU_UpdateWaitStates
                0x08008fd4       0x28 ./gecko_sdk_4.2.1/platform/emlib/src/em_cmu.o
                0x08008fd4                CMU_UpdateWaitStates
 .text.pclkDivMax
                0x08008ffc       0x10 ./gecko_sdk_4.2.1/platform/emlib/src/em_cmu.o
 .text.waitStateMax
                0x0800900c       0x14 ./gecko_sdk_4.2.1/platform/emlib/src/em_cmu.o
 .text.CORE_EnterCritical
                0x08009020       0x18 ./gecko_sdk_4.2.1/platform/emlib/src/em_core.o
                0x08009020                CORE_EnterCritical
 .text.CORE_ExitCritical
                0x08009038       0x14 ./gecko_sdk_4.2.1/platform/emlib/src/em_core.o
                0x08009038                CORE_ExitCritical
 .text.CORE_EnterAtomic
                0x0800904c       0x20 ./gecko_sdk_4.2.1/platform/emlib/src/em_core.o
                0x0800904c                CORE_EnterAtomic
 .text.CORE_ExitAtomic
                0x0800906c       0x16 ./gecko_sdk_4.2.1/platform/emlib/src/em_core.o
                0x0800906c                CORE_ExitAtomic
 .text.SystemCoreClockUpdate
                0x08009082        0xa ./gecko_sdk_4.2.1/platform/emlib/src/em_emu.o
 .text.BUS_RegBitRead
                0x0800908c       0x1a ./gecko_sdk_4.2.1/platform/emlib/src/em_emu.o
 .text.vScaleEM01Cmd
                0x080090a6       0x1c ./gecko_sdk_4.2.1/platform/emlib/src/em_emu.o
 .text.EMU_EFPEM23PresleepHook
                0x080090c2        0x4 ./gecko_sdk_4.2.1/platform/emlib/src/em_emu.o
                0x080090c2                EMU_EFPEM23PresleepHook
 .text.EMU_EFPEM23PostsleepHook
                0x080090c6        0x4 ./gecko_sdk_4.2.1/platform/emlib/src/em_emu.o
                0x080090c6                EMU_EFPEM23PostsleepHook
 .text.EMU_Save
                0x080090ca        0x4 ./gecko_sdk_4.2.1/platform/emlib/src/em_emu.o
                0x080090ca                EMU_Save
 .text.EMU_Restore
                0x080090ce        0x4 ./gecko_sdk_4.2.1/platform/emlib/src/em_emu.o
                0x080090ce                EMU_Restore
 .text.EMU_EFPEM01VScale
                0x080090d2        0xe ./gecko_sdk_4.2.1/platform/emlib/src/em_emu.o
                0x080090d2                EMU_EFPEM01VScale
 .text.EMU_DCDCUpdatedHook
                0x080090e0        0x4 ./gecko_sdk_4.2.1/platform/emlib/src/em_emu.o
                0x080090e0                EMU_DCDCUpdatedHook
 .text.BUS_RegMaskedWrite
                0x080090e4       0x34 ./gecko_sdk_4.2.1/platform/emlib/src/em_gpio.o
 .text.I2C_IntClear
                0x08009118       0x18 ./gecko_sdk_4.2.1/platform/emlib/src/em_i2c.o
 .text.BUS_RegMaskedWrite
                0x08009130       0x34 ./gecko_sdk_4.2.1/platform/emlib/src/em_i2c.o
 .text.flushRx  0x08009164       0x28 ./gecko_sdk_4.2.1/platform/emlib/src/em_i2c.o
 .text.BUS_RegMaskedClear
                0x0800918c       0x1a ./gecko_sdk_4.2.1/platform/emlib/src/em_ldma.o
 .text.TIMER_SyncWait
                0x080091a6       0x24 ./gecko_sdk_4.2.1/platform/emlib/src/em_timer.o
                0x080091a6                TIMER_SyncWait
 .text.USART_Tx
                0x080091ca       0x26 ./gecko_sdk_4.2.1/platform/emlib/src/em_usart.o
                0x080091ca                USART_Tx
 .text.sl_device_init_nvic
                0x080091f0       0x38 ./gecko_sdk_4.2.1/platform/service/device_init/src/sl_device_init_nvic.o
                0x080091f0                sl_device_init_nvic
 .text.sl_hfxo_manager_init_hardware
                0x08009228        0xa ./gecko_sdk_4.2.1/platform/service/hfxo_manager/src/sl_hfxo_manager.o
                0x08009228                sl_hfxo_manager_init_hardware
 .text.HFXO0_IRQHandler
                0x08009232        0xa ./gecko_sdk_4.2.1/platform/service/hfxo_manager/src/sl_hfxo_manager_hal_s2.o
                0x08009232                HFXO0_IRQHandler
 .text.sl_iostream_write
                0x0800923c       0x40 ./gecko_sdk_4.2.1/platform/service/iostream/src/sl_iostream.o
                0x0800923c                sl_iostream_write
 .text.sl_iostream_read
                0x0800927c       0x50 ./gecko_sdk_4.2.1/platform/service/iostream/src/sl_iostream.o
                0x0800927c                sl_iostream_read
 .text.sl_iostream_vprintf
                0x080092cc       0x64 ./gecko_sdk_4.2.1/platform/service/iostream/src/sl_iostream.o
                0x080092cc                sl_iostream_vprintf
 .text.sl_iostream_printf
                0x08009330       0x26 ./gecko_sdk_4.2.1/platform/service/iostream/src/sl_iostream.o
                0x08009330                sl_iostream_printf
 .text._close   0x08009356        0xc ./gecko_sdk_4.2.1/platform/service/iostream/src/sl_iostream_retarget_stdio.o
                0x08009356                _close
 .text._exit    0x08009362        0x6 ./gecko_sdk_4.2.1/platform/service/iostream/src/sl_iostream_retarget_stdio.o
                0x08009362                _exit
 .text._fstat   0x08009368       0x16 ./gecko_sdk_4.2.1/platform/service/iostream/src/sl_iostream_retarget_stdio.o
                0x08009368                _fstat
 .text._isatty  0x0800937e        0xc ./gecko_sdk_4.2.1/platform/service/iostream/src/sl_iostream_retarget_stdio.o
                0x0800937e                _isatty
 .text._lseek   0x0800938a       0x10 ./gecko_sdk_4.2.1/platform/service/iostream/src/sl_iostream_retarget_stdio.o
                0x0800938a                _lseek
 .text._read    0x0800939a       0x30 ./gecko_sdk_4.2.1/platform/service/iostream/src/sl_iostream_retarget_stdio.o
                0x0800939a                _read
 .text.sl_power_manager_add_em_requirement
                0x080093ca       0x2a ./gecko_sdk_4.2.1/platform/service/iostream/src/sl_iostream_uart.o
 .text.sl_power_manager_remove_em_requirement
                0x080093f4       0x2a ./gecko_sdk_4.2.1/platform/service/iostream/src/sl_iostream_uart.o
 .text.sleep_on_isr_exit
                0x0800941e       0x60 ./gecko_sdk_4.2.1/platform/service/iostream/src/sl_iostream_uart.o
 .text.set_auto_cr_lf
                0x0800947e       0x1e ./gecko_sdk_4.2.1/platform/service/iostream/src/sl_iostream_uart.o
 .text.get_auto_cr_lf
                0x0800949c       0x1c ./gecko_sdk_4.2.1/platform/service/iostream/src/sl_iostream_uart.o
 .text.set_rx_energy_mode_restriction
                0x080094b8       0x78 ./gecko_sdk_4.2.1/platform/service/iostream/src/sl_iostream_uart.o
 .text.get_rx_energy_mode_restriction
                0x08009530       0x1c ./gecko_sdk_4.2.1/platform/service/iostream/src/sl_iostream_uart.o
 .text.nolock_uart_write
                0x0800954c       0xf6 ./gecko_sdk_4.2.1/platform/service/iostream/src/sl_iostream_uart.o
 .text.uart_write
                0x08009642       0x1e ./gecko_sdk_4.2.1/platform/service/iostream/src/sl_iostream_uart.o
 .text.uart_read
                0x08009660       0x42 ./gecko_sdk_4.2.1/platform/service/iostream/src/sl_iostream_uart.o
 .text.USART_IntClear
                0x080096a2       0x18 ./gecko_sdk_4.2.1/platform/service/iostream/src/sl_iostream_usart.o
 .text.USART_IntDisable
                0x080096ba       0x1a ./gecko_sdk_4.2.1/platform/service/iostream/src/sl_iostream_usart.o
 .text.USART_IntEnable
                0x080096d4       0x18 ./gecko_sdk_4.2.1/platform/service/iostream/src/sl_iostream_usart.o
 .text.USART_StatusGet
                0x080096ec        0xe ./gecko_sdk_4.2.1/platform/service/iostream/src/sl_iostream_usart.o
 .text.usart_tx
                0x080096fa       0x2a ./gecko_sdk_4.2.1/platform/service/iostream/src/sl_iostream_usart.o
 .text.usart_set_next_byte_detect
                0x08009724       0x3a ./gecko_sdk_4.2.1/platform/service/iostream/src/sl_iostream_usart.o
 .text.usart_tx_completed
                0x0800975e       0x46 ./gecko_sdk_4.2.1/platform/service/iostream/src/sl_iostream_usart.o
 .text.usart_deinit
                0x080097a4       0xb6 ./gecko_sdk_4.2.1/platform/service/iostream/src/sl_iostream_usart.o
 .text.sli_power_manager_initiate_restore
                0x0800985a       0x1c ./gecko_sdk_4.2.1/platform/service/power_manager/src/sl_power_manager.o
                0x0800985a                sli_power_manager_initiate_restore
 .text.enter_critical_with_primask
                0x08009876       0x18 ./gecko_sdk_4.2.1/platform/service/power_manager/src/sl_power_manager.o
 .text.exit_critical_with_primask
                0x0800988e       0x14 ./gecko_sdk_4.2.1/platform/service/power_manager/src/sl_power_manager.o
 .text.SystemCoreClockUpdate
                0x080098a2        0xa ./gecko_sdk_4.2.1/platform/service/power_manager/src/sl_power_manager_hal_s2.o
 .text.sli_power_manager_save_states
                0x080098ac        0xa ./gecko_sdk_4.2.1/platform/service/power_manager/src/sl_power_manager_hal_s2.o
                0x080098ac                sli_power_manager_save_states
 .text.sli_power_manager_get_default_high_frequency_minimum_offtime
                0x080098b6       0x10 ./gecko_sdk_4.2.1/platform/service/power_manager/src/sl_power_manager_hal_s2.o
                0x080098b6                sli_power_manager_get_default_high_frequency_minimum_offtime
 .text.sli_power_manager_low_frequency_restore
                0x080098c6        0x4 ./gecko_sdk_4.2.1/platform/service/power_manager/src/sl_power_manager_hal_s2.o
                0x080098c6                sli_power_manager_low_frequency_restore
 .text.sl_sleeptimer_restart_timer
                0x080098ca       0x4e ./gecko_sdk_4.2.1/platform/service/sleeptimer/src/sl_sleeptimer.o
                0x080098ca                sl_sleeptimer_restart_timer
 .text.sl_sleeptimer_get_tick_count
                0x08009918       0x20 ./gecko_sdk_4.2.1/platform/service/sleeptimer/src/sl_sleeptimer.o
                0x08009918                sl_sleeptimer_get_tick_count
 .text.sleeptimer_hal_init_timer
                0x08009938       0x76 ./gecko_sdk_4.2.1/platform/service/sleeptimer/src/sl_sleeptimer_hal_sysrtc.o
                0x08009938                sleeptimer_hal_init_timer
 .text.sleeptimer_hal_get_counter
                0x080099ae        0xc ./gecko_sdk_4.2.1/platform/service/sleeptimer/src/sl_sleeptimer_hal_sysrtc.o
                0x080099ae                sleeptimer_hal_get_counter
 .text.sleeptimer_hal_get_compare
                0x080099ba       0x10 ./gecko_sdk_4.2.1/platform/service/sleeptimer/src/sl_sleeptimer_hal_sysrtc.o
                0x080099ba                sleeptimer_hal_get_compare
 .text.sleeptimer_hal_enable_int
                0x080099ca       0x46 ./gecko_sdk_4.2.1/platform/service/sleeptimer/src/sl_sleeptimer_hal_sysrtc.o
                0x080099ca                sleeptimer_hal_enable_int
 .text.sli_sleeptimer_hal_is_int_status_set
                0x08009a10       0x5a ./gecko_sdk_4.2.1/platform/service/sleeptimer/src/sl_sleeptimer_hal_sysrtc.o
                0x08009a10                sli_sleeptimer_hal_is_int_status_set
 .text.SYSRTC_APP_IRQHandler
                0x08009a6a       0x6a ./gecko_sdk_4.2.1/platform/service/sleeptimer/src/sl_sleeptimer_hal_sysrtc.o
                0x08009a6a                SYSRTC_APP_IRQHandler
 .text.sleeptimer_hal_get_timer_frequency
                0x08009ad4        0xe ./gecko_sdk_4.2.1/platform/service/sleeptimer/src/sl_sleeptimer_hal_sysrtc.o
                0x08009ad4                sleeptimer_hal_get_timer_frequency
 .text.get_time_diff
                0x08009ae2       0x12 ./gecko_sdk_4.2.1/platform/service/sleeptimer/src/sl_sleeptimer_hal_sysrtc.o
 .text.sl_system_init
                0x08009af4       0x1a ./gecko_sdk_4.2.1/platform/service/system/src/sl_system_init.o
                0x08009af4                sl_system_init
 .text.sl_system_process_action
                0x08009b0e       0x16 ./gecko_sdk_4.2.1/platform/service/system/src/sl_system_process_action.o
                0x08009b0e                sl_system_process_action
 .text.init_GPIO
                0x08009b24       0x70 ./src/GPIO.o
                0x08009b24                init_GPIO
 .text.adxl_init
                0x08009b94       0x1e ./src/adxl343.o
                0x08009b94                adxl_init
 .text.adxl_config
                0x08009bb2       0x9c ./src/adxl343.o
                0x08009bb2                adxl_config
 .text.adxl_read
                0x08009c4e       0xc0 ./src/adxl343.o
                0x08009c4e                adxl_read
 .text.adxl_write
                0x08009d0e       0x72 ./src/adxl343.o
                0x08009d0e                adxl_write
 .text.adxl_getAccelVals
                0x08009d80       0x86 ./src/adxl343.o
                0x08009d80                adxl_getAccelVals
 .text.TIMER_IntClear
                0x08009e06       0x18 ./src/irq.o
 .text.TIMER_IntGet
                0x08009e1e        0xe ./src/irq.o
 .text.loggerGetTimestamp
                0x08009e2c        0x6 ./src/log.o
                0x08009e2c                loggerGetTimestamp
 .text.TIMER_IntClear
                0x08009e32       0x18 ./src/timers.o
 .text.TIMER_IntEnable
                0x08009e4a       0x18 ./src/timers.o
 .text.memcpy   0x08009e62       0x1a c:/siliconlabs/simplicitystudio/v5/developer/toolchains/gnu_arm/10.3_2021.10/bin/../lib/gcc/arm-none-eabi/10.3.1/../../../../arm-none-eabi/lib/thumb/v8-m.main+fp/hard\libc_nano.a(lib_a-memcpy-stub.o)
                0x08009e62                memcpy
 .text.memset   0x08009e7c       0x10 c:/siliconlabs/simplicitystudio/v5/developer/toolchains/gnu_arm/10.3_2021.10/bin/../lib/gcc/arm-none-eabi/10.3.1/../../../../arm-none-eabi/lib/thumb/v8-m.main+fp/hard\libc_nano.a(lib_a-memset.o)
                0x08009e7c                memset
 .text.__sfmoreglue
                0x08009e8c       0x2c c:/siliconlabs/simplicitystudio/v5/developer/toolchains/gnu_arm/10.3_2021.10/bin/../lib/gcc/arm-none-eabi/10.3.1/../../../../arm-none-eabi/lib/thumb/v8-m.main+fp/hard\libc_nano.a(lib_a-findfp.o)
                0x08009e8c                __sfmoreglue
 .text._fwalk_reent
                0x08009eb8       0x3e c:/siliconlabs/simplicitystudio/v5/developer/toolchains/gnu_arm/10.3_2021.10/bin/../lib/gcc/arm-none-eabi/10.3.1/../../../../arm-none-eabi/lib/thumb/v8-m.main+fp/hard\libc_nano.a(lib_a-fwalk.o)
                0x08009eb8                _fwalk_reent
 .text.__retarget_lock_init_recursive
                0x08009ef6        0x2 c:/siliconlabs/simplicitystudio/v5/developer/toolchains/gnu_arm/10.3_2021.10/bin/../lib/gcc/arm-none-eabi/10.3.1/../../../../arm-none-eabi/lib/thumb/v8-m.main+fp/hard\libc_nano.a(lib_a-lock.o)
                0x08009ef6                __retarget_lock_init_recursive
 .text.__retarget_lock_acquire_recursive
                0x08009ef8        0x2 c:/siliconlabs/simplicitystudio/v5/developer/toolchains/gnu_arm/10.3_2021.10/bin/../lib/gcc/arm-none-eabi/10.3.1/../../../../arm-none-eabi/lib/thumb/v8-m.main+fp/hard\libc_nano.a(lib_a-lock.o)
                0x08009ef8                __retarget_lock_acquire_recursive
 .text.__retarget_lock_release_recursive
                0x08009efa        0x2 c:/siliconlabs/simplicitystudio/v5/developer/toolchains/gnu_arm/10.3_2021.10/bin/../lib/gcc/arm-none-eabi/10.3.1/../../../../arm-none-eabi/lib/thumb/v8-m.main+fp/hard\libc_nano.a(lib_a-lock.o)
                0x08009efa                __retarget_lock_release_recursive
 .text.__swhatbuf_r
                0x08009efc       0x4a c:/siliconlabs/simplicitystudio/v5/developer/toolchains/gnu_arm/10.3_2021.10/bin/../lib/gcc/arm-none-eabi/10.3.1/../../../../arm-none-eabi/lib/thumb/v8-m.main+fp/hard\libc_nano.a(lib_a-makebuf.o)
                0x08009efc                __swhatbuf_r
 .text.__sfputc_r
                0x08009f46       0x2e c:/siliconlabs/simplicitystudio/v5/developer/toolchains/gnu_arm/10.3_2021.10/bin/../lib/gcc/arm-none-eabi/10.3.1/../../../../arm-none-eabi/lib/thumb/v8-m.main+fp/hard\libc_nano.a(lib_a-nano-vfprintf.o)
 .text.__sfputs_r
                0x08009f74       0x24 c:/siliconlabs/simplicitystudio/v5/developer/toolchains/gnu_arm/10.3_2021.10/bin/../lib/gcc/arm-none-eabi/10.3.1/../../../../arm-none-eabi/lib/thumb/v8-m.main+fp/hard\libc_nano.a(lib_a-nano-vfprintf.o)
                0x08009f74                __sfputs_r
 .text._printf_common
                0x08009f98       0xe0 c:/siliconlabs/simplicitystudio/v5/developer/toolchains/gnu_arm/10.3_2021.10/bin/../lib/gcc/arm-none-eabi/10.3.1/../../../../arm-none-eabi/lib/thumb/v8-m.main+fp/hard\libc_nano.a(lib_a-nano-vfprintf_i.o)
                0x08009f98                _printf_common
 .text.__sread  0x0800a078       0x22 c:/siliconlabs/simplicitystudio/v5/developer/toolchains/gnu_arm/10.3_2021.10/bin/../lib/gcc/arm-none-eabi/10.3.1/../../../../arm-none-eabi/lib/thumb/v8-m.main+fp/hard\libc_nano.a(lib_a-stdio.o)
                0x0800a078                __sread
 .text.__swrite
                0x0800a09a       0x38 c:/siliconlabs/simplicitystudio/v5/developer/toolchains/gnu_arm/10.3_2021.10/bin/../lib/gcc/arm-none-eabi/10.3.1/../../../../arm-none-eabi/lib/thumb/v8-m.main+fp/hard\libc_nano.a(lib_a-stdio.o)
                0x0800a09a                __swrite
 .text.__sseek  0x0800a0d2       0x24 c:/siliconlabs/simplicitystudio/v5/developer/toolchains/gnu_arm/10.3_2021.10/bin/../lib/gcc/arm-none-eabi/10.3.1/../../../../arm-none-eabi/lib/thumb/v8-m.main+fp/hard\libc_nano.a(lib_a-stdio.o)
                0x0800a0d2                __sseek
 .text.__sclose
                0x0800a0f6        0x8 c:/siliconlabs/simplicitystudio/v5/developer/toolchains/gnu_arm/10.3_2021.10/bin/../lib/gcc/arm-none-eabi/10.3.1/../../../../arm-none-eabi/lib/thumb/v8-m.main+fp/hard\libc_nano.a(lib_a-stdio.o)
                0x0800a0f6                __sclose
 .text.memchr   0x0800a0fe       0x1c c:/siliconlabs/simplicitystudio/v5/developer/toolchains/gnu_arm/10.3_2021.10/bin/../lib/gcc/arm-none-eabi/10.3.1/../../../../arm-none-eabi/lib/thumb/v8-m.main+fp/hard\libc_nano.a(lib_a-memchr-stub.o)
                0x0800a0fe                memchr
                0x0800a11a                linker_code_end = .
 *(.init)
 *fill*         0x0800a11a        0x2 
 .init          0x0800a11c        0x4 c:/siliconlabs/simplicitystudio/v5/developer/toolchains/gnu_arm/10.3_2021.10/bin/../lib/gcc/arm-none-eabi/10.3.1/thumb/v8-m.main+fp/hard/crti.o
                0x0800a11c                _init
 .init          0x0800a120        0x8 c:/siliconlabs/simplicitystudio/v5/developer/toolchains/gnu_arm/10.3_2021.10/bin/../lib/gcc/arm-none-eabi/10.3.1/thumb/v8-m.main+fp/hard/crtn.o
 *(.fini)
 .fini          0x0800a128        0x4 c:/siliconlabs/simplicitystudio/v5/developer/toolchains/gnu_arm/10.3_2021.10/bin/../lib/gcc/arm-none-eabi/10.3.1/thumb/v8-m.main+fp/hard/crti.o
                0x0800a128                _fini
 .fini          0x0800a12c        0x8 c:/siliconlabs/simplicitystudio/v5/developer/toolchains/gnu_arm/10.3_2021.10/bin/../lib/gcc/arm-none-eabi/10.3.1/thumb/v8-m.main+fp/hard/crtn.o
 *crtbegin.o(.ctors)
 *crtbegin?.o(.ctors)
 *(EXCLUDE_FILE(*crtend.o *crtend?.o) .ctors)
 *(SORT_BY_NAME(.ctors.*))
 *(.ctors)
 *crtbegin.o(.dtors)
 *crtbegin?.o(.dtors)
 *(EXCLUDE_FILE(*crtend.o *crtend?.o) .dtors)
 *(SORT_BY_NAME(.dtors.*))
 *(.dtors)
 *(.rodata*)
 .rodata        0x0800a134       0xb8 ./app.o
 .rodata.__func__.0
                0x0800a1ec       0x13 ./app.o
 *fill*         0x0800a1ff        0x1 
 .rodata        0x0800a200       0xa8 ./autogen/sl_iostream_init_usart_instances.o
 .rodata        0x0800a2a8       0x4e ./gecko_sdk_4.2.1/platform/common/src/sl_slist.o
 *fill*         0x0800a2f6        0x2 
 .rodata        0x0800a2f8        0x4 ./gecko_sdk_4.2.1/platform/emdrv/dmadrv/src/dmadrv.o
 .rodata        0x0800a2fc       0x97 ./gecko_sdk_4.2.1/platform/emlib/src/em_cmu.o
 *fill*         0x0800a393        0x1 
 .rodata        0x0800a394       0x4b ./gecko_sdk_4.2.1/platform/emlib/src/em_emu.o
 *fill*         0x0800a3df        0x1 
 .rodata        0x0800a3e0       0xe4 ./gecko_sdk_4.2.1/platform/emlib/src/em_gpio.o
 .rodata        0x0800a4c4       0x97 ./gecko_sdk_4.2.1/platform/emlib/src/em_i2c.o
 *fill*         0x0800a55b        0x1 
 .rodata.i2cNSum
                0x0800a55c        0x4 ./gecko_sdk_4.2.1/platform/emlib/src/em_i2c.o
 .rodata        0x0800a560       0x7c ./gecko_sdk_4.2.1/platform/emlib/src/em_ldma.o
 .rodata        0x0800a5dc       0x9d ./gecko_sdk_4.2.1/platform/emlib/src/em_timer.o
 *fill*         0x0800a679        0x3 
 .rodata        0x0800a67c       0x31 ./gecko_sdk_4.2.1/platform/emlib/src/em_usart.o
 *fill*         0x0800a6ad        0x3 
 .rodata        0x0800a6b0       0x5b ./gecko_sdk_4.2.1/platform/peripheral/src/peripheral_sysrtc.o
 *fill*         0x0800a70b        0x1 
 .rodata        0x0800a70c        0x7 ./gecko_sdk_4.2.1/platform/service/device_init/src/sl_device_init_dcdc_s2.o
 *fill*         0x0800a713        0x1 
 .rodata        0x0800a714       0x28 ./gecko_sdk_4.2.1/platform/service/device_init/src/sl_device_init_hfxo_s2.o
 .rodata        0x0800a73c       0x14 ./gecko_sdk_4.2.1/platform/service/device_init/src/sl_device_init_lfxo_s2.o
 .rodata        0x0800a750       0x4e ./gecko_sdk_4.2.1/platform/service/iostream/src/sl_iostream_retarget_stdio.o
 *fill*         0x0800a79e        0x2 
 .rodata        0x0800a7a0       0x44 ./gecko_sdk_4.2.1/platform/service/iostream/src/sl_iostream_uart.o
 .rodata        0x0800a7e4       0x65 ./gecko_sdk_4.2.1/platform/service/power_manager/src/sl_power_manager.o
 *fill*         0x0800a849        0x3 
 .rodata        0x0800a84c       0x6c ./gecko_sdk_4.2.1/platform/service/power_manager/src/sl_power_manager_hal_s2.o
 .rodata        0x0800a8b8       0x5f ./gecko_sdk_4.2.1/platform/service/sleeptimer/src/sl_sleeptimer.o
 *fill*         0x0800a917        0x1 
 .rodata        0x0800a918       0x10 ./src/I2C.o
 .rodata        0x0800a928       0x4d ./src/timers.o
 *fill*         0x0800a975        0x3 
 .rodata._global_impure_ptr
                0x0800a978        0x4 c:/siliconlabs/simplicitystudio/v5/developer/toolchains/gnu_arm/10.3_2021.10/bin/../lib/gcc/arm-none-eabi/10.3.1/../../../../arm-none-eabi/lib/thumb/v8-m.main+fp/hard\libc_nano.a(lib_a-impure.o)
                0x0800a978                _global_impure_ptr
 .rodata.__sf_fake_stderr
                0x0800a97c       0x20 c:/siliconlabs/simplicitystudio/v5/developer/toolchains/gnu_arm/10.3_2021.10/bin/../lib/gcc/arm-none-eabi/10.3.1/../../../../arm-none-eabi/lib/thumb/v8-m.main+fp/hard\libc_nano.a(lib_a-findfp.o)
                0x0800a97c                __sf_fake_stderr
 .rodata.__sf_fake_stdin
                0x0800a99c       0x20 c:/siliconlabs/simplicitystudio/v5/developer/toolchains/gnu_arm/10.3_2021.10/bin/../lib/gcc/arm-none-eabi/10.3.1/../../../../arm-none-eabi/lib/thumb/v8-m.main+fp/hard\libc_nano.a(lib_a-findfp.o)
                0x0800a99c                __sf_fake_stdin
 .rodata.__sf_fake_stdout
                0x0800a9bc       0x20 c:/siliconlabs/simplicitystudio/v5/developer/toolchains/gnu_arm/10.3_2021.10/bin/../lib/gcc/arm-none-eabi/10.3.1/../../../../arm-none-eabi/lib/thumb/v8-m.main+fp/hard\libc_nano.a(lib_a-findfp.o)
                0x0800a9bc                __sf_fake_stdout
 .rodata._vfprintf_r.str1.1
                0x0800a9dc       0x11 c:/siliconlabs/simplicitystudio/v5/developer/toolchains/gnu_arm/10.3_2021.10/bin/../lib/gcc/arm-none-eabi/10.3.1/../../../../arm-none-eabi/lib/thumb/v8-m.main+fp/hard\libc_nano.a(lib_a-nano-vfprintf.o)
 .rodata._printf_i.str1.1
                0x0800a9ed       0x22 c:/siliconlabs/simplicitystudio/v5/developer/toolchains/gnu_arm/10.3_2021.10/bin/../lib/gcc/arm-none-eabi/10.3.1/../../../../arm-none-eabi/lib/thumb/v8-m.main+fp/hard\libc_nano.a(lib_a-nano-vfprintf_i.o)
 *(.eh_frame*)
 *fill*         0x0800aa0f        0x1 
 .eh_frame      0x0800aa10        0x0 c:/siliconlabs/simplicitystudio/v5/developer/toolchains/gnu_arm/10.3_2021.10/bin/../lib/gcc/arm-none-eabi/10.3.1/thumb/v8-m.main+fp/hard/crtbegin.o

.glue_7         0x0800aa10        0x0
 .glue_7        0x0800aa10        0x0 linker stubs

.glue_7t        0x0800aa10        0x0
 .glue_7t       0x0800aa10        0x0 linker stubs

.vfp11_veneer   0x0800aa10        0x0
 .vfp11_veneer  0x0800aa10        0x0 linker stubs

.v4_bx          0x0800aa10        0x0
 .v4_bx         0x0800aa10        0x0 linker stubs

.iplt           0x0800aa10        0x0
 .iplt          0x0800aa10        0x0 c:/siliconlabs/simplicitystudio/v5/developer/toolchains/gnu_arm/10.3_2021.10/bin/../lib/gcc/arm-none-eabi/10.3.1/thumb/v8-m.main+fp/hard/crtbegin.o

.ARM.extab
 *(.ARM.extab* .gnu.linkonce.armextab.*)
                0x0800aa10                __exidx_start = .

.ARM.exidx      0x0800aa10        0x8
 *(.ARM.exidx* .gnu.linkonce.armexidx.*)
 .ARM.exidx     0x0800aa10        0x8 c:/siliconlabs/simplicitystudio/v5/developer/toolchains/gnu_arm/10.3_2021.10/bin/../lib/gcc/arm-none-eabi/10.3.1/../../../../arm-none-eabi/lib/thumb/v8-m.main+fp/hard/crt0.o
                                 0x10 (size before relaxing)
 .ARM.exidx     0x0800aa18        0x0 c:/siliconlabs/simplicitystudio/v5/developer/toolchains/gnu_arm/10.3_2021.10/bin/../lib/gcc/arm-none-eabi/10.3.1/thumb/v8-m.main+fp/hard\libgcc.a(_udivmoddi4.o)
                                  0x8 (size before relaxing)
                0x0800aa18                __exidx_end = .

.rel.dyn        0x0800aa18        0x0
 .rel.iplt      0x0800aa18        0x0 c:/siliconlabs/simplicitystudio/v5/developer/toolchains/gnu_arm/10.3_2021.10/bin/../lib/gcc/arm-none-eabi/10.3.1/thumb/v8-m.main+fp/hard/crtbegin.o

.copy.table     0x0800aa18        0xc
                0x0800aa18                . = ALIGN (0x4)
                0x0800aa18                __copy_table_start__ = .
                0x0800aa18        0x4 LONG 0x800aa24 __etext
                0x0800aa1c        0x4 LONG 0x20001000 __data_start__
                0x0800aa20        0x4 LONG 0x25 ((__data_end__ - __data_start__) / 0x4)
                0x0800aa24                __copy_table_end__ = .

.zero.table     0x0800aa24        0x0
                0x0800aa24                . = ALIGN (0x4)
                0x0800aa24                __zero_table_start__ = .
                0x0800aa24                __zero_table_end__ = .
                0x0800aa24                __etext = .
                0x20000000                . = ORIGIN (RAM)

.stack          0x20000000     0x1000
                0x20000000                __StackLimit = .
 *(.stack*)
 .stack         0x20000000     0x1000 ./gecko_sdk_4.2.1/platform/common/toolchain/src/sl_memory.o
                0x20001000                . = ALIGN (0x4)
                0x20001000                __StackTop = .
                0x20001000                PROVIDE (__stack = __StackTop)

.noinit
 *(.noinit*)

.data           0x20001000       0x94 load address 0x0800aa24
                0x20001000                . = ALIGN (0x4)
                0x20001000                __data_start__ = .
 *(vtable)
 *(SORT_BY_ALIGNMENT(.data*))
 .data.events_info
                0x20001000        0x8 ./autogen/sl_iostream_init_usart_instances.o
 .data.sl_iostream_vcom_handle
                0x20001008        0x4 ./autogen/sl_iostream_init_usart_instances.o
                0x20001008                sl_iostream_vcom_handle
 .data.SystemHFXOClock
                0x2000100c        0x4 ./gecko_sdk_4.2.1/platform/Device/SiliconLabs/EFR32MG24/Source/system_efr32mg24.o
 .data.SystemLFXOClock
                0x20001010        0x4 ./gecko_sdk_4.2.1/platform/Device/SiliconLabs/EFR32MG24/Source/system_efr32mg24.o
 .data.SystemHFRCODPLLClock
                0x20001014        0x4 ./gecko_sdk_4.2.1/platform/Device/SiliconLabs/EFR32MG24/Source/system_efr32mg24.o
 .data.SystemCoreClock
                0x20001018        0x4 ./gecko_sdk_4.2.1/platform/Device/SiliconLabs/EFR32MG24/Source/system_efr32mg24.o
                0x20001018                SystemCoreClock
 .data.heap_end.0
                0x2000101c        0x4 ./gecko_sdk_4.2.1/platform/common/toolchain/src/sl_memory.o
 .data._impure_ptr
                0x20001020        0x4 c:/siliconlabs/simplicitystudio/v5/developer/toolchains/gnu_arm/10.3_2021.10/bin/../lib/gcc/arm-none-eabi/10.3.1/../../../../arm-none-eabi/lib/thumb/v8-m.main+fp/hard\libc_nano.a(lib_a-impure.o)
                0x20001020                _impure_ptr
 .data.impure_data
                0x20001024       0x60 c:/siliconlabs/simplicitystudio/v5/developer/toolchains/gnu_arm/10.3_2021.10/bin/../lib/gcc/arm-none-eabi/10.3.1/../../../../arm-none-eabi/lib/thumb/v8-m.main+fp/hard\libc_nano.a(lib_a-impure.o)
 .data.lfxo_precision
                0x20001084        0x2 ./gecko_sdk_4.2.1/platform/emlib/src/em_cmu.o
 .data.level_filter_enabled
                0x20001086        0x1 ./gecko_sdk_4.2.1/app/common/util/app_log/app_log.o
 .data.level_filter_threshold
                0x20001087        0x1 ./gecko_sdk_4.2.1/app/common/util/app_log/app_log.o
 .data.level_mask
                0x20001088        0x1 ./gecko_sdk_4.2.1/app/common/util/app_log/app_log.o
 .data.ctuneDelta
                0x20001089        0x1 ./gecko_sdk_4.2.1/platform/emlib/src/em_cmu.o
 .data.is_fast_wakeup_enabled
                0x2000108a        0x1 ./gecko_sdk_4.2.1/platform/service/power_manager/src/sl_power_manager_hal_s2.o
 .data.cc_disabled
                0x2000108b        0x1 ./gecko_sdk_4.2.1/platform/service/sleeptimer/src/sl_sleeptimer_hal_sysrtc.o
                0x2000108c                . = ALIGN (0x4)
                [!provide]                PROVIDE (__ram_func_section_start = .)
 *(.ram)
                [!provide]                PROVIDE (__ram_func_section_end = .)
                0x2000108c                . = ALIGN (0x4)
                0x2000108c                PROVIDE (__preinit_array_start = .)
 *(.preinit_array)
                0x2000108c                PROVIDE (__preinit_array_end = .)
                0x2000108c                . = ALIGN (0x4)
                0x2000108c                PROVIDE (__init_array_start = .)
 *(SORT_BY_NAME(.init_array.*))
 *(.init_array)
 .init_array    0x2000108c        0x4 c:/siliconlabs/simplicitystudio/v5/developer/toolchains/gnu_arm/10.3_2021.10/bin/../lib/gcc/arm-none-eabi/10.3.1/thumb/v8-m.main+fp/hard/crtbegin.o
                0x20001090                PROVIDE (__init_array_end = .)
                0x20001090                . = ALIGN (0x4)
                [!provide]                PROVIDE (__fini_array_start = .)