Archive member included to satisfy reference by file (symbol)

c:/siliconlabs/simplicitystudio/v5/developer/toolchains/gnu_arm/10.3_2021.10/bin/../lib/gcc/arm-none-eabi/10.3.1/thumb/v8-m.main+fp/hard\libgcc.a(_arm_muldf3.o)
                              ./src/sam-m8q.o (__aeabi_dmul)
c:/siliconlabs/simplicitystudio/v5/developer/toolchains/gnu_arm/10.3_2021.10/bin/../lib/gcc/arm-none-eabi/10.3.1/thumb/v8-m.main+fp/hard\libgcc.a(_arm_addsubdf3.o)
                              ./src/adxl343.o (__aeabi_i2d)
c:/siliconlabs/simplicitystudio/v5/developer/toolchains/gnu_arm/10.3_2021.10/bin/../lib/gcc/arm-none-eabi/10.3.1/thumb/v8-m.main+fp/hard\libgcc.a(_arm_muldivdf3.o)
                              ./src/adxl343.o (__aeabi_ddiv)
c:/siliconlabs/simplicitystudio/v5/developer/toolchains/gnu_arm/10.3_2021.10/bin/../lib/gcc/arm-none-eabi/10.3.1/thumb/v8-m.main+fp/hard\libgcc.a(_arm_fixdfsi.o)
                              ./src/adxl343.o (__aeabi_d2iz)
c:/siliconlabs/simplicitystudio/v5/developer/toolchains/gnu_arm/10.3_2021.10/bin/../lib/gcc/arm-none-eabi/10.3.1/thumb/v8-m.main+fp/hard\libgcc.a(_arm_truncdfsf2.o)
                              ./src/sam-m8q.o (__aeabi_d2f)
c:/siliconlabs/simplicitystudio/v5/developer/toolchains/gnu_arm/10.3_2021.10/bin/../lib/gcc/arm-none-eabi/10.3.1/thumb/v8-m.main+fp/hard\libgcc.a(_aeabi_uldivmod.o)
                              ./gecko_sdk_4.2.2/platform/emlib/src/em_eusart.o (__aeabi_uldivmod)
c:/siliconlabs/simplicitystudio/v5/developer/toolchains/gnu_arm/10.3_2021.10/bin/../lib/gcc/arm-none-eabi/10.3.1/thumb/v8-m.main+fp/hard\libgcc.a(_udivmoddi4.o)
                              c:/siliconlabs/simplicitystudio/v5/developer/toolchains/gnu_arm/10.3_2021.10/bin/../lib/gcc/arm-none-eabi/10.3.1/thumb/v8-m.main+fp/hard\libgcc.a(_aeabi_uldivmod.o) (__udivmoddi4)
c:/siliconlabs/simplicitystudio/v5/developer/toolchains/gnu_arm/10.3_2021.10/bin/../lib/gcc/arm-none-eabi/10.3.1/thumb/v8-m.main+fp/hard\libgcc.a(_dvmd_tls.o)
                              c:/siliconlabs/simplicitystudio/v5/developer/toolchains/gnu_arm/10.3_2021.10/bin/../lib/gcc/arm-none-eabi/10.3.1/thumb/v8-m.main+fp/hard\libgcc.a(_aeabi_uldivmod.o) (__aeabi_ldiv0)
c:/siliconlabs/simplicitystudio/v5/developer/toolchains/gnu_arm/10.3_2021.10/bin/../lib/gcc/arm-none-eabi/10.3.1/../../../../arm-none-eabi/lib/thumb/v8-m.main+fp/hard\libc_nano.a(lib_a-abs.o)
                              ./src/adxl343.o (abs)
c:/siliconlabs/simplicitystudio/v5/developer/toolchains/gnu_arm/10.3_2021.10/bin/../lib/gcc/arm-none-eabi/10.3.1/../../../../arm-none-eabi/lib/thumb/v8-m.main+fp/hard\libc_nano.a(lib_a-ctype_.o)
                              ./gecko_sdk_4.2.2/platform/common/src/sl_string.o (_ctype_)
c:/siliconlabs/simplicitystudio/v5/developer/toolchains/gnu_arm/10.3_2021.10/bin/../lib/gcc/arm-none-eabi/10.3.1/../../../../arm-none-eabi/lib/thumb/v8-m.main+fp/hard\libc_nano.a(lib_a-exit.o)
                              c:/siliconlabs/simplicitystudio/v5/developer/toolchains/gnu_arm/10.3_2021.10/bin/../lib/gcc/arm-none-eabi/10.3.1/../../../../arm-none-eabi/lib/thumb/v8-m.main+fp/hard/crt0.o (exit)
c:/siliconlabs/simplicitystudio/v5/developer/toolchains/gnu_arm/10.3_2021.10/bin/../lib/gcc/arm-none-eabi/10.3.1/../../../../arm-none-eabi/lib/thumb/v8-m.main+fp/hard\libc_nano.a(lib_a-impure.o)
                              c:/siliconlabs/simplicitystudio/v5/developer/toolchains/gnu_arm/10.3_2021.10/bin/../lib/gcc/arm-none-eabi/10.3.1/../../../../arm-none-eabi/lib/thumb/v8-m.main+fp/hard\libc_nano.a(lib_a-exit.o) (_global_impure_ptr)
c:/siliconlabs/simplicitystudio/v5/developer/toolchains/gnu_arm/10.3_2021.10/bin/../lib/gcc/arm-none-eabi/10.3.1/../../../../arm-none-eabi/lib/thumb/v8-m.main+fp/hard\libc_nano.a(lib_a-init.o)
                              c:/siliconlabs/simplicitystudio/v5/developer/toolchains/gnu_arm/10.3_2021.10/bin/../lib/gcc/arm-none-eabi/10.3.1/../../../../arm-none-eabi/lib/thumb/v8-m.main+fp/hard/crt0.o (__libc_init_array)
c:/siliconlabs/simplicitystudio/v5/developer/toolchains/gnu_arm/10.3_2021.10/bin/../lib/gcc/arm-none-eabi/10.3.1/../../../../arm-none-eabi/lib/thumb/v8-m.main+fp/hard\libc_nano.a(lib_a-memcpy-stub.o)
                              ./gecko_sdk_4.2.2/platform/emdrv/uartdrv/src/uartdrv.o (memcpy)
c:/siliconlabs/simplicitystudio/v5/developer/toolchains/gnu_arm/10.3_2021.10/bin/../lib/gcc/arm-none-eabi/10.3.1/../../../../arm-none-eabi/lib/thumb/v8-m.main+fp/hard\libc_nano.a(lib_a-memset.o)
                              c:/siliconlabs/simplicitystudio/v5/developer/toolchains/gnu_arm/10.3_2021.10/bin/../lib/gcc/arm-none-eabi/10.3.1/../../../../arm-none-eabi/lib/thumb/v8-m.main+fp/hard/crt0.o (memset)
c:/siliconlabs/simplicitystudio/v5/developer/toolchains/gnu_arm/10.3_2021.10/bin/../lib/gcc/arm-none-eabi/10.3.1/../../../../arm-none-eabi/lib/thumb/v8-m.main+fp/hard\libc_nano.a(lib_a-nano-vfprintf_float.o)
                              (_printf_float)
[...]
Memory Configuration

Name             Origin             Length             Attributes
FLASH            0x08000000         0x0017e000         xr
RAM              0x20000000         0x00040000         xrw
*default*        0x00000000         0xffffffff

Linker script and memory map

LOAD c:/siliconlabs/simplicitystudio/v5/developer/toolchains/gnu_arm/10.3_2021.10/bin/../lib/gcc/arm-none-eabi/10.3.1/thumb/v8-m.main+fp/hard/crti.o
LOAD c:/siliconlabs/simplicitystudio/v5/developer/toolchains/gnu_arm/10.3_2021.10/bin/../lib/gcc/arm-none-eabi/10.3.1/thumb/v8-m.main+fp/hard/crtbegin.o
LOAD c:/siliconlabs/simplicitystudio/v5/developer/toolchains/gnu_arm/10.3_2021.10/bin/../lib/gcc/arm-none-eabi/10.3.1/../../../../arm-none-eabi/lib/thumb/v8-m.main+fp/hard/crt0.o
START GROUP
LOAD ./app.o
LOAD ./main.o
LOAD ./autogen/sl_board_default_init.o
LOAD ./autogen/sl_device_init_clocks.o
LOAD ./autogen/sl_event_handler.o
LOAD ./autogen/sl_iostream_handles.o
LOAD ./autogen/sl_iostream_init_usart_instances.o
LOAD ./autogen/sl_power_manager_handler.o
LOAD ./gecko_sdk_4.2.2/app/common/util/app_log/app_log.o
LOAD ./gecko_sdk_4.2.2/hardware/board/src/sl_board_control_gpio.o
LOAD ./gecko_sdk_4.2.2/hardware/board/src/sl_board_init.o
LOAD ./gecko_sdk_4.2.2/hardware/driver/configuration_over_swo/src/sl_cos.o
LOAD ./gecko_sdk_4.2.2/hardware/driver/mx25_flash_shutdown/src/sl_mx25_flash_shutdown_eusart/sl_mx25_flash_shutdown.o
LOAD ./gecko_sdk_4.2.2/platform/Device/SiliconLabs/EFR32MG24/Source/startup_efr32mg24.o
LOAD ./gecko_sdk_4.2.2/platform/Device/SiliconLabs/EFR32MG24/Source/system_efr32mg24.o
LOAD ./gecko_sdk_4.2.2/platform/common/src/sl_assert.o
LOAD ./gecko_sdk_4.2.2/platform/common/src/sl_slist.o
LOAD ./gecko_sdk_4.2.2/platform/common/src/sl_string.o
LOAD ./gecko_sdk_4.2.2/platform/common/toolchain/src/sl_memory.o
LOAD ./gecko_sdk_4.2.2/platform/driver/debug/src/sl_debug_swo.o
LOAD ./gecko_sdk_4.2.2/platform/emdrv/dmadrv/src/dmadrv.o
LOAD ./gecko_sdk_4.2.2/platform/emdrv/gpiointerrupt/src/gpiointerrupt.o
LOAD ./gecko_sdk_4.2.2/platform/emdrv/uartdrv/src/uartdrv.o
LOAD ./gecko_sdk_4.2.2/platform/emlib/src/em_burtc.o
LOAD ./gecko_sdk_4.2.2/platform/emlib/src/em_cmu.o
LOAD ./gecko_sdk_4.2.2/platform/emlib/src/em_core.o
LOAD ./gecko_sdk_4.2.2/platform/emlib/src/em_emu.o
LOAD ./gecko_sdk_4.2.2/platform/emlib/src/em_eusart.o
LOAD ./gecko_sdk_4.2.2/platform/emlib/src/em_gpio.o
LOAD ./gecko_sdk_4.2.2/platform/emlib/src/em_i2c.o
LOAD ./gecko_sdk_4.2.2/platform/emlib/src/em_ldma.o
LOAD ./gecko_sdk_4.2.2/platform/emlib/src/em_msc.o
LOAD ./gecko_sdk_4.2.2/platform/emlib/src/em_system.o
LOAD ./gecko_sdk_4.2.2/platform/emlib/src/em_timer.o
LOAD ./gecko_sdk_4.2.2/platform/emlib/src/em_usart.o
LOAD ./gecko_sdk_4.2.2/platform/peripheral/src/peripheral_sysrtc.o
LOAD ./gecko_sdk_4.2.2/platform/service/device_init/src/sl_device_init_dcdc_s2.o
LOAD ./gecko_sdk_4.2.2/platform/service/device_init/src/sl_device_init_emu_s2.o
LOAD ./gecko_sdk_4.2.2/platform/service/device_init/src/sl_device_init_hfxo_s2.o
LOAD ./gecko_sdk_4.2.2/platform/service/device_init/src/sl_device_init_lfxo_s2.o
LOAD ./gecko_sdk_4.2.2/platform/service/device_init/src/sl_device_init_nvic.o
LOAD ./gecko_sdk_4.2.2/platform/service/hfxo_manager/src/sl_hfxo_manager.o
LOAD ./gecko_sdk_4.2.2/platform/service/hfxo_manager/src/sl_hfxo_manager_hal_s2.o
LOAD ./gecko_sdk_4.2.2/platform/service/iostream/src/sl_iostream.o
LOAD ./gecko_sdk_4.2.2/platform/service/iostream/src/sl_iostream_retarget_stdio.o
LOAD ./gecko_sdk_4.2.2/platform/service/iostream/src/sl_iostream_stdlib_config.o
LOAD ./gecko_sdk_4.2.2/platform/service/iostream/src/sl_iostream_uart.o
LOAD ./gecko_sdk_4.2.2/platform/service/iostream/src/sl_iostream_usart.o
LOAD ./gecko_sdk_4.2.2/platform/service/power_manager/src/sl_power_manager.o
LOAD ./gecko_sdk_4.2.2/platform/service/power_manager/src/sl_power_manager_debug.o
LOAD ./gecko_sdk_4.2.2/platform/service/power_manager/src/sl_power_manager_hal_s2.o
LOAD ./gecko_sdk_4.2.2/platform/service/sleeptimer/src/sl_sleeptimer.o
LOAD ./gecko_sdk_4.2.2/platform/service/sleeptimer/src/sl_sleeptimer_hal_burtc.o
LOAD ./gecko_sdk_4.2.2/platform/service/sleeptimer/src/sl_sleeptimer_hal_sysrtc.o
LOAD ./gecko_sdk_4.2.2/platform/service/sleeptimer/src/sl_sleeptimer_hal_timer.o
LOAD ./gecko_sdk_4.2.2/platform/service/system/src/sl_system_init.o
LOAD ./gecko_sdk_4.2.2/platform/service/system/src/sl_system_process_action.o
LOAD ./gecko_sdk_4.2.2/platform/service/udelay/src/sl_udelay.o
LOAD ./gecko_sdk_4.2.2/platform/service/udelay/src/sl_udelay_armv6m_gcc.o
LOAD ./src/GPIO.o
LOAD ./src/I2C.o
LOAD ./src/adxl343.o
LOAD ./src/irq.o
LOAD ./src/log.o
LOAD ./src/sam-m8q.o
LOAD ./src/timers.o
LOAD c:/siliconlabs/simplicitystudio/v5/developer/toolchains/gnu_arm/10.3_2021.10/bin/../lib/gcc/arm-none-eabi/10.3.1/thumb/v8-m.main+fp/hard\libgcc.a
LOAD c:/siliconlabs/simplicitystudio/v5/developer/toolchains/gnu_arm/10.3_2021.10/bin/../lib/gcc/arm-none-eabi/10.3.1/../../../../arm-none-eabi/lib/thumb/v8-m.main+fp/hard\libc_nano.a
LOAD c:/siliconlabs/simplicitystudio/v5/developer/toolchains/gnu_arm/10.3_2021.10/bin/../lib/gcc/arm-none-eabi/10.3.1/../../../../arm-none-eabi/lib/thumb/v8-m.main+fp/hard\libm.a
LOAD c:/siliconlabs/simplicitystudio/v5/developer/toolchains/gnu_arm/10.3_2021.10/bin/../lib/gcc/arm-none-eabi/10.3.1/../../../../arm-none-eabi/lib/thumb/v8-m.main+fp/hard\libnosys.a
END GROUP
START GROUP
LOAD c:/siliconlabs/simplicitystudio/v5/developer/toolchains/gnu_arm/10.3_2021.10/bin/../lib/gcc/arm-none-eabi/10.3.1/thumb/v8-m.main+fp/hard\libgcc.a
LOAD c:/siliconlabs/simplicitystudio/v5/developer/toolchains/gnu_arm/10.3_2021.10/bin/../lib/gcc/arm-none-eabi/10.3.1/../../../../arm-none-eabi/lib/thumb/v8-m.main+fp/hard\libc_nano.a
LOAD c:/siliconlabs/simplicitystudio/v5/developer/toolchains/gnu_arm/10.3_2021.10/bin/../lib/gcc/arm-none-eabi/10.3.1/../../../../arm-none-eabi/lib/thumb/v8-m.main+fp/hard\libnosys.a
END GROUP
START GROUP
LOAD c:/siliconlabs/simplicitystudio/v5/developer/toolchains/gnu_arm/10.3_2021.10/bin/../lib/gcc/arm-none-eabi/10.3.1/thumb/v8-m.main+fp/hard\libgcc.a
LOAD c:/siliconlabs/simplicitystudio/v5/developer/toolchains/gnu_arm/10.3_2021.10/bin/../lib/gcc/arm-none-eabi/10.3.1/../../../../arm-none-eabi/lib/thumb/v8-m.main+fp/hard\libg_nano.a
LOAD c:/siliconlabs/simplicitystudio/v5/developer/toolchains/gnu_arm/10.3_2021.10/bin/../lib/gcc/arm-none-eabi/10.3.1/../../../../arm-none-eabi/lib/thumb/v8-m.main+fp/hard\libc_nano.a
END GROUP
START GROUP
LOAD c:/siliconlabs/simplicitystudio/v5/developer/toolchains/gnu_arm/10.3_2021.10/bin/../lib/gcc/arm-none-eabi/10.3.1/thumb/v8-m.main+fp/hard\libgcc.a
LOAD c:/siliconlabs/simplicitystudio/v5/developer/toolchains/gnu_arm/10.3_2021.10/bin/../lib/gcc/arm-none-eabi/10.3.1/../../../../arm-none-eabi/lib/thumb/v8-m.main+fp/hard\libc_nano.a
END GROUP
LOAD c:/siliconlabs/simplicitystudio/v5/developer/toolchains/gnu_arm/10.3_2021.10/bin/../lib/gcc/arm-none-eabi/10.3.1/thumb/v8-m.main+fp/hard/crtend.o
LOAD c:/siliconlabs/simplicitystudio/v5/developer/toolchains/gnu_arm/10.3_2021.10/bin/../lib/gcc/arm-none-eabi/10.3.1/thumb/v8-m.main+fp/hard/crtn.o

.text           0x08000000     0xf03c
                0x08000000                linker_vectors_begin = .
 *(.vectors)
 .vectors       0x08000000      0x170 ./gecko_sdk_4.2.2/platform/Device/SiliconLabs/EFR32MG24/Source/startup_efr32mg24.o
                0x08000000                __Vectors
                0x08000170                linker_vectors_end = .
                0x08000170                __Vectors_End = .
                0x08000170                __Vectors_Size = (__Vectors_End - __Vectors)
                0x08000170                linker_code_begin = .
 *(SORT_BY_ALIGNMENT(.text*))
 .text          0x08000170        0x8 ./gecko_sdk_4.2.2/platform/service/udelay/src/sl_udelay_armv6m_gcc.o
                0x08000170                sli_delay_loop
 .text.print_nav_pvt_info
                0x08000178      0x158 ./src/sam-m8q.o
                0x08000178                print_nav_pvt_info
 .text._dtoa_r  0x080002d0      0xbd8 c:/siliconlabs/simplicitystudio/v5/developer/toolchains/gnu_arm/10.3_2021.10/bin/../lib/gcc/arm-none-eabi/10.3.1/../../../../arm-none-eabi/lib/thumb/v8-m.main+fp/hard\libc_nano.a(lib_a-dtoa.o)
                0x080002d0                _dtoa_r
 .text          0x08000ea8       0x40 c:/siliconlabs/simplicitystudio/v5/developer/toolchains/gnu_arm/10.3_2021.10/bin/../lib/gcc/arm-none-eabi/10.3.1/thumb/v8-m.main+fp/hard/crtbegin.o
 .text          0x08000ee8       0x7c c:/siliconlabs/simplicitystudio/v5/developer/toolchains/gnu_arm/10.3_2021.10/bin/../lib/gcc/arm-none-eabi/10.3.1/../../../../arm-none-eabi/lib/thumb/v8-m.main+fp/hard/crt0.o
                0x08000ee8                _stack_init
                0x08000ef0                _start
                0x08000ef0                _mainCRTStartup
 .text.app_init
                0x08000f64       0x74 ./app.o
                0x08000f64                app_init
 .text.app_process_action
                0x08000fd8      0x1f4 ./app.o
                0x08000fd8                app_process_action
 .text.sl_device_init_clocks
                0x080011cc       0xd4 ./autogen/sl_device_init_clocks.o
                0x080011cc                sl_device_init_clocks
 .text.GPIO_PinOutGet
                0x080012a0       0x88 ./autogen/sl_iostream_init_usart_instances.o
 .text.sl_iostream_usart_init_vcom
                0x08001328       0xf8 ./autogen/sl_iostream_init_usart_instances.o
                0x08001328                sl_iostream_usart_init_vcom
 .text.sl_iostream_usart_init_instances
                0x08001420       0x34 ./autogen/sl_iostream_init_usart_instances.o
                0x08001420                sl_iostream_usart_init_instances
 .text.USART0_TX_IRQHandler
                0x08001454       0x10 ./autogen/sl_iostream_init_usart_instances.o
                0x08001454                USART0_TX_IRQHandler
 .text.USART0_RX_IRQHandler
                0x08001464       0x10 ./autogen/sl_iostream_init_usart_instances.o
                0x08001464                USART0_RX_IRQHandler
 .text.sl_iostream_usart_vcom_sleep_on_isr_exit
                0x08001474       0x14 ./autogen/sl_iostream_init_usart_instances.o
                0x08001474                sl_iostream_usart_vcom_sleep_on_isr_exit
 .text.events_handler
                0x08001488       0xb4 ./autogen/sl_iostream_init_usart_instances.o
 .text.app_log_init
                0x0800153c       0x3c ./gecko_sdk_4.2.2/app/common/util/app_log/app_log.o
                0x0800153c                app_log_init
 .text.GPIO_PinOutClear
                0x08001578       0x84 ./gecko_sdk_4.2.2/hardware/driver/mx25_flash_shutdown/src/sl_mx25_flash_shutdown_eusart/sl_mx25_flash_shutdown.o
 .text.GPIO_PinOutSet
                0x080015fc       0x84 ./gecko_sdk_4.2.2/hardware/driver/mx25_flash_shutdown/src/sl_mx25_flash_shutdown_eusart/sl_mx25_flash_shutdown.o
 .text.sl_mx25_flash_shutdown
                0x08001680      0x150 ./gecko_sdk_4.2.2/hardware/driver/mx25_flash_shutdown/src/sl_mx25_flash_shutdown_eusart/sl_mx25_flash_shutdown.o
                0x08001680                sl_mx25_flash_shutdown
 .text.Reset_Handler
                0x080017d0       0x98 ./gecko_sdk_4.2.2/platform/Device/SiliconLabs/EFR32MG24/Source/startup_efr32mg24.o
                0x080017d0                Reset_Handler
 .text.__NVIC_EnableIRQ
                0x08001868       0x34 ./gecko_sdk_4.2.2/platform/Device/SiliconLabs/EFR32MG24/Source/system_efr32mg24.o
 .text.__NVIC_ClearPendingIRQ
                0x0800189c       0x38 ./gecko_sdk_4.2.2/platform/Device/SiliconLabs/EFR32MG24/Source/system_efr32mg24.o
 .text.SystemInit
                0x080018d4       0x90 ./gecko_sdk_4.2.2/platform/Device/SiliconLabs/EFR32MG24/Source/system_efr32mg24.o
                0x080018d4                SystemInit
 .text.SystemHFRCODPLLClockGet
                0x08001964        0xc ./gecko_sdk_4.2.2/platform/Device/SiliconLabs/EFR32MG24/Source/system_efr32mg24.o
                0x08001964                SystemHFRCODPLLClockGet
 .text.SystemSYSCLKGet
                0x08001970       0x50 ./gecko_sdk_4.2.2/platform/Device/SiliconLabs/EFR32MG24/Source/system_efr32mg24.o
                0x08001970                SystemSYSCLKGet
 .text.SystemHCLKGet
                0x080019c0       0x3c ./gecko_sdk_4.2.2/platform/Device/SiliconLabs/EFR32MG24/Source/system_efr32mg24.o
                0x080019c0                SystemHCLKGet
 .text.SystemMaxCoreClockGet
                0x080019fc        0xc ./gecko_sdk_4.2.2/platform/Device/SiliconLabs/EFR32MG24/Source/system_efr32mg24.o
                0x080019fc                SystemMaxCoreClockGet
 .text.SystemHFXOClockGet
                0x08001a08        0xc ./gecko_sdk_4.2.2/platform/Device/SiliconLabs/EFR32MG24/Source/system_efr32mg24.o
                0x08001a08                SystemHFXOClockGet
 .text.SystemHFXOClockSet
                0x08001a14       0x2c ./gecko_sdk_4.2.2/platform/Device/SiliconLabs/EFR32MG24/Source/system_efr32mg24.o
                0x08001a14                SystemHFXOClockSet
 .text.SystemFSRCOClockGet
                0x08001a40        0xc ./gecko_sdk_4.2.2/platform/Device/SiliconLabs/EFR32MG24/Source/system_efr32mg24.o
                0x08001a40                SystemFSRCOClockGet
 .text.SystemHFRCOEM23ClockGet
                0x08001a4c       0xe0 ./gecko_sdk_4.2.2/platform/Device/SiliconLabs/EFR32MG24/Source/system_efr32mg24.o
                0x08001a4c                SystemHFRCOEM23ClockGet
 .text.SystemLFXOClockGet
                0x08001b2c        0xc ./gecko_sdk_4.2.2/platform/Device/SiliconLabs/EFR32MG24/Source/system_efr32mg24.o
                0x08001b2c                SystemLFXOClockGet
 .text.sl_slist_push
                0x08001b38       0x38 ./gecko_sdk_4.2.2/platform/common/src/sl_slist.o
                0x08001b38                sl_slist_push
 .text._sbrk    0x08001b70       0x3c ./gecko_sdk_4.2.2/platform/common/toolchain/src/sl_memory.o
                0x08001b70                _sbrk
 .text.BUS_RegBitWrite
                0x08001bac       0x48 ./gecko_sdk_4.2.2/platform/driver/debug/src/sl_debug_swo.o
 .text.GPIO_DbgSWOEnable
                0x08001bf4       0x30 ./gecko_sdk_4.2.2/platform/driver/debug/src/sl_debug_swo.o
 .text.sl_debug_swo_init
                0x08001c24      0x168 ./gecko_sdk_4.2.2/platform/driver/debug/src/sl_debug_swo.o
                0x08001c24                sl_debug_swo_init
 .text.DMADRV_AllocateChannel
                0x08001d8c       0xa0 ./gecko_sdk_4.2.2/platform/emdrv/dmadrv/src/dmadrv.o
                0x08001d8c                DMADRV_AllocateChannel
 .text.DMADRV_DeInit
                0x08001e2c       0x78 ./gecko_sdk_4.2.2/platform/emdrv/dmadrv/src/dmadrv.o
                0x08001e2c                DMADRV_DeInit
 .text.DMADRV_FreeChannel
                0x08001ea4       0x74 ./gecko_sdk_4.2.2/platform/emdrv/dmadrv/src/dmadrv.o
                0x08001ea4                DMADRV_FreeChannel
 .text.DMADRV_Init
                0x08001f18       0x7c ./gecko_sdk_4.2.2/platform/emdrv/dmadrv/src/dmadrv.o
                0x08001f18                DMADRV_Init
 .text.DMADRV_PauseTransfer
                0x08001f94       0x64 ./gecko_sdk_4.2.2/platform/emdrv/dmadrv/src/dmadrv.o
                0x08001f94                DMADRV_PauseTransfer
 .text.DMADRV_ResumeTransfer
                0x08001ff8       0x64 ./gecko_sdk_4.2.2/platform/emdrv/dmadrv/src/dmadrv.o
                0x08001ff8                DMADRV_ResumeTransfer
 .text.DMADRV_StopTransfer
                0x0800205c       0x64 ./gecko_sdk_4.2.2/platform/emdrv/dmadrv/src/dmadrv.o
                0x0800205c                DMADRV_StopTransfer
 .text.DMADRV_TransferCompletePending
                0x080020c0       0x84 ./gecko_sdk_4.2.2/platform/emdrv/dmadrv/src/dmadrv.o
                0x080020c0                DMADRV_TransferCompletePending
 .text.DMADRV_TransferDone
                0x08002144       0x74 ./gecko_sdk_4.2.2/platform/emdrv/dmadrv/src/dmadrv.o
                0x08002144                DMADRV_TransferDone
 .text.LDMA_IRQHandler
                0x080021b8       0xec ./gecko_sdk_4.2.2/platform/emdrv/dmadrv/src/dmadrv.o
                0x080021b8                LDMA_IRQHandler
 .text.StartTransfer
                0x080022a4      0x21c ./gecko_sdk_4.2.2/platform/emdrv/dmadrv/src/dmadrv.o
 .text.__NVIC_EnableIRQ
                0x080024c0       0x34 ./gecko_sdk_4.2.2/platform/emdrv/gpiointerrupt/src/gpiointerrupt.o
 .text.__NVIC_ClearPendingIRQ
                0x080024f4       0x38 ./gecko_sdk_4.2.2/platform/emdrv/gpiointerrupt/src/gpiointerrupt.o
 .text.GPIO_IntClear
                0x0800252c       0x1c ./gecko_sdk_4.2.2/platform/emdrv/gpiointerrupt/src/gpiointerrupt.o
 .text.GPIO_IntGetEnabled
                0x08002548       0x20 ./gecko_sdk_4.2.2/platform/emdrv/gpiointerrupt/src/gpiointerrupt.o
 .text.GPIOINT_CallbackRegister
                0x08002568       0x44 ./gecko_sdk_4.2.2/platform/emdrv/gpiointerrupt/src/gpiointerrupt.o
                0x08002568                GPIOINT_CallbackRegister
 .text.GPIOINT_IRQDispatcher
                0x080025ac       0x74 ./gecko_sdk_4.2.2/platform/emdrv/gpiointerrupt/src/gpiointerrupt.o
 .text.BUS_RegBitWrite
                0x08002620       0x48 ./gecko_sdk_4.2.2/platform/emlib/src/em_cmu.o
 .text.EMU_VScaleWait
                0x08002668       0x1c ./gecko_sdk_4.2.2/platform/emlib/src/em_cmu.o
 .text.EMU_VScaleGet
                0x08002684       0x1c ./gecko_sdk_4.2.2/platform/emlib/src/em_cmu.o
 .text.MSC_LockGetLocked
                0x080026a0       0x1c ./gecko_sdk_4.2.2/platform/emlib/src/em_cmu.o
 .text.MSC_LockSetLocked
                0x080026bc       0x10 ./gecko_sdk_4.2.2/platform/emlib/src/em_cmu.o
 .text.MSC_LockSetUnlocked
                0x080026cc       0x10 ./gecko_sdk_4.2.2/platform/emlib/src/em_cmu.o
 .text.MSC_ReadCTRLGet
                0x080026dc        0xc ./gecko_sdk_4.2.2/platform/emlib/src/em_cmu.o
 .text.MSC_ReadCTRLSet
                0x080026e8       0x14 ./gecko_sdk_4.2.2/platform/emlib/src/em_cmu.o
 .text.CMU_ClockDivGet
                0x080026fc       0xec ./gecko_sdk_4.2.2/platform/emlib/src/em_cmu.o
                0x080026fc                CMU_ClockDivGet
 .text.CMU_ClockDivSet
                0x080027e8      0x1b0 ./gecko_sdk_4.2.2/platform/emlib/src/em_cmu.o
                0x080027e8                CMU_ClockDivSet
 .text.CMU_ClockEnable
                0x08002998       0x74 ./gecko_sdk_4.2.2/platform/emlib/src/em_cmu.o
                0x08002998                CMU_ClockEnable
 .text.CMU_ClockFreqGet
                0x08002a0c      0x6a8 ./gecko_sdk_4.2.2/platform/emlib/src/em_cmu.o
                0x08002a0c                CMU_ClockFreqGet
 .text.CMU_ClockSelectGet
                0x080030b4      0x3e4 ./gecko_sdk_4.2.2/platform/emlib/src/em_cmu.o
                0x080030b4                CMU_ClockSelectGet
 .text.sli_em_cmu_HFXOSetForceEnable
                0x08003498       0x28 ./gecko_sdk_4.2.2/platform/emlib/src/em_cmu.o
                0x08003498                sli_em_cmu_HFXOSetForceEnable
 .text.CMU_HFXOInit
                0x080034c0      0x2f4 ./gecko_sdk_4.2.2/platform/emlib/src/em_cmu.o
                0x080034c0                CMU_HFXOInit
 .text.CMU_HFXOCTuneDeltaGet
                0x080037b4       0x10 ./gecko_sdk_4.2.2/platform/emlib/src/em_cmu.o
                0x080037b4                CMU_HFXOCTuneDeltaGet
 .text.CMU_LFXOInit
                0x080037c4      0x120 ./gecko_sdk_4.2.2/platform/emlib/src/em_cmu.o
                0x080037c4                CMU_LFXOInit
 .text.CMU_LFXOPrecisionSet
                0x080038e4       0x1c ./gecko_sdk_4.2.2/platform/emlib/src/em_cmu.o
                0x080038e4                CMU_LFXOPrecisionSet
 .text.eusart0ClkGet
                0x08003900       0xa8 ./gecko_sdk_4.2.2/platform/emlib/src/em_cmu.o
 .text.em01GrpcClkGet
                0x080039a8       0xbc ./gecko_sdk_4.2.2/platform/emlib/src/em_cmu.o
 .text.vdac0ClkGet
                0x08003a64       0xa8 ./gecko_sdk_4.2.2/platform/emlib/src/em_cmu.o
 .text.vdac1ClkGet
                0x08003b0c       0xa8 ./gecko_sdk_4.2.2/platform/emlib/src/em_cmu.o
 .text.pcnt0ClkGet
                0x08003bb4       0x74 ./gecko_sdk_4.2.2/platform/emlib/src/em_cmu.o
 .text.rhclkPrescMax
                0x08003c28       0x18 ./gecko_sdk_4.2.2/platform/emlib/src/em_cmu.o
 .text.rhclkPrescOptimize
                0x08003c40       0x2c ./gecko_sdk_4.2.2/platform/emlib/src/em_cmu.o
 .text.traceClkGet
                0x08003c6c       0x84 ./gecko_sdk_4.2.2/platform/emlib/src/em_cmu.o
 .text.dpllRefClkGet
                0x08003cf0       0x94 ./gecko_sdk_4.2.2/platform/emlib/src/em_cmu.o
 .text.em01GrpaClkGet
                0x08003d84       0xbc ./gecko_sdk_4.2.2/platform/emlib/src/em_cmu.o
 .text.em23GrpaClkGet
                0x08003e40       0x84 ./gecko_sdk_4.2.2/platform/emlib/src/em_cmu.o
 .text.em4GrpaClkGet
                0x08003ec4       0x84 ./gecko_sdk_4.2.2/platform/emlib/src/em_cmu.o
 .text.getWaitStatesByFrequencyAndVScale
                0x08003f48       0x54 ./gecko_sdk_4.2.2/platform/emlib/src/em_cmu.o
 .text.flashWaitStateControl
                0x08003f9c       0x70 ./gecko_sdk_4.2.2/platform/emlib/src/em_cmu.o
 .text.iadcClkGet
                0x0800400c       0x8c ./gecko_sdk_4.2.2/platform/emlib/src/em_cmu.o
 .text.pclkDivOptimize
                0x08004098       0x34 ./gecko_sdk_4.2.2/platform/emlib/src/em_cmu.o
 .text.sysrtcClkGet
                0x080040cc       0x84 ./gecko_sdk_4.2.2/platform/emlib/src/em_cmu.o
 .text.wdog0ClkGet
                0x08004150       0xa0 ./gecko_sdk_4.2.2/platform/emlib/src/em_cmu.o
 .text.wdog1ClkGet
                0x080041f0       0xa0 ./gecko_sdk_4.2.2/platform/emlib/src/em_cmu.o
 .text.sysTickClkGet
                0x08004290       0x58 ./gecko_sdk_4.2.2/platform/emlib/src/em_cmu.o
 .text.CORE_NvicIRQDisabled
                0x080042e8       0x60 ./gecko_sdk_4.2.2/platform/emlib/src/em_core.o
                0x080042e8                CORE_NvicIRQDisabled
 .text.EMU_DCDCLock
                0x08004348       0x14 ./gecko_sdk_4.2.2/platform/emlib/src/em_emu.o
 .text.EMU_DCDCUnlock
                0x0800435c       0x10 ./gecko_sdk_4.2.2/platform/emlib/src/em_emu.o
 .text.EMU_DCDCSync
                0x0800436c       0x20 ./gecko_sdk_4.2.2/platform/emlib/src/em_emu.o
 .text.EMU_VScaleWait
                0x0800438c       0x1c ./gecko_sdk_4.2.2/platform/emlib/src/em_emu.o
 .text.EMU_VScaleGet
                0x080043a8       0x1c ./gecko_sdk_4.2.2/platform/emlib/src/em_emu.o
 .text.EMU_EM01Init
                0x080043c4       0x24 ./gecko_sdk_4.2.2/platform/emlib/src/em_emu.o
                0x080043c4                EMU_EM01Init
 .text.EMU_EM23Init
                0x080043e8       0x24 ./gecko_sdk_4.2.2/platform/emlib/src/em_emu.o
                0x080043e8                EMU_EM23Init
 .text.EMU_EnterEM2
                0x0800440c       0x48 ./gecko_sdk_4.2.2/platform/emlib/src/em_emu.o
                0x0800440c                EMU_EnterEM2
 .text.EMU_EnterEM3
                0x08004454       0x40 ./gecko_sdk_4.2.2/platform/emlib/src/em_emu.o
                0x08004454                EMU_EnterEM3
 .text.EMU_EM4Init
                0x08004494       0x24 ./gecko_sdk_4.2.2/platform/emlib/src/em_emu.o
                0x08004494                EMU_EM4Init
 .text.EMU_VScaleEM01ByClock
                0x080044b8       0x5c ./gecko_sdk_4.2.2/platform/emlib/src/em_emu.o
                0x080044b8                EMU_VScaleEM01ByClock
 .text.EMU_VScaleEM01
                0x08004514       0xdc ./gecko_sdk_4.2.2/platform/emlib/src/em_emu.o
                0x08004514                EMU_VScaleEM01
 .text.EMU_DCDCModeSet
                0x080045f0       0xc0 ./gecko_sdk_4.2.2/platform/emlib/src/em_emu.o
                0x080045f0                EMU_DCDCModeSet
 .text.EMU_DCDCInit
                0x080046b0       0xa8 ./gecko_sdk_4.2.2/platform/emlib/src/em_emu.o
                0x080046b0                EMU_DCDCInit
 .text.EMU_DCDCSetPFMXModePeakCurrent
                0x08004758       0xb4 ./gecko_sdk_4.2.2/platform/emlib/src/em_emu.o
                0x08004758                EMU_DCDCSetPFMXModePeakCurrent
 .text.EUSART_SpiInit
                0x0800480c       0xe8 ./gecko_sdk_4.2.2/platform/emlib/src/em_eusart.o
                0x0800480c                EUSART_SpiInit
 .text.EUSART_Reset
                0x080048f4       0xa4 ./gecko_sdk_4.2.2/platform/emlib/src/em_eusart.o
                0x080048f4                EUSART_Reset
 .text.EUSART_Enable
                0x08004998       0xbc ./gecko_sdk_4.2.2/platform/emlib/src/em_eusart.o
                0x08004998                EUSART_Enable
 .text.EUSART_BaudrateSet
                0x08004a54      0x290 ./gecko_sdk_4.2.2/platform/emlib/src/em_eusart.o
                0x08004a54                EUSART_BaudrateSet
 .text.EUSART_ClockGet
                0x08004ce4       0x48 ./gecko_sdk_4.2.2/platform/emlib/src/em_eusart.o
 .text.EUSART_SyncInitCommon
                0x08004d2c      0x240 ./gecko_sdk_4.2.2/platform/emlib/src/em_eusart.o
 .text.BUS_RegBitWrite
                0x08004f6c       0x48 ./gecko_sdk_4.2.2/platform/emlib/src/em_gpio.o
 .text.GPIO_IntClear
                0x08004fb4       0x1c ./gecko_sdk_4.2.2/platform/emlib/src/em_gpio.o
 .text.GPIO_PinOutClear
                0x08004fd0       0x84 ./gecko_sdk_4.2.2/platform/emlib/src/em_gpio.o
 .text.GPIO_PinOutSet
                0x08005054       0x84 ./gecko_sdk_4.2.2/platform/emlib/src/em_gpio.o
 .text.GPIO_ExtIntConfig
                0x080050d8      0x16c ./gecko_sdk_4.2.2/platform/emlib/src/em_gpio.o
                0x080050d8                GPIO_ExtIntConfig
 .text.GPIO_PinModeSet
                0x08005244      0x124 ./gecko_sdk_4.2.2/platform/emlib/src/em_gpio.o
                0x08005244                GPIO_PinModeSet
 .text.BUS_RegBitWrite
                0x08005368       0x48 ./gecko_sdk_4.2.2/platform/emlib/src/em_i2c.o
 .text.I2C_BusFreqSet
                0x080053b0      0x1a8 ./gecko_sdk_4.2.2/platform/emlib/src/em_i2c.o
                0x080053b0                I2C_BusFreqSet
 .text.I2C_Enable
                0x08005558       0x48 ./gecko_sdk_4.2.2/platform/emlib/src/em_i2c.o
                0x08005558                I2C_Enable
 .text.I2C_Init
                0x080055a0       0x7c ./gecko_sdk_4.2.2/platform/emlib/src/em_i2c.o
                0x080055a0                I2C_Init
 .text.I2C_Transfer
                0x0800561c      0x4c8 ./gecko_sdk_4.2.2/platform/emlib/src/em_i2c.o
                0x0800561c                I2C_Transfer
 .text.I2C_TransferInit
                0x08005ae4       0xf8 ./gecko_sdk_4.2.2/platform/emlib/src/em_i2c.o
                0x08005ae4                I2C_TransferInit
 .text.__NVIC_EnableIRQ
                0x08005bdc       0x34 ./gecko_sdk_4.2.2/platform/emlib/src/em_ldma.o
 .text.__NVIC_DisableIRQ
                0x08005c10       0x44 ./gecko_sdk_4.2.2/platform/emlib/src/em_ldma.o
 .text.__NVIC_ClearPendingIRQ
                0x08005c54       0x38 ./gecko_sdk_4.2.2/platform/emlib/src/em_ldma.o
 .text.__NVIC_SetPriority
                0x08005c8c       0x50 ./gecko_sdk_4.2.2/platform/emlib/src/em_ldma.o
 .text.BUS_RegBitWrite
                0x08005cdc       0x48 ./gecko_sdk_4.2.2/platform/emlib/src/em_ldma.o
 .text.LDMA_DeInit
                0x08005d24       0x34 ./gecko_sdk_4.2.2/platform/emlib/src/em_ldma.o
                0x08005d24                LDMA_DeInit
 .text.LDMA_EnableChannelRequest
                0x08005d58       0x40 ./gecko_sdk_4.2.2/platform/emlib/src/em_ldma.o
                0x08005d58                LDMA_EnableChannelRequest
 .text.LDMA_Init
                0x08005d98       0xec ./gecko_sdk_4.2.2/platform/emlib/src/em_ldma.o
                0x08005d98                LDMA_Init
 .text.LDMA_StartTransfer
                0x08005e84      0x208 ./gecko_sdk_4.2.2/platform/emlib/src/em_ldma.o
                0x08005e84                LDMA_StartTransfer
 .text.LDMA_StopTransfer
                0x0800608c       0x54 ./gecko_sdk_4.2.2/platform/emlib/src/em_ldma.o
                0x0800608c                LDMA_StopTransfer
 .text.LDMA_TransferDone
                0x080060e0       0x68 ./gecko_sdk_4.2.2/platform/emlib/src/em_ldma.o
                0x080060e0                LDMA_TransferDone
 .text.TIMER_Valid
                0x08006148       0x54 ./gecko_sdk_4.2.2/platform/emlib/src/em_timer.o
 .text.TIMER_Init
                0x0800619c      0x130 ./gecko_sdk_4.2.2/platform/emlib/src/em_timer.o
                0x0800619c                TIMER_Init
 .text.prsRxInput
                0x080062cc       0x38 ./gecko_sdk_4.2.2/platform/emlib/src/em_usart.o
 .text.USART_BaudrateAsyncSet
                0x08006304      0x14c ./gecko_sdk_4.2.2/platform/emlib/src/em_usart.o
                0x08006304                USART_BaudrateAsyncSet
 .text.USART_Enable
                0x08006450       0x70 ./gecko_sdk_4.2.2/platform/emlib/src/em_usart.o
                0x08006450                USART_Enable
 .text.USART_InitAsync
                0x080064c0      0x134 ./gecko_sdk_4.2.2/platform/emlib/src/em_usart.o
                0x080064c0                USART_InitAsync
 .text.USART_Reset
                0x080065f4       0xa0 ./gecko_sdk_4.2.2/platform/emlib/src/em_usart.o
                0x080065f4                USART_Reset
 .text.sl_sysrtc_wait_sync
                0x08006694       0x20 ./gecko_sdk_4.2.2/platform/peripheral/src/peripheral_sysrtc.o
 .text.sl_sysrtc_wait_ready
                0x080066b4       0x2c ./gecko_sdk_4.2.2/platform/peripheral/src/peripheral_sysrtc.o
 .text.sl_sysrtc_stop
                0x080066e0       0x14 ./gecko_sdk_4.2.2/platform/peripheral/src/peripheral_sysrtc.o
 .text.sl_sysrtc_init
                0x080066f4       0x38 ./gecko_sdk_4.2.2/platform/peripheral/src/peripheral_sysrtc.o
                0x080066f4                sl_sysrtc_init
 .text.sl_sysrtc_enable
                0x0800672c       0x20 ./gecko_sdk_4.2.2/platform/peripheral/src/peripheral_sysrtc.o
                0x0800672c                sl_sysrtc_enable
 .text.sl_sysrtc_disable
                0x0800674c       0x24 ./gecko_sdk_4.2.2/platform/peripheral/src/peripheral_sysrtc.o
                0x0800674c                sl_sysrtc_disable
 .text.sl_sysrtc_init_group
                0x08006770       0xbc ./gecko_sdk_4.2.2/platform/peripheral/src/peripheral_sysrtc.o
                0x08006770                sl_sysrtc_init_group
 .text.sl_sysrtc_enable_group_interrupts
                0x0800682c       0x44 ./gecko_sdk_4.2.2/platform/peripheral/src/peripheral_sysrtc.o
                0x0800682c                sl_sysrtc_enable_group_interrupts
 .text.sl_sysrtc_disable_group_interrupts
                0x08006870       0x44 ./gecko_sdk_4.2.2/platform/peripheral/src/peripheral_sysrtc.o
                0x08006870                sl_sysrtc_disable_group_interrupts
 .text.sl_sysrtc_clear_group_interrupts
                0x080068b4       0x44 ./gecko_sdk_4.2.2/platform/peripheral/src/peripheral_sysrtc.o
                0x080068b4                sl_sysrtc_clear_group_interrupts
 .text.sl_sysrtc_get_group_interrupts
                0x080068f8       0x3c ./gecko_sdk_4.2.2/platform/peripheral/src/peripheral_sysrtc.o
                0x080068f8                sl_sysrtc_get_group_interrupts
 .text.sl_sysrtc_get_group_compare_channel_value
                0x08006934       0x5c ./gecko_sdk_4.2.2/platform/peripheral/src/peripheral_sysrtc.o
                0x08006934                sl_sysrtc_get_group_compare_channel_value
 .text.sl_sysrtc_set_group_compare_channel_value
                0x08006990       0x5c ./gecko_sdk_4.2.2/platform/peripheral/src/peripheral_sysrtc.o
                0x08006990                sl_sysrtc_set_group_compare_channel_value
 .text.sl_device_init_dcdc
                0x080069ec       0x34 ./gecko_sdk_4.2.2/platform/service/device_init/src/sl_device_init_dcdc_s2.o
                0x080069ec                sl_device_init_dcdc
 .text.sl_device_init_emu
                0x08006a20       0x34 ./gecko_sdk_4.2.2/platform/service/device_init/src/sl_device_init_emu_s2.o
                0x08006a20                sl_device_init_emu
 .text.sl_device_init_hfxo
                0x08006a54       0xc4 ./gecko_sdk_4.2.2/platform/service/device_init/src/sl_device_init_hfxo_s2.o
                0x08006a54                sl_device_init_hfxo
 .text.sl_device_init_lfxo
                0x08006b18       0x3c ./gecko_sdk_4.2.2/platform/service/device_init/src/sl_device_init_lfxo_s2.o
                0x08006b18                sl_device_init_lfxo
 .text.__NVIC_SetPriority
                0x08006b54       0x50 ./gecko_sdk_4.2.2/platform/service/device_init/src/sl_device_init_nvic.o
 .text.sl_hfxo_manager_init
                0x08006ba4       0x88 ./gecko_sdk_4.2.2/platform/service/hfxo_manager/src/sl_hfxo_manager.o
                0x08006ba4                sl_hfxo_manager_init
 .text.sli_hfxo_manager_begin_startup_measurement
                0x08006c2c       0x20 ./gecko_sdk_4.2.2/platform/service/hfxo_manager/src/sl_hfxo_manager.o
                0x08006c2c                sli_hfxo_manager_begin_startup_measurement
 .text.sli_hfxo_manager_end_startup_measurement
                0x08006c4c       0xc8 ./gecko_sdk_4.2.2/platform/service/hfxo_manager/src/sl_hfxo_manager.o
                0x08006c4c                sli_hfxo_manager_end_startup_measurement
 .text.sli_hfxo_manager_get_startup_time
                0x08006d14        0xc ./gecko_sdk_4.2.2/platform/service/hfxo_manager/src/sl_hfxo_manager.o
                0x08006d14                sli_hfxo_manager_get_startup_time
 .text.__NVIC_EnableIRQ
                0x08006d20       0x34 ./gecko_sdk_4.2.2/platform/service/hfxo_manager/src/sl_hfxo_manager_hal_s2.o
 .text.__NVIC_ClearPendingIRQ
                0x08006d54       0x38 ./gecko_sdk_4.2.2/platform/service/hfxo_manager/src/sl_hfxo_manager_hal_s2.o
 .text.__NVIC_SetPriority
                0x08006d8c       0x50 ./gecko_sdk_4.2.2/platform/service/hfxo_manager/src/sl_hfxo_manager_hal_s2.o
 .text.sli_hfxo_manager_init_hardware
                0x08006ddc       0x58 ./gecko_sdk_4.2.2/platform/service/hfxo_manager/src/sl_hfxo_manager_hal_s2.o
                0x08006ddc                sli_hfxo_manager_init_hardware
 .text.sli_hfxo_manager_is_hfxo_ready
                0x08006e34       0x68 ./gecko_sdk_4.2.2/platform/service/hfxo_manager/src/sl_hfxo_manager_hal_s2.o
                0x08006e34                sli_hfxo_manager_is_hfxo_ready
 .text.sl_hfxo_manager_irq_handler
                0x08006e9c       0x64 ./gecko_sdk_4.2.2/platform/service/hfxo_manager/src/sl_hfxo_manager_hal_s2.o
                0x08006e9c                sl_hfxo_manager_irq_handler
 .text.sl_iostream_set_default
                0x08006f00       0x28 ./gecko_sdk_4.2.2/platform/service/iostream/src/sl_iostream.o
                0x08006f00                sl_iostream_set_default
 .text.sl_iostream_get_default
                0x08006f28       0x28 ./gecko_sdk_4.2.2/platform/service/iostream/src/sl_iostream.o
                0x08006f28                sl_iostream_get_default
 .text._write   0x08006f50       0x34 ./gecko_sdk_4.2.2/platform/service/iostream/src/sl_iostream_retarget_stdio.o
                0x08006f50                _write
 .text.sl_iostream_stdlib_disable_buffering
                0x08006f84       0x1c ./gecko_sdk_4.2.2/platform/service/iostream/src/sl_iostream_stdlib_config.o
                0x08006f84                sl_iostream_stdlib_disable_buffering
 .text.__NVIC_EnableIRQ
                0x08006fa0       0x34 ./gecko_sdk_4.2.2/platform/service/iostream/src/sl_iostream_uart.o
 .text.__NVIC_DisableIRQ
                0x08006fd4       0x44 ./gecko_sdk_4.2.2/platform/service/iostream/src/sl_iostream_uart.o
 .text.__NVIC_ClearPendingIRQ
                0x08007018       0x38 ./gecko_sdk_4.2.2/platform/service/iostream/src/sl_iostream_uart.o
 .text.sli_iostream_uart_context_init
                0x08007050      0x1e0 ./gecko_sdk_4.2.2/platform/service/iostream/src/sl_iostream_uart.o
                0x08007050                sli_iostream_uart_context_init
 .text.sli_uart_txc
                0x08007230       0x60 ./gecko_sdk_4.2.2/platform/service/iostream/src/sl_iostream_uart.o
                0x08007230                sli_uart_txc
 .text.uart_deinit
                0x08007290       0xec ./gecko_sdk_4.2.2/platform/service/iostream/src/sl_iostream_uart.o
 .text.scan_for_ctrl_char
                0x0800737c       0xbc ./gecko_sdk_4.2.2/platform/service/iostream/src/sl_iostream_uart.o
 .text.dma_irq_handler
                0x08007438       0xd0 ./gecko_sdk_4.2.2/platform/service/iostream/src/sl_iostream_uart.o
 .text.get_write_ptr
                0x08007508       0x54 ./gecko_sdk_4.2.2/platform/service/iostream/src/sl_iostream_uart.o
 .text.update_ring_buffer
                0x0800755c      0x148 ./gecko_sdk_4.2.2/platform/service/iostream/src/sl_iostream_uart.o
 .text.read_rx_buffer
                0x080076a4      0x1cc ./gecko_sdk_4.2.2/platform/service/iostream/src/sl_iostream_uart.o
 .text.sl_iostream_usart_init
                0x08007870      0x280 ./gecko_sdk_4.2.2/platform/service/iostream/src/sl_iostream_usart.o
                0x08007870                sl_iostream_usart_init
 .text.sl_iostream_usart_irq_handler
                0x08007af0      0x120 ./gecko_sdk_4.2.2/platform/service/iostream/src/sl_iostream_usart.o
                0x08007af0                sl_iostream_usart_irq_handler
 .text.sl_power_manager_init
                0x08007c10       0x80 ./gecko_sdk_4.2.2/platform/service/power_manager/src/sl_power_manager.o
                0x08007c10                sl_power_manager_init
 .text.sl_power_manager_sleep
                0x08007c90      0x204 ./gecko_sdk_4.2.2/platform/service/power_manager/src/sl_power_manager.o
                0x08007c90                sl_power_manager_sleep
 .text.sli_power_manager_update_em_requirement
                0x08007e94      0x108 ./gecko_sdk_4.2.2/platform/service/power_manager/src/sl_power_manager.o
                0x08007e94                sli_power_manager_update_em_requirement
 .text.sli_power_manager_get_restore_delay
                0x08007f9c       0x48 ./gecko_sdk_4.2.2/platform/service/power_manager/src/sl_power_manager.o
                0x08007f9c                sli_power_manager_get_restore_delay
 .text.sl_power_manager_subscribe_em_transition_event
                0x08007fe4       0x30 ./gecko_sdk_4.2.2/platform/service/power_manager/src/sl_power_manager.o
                0x08007fe4                sl_power_manager_subscribe_em_transition_event
 .text.sl_power_manager_schedule_wakeup_get_restore_overhead_tick
                0x08008014       0x14 ./gecko_sdk_4.2.2/platform/service/power_manager/src/sl_power_manager.o
                0x08008014                sl_power_manager_schedule_wakeup_get_restore_overhead_tick
 .text.sli_power_manager_convert_delay_us_to_tick
                0x08008028       0x2c ./gecko_sdk_4.2.2/platform/service/power_manager/src/sl_power_manager.o
                0x08008028                sli_power_manager_convert_delay_us_to_tick
 .text.sl_power_manager_is_latest_wakeup_internal
                0x08008054       0x4c ./gecko_sdk_4.2.2/platform/service/power_manager/src/sl_power_manager.o
                0x08008054                sl_power_manager_is_latest_wakeup_internal
 .text.get_lowest_em
                0x080080a0       0x34 ./gecko_sdk_4.2.2/platform/service/power_manager/src/sl_power_manager.o
 .text.power_manager_notify_em_transition
                0x080080d4       0xec ./gecko_sdk_4.2.2/platform/service/power_manager/src/sl_power_manager.o
 .text.evaluate_wakeup
                0x080081c0       0xf8 ./gecko_sdk_4.2.2/platform/service/power_manager/src/sl_power_manager.o
 .text.update_em1_requirement
                0x080082b8       0x94 ./gecko_sdk_4.2.2/platform/service/power_manager/src/sl_power_manager.o
 .text.clock_restore_and_wait
                0x0800834c       0x88 ./gecko_sdk_4.2.2/platform/service/power_manager/src/sl_power_manager.o
 .text.clock_restore
                0x080083d4       0x6c ./gecko_sdk_4.2.2/platform/service/power_manager/src/sl_power_manager.o
 .text.on_clock_wakeup_timeout
                0x08008440       0x34 ./gecko_sdk_4.2.2/platform/service/power_manager/src/sl_power_manager.o
 .text.sli_hfxo_manager_notify_ready_for_power_manager
                0x08008474       0x48 ./gecko_sdk_4.2.2/platform/service/power_manager/src/sl_power_manager.o
                0x08008474                sli_hfxo_manager_notify_ready_for_power_manager
 .text.EMU_EnterEM1
                0x080084bc       0x18 ./gecko_sdk_4.2.2/platform/service/power_manager/src/sl_power_manager_hal_s2.o
 .text.sli_power_manager_init_hardware
                0x080084d4      0x210 ./gecko_sdk_4.2.2/platform/service/power_manager/src/sl_power_manager_hal_s2.o
                0x080084d4                sli_power_manager_init_hardware
 .text.sli_power_manager_em23_voltage_scaling_enable_fast_wakeup
                0x080086e4       0x88 ./gecko_sdk_4.2.2/platform/service/power_manager/src/sl_power_manager_hal_s2.o
                0x080086e4                sli_power_manager_em23_voltage_scaling_enable_fast_wakeup
 .text.EMU_EM23PresleepHook
                0x0800876c       0x30 ./gecko_sdk_4.2.2/platform/service/power_manager/src/sl_power_manager_hal_s2.o
                0x0800876c                EMU_EM23PresleepHook
 .text.EMU_EM23PostsleepHook
                0x0800879c       0x70 ./gecko_sdk_4.2.2/platform/service/power_manager/src/sl_power_manager_hal_s2.o
                0x0800879c                EMU_EM23PostsleepHook
 .text.sli_power_manager_handle_pre_deepsleep_operations
                0x0800880c       0x10 ./gecko_sdk_4.2.2/platform/service/power_manager/src/sl_power_manager_hal_s2.o
                0x0800880c                sli_power_manager_handle_pre_deepsleep_operations
 .text.sli_power_manager_restore_high_freq_accuracy_clk
                0x0800881c       0x70 ./gecko_sdk_4.2.2/platform/service/power_manager/src/sl_power_manager_hal_s2.o
                0x0800881c                sli_power_manager_restore_high_freq_accuracy_clk
 .text.sli_power_manager_is_high_freq_accuracy_clk_ready
                0x0800888c       0x34 ./gecko_sdk_4.2.2/platform/service/power_manager/src/sl_power_manager_hal_s2.o
                0x0800888c                sli_power_manager_is_high_freq_accuracy_clk_ready
 .text.sli_power_manager_restore_states
                0x080088c0       0x48 ./gecko_sdk_4.2.2/platform/service/power_manager/src/sl_power_manager_hal_s2.o
                0x080088c0                sli_power_manager_restore_states
 .text.sli_power_manager_apply_em
                0x08008908       0x50 ./gecko_sdk_4.2.2/platform/service/power_manager/src/sl_power_manager_hal_s2.o
                0x08008908                sli_power_manager_apply_em
 .text.sli_power_manager_get_wakeup_process_time_overhead
                0x08008958       0x3c ./gecko_sdk_4.2.2/platform/service/power_manager/src/sl_power_manager_hal_s2.o
                0x08008958                sli_power_manager_get_wakeup_process_time_overhead
 .text.sl_sleeptimer_init
                0x08008994       0xa0 ./gecko_sdk_4.2.2/platform/service/sleeptimer/src/sl_sleeptimer.o
                0x08008994                sl_sleeptimer_init
 .text.sl_sleeptimer_stop_timer
                0x08008a34       0x80 ./gecko_sdk_4.2.2/platform/service/sleeptimer/src/sl_sleeptimer.o
                0x08008a34                sl_sleeptimer_stop_timer
 .text.sl_sleeptimer_get_remaining_time_of_first_timer
                0x08008ab4       0x94 ./gecko_sdk_4.2.2/platform/service/sleeptimer/src/sl_sleeptimer.o
                0x08008ab4                sl_sleeptimer_get_remaining_time_of_first_timer
 .text.sli_sleeptimer_is_power_manager_timer_next_to_expire
                0x08008b48       0x18 ./gecko_sdk_4.2.2/platform/service/sleeptimer/src/sl_sleeptimer.o
                0x08008b48                sli_sleeptimer_is_power_manager_timer_next_to_expire
 .text.sl_sleeptimer_get_timer_frequency
                0x08008b60        0xc ./gecko_sdk_4.2.2/platform/service/sleeptimer/src/sl_sleeptimer.o
                0x08008b60                sl_sleeptimer_get_timer_frequency
 .text.process_timer_irq
                0x08008b6c      0x258 ./gecko_sdk_4.2.2/platform/service/sleeptimer/src/sl_sleeptimer.o
                0x08008b6c                process_timer_irq
 .text.delta_list_insert_timer
                0x08008dc4       0xd4 ./gecko_sdk_4.2.2/platform/service/sleeptimer/src/sl_sleeptimer.o
 .text.delta_list_remove_timer
                0x08008e98       0x74 ./gecko_sdk_4.2.2/platform/service/sleeptimer/src/sl_sleeptimer.o
 .text.set_comparator_for_next_timer
                0x08008f0c       0x4c ./gecko_sdk_4.2.2/platform/service/sleeptimer/src/sl_sleeptimer.o
 .text.update_delta_list
                0x08008f58       0x70 ./gecko_sdk_4.2.2/platform/service/sleeptimer/src/sl_sleeptimer.o
 .text.create_timer
                0x08008fc8       0xa8 ./gecko_sdk_4.2.2/platform/service/sleeptimer/src/sl_sleeptimer.o
 .text.update_next_timer_to_expire_is_power_manager
                0x08009070       0x58 ./gecko_sdk_4.2.2/platform/service/sleeptimer/src/sl_sleeptimer.o
 .text.sl_sleeptimer_is_power_manager_early_restore_timer_latest_to_expire
                0x080090c8       0x28 ./gecko_sdk_4.2.2/platform/service/sleeptimer/src/sl_sleeptimer.o
                0x080090c8                sl_sleeptimer_is_power_manager_early_restore_timer_latest_to_expire
 .text.__NVIC_EnableIRQ
                0x080090f0       0x34 ./gecko_sdk_4.2.2/platform/service/sleeptimer/src/sl_sleeptimer_hal_sysrtc.o
 .text.__NVIC_ClearPendingIRQ
                0x08009124       0x38 ./gecko_sdk_4.2.2/platform/service/sleeptimer/src/sl_sleeptimer_hal_sysrtc.o
 .text.sl_sysrtc_wait_sync
                0x0800915c       0x20 ./gecko_sdk_4.2.2/platform/service/sleeptimer/src/sl_sleeptimer_hal_sysrtc.o
 .text.sl_sysrtc_get_counter
                0x0800917c       0x14 ./gecko_sdk_4.2.2/platform/service/sleeptimer/src/sl_sleeptimer_hal_sysrtc.o
 .text.sl_sysrtc_set_counter
                0x08009190       0x1c ./gecko_sdk_4.2.2/platform/service/sleeptimer/src/sl_sleeptimer_hal_sysrtc.o
 .text.sleeptimer_hal_set_compare
                0x080091ac       0xac ./gecko_sdk_4.2.2/platform/service/sleeptimer/src/sl_sleeptimer_hal_sysrtc.o
                0x080091ac                sleeptimer_hal_set_compare
 .text.sleeptimer_hal_disable_int
                0x08009258       0x60 ./gecko_sdk_4.2.2/platform/service/sleeptimer/src/sl_sleeptimer_hal_sysrtc.o
                0x08009258                sleeptimer_hal_disable_int
 .text.sleeptimer_hal_set_int
                0x080092b8       0x2c ./gecko_sdk_4.2.2/platform/service/sleeptimer/src/sl_sleeptimer_hal_sysrtc.o
                0x080092b8                sleeptimer_hal_set_int
 .text.sl_udelay_wait
                0x080092e4       0x80 ./gecko_sdk_4.2.2/platform/service/udelay/src/sl_udelay.o
                0x080092e4                sl_udelay_wait
 .text.__NVIC_EnableIRQ
                0x08009364       0x34 ./src/GPIO.o
 .text.__NVIC_ClearPendingIRQ
                0x08009398       0x38 ./src/GPIO.o
 .text.GPIO_PinOutClear
                0x080093d0       0x84 ./src/GPIO.o
 .text.init_GPIO
                0x08009454       0xb0 ./src/GPIO.o
                0x08009454                init_GPIO
 .text.init_I2C0
                0x08009504       0x90 ./src/I2C.o
                0x08009504                init_I2C0
 .text.init_I2C1
                0x08009594       0x94 ./src/I2C.o
                0x08009594                init_I2C1
 .text.TIMER0_IRQHandler
                0x08009628       0x34 ./src/irq.o
                0x08009628                TIMER0_IRQHandler
 .text.accel_event_callback
                0x0800965c       0x10 ./src/irq.o
                0x0800965c                accel_event_callback
 .text.sos_event_callback
                0x0800966c       0x10 ./src/irq.o
                0x0800966c                sos_event_callback
 .text.GPS_TX_RDY_event_callback
                0x0800967c       0x10 ./src/irq.o
                0x0800967c                GPS_TX_RDY_event_callback
 .text.gps_read_flag_set
                0x0800968c       0x1c ./src/sam-m8q.o
                0x0800968c                gps_read_flag_set
 .text.gps_read_pending_data_length
                0x080096a8       0x90 ./src/sam-m8q.o
                0x080096a8                gps_read_pending_data_length
 .text.gps_read_pending_data
                0x08009738       0x98 ./src/sam-m8q.o
                0x08009738                gps_read_pending_data
 .text.gps_enable_periodic_updates
                0x080097d0      0x27c ./src/sam-m8q.o
                0x080097d0                gps_enable_periodic_updates
 .text.__NVIC_EnableIRQ
                0x08009a4c       0x34 ./src/timers.o
 .text.__NVIC_ClearPendingIRQ
                0x08009a80       0x38 ./src/timers.o
 .text.TIMER_Valid
                0x08009ab8       0x54 ./src/timers.o
 .text.TIMER_MaxCount
                0x08009b0c       0xf0 ./src/timers.o
 .text.TIMER_Enable
                0x08009bfc       0x44 ./src/timers.o
 .text.TIMER_TopSet
                0x08009c40       0x48 ./src/timers.o
 .text.init_timer0
                0x08009c88       0x70 ./src/timers.o
                0x08009c88                init_timer0
 .text          0x08009cf8      0x378 c:/siliconlabs/simplicitystudio/v5/developer/toolchains/gnu_arm/10.3_2021.10/bin/../lib/gcc/arm-none-eabi/10.3.1/thumb/v8-m.main+fp/hard\libgcc.a(_arm_addsubdf3.o)
                0x08009cf8                __aeabi_drsub
                0x08009d00                __aeabi_dsub
                0x08009d00                __subdf3
                0x08009d04                __aeabi_dadd
                0x08009d04                __adddf3
                0x08009f7c                __floatunsidf
                0x08009f7c                __aeabi_ui2d
                0x08009f9c                __floatsidf
                0x08009f9c                __aeabi_i2d
                0x08009fc0                __aeabi_f2d
                0x08009fc0                __extendsfdf2
                0x0800a004                __floatundidf
                0x0800a004                __aeabi_ul2d
                0x0800a014                __floatdidf
                0x0800a014                __aeabi_l2d
 .text          0x0800a070      0x424 c:/siliconlabs/simplicitystudio/v5/developer/toolchains/gnu_arm/10.3_2021.10/bin/../lib/gcc/arm-none-eabi/10.3.1/thumb/v8-m.main+fp/hard\libgcc.a(_arm_muldivdf3.o)
                0x0800a070                __aeabi_dmul
                0x0800a070                __muldf3
                0x0800a2c4                __divdf3
                0x0800a2c4                __aeabi_ddiv
 .text          0x0800a494       0x50 c:/siliconlabs/simplicitystudio/v5/developer/toolchains/gnu_arm/10.3_2021.10/bin/../lib/gcc/arm-none-eabi/10.3.1/thumb/v8-m.main+fp/hard\libgcc.a(_arm_fixdfsi.o)
                0x0800a494                __aeabi_d2iz
                0x0800a494                __fixdfsi
 .text          0x0800a4e4       0xa0 c:/siliconlabs/simplicitystudio/v5/developer/toolchains/gnu_arm/10.3_2021.10/bin/../lib/gcc/arm-none-eabi/10.3.1/thumb/v8-m.main+fp/hard\libgcc.a(_arm_truncdfsf2.o)
                0x0800a4e4                __truncdfsf2
                0x0800a4e4                __aeabi_d2f
 .text          0x0800a584       0x30 c:/siliconlabs/simplicitystudio/v5/developer/toolchains/gnu_arm/10.3_2021.10/bin/../lib/gcc/arm-none-eabi/10.3.1/thumb/v8-m.main+fp/hard\libgcc.a(_aeabi_uldivmod.o)
                0x0800a584                __aeabi_uldivmod
 .text          0x0800a5b4      0x2ec c:/siliconlabs/simplicitystudio/v5/developer/toolchains/gnu_arm/10.3_2021.10/bin/../lib/gcc/arm-none-eabi/10.3.1/thumb/v8-m.main+fp/hard\libgcc.a(_udivmoddi4.o)
                0x0800a5b4                __udivmoddi4
 .text          0x0800a8a0        0x4 c:/siliconlabs/simplicitystudio/v5/developer/toolchains/gnu_arm/10.3_2021.10/bin/../lib/gcc/arm-none-eabi/10.3.1/thumb/v8-m.main+fp/hard\libgcc.a(_dvmd_tls.o)
                0x0800a8a0                __aeabi_idiv0
                0x0800a8a0                __aeabi_ldiv0
 .text.exit     0x0800a8a4       0x28 c:/siliconlabs/simplicitystudio/v5/developer/toolchains/gnu_arm/10.3_2021.10/bin/../lib/gcc/arm-none-eabi/10.3.1/../../../../arm-none-eabi/lib/thumb/v8-m.main+fp/hard\libc_nano.a(lib_a-exit.o)
                0x0800a8a4                exit
 .text.__libc_init_array
                0x0800a8cc       0x48 c:/siliconlabs/simplicitystudio/v5/developer/toolchains/gnu_arm/10.3_2021.10/bin/../lib/gcc/arm-none-eabi/10.3.1/../../../../arm-none-eabi/lib/thumb/v8-m.main+fp/hard\libc_nano.a(lib_a-init.o)
                0x0800a8cc                __libc_init_array
 .text._printf_float
                0x0800a914      0x46c c:/siliconlabs/simplicitystudio/v5/developer/toolchains/gnu_arm/10.3_2021.10/bin/../lib/gcc/arm-none-eabi/10.3.1/../../../../arm-none-eabi/lib/thumb/v8-m.main+fp/hard\libc_nano.a(lib_a-nano-vfprintf_float.o)
                0x0800a914                _printf_float
 .text._printf_i
                0x0800ad80      0x24c c:/siliconlabs/simplicitystudio/v5/developer/toolchains/gnu_arm/10.3_2021.10/bin/../lib/gcc/arm-none-eabi/10.3.1/../../../../arm-none-eabi/lib/thumb/v8-m.main+fp/hard\libc_nano.a(lib_a-nano-vfprintf_i.o)
                0x0800ad80                _printf_i
 .text.setvbuf  0x0800afcc      0x188 c:/siliconlabs/simplicitystudio/v5/developer/toolchains/gnu_arm/10.3_2021.10/bin/../lib/gcc/arm-none-eabi/10.3.1/../../../../arm-none-eabi/lib/thumb/v8-m.main+fp/hard\libc_nano.a(lib_a-setvbuf.o)
                0x0800afcc                setvbuf
 .text.vprintf  0x0800b154       0x30 c:/siliconlabs/simplicitystudio/v5/developer/toolchains/gnu_arm/10.3_2021.10/bin/../lib/gcc/arm-none-eabi/10.3.1/../../../../arm-none-eabi/lib/thumb/v8-m.main+fp/hard\libc_nano.a(lib_a-vprintf.o)
                0x0800b154                viprintf
                0x0800b154                vprintf
 .text.__sflush_r
                0x0800b184      0x108 c:/siliconlabs/simplicitystudio/v5/developer/toolchains/gnu_arm/10.3_2021.10/bin/../lib/gcc/arm-none-eabi/10.3.1/../../../../arm-none-eabi/lib/thumb/v8-m.main+fp/hard\libc_nano.a(lib_a-fflush.o)
                0x0800b184                __sflush_r
 .text._fflush_r
                0x0800b28c       0x78 c:/siliconlabs/simplicitystudio/v5/developer/toolchains/gnu_arm/10.3_2021.10/bin/../lib/gcc/arm-none-eabi/10.3.1/../../../../arm-none-eabi/lib/thumb/v8-m.main+fp/hard\libc_nano.a(lib_a-fflush.o)
                0x0800b28c                _fflush_r
 .text.std      0x0800b304       0x48 c:/siliconlabs/simplicitystudio/v5/developer/toolchains/gnu_arm/10.3_2021.10/bin/../lib/gcc/arm-none-eabi/10.3.1/../../../../arm-none-eabi/lib/thumb/v8-m.main+fp/hard\libc_nano.a(lib_a-findfp.o)
 .text._cleanup_r
                0x0800b34c        0xc c:/siliconlabs/simplicitystudio/v5/developer/toolchains/gnu_arm/10.3_2021.10/bin/../lib/gcc/arm-none-eabi/10.3.1/../../../../arm-none-eabi/lib/thumb/v8-m.main+fp/hard\libc_nano.a(lib_a-findfp.o)
                0x0800b34c                _cleanup_r
 .text.__sfp_lock_acquire
                0x0800b358        0xc c:/siliconlabs/simplicitystudio/v5/developer/toolchains/gnu_arm/10.3_2021.10/bin/../lib/gcc/arm-none-eabi/10.3.1/../../../../arm-none-eabi/lib/thumb/v8-m.main+fp/hard\libc_nano.a(lib_a-findfp.o)
                0x0800b358                __sfp_lock_acquire
 .text.__sfp_lock_release
                0x0800b364        0xc c:/siliconlabs/simplicitystudio/v5/developer/toolchains/gnu_arm/10.3_2021.10/bin/../lib/gcc/arm-none-eabi/10.3.1/../../../../arm-none-eabi/lib/thumb/v8-m.main+fp/hard\libc_nano.a(lib_a-findfp.o)
                0x0800b364                __sfp_lock_release
 .text.__sinit_lock_acquire
                0x0800b370        0xc c:/siliconlabs/simplicitystudio/v5/developer/toolchains/gnu_arm/10.3_2021.10/bin/../lib/gcc/arm-none-eabi/10.3.1/../../../../arm-none-eabi/lib/thumb/v8-m.main+fp/hard\libc_nano.a(lib_a-findfp.o)
                0x0800b370                __sinit_lock_acquire
 .text.__sinit_lock_release
                0x0800b37c        0xc c:/siliconlabs/simplicitystudio/v5/developer/toolchains/gnu_arm/10.3_2021.10/bin/../lib/gcc/arm-none-eabi/10.3.1/../../../../arm-none-eabi/lib/thumb/v8-m.main+fp/hard\libc_nano.a(lib_a-findfp.o)
                0x0800b37c                __sinit_lock_release
 .text.__sinit  0x0800b388       0x70 c:/siliconlabs/simplicitystudio/v5/developer/toolchains/gnu_arm/10.3_2021.10/bin/../lib/gcc/arm-none-eabi/10.3.1/../../../../arm-none-eabi/lib/thumb/v8-m.main+fp/hard\libc_nano.a(lib_a-findfp.o)
                0x0800b388                __sinit
 .text.__sfp    0x0800b3f8       0x8c c:/siliconlabs/simplicitystudio/v5/developer/toolchains/gnu_arm/10.3_2021.10/bin/../lib/gcc/arm-none-eabi/10.3.1/../../../../arm-none-eabi/lib/thumb/v8-m.main+fp/hard\libc_nano.a(lib_a-findfp.o)
                0x0800b3f8                __sfp
 .text._localeconv_r
                0x0800b484        0x8 c:/siliconlabs/simplicitystudio/v5/developer/toolchains/gnu_arm/10.3_2021.10/bin/../lib/gcc/arm-none-eabi/10.3.1/../../../../arm-none-eabi/lib/thumb/v8-m.main+fp/hard\libc_nano.a(lib_a-localeconv.o)
                0x0800b484                _localeconv_r
 .text.__smakebuf_r
                0x0800b48c       0x80 c:/siliconlabs/simplicitystudio/v5/developer/toolchains/gnu_arm/10.3_2021.10/bin/../lib/gcc/arm-none-eabi/10.3.1/../../../../arm-none-eabi/lib/thumb/v8-m.main+fp/hard\libc_nano.a(lib_a-makebuf.o)
                0x0800b48c                __smakebuf_r
 .text.malloc   0x0800b50c       0x10 c:/siliconlabs/simplicitystudio/v5/developer/toolchains/gnu_arm/10.3_2021.10/bin/../lib/gcc/arm-none-eabi/10.3.1/../../../../arm-none-eabi/lib/thumb/v8-m.main+fp/hard\libc_nano.a(lib_a-malloc.o)
                0x0800b50c                malloc
 .text._Balloc  0x0800b51c       0x80 c:/siliconlabs/simplicitystudio/v5/developer/toolchains/gnu_arm/10.3_2021.10/bin/../lib/gcc/arm-none-eabi/10.3.1/../../../../arm-none-eabi/lib/thumb/v8-m.main+fp/hard\libc_nano.a(lib_a-mprec.o)
                0x0800b51c                _Balloc
 .text._Bfree   0x0800b59c       0x44 c:/siliconlabs/simplicitystudio/v5/developer/toolchains/gnu_arm/10.3_2021.10/bin/../lib/gcc/arm-none-eabi/10.3.1/../../../../arm-none-eabi/lib/thumb/v8-m.main+fp/hard\libc_nano.a(lib_a-mprec.o)
                0x0800b59c                _Bfree
 .text.__multadd
                0x0800b5e0       0x90 c:/siliconlabs/simplicitystudio/v5/developer/toolchains/gnu_arm/10.3_2021.10/bin/../lib/gcc/arm-none-eabi/10.3.1/../../../../arm-none-eabi/lib/thumb/v8-m.main+fp/hard\libc_nano.a(lib_a-mprec.o)
                0x0800b5e0                __multadd
 .text.__i2b    0x0800b670       0x2c c:/siliconlabs/simplicitystudio/v5/developer/toolchains/gnu_arm/10.3_2021.10/bin/../lib/gcc/arm-none-eabi/10.3.1/../../../../arm-none-eabi/lib/thumb/v8-m.main+fp/hard\libc_nano.a(lib_a-mprec.o)
                0x0800b670                __i2b
 .text.__multiply
                0x0800b69c      0x150 c:/siliconlabs/simplicitystudio/v5/developer/toolchains/gnu_arm/10.3_2021.10/bin/../lib/gcc/arm-none-eabi/10.3.1/../../../../arm-none-eabi/lib/thumb/v8-m.main+fp/hard\libc_nano.a(lib_a-mprec.o)
                0x0800b69c                __multiply
 .text.__pow5mult
                0x0800b7ec       0xb4 c:/siliconlabs/simplicitystudio/v5/developer/toolchains/gnu_arm/10.3_2021.10/bin/../lib/gcc/arm-none-eabi/10.3.1/../../../../arm-none-eabi/lib/thumb/v8-m.main+fp/hard\libc_nano.a(lib_a-mprec.o)
                0x0800b7ec                __pow5mult
 .text.__lshift
                0x0800b8a0       0xe0 c:/siliconlabs/simplicitystudio/v5/developer/toolchains/gnu_arm/10.3_2021.10/bin/../lib/gcc/arm-none-eabi/10.3.1/../../../../arm-none-eabi/lib/thumb/v8-m.main+fp/hard\libc_nano.a(lib_a-mprec.o)
                0x0800b8a0                __lshift
 .text.__mdiff  0x0800b980      0x120 c:/siliconlabs/simplicitystudio/v5/developer/toolchains/gnu_arm/10.3_2021.10/bin/../lib/gcc/arm-none-eabi/10.3.1/../../../../arm-none-eabi/lib/thumb/v8-m.main+fp/hard\libc_nano.a(lib_a-mprec.o)
                0x0800b980                __mdiff
 .text.__d2b    0x0800baa0       0xb8 c:/siliconlabs/simplicitystudio/v5/developer/toolchains/gnu_arm/10.3_2021.10/bin/../lib/gcc/arm-none-eabi/10.3.1/../../../../arm-none-eabi/lib/thumb/v8-m.main+fp/hard\libc_nano.a(lib_a-mprec.o)
                0x0800baa0                __d2b
 .text._free_r  0x0800bb58       0x98 c:/siliconlabs/simplicitystudio/v5/developer/toolchains/gnu_arm/10.3_2021.10/bin/../lib/gcc/arm-none-eabi/10.3.1/../../../../arm-none-eabi/lib/thumb/v8-m.main+fp/hard\libc_nano.a(lib_a-nano-freer.o)
                0x0800bb58                _free_r
 .text.sbrk_aligned
                0x0800bbf0       0x40 c:/siliconlabs/simplicitystudio/v5/developer/toolchains/gnu_arm/10.3_2021.10/bin/../lib/gcc/arm-none-eabi/10.3.1/../../../../arm-none-eabi/lib/thumb/v8-m.main+fp/hard\libc_nano.a(lib_a-nano-mallocr.o)
 .text._malloc_r
                0x0800bc30       0xe8 c:/siliconlabs/simplicitystudio/v5/developer/toolchains/gnu_arm/10.3_2021.10/bin/../lib/gcc/arm-none-eabi/10.3.1/../../../../arm-none-eabi/lib/thumb/v8-m.main+fp/hard\libc_nano.a(lib_a-nano-mallocr.o)
                0x0800bc30                _malloc_r
 .text._vfprintf_r
                0x0800bd18      0x260 c:/siliconlabs/simplicitystudio/v5/developer/toolchains/gnu_arm/10.3_2021.10/bin/../lib/gcc/arm-none-eabi/10.3.1/../../../../arm-none-eabi/lib/thumb/v8-m.main+fp/hard\libc_nano.a(lib_a-nano-vfprintf.o)
                0x0800bd18                _vfprintf_r
                0x0800bd18                _vfiprintf_r
 .text._sbrk_r  0x0800bf78       0x20 c:/siliconlabs/simplicitystudio/v5/developer/toolchains/gnu_arm/10.3_2021.10/bin/../lib/gcc/arm-none-eabi/10.3.1/../../../../arm-none-eabi/lib/thumb/v8-m.main+fp/hard\libc_nano.a(lib_a-sbrkr.o)
                0x0800bf78                _sbrk_r
 .text.__swbuf_r
                0x0800bf98       0xa4 c:/siliconlabs/simplicitystudio/v5/developer/toolchains/gnu_arm/10.3_2021.10/bin/../lib/gcc/arm-none-eabi/10.3.1/../../../../arm-none-eabi/lib/thumb/v8-m.main+fp/hard\libc_nano.a(lib_a-wbuf.o)
                0x0800bf98                __swbuf_r
 .text._write_r
                0x0800c03c       0x24 c:/siliconlabs/simplicitystudio/v5/developer/toolchains/gnu_arm/10.3_2021.10/bin/../lib/gcc/arm-none-eabi/10.3.1/../../../../arm-none-eabi/lib/thumb/v8-m.main+fp/hard\libc_nano.a(lib_a-writer.o)
                0x0800c03c                _write_r
 .text.__swsetup_r
                0x0800c060       0xdc c:/siliconlabs/simplicitystudio/v5/developer/toolchains/gnu_arm/10.3_2021.10/bin/../lib/gcc/arm-none-eabi/10.3.1/../../../../arm-none-eabi/lib/thumb/v8-m.main+fp/hard\libc_nano.a(lib_a-wsetup.o)
                0x0800c060                __swsetup_r
 .text.__assert_func
                0x0800c13c       0x3c c:/siliconlabs/simplicitystudio/v5/developer/toolchains/gnu_arm/10.3_2021.10/bin/../lib/gcc/arm-none-eabi/10.3.1/../../../../arm-none-eabi/lib/thumb/v8-m.main+fp/hard\libc_nano.a(lib_a-assert.o)
                0x0800c13c                __assert_func
 .text._close_r
                0x0800c178       0x20 c:/siliconlabs/simplicitystudio/v5/developer/toolchains/gnu_arm/10.3_2021.10/bin/../lib/gcc/arm-none-eabi/10.3.1/../../../../arm-none-eabi/lib/thumb/v8-m.main+fp/hard\libc_nano.a(lib_a-closer.o)
                0x0800c178                _close_r
 .text.fprintf  0x0800c198       0x24 c:/siliconlabs/simplicitystudio/v5/developer/toolchains/gnu_arm/10.3_2021.10/bin/../lib/gcc/arm-none-eabi/10.3.1/../../../../arm-none-eabi/lib/thumb/v8-m.main+fp/hard\libc_nano.a(lib_a-fprintf.o)
                0x0800c198                fiprintf
                0x0800c198                fprintf
 .text._fstat_r
                0x0800c1bc       0x24 c:/siliconlabs/simplicitystudio/v5/developer/toolchains/gnu_arm/10.3_2021.10/bin/../lib/gcc/arm-none-eabi/10.3.1/../../../../arm-none-eabi/lib/thumb/v8-m.main+fp/hard\libc_nano.a(lib_a-fstatr.o)
                0x0800c1bc                _fstat_r
 .text._isatty_r
                0x0800c1e0       0x20 c:/siliconlabs/simplicitystudio/v5/developer/toolchains/gnu_arm/10.3_2021.10/bin/../lib/gcc/arm-none-eabi/10.3.1/../../../../arm-none-eabi/lib/thumb/v8-m.main+fp/hard\libc_nano.a(lib_a-isattyr.o)
                0x0800c1e0                _isatty_r
 .text._lseek_r
                0x0800c200       0x24 c:/siliconlabs/simplicitystudio/v5/developer/toolchains/gnu_arm/10.3_2021.10/bin/../lib/gcc/arm-none-eabi/10.3.1/../../../../arm-none-eabi/lib/thumb/v8-m.main+fp/hard\libc_nano.a(lib_a-lseekr.o)
                0x0800c200                _lseek_r
 .text.__malloc_lock
                0x0800c224        0xc c:/siliconlabs/simplicitystudio/v5/developer/toolchains/gnu_arm/10.3_2021.10/bin/../lib/gcc/arm-none-eabi/10.3.1/../../../../arm-none-eabi/lib/thumb/v8-m.main+fp/hard\libc_nano.a(lib_a-mlock.o)
                0x0800c224                __malloc_lock
 .text.__malloc_unlock
                0x0800c230        0xc c:/siliconlabs/simplicitystudio/v5/developer/toolchains/gnu_arm/10.3_2021.10/bin/../lib/gcc/arm-none-eabi/10.3.1/../../../../arm-none-eabi/lib/thumb/v8-m.main+fp/hard\libc_nano.a(lib_a-mlock.o)
                0x0800c230                __malloc_unlock
 .text._read_r  0x0800c23c       0x24 c:/siliconlabs/simplicitystudio/v5/developer/toolchains/gnu_arm/10.3_2021.10/bin/../lib/gcc/arm-none-eabi/10.3.1/../../../../arm-none-eabi/lib/thumb/v8-m.main+fp/hard\libc_nano.a(lib_a-readr.o)
                0x0800c23c                _read_r
 .text.raise    0x0800c260       0x10 c:/siliconlabs/simplicitystudio/v5/developer/toolchains/gnu_arm/10.3_2021.10/bin/../lib/gcc/arm-none-eabi/10.3.1/../../../../arm-none-eabi/lib/thumb/v8-m.main+fp/hard\libc_nano.a(lib_a-signal.o)
                0x0800c260                raise
 .text._kill_r  0x0800c270       0x24 c:/siliconlabs/simplicitystudio/v5/developer/toolchains/gnu_arm/10.3_2021.10/bin/../lib/gcc/arm-none-eabi/10.3.1/../../../../arm-none-eabi/lib/thumb/v8-m.main+fp/hard\libc_nano.a(lib_a-signalr.o)
                0x0800c270                _kill_r
 .text          0x0800c294      0x110 c:/siliconlabs/simplicitystudio/v5/developer/toolchains/gnu_arm/10.3_2021.10/bin/../lib/gcc/arm-none-eabi/10.3.1/thumb/v8-m.main+fp/hard\libgcc.a(_arm_cmpdf2.o)
                0x0800c294                __gtdf2
                0x0800c294                __gedf2
                0x0800c29c                __ltdf2
                0x0800c29c                __ledf2
                0x0800c2a4                __nedf2
                0x0800c2a4                __eqdf2
                0x0800c2a4                __cmpdf2
                0x0800c320                __aeabi_cdrcmple
                0x0800c330                __aeabi_cdcmpeq
                0x0800c330                __aeabi_cdcmple
                0x0800c340                __aeabi_dcmpeq
                0x0800c354                __aeabi_dcmplt
                0x0800c368                __aeabi_dcmple
                0x0800c37c                __aeabi_dcmpge
                0x0800c390                __aeabi_dcmpgt
 .text          0x0800c3a4       0x2c c:/siliconlabs/simplicitystudio/v5/developer/toolchains/gnu_arm/10.3_2021.10/bin/../lib/gcc/arm-none-eabi/10.3.1/thumb/v8-m.main+fp/hard\libgcc.a(_arm_unorddf2.o)
                0x0800c3a4                __unorddf2
                0x0800c3a4                __aeabi_dcmpun
 .text.main     0x0800c3d0       0x18 ./main.o
                0x0800c3d0                main
 .text.sl_board_default_init
                0x0800c3e8        0xa ./autogen/sl_board_default_init.o
                0x0800c3e8                sl_board_default_init
 .text.CHIP_Init
                0x0800c3f2        0x4 ./autogen/sl_event_handler.o
 .text.sl_platform_init
                0x0800c3f6       0x32 ./autogen/sl_event_handler.o
                0x0800c3f6                sl_platform_init
 .text.sl_driver_init
                0x0800c428       0x12 ./autogen/sl_event_handler.o
                0x0800c428                sl_driver_init
 .text.sl_service_init
                0x0800c43a       0x1a ./autogen/sl_event_handler.o
                0x0800c43a                sl_service_init
 .text.sl_stack_init
                0x0800c454        0x4 ./autogen/sl_event_handler.o
                0x0800c454                sl_stack_init
 .text.sl_internal_app_init
                0x0800c458        0xa ./autogen/sl_event_handler.o
                0x0800c458                sl_internal_app_init
 .text.sl_platform_process_action
                0x0800c462        0x4 ./autogen/sl_event_handler.o
                0x0800c462                sl_platform_process_action
 .text.sl_service_process_action
                0x0800c466        0x4 ./autogen/sl_event_handler.o
                0x0800c466                sl_service_process_action
 .text.sl_stack_process_action
                0x0800c46a        0x4 ./autogen/sl_event_handler.o
                0x0800c46a                sl_stack_process_action
 .text.sl_internal_app_process_action
                0x0800c46e        0x4 ./autogen/sl_event_handler.o
                0x0800c46e                sl_internal_app_process_action
 .text.sl_iostream_init_instances
                0x0800c472        0xa ./autogen/sl_event_handler.o
                0x0800c472                sl_iostream_init_instances
 .text.BUS_RegBitRead
                0x0800c47c       0x1a ./autogen/sl_iostream_init_usart_instances.o
 .text.sl_iostream_uart_sleep_on_isr_exit
                0x0800c496       0x1c ./autogen/sl_iostream_init_usart_instances.o
 .text.app_is_ok_to_sleep
                0x0800c4b2        0x6 ./autogen/sl_power_manager_handler.o
                0x0800c4b2                app_is_ok_to_sleep
 .text.app_sleep_on_isr_exit
                0x0800c4b8        0x6 ./autogen/sl_power_manager_handler.o
                0x0800c4b8                app_sleep_on_isr_exit
 .text.sl_power_manager_is_ok_to_sleep
                0x0800c4be       0x2c ./autogen/sl_power_manager_handler.o
                0x0800c4be                sl_power_manager_is_ok_to_sleep
 .text.sl_power_manager_sleep_on_isr_exit
                0x0800c4ea       0x84 ./autogen/sl_power_manager_handler.o
                0x0800c4ea                sl_power_manager_sleep_on_isr_exit
 .text.sl_board_configure_vcom
                0x0800c56e        0xc ./gecko_sdk_4.2.2/hardware/board/src/sl_board_control_gpio.o
                0x0800c56e                sl_board_configure_vcom
 .text.sl_board_enable_vcom
                0x0800c57a       0x14 ./gecko_sdk_4.2.2/hardware/board/src/sl_board_control_gpio.o
                0x0800c57a                sl_board_enable_vcom
 .text.sl_board_disable_vcom
                0x0800c58e       0x14 ./gecko_sdk_4.2.2/hardware/board/src/sl_board_control_gpio.o
                0x0800c58e                sl_board_disable_vcom
 .text.sl_board_init
                0x0800c5a2       0x16 ./gecko_sdk_4.2.2/hardware/board/src/sl_board_init.o
                0x0800c5a2                sl_board_init
 .text.sl_board_preinit
                0x0800c5b8        0xe ./gecko_sdk_4.2.2/hardware/board/src/sl_board_init.o
                0x0800c5b8                sl_board_preinit
 .text.sl_cos_send_config
                0x0800c5c6        0xc ./gecko_sdk_4.2.2/hardware/driver/configuration_over_swo/src/sl_cos.o
                0x0800c5c6                sl_cos_send_config
 .text.cs_low   0x0800c5d2        0xe ./gecko_sdk_4.2.2/hardware/driver/mx25_flash_shutdown/src/sl_mx25_flash_shutdown_eusart/sl_mx25_flash_shutdown.o
 .text.cs_high  0x0800c5e0        0xe ./gecko_sdk_4.2.2/hardware/driver/mx25_flash_shutdown/src/sl_mx25_flash_shutdown_eusart/sl_mx25_flash_shutdown.o
 .text.Default_Handler
                0x0800c5ee        0x2 ./gecko_sdk_4.2.2/platform/Device/SiliconLabs/EFR32MG24/Source/startup_efr32mg24.o
                0x0800c5ee                ULFRCO_IRQHandler
                0x0800c5ee                AHB2AHB1_IRQHandler
                0x0800c5ee                SW2_IRQHandler
                0x0800c5ee                TIMER2_IRQHandler
                0x0800c5ee                DebugMon_Handler
                0x0800c5ee                IADC_IRQHandler
                0x0800c5ee                EUSART0_TX_IRQHandler
                0x0800c5ee                I2C0_IRQHandler
                0x0800c5ee                LFXO_IRQHandler
                0x0800c5ee                HardFault_Handler
                0x0800c5ee                SMU_SECURE_IRQHandler
                0x0800c5ee                SysTick_Handler
                0x0800c5ee                SYSRTC_SEQ_IRQHandler
                0x0800c5ee                EMUEFP_IRQHandler
                0x0800c5ee                PendSV_Handler
                0x0800c5ee                NMI_Handler
                0x0800c5ee                SYNTH_IRQHandler
                0x0800c5ee                HOSTMAILBOX_IRQHandler
                0x0800c5ee                I2C1_IRQHandler
                0x0800c5ee                WDOG0_IRQHandler
                0x0800c5ee                TIMER3_IRQHandler
                0x0800c5ee                SYSCFG_IRQHandler
                0x0800c5ee                RFECA1_IRQHandler
                0x0800c5ee                EMUDG_IRQHandler
                0x0800c5ee                MSC_IRQHandler
                0x0800c5ee                DPLL0_IRQHandler
                0x0800c5ee                UsageFault_Handler
                0x0800c5ee                WDOG1_IRQHandler
                0x0800c5ee                M33CTI1_IRQHandler
                0x0800c5ee                TIMER4_IRQHandler
                0x0800c5ee                VDAC0_IRQHandler
                0x0800c5ee                SEMBTX_IRQHandler
                0x0800c5ee                SW0_IRQHandler
                0x0800c5ee                MVP_IRQHandler
                0x0800c5ee                LETIMER0_IRQHandler
                0x0800c5ee                EUSART1_RX_IRQHandler
                0x0800c5ee                TIMER1_IRQHandler
                0x0800c5ee                HFRCO0_IRQHandler
                0x0800c5ee                SecureFault_Handler
                0x0800c5ee                BUFC_IRQHandler
                0x0800c5ee                DCDC_IRQHandler
                0x0800c5ee                MODEM_IRQHandler
                0x0800c5ee                Default_Handler
                0x0800c5ee                RAC_SEQ_IRQHandler
                0x0800c5ee                FRC_PRI_IRQHandler
                0x0800c5ee                SW3_IRQHandler
                0x0800c5ee                EMU_IRQHandler
                0x0800c5ee                KERNEL0_IRQHandler
                0x0800c5ee                FRC_IRQHandler
                0x0800c5ee                PCNT0_IRQHandler
                0x0800c5ee                KERNEL1_IRQHandler
                0x0800c5ee                AGC_IRQHandler
                0x0800c5ee                EUSART1_TX_IRQHandler
                0x0800c5ee                KEYSCAN_IRQHandler
                0x0800c5ee                HFRCOEM23_IRQHandler
                0x0800c5ee                sl_app_properties
                0x0800c5ee                BURTC_IRQHandler
                0x0800c5ee                SEMBRX_IRQHandler
                0x0800c5ee                RFECA0_IRQHandler
                0x0800c5ee                LFRCO_IRQHandler
                0x0800c5ee                VDAC1_IRQHandler
                0x0800c5ee                ACMP0_IRQHandler
                0x0800c5ee                MemManage_Handler
                0x0800c5ee                AHB2AHB0_IRQHandler
                0x0800c5ee                SVC_Handler
                0x0800c5ee                SMU_S_PRIVILEGED_IRQHandler
                0x0800c5ee                SW1_IRQHandler
                0x0800c5ee                CMU_IRQHandler
                0x0800c5ee                EUSART0_RX_IRQHandler
                0x0800c5ee                RAC_RSM_IRQHandler
                0x0800c5ee                SETAMPERHOST_IRQHandler
                0x0800c5ee                AES_IRQHandler
                0x0800c5ee                M33CTI0_IRQHandler
                0x0800c5ee                ICACHE0_IRQHandler
                0x0800c5ee                SMU_NS_PRIVILEGED_IRQHandler
                0x0800c5ee                FPUEXH_IRQHandler
                0x0800c5ee                PROTIMER_IRQHandler
                0x0800c5ee                ACMP1_IRQHandler
                0x0800c5ee                BusFault_Handler
                0x0800c5ee                MPAHBRAM_IRQHandler
 .text.SystemCLKIN0Get
                0x0800c5f0        0x6 ./gecko_sdk_4.2.2/platform/Device/SiliconLabs/EFR32MG24/Source/system_efr32mg24.o
                0x0800c5f0                SystemCLKIN0Get
 .text.SystemLFRCOClockGet
                0x0800c5f6        0x8 ./gecko_sdk_4.2.2/platform/Device/SiliconLabs/EFR32MG24/Source/system_efr32mg24.o
                0x0800c5f6                SystemLFRCOClockGet
 .text.SystemULFRCOClockGet
                0x0800c5fe        0x8 ./gecko_sdk_4.2.2/platform/Device/SiliconLabs/EFR32MG24/Source/system_efr32mg24.o
                0x0800c5fe                SystemULFRCOClockGet
 .text.assertEFM
                0x0800c606        0x8 ./gecko_sdk_4.2.2/platform/common/src/sl_assert.o
                0x0800c606                assertEFM
 .text.sl_slist_init
                0x0800c60e       0x10 ./gecko_sdk_4.2.2/platform/common/src/sl_slist.o
                0x0800c60e                sl_slist_init
 .text.sl_debug_swo_enable_itm
                0x0800c61e       0x26 ./gecko_sdk_4.2.2/platform/driver/debug/src/sl_debug_swo.o
                0x0800c61e                sl_debug_swo_enable_itm
 .text.DMADRV_PeripheralMemory
                0x0800c644       0x46 ./gecko_sdk_4.2.2/platform/emdrv/dmadrv/src/dmadrv.o
                0x0800c644                DMADRV_PeripheralMemory
 .text.SL_CTZ   0x0800c68a       0x2c ./gecko_sdk_4.2.2/platform/emdrv/gpiointerrupt/src/gpiointerrupt.o
 .text.GPIOINT_Init
                0x0800c6b6       0x36 ./gecko_sdk_4.2.2/platform/emdrv/gpiointerrupt/src/gpiointerrupt.o
                0x0800c6b6                GPIOINT_Init
 .text.GPIO_EVEN_IRQHandler
                0x0800c6ec       0x28 ./gecko_sdk_4.2.2/platform/emdrv/gpiointerrupt/src/gpiointerrupt.o
                0x0800c6ec                GPIO_EVEN_IRQHandler
 .text.GPIO_ODD_IRQHandler
                0x0800c714       0x28 ./gecko_sdk_4.2.2/platform/emdrv/gpiointerrupt/src/gpiointerrupt.o
                0x0800c714                GPIO_ODD_IRQHandler
 .text.SystemCoreClockGet
                0x0800c73c        0xc ./gecko_sdk_4.2.2/platform/emlib/src/em_cmu.o
 .text.BUS_RegBitRead
                0x0800c748       0x1a ./gecko_sdk_4.2.2/platform/emlib/src/em_cmu.o
 .text.BUS_RegMaskedWrite
                0x0800c762       0x34 ./gecko_sdk_4.2.2/platform/emlib/src/em_cmu.o
 .text.sli_em_cmu_SYSCLKInitPreClockSelect
                0x0800c796       0x1a ./gecko_sdk_4.2.2/platform/emlib/src/em_cmu.o
                0x0800c796                sli_em_cmu_SYSCLKInitPreClockSelect
 .text.sli_em_cmu_SYSCLKInitPostClockSelect
                0x0800c7b0       0x2e ./gecko_sdk_4.2.2/platform/emlib/src/em_cmu.o
                0x0800c7b0                sli_em_cmu_SYSCLKInitPostClockSelect
 .text.CMU_UpdateWaitStates
                0x0800c7de       0x28 ./gecko_sdk_4.2.2/platform/emlib/src/em_cmu.o
                0x0800c7de                CMU_UpdateWaitStates
 .text.pclkDivMax
                0x0800c806       0x10 ./gecko_sdk_4.2.2/platform/emlib/src/em_cmu.o
 .text.waitStateMax
                0x0800c816       0x14 ./gecko_sdk_4.2.2/platform/emlib/src/em_cmu.o
 .text.CORE_EnterCritical
                0x0800c82a       0x18 ./gecko_sdk_4.2.2/platform/emlib/src/em_core.o
                0x0800c82a                CORE_EnterCritical
 .text.CORE_ExitCritical
                0x0800c842       0x14 ./gecko_sdk_4.2.2/platform/emlib/src/em_core.o
                0x0800c842                CORE_ExitCritical
 .text.CORE_EnterAtomic
                0x0800c856       0x20 ./gecko_sdk_4.2.2/platform/emlib/src/em_core.o
                0x0800c856                CORE_EnterAtomic
 .text.CORE_ExitAtomic
                0x0800c876       0x16 ./gecko_sdk_4.2.2/platform/emlib/src/em_core.o
                0x0800c876                CORE_ExitAtomic
 .text.SystemCoreClockUpdate
                0x0800c88c        0xa ./gecko_sdk_4.2.2/platform/emlib/src/em_emu.o
 .text.BUS_RegBitRead
                0x0800c896       0x1a ./gecko_sdk_4.2.2/platform/emlib/src/em_emu.o
 .text.vScaleEM01Cmd
                0x0800c8b0       0x1c ./gecko_sdk_4.2.2/platform/emlib/src/em_emu.o
 .text.EMU_EFPEM23PresleepHook
                0x0800c8cc        0x4 ./gecko_sdk_4.2.2/platform/emlib/src/em_emu.o
                0x0800c8cc                EMU_EFPEM23PresleepHook
 .text.EMU_EFPEM23PostsleepHook
                0x0800c8d0        0x4 ./gecko_sdk_4.2.2/platform/emlib/src/em_emu.o
                0x0800c8d0                EMU_EFPEM23PostsleepHook
 .text.EMU_Save
                0x0800c8d4        0x4 ./gecko_sdk_4.2.2/platform/emlib/src/em_emu.o
                0x0800c8d4                EMU_Save
 .text.EMU_Restore
                0x0800c8d8        0x4 ./gecko_sdk_4.2.2/platform/emlib/src/em_emu.o
                0x0800c8d8                EMU_Restore
 .text.EMU_EFPEM01VScale
                0x0800c8dc        0xe ./gecko_sdk_4.2.2/platform/emlib/src/em_emu.o
                0x0800c8dc                EMU_EFPEM01VScale
 .text.EMU_DCDCUpdatedHook
                0x0800c8ea        0x4 ./gecko_sdk_4.2.2/platform/emlib/src/em_emu.o
                0x0800c8ea                EMU_DCDCUpdatedHook
 .text.EUSART_StatusGet
                0x0800c8ee        0xe ./gecko_sdk_4.2.2/platform/emlib/src/em_eusart.o
 .text.eusart_sync
                0x0800c8fc       0x1c ./gecko_sdk_4.2.2/platform/emlib/src/em_eusart.o
 .text.EUSART_Spi_TxRx
                0x0800c918       0x3a ./gecko_sdk_4.2.2/platform/emlib/src/em_eusart.o
                0x0800c918                EUSART_Spi_TxRx
 .text.EUSART_Disable
                0x0800c952       0x68 ./gecko_sdk_4.2.2/platform/emlib/src/em_eusart.o
 .text.BUS_RegMaskedWrite
                0x0800c9ba       0x34 ./gecko_sdk_4.2.2/platform/emlib/src/em_gpio.o
 .text.GPIO_DbgLocationSet
                0x0800c9ee        0xa ./gecko_sdk_4.2.2/platform/emlib/src/em_gpio.o
                0x0800c9ee                GPIO_DbgLocationSet
 .text.I2C_IntClear
                0x0800c9f8       0x18 ./gecko_sdk_4.2.2/platform/emlib/src/em_i2c.o
 .text.BUS_RegMaskedWrite
                0x0800ca10       0x34 ./gecko_sdk_4.2.2/platform/emlib/src/em_i2c.o
 .text.flushRx  0x0800ca44       0x28 ./gecko_sdk_4.2.2/platform/emlib/src/em_i2c.o
 .text.BUS_RegMaskedClear
                0x0800ca6c       0x1a ./gecko_sdk_4.2.2/platform/emlib/src/em_ldma.o
 .text.TIMER_SyncWait
                0x0800ca86       0x24 ./gecko_sdk_4.2.2/platform/emlib/src/em_timer.o
                0x0800ca86                TIMER_SyncWait
 .text.USART_Tx
                0x0800caaa       0x26 ./gecko_sdk_4.2.2/platform/emlib/src/em_usart.o
                0x0800caaa                USART_Tx
 .text.sl_device_init_nvic
                0x0800cad0       0x38 ./gecko_sdk_4.2.2/platform/service/device_init/src/sl_device_init_nvic.o
                0x0800cad0                sl_device_init_nvic
 .text.sl_hfxo_manager_init_hardware
                0x0800cb08        0xa ./gecko_sdk_4.2.2/platform/service/hfxo_manager/src/sl_hfxo_manager.o
                0x0800cb08                sl_hfxo_manager_init_hardware
 .text.HFXO0_IRQHandler
                0x0800cb12        0xa ./gecko_sdk_4.2.2/platform/service/hfxo_manager/src/sl_hfxo_manager_hal_s2.o
                0x0800cb12                HFXO0_IRQHandler
 .text.sl_iostream_write
                0x0800cb1c       0x40 ./gecko_sdk_4.2.2/platform/service/iostream/src/sl_iostream.o
                0x0800cb1c                sl_iostream_write
 .text.sl_iostream_read
                0x0800cb5c       0x50 ./gecko_sdk_4.2.2/platform/service/iostream/src/sl_iostream.o
                0x0800cb5c                sl_iostream_read
 .text.sl_iostream_vprintf
                0x0800cbac       0x64 ./gecko_sdk_4.2.2/platform/service/iostream/src/sl_iostream.o
                0x0800cbac                sl_iostream_vprintf
 .text.sl_iostream_printf
                0x0800cc10       0x26 ./gecko_sdk_4.2.2/platform/service/iostream/src/sl_iostream.o
                0x0800cc10                sl_iostream_printf
 .text._close   0x0800cc36        0xc ./gecko_sdk_4.2.2/platform/service/iostream/src/sl_iostream_retarget_stdio.o
                0x0800cc36                _close
 .text._exit    0x0800cc42        0x6 ./gecko_sdk_4.2.2/platform/service/iostream/src/sl_iostream_retarget_stdio.o
                0x0800cc42                _exit
 .text._fstat   0x0800cc48       0x16 ./gecko_sdk_4.2.2/platform/service/iostream/src/sl_iostream_retarget_stdio.o
                0x0800cc48                _fstat
 .text._getpid  0x0800cc5e        0x6 ./gecko_sdk_4.2.2/platform/service/iostream/src/sl_iostream_retarget_stdio.o
                0x0800cc5e                _getpid
 .text._isatty  0x0800cc64        0xc ./gecko_sdk_4.2.2/platform/service/iostream/src/sl_iostream_retarget_stdio.o
                0x0800cc64                _isatty
 .text._kill    0x0800cc70       0x10 ./gecko_sdk_4.2.2/platform/service/iostream/src/sl_iostream_retarget_stdio.o
                0x0800cc70                _kill
 .text._lseek   0x0800cc80       0x10 ./gecko_sdk_4.2.2/platform/service/iostream/src/sl_iostream_retarget_stdio.o
                0x0800cc80                _lseek
 .text._read    0x0800cc90       0x30 ./gecko_sdk_4.2.2/platform/service/iostream/src/sl_iostream_retarget_stdio.o
                0x0800cc90                _read
 .text.sl_power_manager_add_em_requirement
                0x0800ccc0       0x2a ./gecko_sdk_4.2.2/platform/service/iostream/src/sl_iostream_uart.o
 .text.sl_power_manager_remove_em_requirement
                0x0800ccea       0x2a ./gecko_sdk_4.2.2/platform/service/iostream/src/sl_iostream_uart.o
 .text.sleep_on_isr_exit
                0x0800cd14       0x60 ./gecko_sdk_4.2.2/platform/service/iostream/src/sl_iostream_uart.o
 .text.set_auto_cr_lf
                0x0800cd74       0x1e ./gecko_sdk_4.2.2/platform/service/iostream/src/sl_iostream_uart.o
 .text.get_auto_cr_lf
                0x0800cd92       0x1c ./gecko_sdk_4.2.2/platform/service/iostream/src/sl_iostream_uart.o
 .text.set_rx_energy_mode_restriction
                0x0800cdae       0x78 ./gecko_sdk_4.2.2/platform/service/iostream/src/sl_iostream_uart.o
 .text.get_rx_energy_mode_restriction
                0x0800ce26       0x1c ./gecko_sdk_4.2.2/platform/service/iostream/src/sl_iostream_uart.o
 .text.nolock_uart_write
                0x0800ce42       0xf6 ./gecko_sdk_4.2.2/platform/service/iostream/src/sl_iostream_uart.o
 .text.uart_write
                0x0800cf38       0x1e ./gecko_sdk_4.2.2/platform/service/iostream/src/sl_iostream_uart.o
 .text.uart_read
                0x0800cf56       0x42 ./gecko_sdk_4.2.2/platform/service/iostream/src/sl_iostream_uart.o
 .text.USART_IntClear
                0x0800cf98       0x18 ./gecko_sdk_4.2.2/platform/service/iostream/src/sl_iostream_usart.o
 .text.USART_IntDisable
                0x0800cfb0       0x1a ./gecko_sdk_4.2.2/platform/service/iostream/src/sl_iostream_usart.o
 .text.USART_IntEnable
                0x0800cfca       0x18 ./gecko_sdk_4.2.2/platform/service/iostream/src/sl_iostream_usart.o
 .text.USART_StatusGet
                0x0800cfe2        0xe ./gecko_sdk_4.2.2/platform/service/iostream/src/sl_iostream_usart.o
 .text.usart_tx
                0x0800cff0       0x2a ./gecko_sdk_4.2.2/platform/service/iostream/src/sl_iostream_usart.o
 .text.usart_set_next_byte_detect
                0x0800d01a       0x3a ./gecko_sdk_4.2.2/platform/service/iostream/src/sl_iostream_usart.o
 .text.usart_tx_completed
                0x0800d054       0x46 ./gecko_sdk_4.2.2/platform/service/iostream/src/sl_iostream_usart.o
 .text.usart_deinit
                0x0800d09a       0xb6 ./gecko_sdk_4.2.2/platform/service/iostream/src/sl_iostream_usart.o
 .text.sli_power_manager_initiate_restore
                0x0800d150       0x1c ./gecko_sdk_4.2.2/platform/service/power_manager/src/sl_power_manager.o
                0x0800d150                sli_power_manager_initiate_restore
 .text.enter_critical_with_primask
                0x0800d16c       0x18 ./gecko_sdk_4.2.2/platform/service/power_manager/src/sl_power_manager.o
 .text.exit_critical_with_primask
                0x0800d184       0x14 ./gecko_sdk_4.2.2/platform/service/power_manager/src/sl_power_manager.o
 .text.SystemCoreClockUpdate
                0x0800d198        0xa ./gecko_sdk_4.2.2/platform/service/power_manager/src/sl_power_manager_hal_s2.o
 .text.sli_power_manager_save_states
                0x0800d1a2        0xa ./gecko_sdk_4.2.2/platform/service/power_manager/src/sl_power_manager_hal_s2.o
                0x0800d1a2                sli_power_manager_save_states
 .text.sli_power_manager_get_default_high_frequency_minimum_offtime
                0x0800d1ac       0x10 ./gecko_sdk_4.2.2/platform/service/power_manager/src/sl_power_manager_hal_s2.o
                0x0800d1ac                sli_power_manager_get_default_high_frequency_minimum_offtime
 .text.sli_power_manager_low_frequency_restore
                0x0800d1bc        0x4 ./gecko_sdk_4.2.2/platform/service/power_manager/src/sl_power_manager_hal_s2.o
                0x0800d1bc                sli_power_manager_low_frequency_restore
 .text.sl_sleeptimer_restart_timer
                0x0800d1c0       0x4e ./gecko_sdk_4.2.2/platform/service/sleeptimer/src/sl_sleeptimer.o
                0x0800d1c0                sl_sleeptimer_restart_timer
 .text.sl_sleeptimer_get_tick_count
                0x0800d20e       0x20 ./gecko_sdk_4.2.2/platform/service/sleeptimer/src/sl_sleeptimer.o
                0x0800d20e                sl_sleeptimer_get_tick_count
 .text.sleeptimer_hal_init_timer
                0x0800d22e       0x76 ./gecko_sdk_4.2.2/platform/service/sleeptimer/src/sl_sleeptimer_hal_sysrtc.o
                0x0800d22e                sleeptimer_hal_init_timer
 .text.sleeptimer_hal_get_counter
                0x0800d2a4        0xc ./gecko_sdk_4.2.2/platform/service/sleeptimer/src/sl_sleeptimer_hal_sysrtc.o
                0x0800d2a4                sleeptimer_hal_get_counter
 .text.sleeptimer_hal_get_compare
                0x0800d2b0       0x10 ./gecko_sdk_4.2.2/platform/service/sleeptimer/src/sl_sleeptimer_hal_sysrtc.o
                0x0800d2b0                sleeptimer_hal_get_compare
 .text.sleeptimer_hal_enable_int
                0x0800d2c0       0x46 ./gecko_sdk_4.2.2/platform/service/sleeptimer/src/sl_sleeptimer_hal_sysrtc.o
                0x0800d2c0                sleeptimer_hal_enable_int
 .text.sli_sleeptimer_hal_is_int_status_set
                0x0800d306       0x5a ./gecko_sdk_4.2.2/platform/service/sleeptimer/src/sl_sleeptimer_hal_sysrtc.o
                0x0800d306                sli_sleeptimer_hal_is_int_status_set
 .text.SYSRTC_APP_IRQHandler
                0x0800d360       0x6a ./gecko_sdk_4.2.2/platform/service/sleeptimer/src/sl_sleeptimer_hal_sysrtc.o
                0x0800d360                SYSRTC_APP_IRQHandler
 .text.sleeptimer_hal_get_timer_frequency
                0x0800d3ca        0xe ./gecko_sdk_4.2.2/platform/service/sleeptimer/src/sl_sleeptimer_hal_sysrtc.o
                0x0800d3ca                sleeptimer_hal_get_timer_frequency
 .text.get_time_diff
                0x0800d3d8       0x12 ./gecko_sdk_4.2.2/platform/service/sleeptimer/src/sl_sleeptimer_hal_sysrtc.o
 .text.sl_system_init
                0x0800d3ea       0x1a ./gecko_sdk_4.2.2/platform/service/system/src/sl_system_init.o
                0x0800d3ea                sl_system_init
 .text.sl_system_process_action
                0x0800d404       0x16 ./gecko_sdk_4.2.2/platform/service/system/src/sl_system_process_action.o
                0x0800d404                sl_system_process_action
 .text.SystemCoreClockGet
                0x0800d41a        0xc ./gecko_sdk_4.2.2/platform/service/udelay/src/sl_udelay.o
 .text.init_PPS
                0x0800d426       0x12 ./src/GPIO.o
                0x0800d426                init_PPS
 .text.PPS_on   0x0800d438        0xe ./src/GPIO.o
                0x0800d438                PPS_on
 .text.adxl_init
                0x0800d446       0x1e ./src/adxl343.o
                0x0800d446                adxl_init
 .text.adxl_config
                0x0800d464       0xae ./src/adxl343.o
                0x0800d464                adxl_config
 .text.adxl_read
                0x0800d512       0xc0 ./src/adxl343.o
                0x0800d512                adxl_read
 .text.adxl_write
                0x0800d5d2       0x72 ./src/adxl343.o
                0x0800d5d2                adxl_write
 .text.adxl_getAccelVals
                0x0800d644       0x7a ./src/adxl343.o
                0x0800d644                adxl_getAccelVals
 .text.adxl_getAccelEvent
                0x0800d6be      0x104 ./src/adxl343.o
                0x0800d6be                adxl_getAccelEvent
 .text.TIMER_IntClear
                0x0800d7c2       0x18 ./src/irq.o
 .text.TIMER_IntGet
                0x0800d7da        0xe ./src/irq.o
 .text.gps_generate_checksum
                0x0800d7e8       0xde ./src/sam-m8q.o
                0x0800d7e8                gps_generate_checksum
 .text.gps_generate_ubx_frame_buffer
                0x0800d8c6       0xb8 ./src/sam-m8q.o
                0x0800d8c6                gps_generate_ubx_frame_buffer
 .text.TIMER_IntClear
                0x0800d97e       0x18 ./src/timers.o
 .text.TIMER_IntEnable
                0x0800d996       0x18 ./src/timers.o
 .text.abs      0x0800d9ae        0x8 c:/siliconlabs/simplicitystudio/v5/developer/toolchains/gnu_arm/10.3_2021.10/bin/../lib/gcc/arm-none-eabi/10.3.1/../../../../arm-none-eabi/lib/thumb/v8-m.main+fp/hard\libc_nano.a(lib_a-abs.o)
                0x0800d9ae                abs
 .text.memcpy   0x0800d9b6       0x1a c:/siliconlabs/simplicitystudio/v5/developer/toolchains/gnu_arm/10.3_2021.10/bin/../lib/gcc/arm-none-eabi/10.3.1/../../../../arm-none-eabi/lib/thumb/v8-m.main+fp/hard\libc_nano.a(lib_a-memcpy-stub.o)