Archive member included to satisfy reference by file (symbol)

c:/siliconlabs/simplicitystudio/v5/developer/toolchains/gnu_arm/10.3_2021.10/bin/../lib/gcc/arm-none-eabi/10.3.1/thumb/v8-m.main+fp/hard\libgcc.a(_aeabi_uldivmod.o)
                              ./gecko_sdk_4.2.1/platform/emlib/src/em_eusart.o (__aeabi_uldivmod)
c:/siliconlabs/simplicitystudio/v5/developer/toolchains/gnu_arm/10.3_2021.10/bin/../lib/gcc/arm-none-eabi/10.3.1/thumb/v8-m.main+fp/hard\libgcc.a(_udivmoddi4.o)
                              c:/siliconlabs/simplicitystudio/v5/developer/toolchains/gnu_arm/10.3_2021.10/bin/../lib/gcc/arm-none-eabi/10.3.1/thumb/v8-m.main+fp/hard\libgcc.a(_aeabi_uldivmod.o) (__udivmoddi4)
c:/siliconlabs/simplicitystudio/v5/developer/toolchains/gnu_arm/10.3_2021.10/bin/../lib/gcc/arm-none-eabi/10.3.1/thumb/v8-m.main+fp/hard\libgcc.a(_dvmd_tls.o)
                              c:/siliconlabs/simplicitystudio/v5/developer/toolchains/gnu_arm/10.3_2021.10/bin/../lib/gcc/arm-none-eabi/10.3.1/thumb/v8-m.main+fp/hard\libgcc.a(_aeabi_uldivmod.o) (__aeabi_ldiv0)
c:/siliconlabs/simplicitystudio/v5/developer/toolchains/gnu_arm/10.3_2021.10/bin/../lib/gcc/arm-none-eabi/10.3.1/../../../../arm-none-eabi/lib/thumb/v8-m.main+fp/hard\libc_nano.a(lib_a-ctype_.o)
                              ./gecko_sdk_4.2.1/platform/common/src/sl_string.o (_ctype_)
c:/siliconlabs/simplicitystudio/v5/developer/toolchains/gnu_arm/10.3_2021.10/bin/../lib/gcc/arm-none-eabi/10.3.1/../../../../arm-none-eabi/lib/thumb/v8-m.main+fp/hard\libc_nano.a(lib_a-exit.o)
                              c:/siliconlabs/simplicitystudio/v5/developer/toolchains/gnu_arm/10.3_2021.10/bin/../lib/gcc/arm-none-eabi/10.3.1/../../../../arm-none-eabi/lib/thumb/v8-m.main+fp/hard/crt0.o (exit)
c:/siliconlabs/simplicitystudio/v5/developer/toolchains/gnu_arm/10.3_2021.10/bin/../lib/gcc/arm-none-eabi/10.3.1/../../../../arm-none-eabi/lib/thumb/v8-m.main+fp/hard\libc_nano.a(lib_a-impure.o)
                              c:/siliconlabs/simplicitystudio/v5/developer/toolchains/gnu_arm/10.3_2021.10/bin/../lib/gcc/arm-none-eabi/10.3.1/../../../../arm-none-eabi/lib/thumb/v8-m.main+fp/hard\libc_nano.a(lib_a-exit.o) (_global_impure_ptr)
c:/siliconlabs/simplicitystudio/v5/developer/toolchains/gnu_arm/10.3_2021.10/bin/../lib/gcc/arm-none-eabi/10.3.1/../../../../arm-none-eabi/lib/thumb/v8-m.main+fp/hard\libc_nano.a(lib_a-init.o)
                              c:/siliconlabs/simplicitystudio/v5/developer/toolchains/gnu_arm/10.3_2021.10/bin/../lib/gcc/arm-none-eabi/10.3.1/../../../../arm-none-eabi/lib/thumb/v8-m.main+fp/hard/crt0.o (__libc_init_array)
c:/siliconlabs/simplicitystudio/v5/developer/toolchains/gnu_arm/10.3_2021.10/bin/../lib/gcc/arm-none-eabi/10.3.1/../../../../arm-none-eabi/lib/thumb/v8-m.main+fp/hard\libc_nano.a(lib_a-memcpy-stub.o)
                              ./gecko_sdk_4.2.1/platform/emdrv/uartdrv/src/uartdrv.o (memcpy)
c:/siliconlabs/simplicitystudio/v5/developer/toolchains/gnu_arm/10.3_2021.10/bin/../lib/gcc/arm-none-eabi/10.3.1/../../../../arm-none-eabi/lib/thumb/v8-m.main+fp/hard\libc_nano.a(lib_a-memset.o)
                              c:/siliconlabs/simplicitystudio/v5/developer/toolchains/gnu_arm/10.3_2021.10/bin/../lib/gcc/arm-none-eabi/10.3.1/../../../../arm-none-eabi/lib/thumb/v8-m.main+fp/hard/crt0.o (memset)
c:/siliconlabs/simplicitystudio/v5/developer/toolchains/gnu_arm/10.3_2021.10/bin/../lib/gcc/arm-none-eabi/10.3.1/../../../../arm-none-eabi/lib/thumb/v8-m.main+fp/hard\libc_nano.a(lib_a-printf.o)
                              ./app.o (printf)
c:/siliconlabs/simplicitystudio/v5/developer/toolchains/gnu_arm/10.3_2021.10/bin/../lib/gcc/arm-none-eabi/10.3.1/../../../../arm-none-eabi/lib/thumb/v8-m.main+fp/hard\libc_nano.a(lib_a-setvbuf.o)
                              ./gecko_sdk_4.2.1/platform/service/iostream/src/sl_iostream_stdlib_config.o (setvbuf)
c:/siliconlabs/simplicitystudio/v5/developer/toolchains/gnu_arm/10.3_2021.10/bin/../lib/gcc/arm-none-eabi/10.3.1/../../../../arm-none-eabi/lib/thumb/v8-m.main+fp/hard\libc_nano.a(lib_a-strcmp.o)
                              ./autogen/sl_iostream_handles.o (strcmp)
c:/siliconlabs/simplicitystudio/v5/developer/toolchains/gnu_arm/10.3_2021.10/bin/../lib/gcc/arm-none-eabi/10.3.1/../../../../arm-none-eabi/lib/thumb/v8-m.main+fp/hard\libc_nano.a(lib_a-vprintf.o)
                              ./gecko_sdk_4.2.1/platform/service/iostream/src/sl_iostream.o (vprintf)
c:/siliconlabs/simplicitystudio/v5/developer/toolchains/gnu_arm/10.3_2021.10/bin/../lib/gcc/arm-none-eabi/10.3.1/../../../../arm-none-eabi/lib/thumb/v8-m.main+fp/hard\libc_nano.a(lib_a-fflush.o)
                              c:/siliconlabs/simplicitystudio/v5/developer/toolchains/gnu_arm/10.3_2021.10/bin/../lib/gcc/arm-none-eabi/10.3.1/../../../../arm-none-eabi/lib/thumb/v8-m.main+fp/hard\libc_nano.a(lib_a-setvbuf.o) (_fflush_r)
[...]
Memory Configuration

Name             Origin             Length             Attributes
FLASH            0x08000000         0x0017e000         xr
RAM              0x20000000         0x00040000         xrw
*default*        0x00000000         0xffffffff

Linker script and memory map

LOAD c:/siliconlabs/simplicitystudio/v5/developer/toolchains/gnu_arm/10.3_2021.10/bin/../lib/gcc/arm-none-eabi/10.3.1/thumb/v8-m.main+fp/hard/crti.o
LOAD c:/siliconlabs/simplicitystudio/v5/developer/toolchains/gnu_arm/10.3_2021.10/bin/../lib/gcc/arm-none-eabi/10.3.1/thumb/v8-m.main+fp/hard/crtbegin.o
LOAD c:/siliconlabs/simplicitystudio/v5/developer/toolchains/gnu_arm/10.3_2021.10/bin/../lib/gcc/arm-none-eabi/10.3.1/../../../../arm-none-eabi/lib/thumb/v8-m.main+fp/hard/crt0.o
START GROUP
LOAD ./app.o
LOAD ./main.o
LOAD ./autogen/sl_board_default_init.o
LOAD ./autogen/sl_device_init_clocks.o
LOAD ./autogen/sl_event_handler.o
LOAD ./autogen/sl_iostream_handles.o
LOAD ./gecko_sdk_4.2.1/app/common/util/app_log/app_log.o
LOAD ./gecko_sdk_4.2.1/hardware/board/src/sl_board_control_gpio.o
LOAD ./gecko_sdk_4.2.1/hardware/board/src/sl_board_init.o
LOAD ./gecko_sdk_4.2.1/hardware/driver/configuration_over_swo/src/sl_cos.o
LOAD ./gecko_sdk_4.2.1/hardware/driver/mx25_flash_shutdown/src/sl_mx25_flash_shutdown_eusart/sl_mx25_flash_shutdown.o
LOAD ./gecko_sdk_4.2.1/platform/Device/SiliconLabs/EFR32MG24/Source/startup_efr32mg24.o
LOAD ./gecko_sdk_4.2.1/platform/Device/SiliconLabs/EFR32MG24/Source/system_efr32mg24.o
LOAD ./gecko_sdk_4.2.1/platform/common/src/sl_assert.o
LOAD ./gecko_sdk_4.2.1/platform/common/src/sl_string.o
LOAD ./gecko_sdk_4.2.1/platform/common/toolchain/src/sl_memory.o
LOAD ./gecko_sdk_4.2.1/platform/driver/debug/src/sl_debug_swo.o
LOAD ./gecko_sdk_4.2.1/platform/emdrv/dmadrv/src/dmactrl.o
LOAD ./gecko_sdk_4.2.1/platform/emdrv/dmadrv/src/dmadrv.o
LOAD ./gecko_sdk_4.2.1/platform/emdrv/gpiointerrupt/src/gpiointerrupt.o
LOAD ./gecko_sdk_4.2.1/platform/emdrv/uartdrv/src/uartdrv.o
LOAD ./gecko_sdk_4.2.1/platform/emlib/src/em_burtc.o
LOAD ./gecko_sdk_4.2.1/platform/emlib/src/em_cmu.o
LOAD ./gecko_sdk_4.2.1/platform/emlib/src/em_core.o
LOAD ./gecko_sdk_4.2.1/platform/emlib/src/em_emu.o
LOAD ./gecko_sdk_4.2.1/platform/emlib/src/em_eusart.o
LOAD ./gecko_sdk_4.2.1/platform/emlib/src/em_gpio.o
LOAD ./gecko_sdk_4.2.1/platform/emlib/src/em_i2c.o
LOAD ./gecko_sdk_4.2.1/platform/emlib/src/em_ldma.o
LOAD ./gecko_sdk_4.2.1/platform/emlib/src/em_msc.o
LOAD ./gecko_sdk_4.2.1/platform/emlib/src/em_system.o
LOAD ./gecko_sdk_4.2.1/platform/emlib/src/em_timer.o
LOAD ./gecko_sdk_4.2.1/platform/emlib/src/em_usart.o
LOAD ./gecko_sdk_4.2.1/platform/peripheral/src/peripheral_sysrtc.o
LOAD ./gecko_sdk_4.2.1/platform/service/device_init/src/sl_device_init_dcdc_s2.o
LOAD ./gecko_sdk_4.2.1/platform/service/device_init/src/sl_device_init_emu_s2.o
LOAD ./gecko_sdk_4.2.1/platform/service/device_init/src/sl_device_init_hfxo_s2.o
LOAD ./gecko_sdk_4.2.1/platform/service/device_init/src/sl_device_init_lfxo_s2.o
LOAD ./gecko_sdk_4.2.1/platform/service/device_init/src/sl_device_init_nvic.o
LOAD ./gecko_sdk_4.2.1/platform/service/iostream/src/sl_iostream.o
LOAD ./gecko_sdk_4.2.1/platform/service/iostream/src/sl_iostream_retarget_stdio.o
LOAD ./gecko_sdk_4.2.1/platform/service/iostream/src/sl_iostream_stdlib_config.o
LOAD ./gecko_sdk_4.2.1/platform/service/iostream/src/sl_iostream_uart.o
LOAD ./gecko_sdk_4.2.1/platform/service/iostream/src/sl_iostream_usart.o
LOAD ./gecko_sdk_4.2.1/platform/service/sleeptimer/src/sl_sleeptimer.o
LOAD ./gecko_sdk_4.2.1/platform/service/sleeptimer/src/sl_sleeptimer_hal_burtc.o
LOAD ./gecko_sdk_4.2.1/platform/service/sleeptimer/src/sl_sleeptimer_hal_sysrtc.o
LOAD ./gecko_sdk_4.2.1/platform/service/sleeptimer/src/sl_sleeptimer_hal_timer.o
LOAD ./gecko_sdk_4.2.1/platform/service/system/src/sl_system_init.o
LOAD ./gecko_sdk_4.2.1/platform/service/system/src/sl_system_process_action.o
LOAD ./gecko_sdk_4.2.1/platform/service/udelay/src/sl_udelay.o
LOAD ./gecko_sdk_4.2.1/platform/service/udelay/src/sl_udelay_armv6m_gcc.o
LOAD ./src/GPIO.o
LOAD ./src/I2C.o
LOAD ./src/adxl343.o
LOAD ./src/irq.o
LOAD ./src/timers.o
LOAD c:/siliconlabs/simplicitystudio/v5/developer/toolchains/gnu_arm/10.3_2021.10/bin/../lib/gcc/arm-none-eabi/10.3.1/thumb/v8-m.main+fp/hard\libgcc.a
LOAD c:/siliconlabs/simplicitystudio/v5/developer/toolchains/gnu_arm/10.3_2021.10/bin/../lib/gcc/arm-none-eabi/10.3.1/../../../../arm-none-eabi/lib/thumb/v8-m.main+fp/hard\libc_nano.a
LOAD c:/siliconlabs/simplicitystudio/v5/developer/toolchains/gnu_arm/10.3_2021.10/bin/../lib/gcc/arm-none-eabi/10.3.1/../../../../arm-none-eabi/lib/thumb/v8-m.main+fp/hard\libm.a
LOAD c:/siliconlabs/simplicitystudio/v5/developer/toolchains/gnu_arm/10.3_2021.10/bin/../lib/gcc/arm-none-eabi/10.3.1/../../../../arm-none-eabi/lib/thumb/v8-m.main+fp/hard\libnosys.a
END GROUP
START GROUP
LOAD c:/siliconlabs/simplicitystudio/v5/developer/toolchains/gnu_arm/10.3_2021.10/bin/../lib/gcc/arm-none-eabi/10.3.1/thumb/v8-m.main+fp/hard\libgcc.a
LOAD c:/siliconlabs/simplicitystudio/v5/developer/toolchains/gnu_arm/10.3_2021.10/bin/../lib/gcc/arm-none-eabi/10.3.1/../../../../arm-none-eabi/lib/thumb/v8-m.main+fp/hard\libc_nano.a
LOAD c:/siliconlabs/simplicitystudio/v5/developer/toolchains/gnu_arm/10.3_2021.10/bin/../lib/gcc/arm-none-eabi/10.3.1/../../../../arm-none-eabi/lib/thumb/v8-m.main+fp/hard\libnosys.a
END GROUP
START GROUP
LOAD c:/siliconlabs/simplicitystudio/v5/developer/toolchains/gnu_arm/10.3_2021.10/bin/../lib/gcc/arm-none-eabi/10.3.1/thumb/v8-m.main+fp/hard\libgcc.a
LOAD c:/siliconlabs/simplicitystudio/v5/developer/toolchains/gnu_arm/10.3_2021.10/bin/../lib/gcc/arm-none-eabi/10.3.1/../../../../arm-none-eabi/lib/thumb/v8-m.main+fp/hard\libg_nano.a
LOAD c:/siliconlabs/simplicitystudio/v5/developer/toolchains/gnu_arm/10.3_2021.10/bin/../lib/gcc/arm-none-eabi/10.3.1/../../../../arm-none-eabi/lib/thumb/v8-m.main+fp/hard\libc_nano.a
END GROUP
START GROUP
LOAD c:/siliconlabs/simplicitystudio/v5/developer/toolchains/gnu_arm/10.3_2021.10/bin/../lib/gcc/arm-none-eabi/10.3.1/thumb/v8-m.main+fp/hard\libgcc.a
LOAD c:/siliconlabs/simplicitystudio/v5/developer/toolchains/gnu_arm/10.3_2021.10/bin/../lib/gcc/arm-none-eabi/10.3.1/../../../../arm-none-eabi/lib/thumb/v8-m.main+fp/hard\libc_nano.a
END GROUP
LOAD c:/siliconlabs/simplicitystudio/v5/developer/toolchains/gnu_arm/10.3_2021.10/bin/../lib/gcc/arm-none-eabi/10.3.1/thumb/v8-m.main+fp/hard/crtend.o
LOAD c:/siliconlabs/simplicitystudio/v5/developer/toolchains/gnu_arm/10.3_2021.10/bin/../lib/gcc/arm-none-eabi/10.3.1/thumb/v8-m.main+fp/hard/crtn.o

.text           0x08000000     0x7690
                0x08000000                linker_vectors_begin = .
 *(.vectors)
 .vectors       0x08000000      0x170 ./gecko_sdk_4.2.1/platform/Device/SiliconLabs/EFR32MG24/Source/startup_efr32mg24.o
                0x08000000                __Vectors
                0x08000170                linker_vectors_end = .
                0x08000170                __Vectors_End = .
                0x08000170                __Vectors_Size = (__Vectors_End - __Vectors)
                0x08000170                linker_code_begin = .
 *(SORT_BY_ALIGNMENT(.text*))
 .text          0x08000170        0x8 ./gecko_sdk_4.2.1/platform/service/udelay/src/sl_udelay_armv6m_gcc.o
                0x08000170                sli_delay_loop
 .text          0x08000178       0x40 c:/siliconlabs/simplicitystudio/v5/developer/toolchains/gnu_arm/10.3_2021.10/bin/../lib/gcc/arm-none-eabi/10.3.1/thumb/v8-m.main+fp/hard/crtbegin.o
 .text          0x080001b8       0x7c c:/siliconlabs/simplicitystudio/v5/developer/toolchains/gnu_arm/10.3_2021.10/bin/../lib/gcc/arm-none-eabi/10.3.1/../../../../arm-none-eabi/lib/thumb/v8-m.main+fp/hard/crt0.o
                0x080001b8                _stack_init
                0x080001c0                _start
                0x080001c0                _mainCRTStartup
 .text.app_init
                0x08000234       0x1c ./app.o
                0x08000234                app_init
 .text.app_process_action
                0x08000250       0x54 ./app.o
                0x08000250                app_process_action
 .text.sl_device_init_clocks
                0x080002a4       0xd4 ./autogen/sl_device_init_clocks.o
                0x080002a4                sl_device_init_clocks
 .text.GPIO_PinOutClear
                0x08000378       0x84 ./gecko_sdk_4.2.1/hardware/driver/mx25_flash_shutdown/src/sl_mx25_flash_shutdown_eusart/sl_mx25_flash_shutdown.o
 .text.GPIO_PinOutSet
                0x080003fc       0x84 ./gecko_sdk_4.2.1/hardware/driver/mx25_flash_shutdown/src/sl_mx25_flash_shutdown_eusart/sl_mx25_flash_shutdown.o
 .text.sl_mx25_flash_shutdown
                0x08000480      0x150 ./gecko_sdk_4.2.1/hardware/driver/mx25_flash_shutdown/src/sl_mx25_flash_shutdown_eusart/sl_mx25_flash_shutdown.o
                0x08000480                sl_mx25_flash_shutdown
 .text.Reset_Handler
                0x080005d0       0x98 ./gecko_sdk_4.2.1/platform/Device/SiliconLabs/EFR32MG24/Source/startup_efr32mg24.o
                0x080005d0                Reset_Handler
 .text.__NVIC_EnableIRQ
                0x08000668       0x34 ./gecko_sdk_4.2.1/platform/Device/SiliconLabs/EFR32MG24/Source/system_efr32mg24.o
 .text.__NVIC_ClearPendingIRQ
                0x0800069c       0x38 ./gecko_sdk_4.2.1/platform/Device/SiliconLabs/EFR32MG24/Source/system_efr32mg24.o
 .text.SystemInit
                0x080006d4       0x90 ./gecko_sdk_4.2.1/platform/Device/SiliconLabs/EFR32MG24/Source/system_efr32mg24.o
                0x080006d4                SystemInit
 .text.SystemHFRCODPLLClockGet
                0x08000764        0xc ./gecko_sdk_4.2.1/platform/Device/SiliconLabs/EFR32MG24/Source/system_efr32mg24.o
                0x08000764                SystemHFRCODPLLClockGet
 .text.SystemSYSCLKGet
                0x08000770       0x50 ./gecko_sdk_4.2.1/platform/Device/SiliconLabs/EFR32MG24/Source/system_efr32mg24.o
                0x08000770                SystemSYSCLKGet
 .text.SystemHCLKGet
                0x080007c0       0x3c ./gecko_sdk_4.2.1/platform/Device/SiliconLabs/EFR32MG24/Source/system_efr32mg24.o
                0x080007c0                SystemHCLKGet
 .text.SystemMaxCoreClockGet
                0x080007fc        0xc ./gecko_sdk_4.2.1/platform/Device/SiliconLabs/EFR32MG24/Source/system_efr32mg24.o
                0x080007fc                SystemMaxCoreClockGet
 .text.SystemHFXOClockGet
                0x08000808        0xc ./gecko_sdk_4.2.1/platform/Device/SiliconLabs/EFR32MG24/Source/system_efr32mg24.o
                0x08000808                SystemHFXOClockGet
 .text.SystemHFXOClockSet
                0x08000814       0x2c ./gecko_sdk_4.2.1/platform/Device/SiliconLabs/EFR32MG24/Source/system_efr32mg24.o
                0x08000814                SystemHFXOClockSet
 .text.SystemFSRCOClockGet
                0x08000840        0xc ./gecko_sdk_4.2.1/platform/Device/SiliconLabs/EFR32MG24/Source/system_efr32mg24.o
                0x08000840                SystemFSRCOClockGet
 .text.SystemHFRCOEM23ClockGet
                0x0800084c       0xe0 ./gecko_sdk_4.2.1/platform/Device/SiliconLabs/EFR32MG24/Source/system_efr32mg24.o
                0x0800084c                SystemHFRCOEM23ClockGet
 .text.SystemLFXOClockGet
                0x0800092c        0xc ./gecko_sdk_4.2.1/platform/Device/SiliconLabs/EFR32MG24/Source/system_efr32mg24.o
                0x0800092c                SystemLFXOClockGet
 .text._sbrk    0x08000938       0x3c ./gecko_sdk_4.2.1/platform/common/toolchain/src/sl_memory.o
                0x08000938                _sbrk
 .text.BUS_RegBitWrite
                0x08000974       0x48 ./gecko_sdk_4.2.1/platform/driver/debug/src/sl_debug_swo.o
 .text.GPIO_DbgSWOEnable
                0x080009bc       0x30 ./gecko_sdk_4.2.1/platform/driver/debug/src/sl_debug_swo.o
 .text.sl_debug_swo_init
                0x080009ec      0x168 ./gecko_sdk_4.2.1/platform/driver/debug/src/sl_debug_swo.o
                0x080009ec                sl_debug_swo_init
 .text.LDMA_IRQHandler
                0x08000b54       0xec ./gecko_sdk_4.2.1/platform/emdrv/dmadrv/src/dmadrv.o
                0x08000b54                LDMA_IRQHandler
 .text.__NVIC_EnableIRQ
                0x08000c40       0x34 ./gecko_sdk_4.2.1/platform/emdrv/gpiointerrupt/src/gpiointerrupt.o
 .text.__NVIC_ClearPendingIRQ
                0x08000c74       0x38 ./gecko_sdk_4.2.1/platform/emdrv/gpiointerrupt/src/gpiointerrupt.o
 .text.GPIO_IntClear
                0x08000cac       0x1c ./gecko_sdk_4.2.1/platform/emdrv/gpiointerrupt/src/gpiointerrupt.o
 .text.GPIO_IntGetEnabled
                0x08000cc8       0x20 ./gecko_sdk_4.2.1/platform/emdrv/gpiointerrupt/src/gpiointerrupt.o
 .text.GPIOINT_IRQDispatcher
                0x08000ce8       0x74 ./gecko_sdk_4.2.1/platform/emdrv/gpiointerrupt/src/gpiointerrupt.o
 .text.BUS_RegBitWrite
                0x08000d5c       0x48 ./gecko_sdk_4.2.1/platform/emlib/src/em_cmu.o
 .text.EMU_VScaleWait
                0x08000da4       0x1c ./gecko_sdk_4.2.1/platform/emlib/src/em_cmu.o
 .text.EMU_VScaleGet
                0x08000dc0       0x1c ./gecko_sdk_4.2.1/platform/emlib/src/em_cmu.o
 .text.MSC_LockGetLocked
                0x08000ddc       0x1c ./gecko_sdk_4.2.1/platform/emlib/src/em_cmu.o
 .text.MSC_LockSetLocked
                0x08000df8       0x10 ./gecko_sdk_4.2.1/platform/emlib/src/em_cmu.o
 .text.MSC_LockSetUnlocked
                0x08000e08       0x10 ./gecko_sdk_4.2.1/platform/emlib/src/em_cmu.o
 .text.MSC_ReadCTRLGet
                0x08000e18        0xc ./gecko_sdk_4.2.1/platform/emlib/src/em_cmu.o
 .text.MSC_ReadCTRLSet
                0x08000e24       0x14 ./gecko_sdk_4.2.1/platform/emlib/src/em_cmu.o
 .text.CMU_ClockDivGet
                0x08000e38       0xec ./gecko_sdk_4.2.1/platform/emlib/src/em_cmu.o
                0x08000e38                CMU_ClockDivGet
 .text.CMU_ClockDivSet
                0x08000f24      0x1b0 ./gecko_sdk_4.2.1/platform/emlib/src/em_cmu.o
                0x08000f24                CMU_ClockDivSet
 .text.CMU_ClockEnable
                0x080010d4       0x74 ./gecko_sdk_4.2.1/platform/emlib/src/em_cmu.o
                0x080010d4                CMU_ClockEnable
 .text.CMU_ClockFreqGet
                0x08001148      0x6a8 ./gecko_sdk_4.2.1/platform/emlib/src/em_cmu.o
                0x08001148                CMU_ClockFreqGet
 .text.CMU_ClockSelectGet
                0x080017f0      0x3e4 ./gecko_sdk_4.2.1/platform/emlib/src/em_cmu.o
                0x080017f0                CMU_ClockSelectGet
 .text.sli_em_cmu_HFXOSetForceEnable
                0x08001bd4       0x28 ./gecko_sdk_4.2.1/platform/emlib/src/em_cmu.o
                0x08001bd4                sli_em_cmu_HFXOSetForceEnable
 .text.CMU_HFXOInit
                0x08001bfc      0x2f4 ./gecko_sdk_4.2.1/platform/emlib/src/em_cmu.o
                0x08001bfc                CMU_HFXOInit
 .text.CMU_HFXOCTuneDeltaGet
                0x08001ef0       0x10 ./gecko_sdk_4.2.1/platform/emlib/src/em_cmu.o
                0x08001ef0                CMU_HFXOCTuneDeltaGet
 .text.CMU_LFXOInit
                0x08001f00      0x120 ./gecko_sdk_4.2.1/platform/emlib/src/em_cmu.o
                0x08001f00                CMU_LFXOInit
 .text.CMU_LFXOPrecisionSet
                0x08002020       0x1c ./gecko_sdk_4.2.1/platform/emlib/src/em_cmu.o
                0x08002020                CMU_LFXOPrecisionSet
 .text.eusart0ClkGet
                0x0800203c       0xa8 ./gecko_sdk_4.2.1/platform/emlib/src/em_cmu.o
 .text.em01GrpcClkGet
                0x080020e4       0xbc ./gecko_sdk_4.2.1/platform/emlib/src/em_cmu.o
 .text.vdac0ClkGet
                0x080021a0       0xa8 ./gecko_sdk_4.2.1/platform/emlib/src/em_cmu.o
 .text.vdac1ClkGet
                0x08002248       0xa8 ./gecko_sdk_4.2.1/platform/emlib/src/em_cmu.o
 .text.pcnt0ClkGet
                0x080022f0       0x74 ./gecko_sdk_4.2.1/platform/emlib/src/em_cmu.o
 .text.rhclkPrescMax
                0x08002364       0x18 ./gecko_sdk_4.2.1/platform/emlib/src/em_cmu.o
 .text.rhclkPrescOptimize
                0x0800237c       0x2c ./gecko_sdk_4.2.1/platform/emlib/src/em_cmu.o
 .text.traceClkGet
                0x080023a8       0x84 ./gecko_sdk_4.2.1/platform/emlib/src/em_cmu.o
 .text.dpllRefClkGet
                0x0800242c       0x94 ./gecko_sdk_4.2.1/platform/emlib/src/em_cmu.o
 .text.em01GrpaClkGet
                0x080024c0       0xbc ./gecko_sdk_4.2.1/platform/emlib/src/em_cmu.o
 .text.em23GrpaClkGet
                0x0800257c       0x84 ./gecko_sdk_4.2.1/platform/emlib/src/em_cmu.o
 .text.em4GrpaClkGet
                0x08002600       0x84 ./gecko_sdk_4.2.1/platform/emlib/src/em_cmu.o
 .text.getWaitStatesByFrequencyAndVScale
                0x08002684       0x54 ./gecko_sdk_4.2.1/platform/emlib/src/em_cmu.o
 .text.flashWaitStateControl
                0x080026d8       0x70 ./gecko_sdk_4.2.1/platform/emlib/src/em_cmu.o
 .text.iadcClkGet
                0x08002748       0x8c ./gecko_sdk_4.2.1/platform/emlib/src/em_cmu.o
 .text.pclkDivOptimize
                0x080027d4       0x34 ./gecko_sdk_4.2.1/platform/emlib/src/em_cmu.o
 .text.sysrtcClkGet
                0x08002808       0x84 ./gecko_sdk_4.2.1/platform/emlib/src/em_cmu.o
 .text.wdog0ClkGet
                0x0800288c       0xa0 ./gecko_sdk_4.2.1/platform/emlib/src/em_cmu.o
 .text.wdog1ClkGet
                0x0800292c       0xa0 ./gecko_sdk_4.2.1/platform/emlib/src/em_cmu.o
 .text.sysTickClkGet
                0x080029cc       0x58 ./gecko_sdk_4.2.1/platform/emlib/src/em_cmu.o
 .text.CORE_NvicIRQDisabled
                0x08002a24       0x60 ./gecko_sdk_4.2.1/platform/emlib/src/em_core.o
                0x08002a24                CORE_NvicIRQDisabled
 .text.EMU_DCDCLock
                0x08002a84       0x14 ./gecko_sdk_4.2.1/platform/emlib/src/em_emu.o
 .text.EMU_DCDCUnlock
                0x08002a98       0x10 ./gecko_sdk_4.2.1/platform/emlib/src/em_emu.o
 .text.EMU_DCDCSync
                0x08002aa8       0x20 ./gecko_sdk_4.2.1/platform/emlib/src/em_emu.o
 .text.EMU_VScaleWait
                0x08002ac8       0x1c ./gecko_sdk_4.2.1/platform/emlib/src/em_emu.o
 .text.EMU_VScaleGet
                0x08002ae4       0x1c ./gecko_sdk_4.2.1/platform/emlib/src/em_emu.o
 .text.EMU_EM4Init
                0x08002b00       0x24 ./gecko_sdk_4.2.1/platform/emlib/src/em_emu.o
                0x08002b00                EMU_EM4Init
 .text.EMU_VScaleEM01ByClock
                0x08002b24       0x5c ./gecko_sdk_4.2.1/platform/emlib/src/em_emu.o
                0x08002b24                EMU_VScaleEM01ByClock
 .text.EMU_VScaleEM01
                0x08002b80       0xdc ./gecko_sdk_4.2.1/platform/emlib/src/em_emu.o
                0x08002b80                EMU_VScaleEM01
 .text.EMU_DCDCModeSet
                0x08002c5c       0xc0 ./gecko_sdk_4.2.1/platform/emlib/src/em_emu.o
                0x08002c5c                EMU_DCDCModeSet
 .text.EMU_DCDCInit
                0x08002d1c       0xa8 ./gecko_sdk_4.2.1/platform/emlib/src/em_emu.o
                0x08002d1c                EMU_DCDCInit
 .text.EMU_DCDCSetPFMXModePeakCurrent
                0x08002dc4       0xb4 ./gecko_sdk_4.2.1/platform/emlib/src/em_emu.o
                0x08002dc4                EMU_DCDCSetPFMXModePeakCurrent
 .text.EUSART_SpiInit
                0x08002e78       0xe8 ./gecko_sdk_4.2.1/platform/emlib/src/em_eusart.o
                0x08002e78                EUSART_SpiInit
 .text.EUSART_Reset
                0x08002f60       0xa4 ./gecko_sdk_4.2.1/platform/emlib/src/em_eusart.o
                0x08002f60                EUSART_Reset
 .text.EUSART_Enable
                0x08003004       0xbc ./gecko_sdk_4.2.1/platform/emlib/src/em_eusart.o
                0x08003004                EUSART_Enable
 .text.EUSART_BaudrateSet
                0x080030c0      0x290 ./gecko_sdk_4.2.1/platform/emlib/src/em_eusart.o
                0x080030c0                EUSART_BaudrateSet
 .text.EUSART_ClockGet
                0x08003350       0x48 ./gecko_sdk_4.2.1/platform/emlib/src/em_eusart.o
 .text.EUSART_SyncInitCommon
                0x08003398      0x240 ./gecko_sdk_4.2.1/platform/emlib/src/em_eusart.o
 .text.GPIO_PinOutClear
                0x080035d8       0x84 ./gecko_sdk_4.2.1/platform/emlib/src/em_gpio.o
 .text.GPIO_PinOutSet
                0x0800365c       0x84 ./gecko_sdk_4.2.1/platform/emlib/src/em_gpio.o
 .text.GPIO_PinModeSet
                0x080036e0      0x124 ./gecko_sdk_4.2.1/platform/emlib/src/em_gpio.o
                0x080036e0                GPIO_PinModeSet
 .text.BUS_RegBitWrite
                0x08003804       0x48 ./gecko_sdk_4.2.1/platform/emlib/src/em_i2c.o
 .text.I2C_BusFreqSet
                0x0800384c      0x1a8 ./gecko_sdk_4.2.1/platform/emlib/src/em_i2c.o
                0x0800384c                I2C_BusFreqSet
 .text.I2C_Enable
                0x080039f4       0x48 ./gecko_sdk_4.2.1/platform/emlib/src/em_i2c.o
                0x080039f4                I2C_Enable
 .text.I2C_Init
                0x08003a3c       0x7c ./gecko_sdk_4.2.1/platform/emlib/src/em_i2c.o
                0x08003a3c                I2C_Init
 .text.I2C_Transfer
                0x08003ab8      0x4c8 ./gecko_sdk_4.2.1/platform/emlib/src/em_i2c.o
                0x08003ab8                I2C_Transfer
 .text.I2C_TransferInit
                0x08003f80       0xf8 ./gecko_sdk_4.2.1/platform/emlib/src/em_i2c.o
                0x08003f80                I2C_TransferInit
 .text.TIMER_Valid
                0x08004078       0x54 ./gecko_sdk_4.2.1/platform/emlib/src/em_timer.o
 .text.TIMER_Init
                0x080040cc      0x130 ./gecko_sdk_4.2.1/platform/emlib/src/em_timer.o
                0x080040cc                TIMER_Init
 .text.sl_sysrtc_wait_sync
                0x080041fc       0x20 ./gecko_sdk_4.2.1/platform/peripheral/src/peripheral_sysrtc.o
 .text.sl_sysrtc_wait_ready
                0x0800421c       0x2c ./gecko_sdk_4.2.1/platform/peripheral/src/peripheral_sysrtc.o
 .text.sl_sysrtc_stop
                0x08004248       0x14 ./gecko_sdk_4.2.1/platform/peripheral/src/peripheral_sysrtc.o
 .text.sl_sysrtc_init
                0x0800425c       0x38 ./gecko_sdk_4.2.1/platform/peripheral/src/peripheral_sysrtc.o
                0x0800425c                sl_sysrtc_init
 .text.sl_sysrtc_enable
                0x08004294       0x20 ./gecko_sdk_4.2.1/platform/peripheral/src/peripheral_sysrtc.o
                0x08004294                sl_sysrtc_enable
 .text.sl_sysrtc_disable
                0x080042b4       0x24 ./gecko_sdk_4.2.1/platform/peripheral/src/peripheral_sysrtc.o
                0x080042b4                sl_sysrtc_disable
 .text.sl_sysrtc_init_group
                0x080042d8       0xbc ./gecko_sdk_4.2.1/platform/peripheral/src/peripheral_sysrtc.o
                0x080042d8                sl_sysrtc_init_group
 .text.sl_sysrtc_enable_group_interrupts
                0x08004394       0x44 ./gecko_sdk_4.2.1/platform/peripheral/src/peripheral_sysrtc.o
                0x08004394                sl_sysrtc_enable_group_interrupts
 .text.sl_sysrtc_disable_group_interrupts
                0x080043d8       0x44 ./gecko_sdk_4.2.1/platform/peripheral/src/peripheral_sysrtc.o
                0x080043d8                sl_sysrtc_disable_group_interrupts
 .text.sl_sysrtc_clear_group_interrupts
                0x0800441c       0x44 ./gecko_sdk_4.2.1/platform/peripheral/src/peripheral_sysrtc.o
                0x0800441c                sl_sysrtc_clear_group_interrupts
 .text.sl_sysrtc_get_group_interrupts
                0x08004460       0x3c ./gecko_sdk_4.2.1/platform/peripheral/src/peripheral_sysrtc.o
                0x08004460                sl_sysrtc_get_group_interrupts
 .text.sl_sysrtc_get_group_compare_channel_value
                0x0800449c       0x5c ./gecko_sdk_4.2.1/platform/peripheral/src/peripheral_sysrtc.o
                0x0800449c                sl_sysrtc_get_group_compare_channel_value
 .text.sl_sysrtc_set_group_compare_channel_value
                0x080044f8       0x5c ./gecko_sdk_4.2.1/platform/peripheral/src/peripheral_sysrtc.o
                0x080044f8                sl_sysrtc_set_group_compare_channel_value
 .text.sl_device_init_dcdc
                0x08004554       0x34 ./gecko_sdk_4.2.1/platform/service/device_init/src/sl_device_init_dcdc_s2.o
                0x08004554                sl_device_init_dcdc
 .text.sl_device_init_emu
                0x08004588       0x34 ./gecko_sdk_4.2.1/platform/service/device_init/src/sl_device_init_emu_s2.o
                0x08004588                sl_device_init_emu
 .text.sl_device_init_hfxo
                0x080045bc       0xc4 ./gecko_sdk_4.2.1/platform/service/device_init/src/sl_device_init_hfxo_s2.o
                0x080045bc                sl_device_init_hfxo
 .text.sl_device_init_lfxo
                0x08004680       0x3c ./gecko_sdk_4.2.1/platform/service/device_init/src/sl_device_init_lfxo_s2.o
                0x08004680                sl_device_init_lfxo
 .text.__NVIC_SetPriority
                0x080046bc       0x50 ./gecko_sdk_4.2.1/platform/service/device_init/src/sl_device_init_nvic.o
 .text.sl_iostream_get_default
                0x0800470c       0x28 ./gecko_sdk_4.2.1/platform/service/iostream/src/sl_iostream.o
                0x0800470c                sl_iostream_get_default
 .text._write   0x08004734       0x34 ./gecko_sdk_4.2.1/platform/service/iostream/src/sl_iostream_retarget_stdio.o
                0x08004734                _write
 .text.sl_sleeptimer_init
                0x08004768       0xa0 ./gecko_sdk_4.2.1/platform/service/sleeptimer/src/sl_sleeptimer.o
                0x08004768                sl_sleeptimer_init
 .text.process_timer_irq
                0x08004808      0x258 ./gecko_sdk_4.2.1/platform/service/sleeptimer/src/sl_sleeptimer.o
                0x08004808                process_timer_irq
 .text.delta_list_insert_timer
                0x08004a60       0xb0 ./gecko_sdk_4.2.1/platform/service/sleeptimer/src/sl_sleeptimer.o
 .text.delta_list_remove_timer
                0x08004b10       0x74 ./gecko_sdk_4.2.1/platform/service/sleeptimer/src/sl_sleeptimer.o
 .text.set_comparator_for_next_timer
                0x08004b84       0x4c ./gecko_sdk_4.2.1/platform/service/sleeptimer/src/sl_sleeptimer.o
 .text.update_delta_list
                0x08004bd0       0x70 ./gecko_sdk_4.2.1/platform/service/sleeptimer/src/sl_sleeptimer.o
 .text.update_next_timer_to_expire_is_power_manager
                0x08004c40       0x58 ./gecko_sdk_4.2.1/platform/service/sleeptimer/src/sl_sleeptimer.o
 .text.__NVIC_EnableIRQ
                0x08004c98       0x34 ./gecko_sdk_4.2.1/platform/service/sleeptimer/src/sl_sleeptimer_hal_sysrtc.o
 .text.__NVIC_ClearPendingIRQ
                0x08004ccc       0x38 ./gecko_sdk_4.2.1/platform/service/sleeptimer/src/sl_sleeptimer_hal_sysrtc.o
 .text.sl_sysrtc_wait_sync
                0x08004d04       0x20 ./gecko_sdk_4.2.1/platform/service/sleeptimer/src/sl_sleeptimer_hal_sysrtc.o
 .text.sl_sysrtc_get_counter
                0x08004d24       0x14 ./gecko_sdk_4.2.1/platform/service/sleeptimer/src/sl_sleeptimer_hal_sysrtc.o
 .text.sl_sysrtc_set_counter
                0x08004d38       0x1c ./gecko_sdk_4.2.1/platform/service/sleeptimer/src/sl_sleeptimer_hal_sysrtc.o
 .text.sleeptimer_hal_set_compare
                0x08004d54       0xac ./gecko_sdk_4.2.1/platform/service/sleeptimer/src/sl_sleeptimer_hal_sysrtc.o
                0x08004d54                sleeptimer_hal_set_compare
 .text.sleeptimer_hal_disable_int
                0x08004e00       0x60 ./gecko_sdk_4.2.1/platform/service/sleeptimer/src/sl_sleeptimer_hal_sysrtc.o
                0x08004e00                sleeptimer_hal_disable_int
 .text.sleeptimer_hal_set_int
                0x08004e60       0x2c ./gecko_sdk_4.2.1/platform/service/sleeptimer/src/sl_sleeptimer_hal_sysrtc.o
                0x08004e60                sleeptimer_hal_set_int
 .text.sl_udelay_wait
                0x08004e8c       0x80 ./gecko_sdk_4.2.1/platform/service/udelay/src/sl_udelay.o
                0x08004e8c                sl_udelay_wait
 .text.GPIO_PinOutToggle
                0x08004f0c       0x84 ./src/GPIO.o
 .text.init_I2C0
                0x08004f90       0x98 ./src/I2C.o
                0x08004f90                init_I2C0
 .text.TIMER0_IRQHandler
                0x08005028       0x3c ./src/irq.o
                0x08005028                TIMER0_IRQHandler
 .text.__NVIC_EnableIRQ
                0x08005064       0x34 ./src/timers.o
 .text.__NVIC_ClearPendingIRQ
                0x08005098       0x38 ./src/timers.o
 .text.TIMER_Valid
                0x080050d0       0x54 ./src/timers.o
 .text.TIMER_MaxCount
                0x08005124       0xf0 ./src/timers.o
 .text.TIMER_Enable
                0x08005214       0x44 ./src/timers.o
 .text.TIMER_TopSet
                0x08005258       0x48 ./src/timers.o
 .text.init_timer0
                0x080052a0       0x70 ./src/timers.o
                0x080052a0                init_timer0
 .text          0x08005310       0x30 c:/siliconlabs/simplicitystudio/v5/developer/toolchains/gnu_arm/10.3_2021.10/bin/../lib/gcc/arm-none-eabi/10.3.1/thumb/v8-m.main+fp/hard\libgcc.a(_aeabi_uldivmod.o)
                0x08005310                __aeabi_uldivmod
 .text          0x08005340      0x2ec c:/siliconlabs/simplicitystudio/v5/developer/toolchains/gnu_arm/10.3_2021.10/bin/../lib/gcc/arm-none-eabi/10.3.1/thumb/v8-m.main+fp/hard\libgcc.a(_udivmoddi4.o)
                0x08005340                __udivmoddi4
 .text          0x0800562c        0x4 c:/siliconlabs/simplicitystudio/v5/developer/toolchains/gnu_arm/10.3_2021.10/bin/../lib/gcc/arm-none-eabi/10.3.1/thumb/v8-m.main+fp/hard\libgcc.a(_dvmd_tls.o)
                0x0800562c                __aeabi_idiv0
                0x0800562c                __aeabi_ldiv0
 .text.exit     0x08005630       0x28 c:/siliconlabs/simplicitystudio/v5/developer/toolchains/gnu_arm/10.3_2021.10/bin/../lib/gcc/arm-none-eabi/10.3.1/../../../../arm-none-eabi/lib/thumb/v8-m.main+fp/hard\libc_nano.a(lib_a-exit.o)
                0x08005630                exit
 .text.__libc_init_array
                0x08005658       0x48 c:/siliconlabs/simplicitystudio/v5/developer/toolchains/gnu_arm/10.3_2021.10/bin/../lib/gcc/arm-none-eabi/10.3.1/../../../../arm-none-eabi/lib/thumb/v8-m.main+fp/hard\libc_nano.a(lib_a-init.o)
                0x08005658                __libc_init_array
 .text.printf   0x080056a0       0x30 c:/siliconlabs/simplicitystudio/v5/developer/toolchains/gnu_arm/10.3_2021.10/bin/../lib/gcc/arm-none-eabi/10.3.1/../../../../arm-none-eabi/lib/thumb/v8-m.main+fp/hard\libc_nano.a(lib_a-printf.o)
                0x080056a0                iprintf
                0x080056a0                printf
 .text.__sflush_r
                0x080056d0      0x108 c:/siliconlabs/simplicitystudio/v5/developer/toolchains/gnu_arm/10.3_2021.10/bin/../lib/gcc/arm-none-eabi/10.3.1/../../../../arm-none-eabi/lib/thumb/v8-m.main+fp/hard\libc_nano.a(lib_a-fflush.o)
                0x080056d0                __sflush_r
 .text._fflush_r
                0x080057d8       0x78 c:/siliconlabs/simplicitystudio/v5/developer/toolchains/gnu_arm/10.3_2021.10/bin/../lib/gcc/arm-none-eabi/10.3.1/../../../../arm-none-eabi/lib/thumb/v8-m.main+fp/hard\libc_nano.a(lib_a-fflush.o)
                0x080057d8                _fflush_r
 .text.std      0x08005850       0x48 c:/siliconlabs/simplicitystudio/v5/developer/toolchains/gnu_arm/10.3_2021.10/bin/../lib/gcc/arm-none-eabi/10.3.1/../../../../arm-none-eabi/lib/thumb/v8-m.main+fp/hard\libc_nano.a(lib_a-findfp.o)
 .text._cleanup_r
                0x08005898        0xc c:/siliconlabs/simplicitystudio/v5/developer/toolchains/gnu_arm/10.3_2021.10/bin/../lib/gcc/arm-none-eabi/10.3.1/../../../../arm-none-eabi/lib/thumb/v8-m.main+fp/hard\libc_nano.a(lib_a-findfp.o)
                0x08005898                _cleanup_r
 .text.__sfp_lock_acquire
                0x080058a4        0xc c:/siliconlabs/simplicitystudio/v5/developer/toolchains/gnu_arm/10.3_2021.10/bin/../lib/gcc/arm-none-eabi/10.3.1/../../../../arm-none-eabi/lib/thumb/v8-m.main+fp/hard\libc_nano.a(lib_a-findfp.o)
                0x080058a4                __sfp_lock_acquire
 .text.__sfp_lock_release
                0x080058b0        0xc c:/siliconlabs/simplicitystudio/v5/developer/toolchains/gnu_arm/10.3_2021.10/bin/../lib/gcc/arm-none-eabi/10.3.1/../../../../arm-none-eabi/lib/thumb/v8-m.main+fp/hard\libc_nano.a(lib_a-findfp.o)
                0x080058b0                __sfp_lock_release
 .text.__sinit_lock_acquire
                0x080058bc        0xc c:/siliconlabs/simplicitystudio/v5/developer/toolchains/gnu_arm/10.3_2021.10/bin/../lib/gcc/arm-none-eabi/10.3.1/../../../../arm-none-eabi/lib/thumb/v8-m.main+fp/hard\libc_nano.a(lib_a-findfp.o)
                0x080058bc                __sinit_lock_acquire
 .text.__sinit_lock_release
                0x080058c8        0xc c:/siliconlabs/simplicitystudio/v5/developer/toolchains/gnu_arm/10.3_2021.10/bin/../lib/gcc/arm-none-eabi/10.3.1/../../../../arm-none-eabi/lib/thumb/v8-m.main+fp/hard\libc_nano.a(lib_a-findfp.o)
                0x080058c8                __sinit_lock_release
 .text.__sinit  0x080058d4       0x70 c:/siliconlabs/simplicitystudio/v5/developer/toolchains/gnu_arm/10.3_2021.10/bin/../lib/gcc/arm-none-eabi/10.3.1/../../../../arm-none-eabi/lib/thumb/v8-m.main+fp/hard\libc_nano.a(lib_a-findfp.o)
                0x080058d4                __sinit
 .text.__sfp    0x08005944       0x8c c:/siliconlabs/simplicitystudio/v5/developer/toolchains/gnu_arm/10.3_2021.10/bin/../lib/gcc/arm-none-eabi/10.3.1/../../../../arm-none-eabi/lib/thumb/v8-m.main+fp/hard\libc_nano.a(lib_a-findfp.o)
                0x08005944                __sfp
 .text.__smakebuf_r
                0x080059d0       0x80 c:/siliconlabs/simplicitystudio/v5/developer/toolchains/gnu_arm/10.3_2021.10/bin/../lib/gcc/arm-none-eabi/10.3.1/../../../../arm-none-eabi/lib/thumb/v8-m.main+fp/hard\libc_nano.a(lib_a-makebuf.o)
                0x080059d0                __smakebuf_r
 .text._free_r  0x08005a50       0x98 c:/siliconlabs/simplicitystudio/v5/developer/toolchains/gnu_arm/10.3_2021.10/bin/../lib/gcc/arm-none-eabi/10.3.1/../../../../arm-none-eabi/lib/thumb/v8-m.main+fp/hard\libc_nano.a(lib_a-nano-freer.o)
                0x08005a50                _free_r
 .text.sbrk_aligned
                0x08005ae8       0x40 c:/siliconlabs/simplicitystudio/v5/developer/toolchains/gnu_arm/10.3_2021.10/bin/../lib/gcc/arm-none-eabi/10.3.1/../../../../arm-none-eabi/lib/thumb/v8-m.main+fp/hard\libc_nano.a(lib_a-nano-mallocr.o)
 .text._malloc_r
                0x08005b28       0xe8 c:/siliconlabs/simplicitystudio/v5/developer/toolchains/gnu_arm/10.3_2021.10/bin/../lib/gcc/arm-none-eabi/10.3.1/../../../../arm-none-eabi/lib/thumb/v8-m.main+fp/hard\libc_nano.a(lib_a-nano-mallocr.o)
                0x08005b28                _malloc_r
 .text._vfprintf_r
                0x08005c10      0x260 c:/siliconlabs/simplicitystudio/v5/developer/toolchains/gnu_arm/10.3_2021.10/bin/../lib/gcc/arm-none-eabi/10.3.1/../../../../arm-none-eabi/lib/thumb/v8-m.main+fp/hard\libc_nano.a(lib_a-nano-vfprintf.o)
                0x08005c10                _vfprintf_r
                0x08005c10                _vfiprintf_r
 .text._printf_i
                0x08005e70      0x24c c:/siliconlabs/simplicitystudio/v5/developer/toolchains/gnu_arm/10.3_2021.10/bin/../lib/gcc/arm-none-eabi/10.3.1/../../../../arm-none-eabi/lib/thumb/v8-m.main+fp/hard\libc_nano.a(lib_a-nano-vfprintf_i.o)
                0x08005e70                _printf_i
 .text._sbrk_r  0x080060bc       0x20 c:/siliconlabs/simplicitystudio/v5/developer/toolchains/gnu_arm/10.3_2021.10/bin/../lib/gcc/arm-none-eabi/10.3.1/../../../../arm-none-eabi/lib/thumb/v8-m.main+fp/hard\libc_nano.a(lib_a-sbrkr.o)
                0x080060bc                _sbrk_r
 .text.__swbuf_r
                0x080060dc       0xa4 c:/siliconlabs/simplicitystudio/v5/developer/toolchains/gnu_arm/10.3_2021.10/bin/../lib/gcc/arm-none-eabi/10.3.1/../../../../arm-none-eabi/lib/thumb/v8-m.main+fp/hard\libc_nano.a(lib_a-wbuf.o)
                0x080060dc                __swbuf_r
 .text._write_r
                0x08006180       0x24 c:/siliconlabs/simplicitystudio/v5/developer/toolchains/gnu_arm/10.3_2021.10/bin/../lib/gcc/arm-none-eabi/10.3.1/../../../../arm-none-eabi/lib/thumb/v8-m.main+fp/hard\libc_nano.a(lib_a-writer.o)
                0x08006180                _write_r
 .text.__swsetup_r
                0x080061a4       0xdc c:/siliconlabs/simplicitystudio/v5/developer/toolchains/gnu_arm/10.3_2021.10/bin/../lib/gcc/arm-none-eabi/10.3.1/../../../../arm-none-eabi/lib/thumb/v8-m.main+fp/hard\libc_nano.a(lib_a-wsetup.o)
                0x080061a4                __swsetup_r
 .text._close_r
                0x08006280       0x20 c:/siliconlabs/simplicitystudio/v5/developer/toolchains/gnu_arm/10.3_2021.10/bin/../lib/gcc/arm-none-eabi/10.3.1/../../../../arm-none-eabi/lib/thumb/v8-m.main+fp/hard\libc_nano.a(lib_a-closer.o)
                0x08006280                _close_r
 .text._fstat_r
                0x080062a0       0x24 c:/siliconlabs/simplicitystudio/v5/developer/toolchains/gnu_arm/10.3_2021.10/bin/../lib/gcc/arm-none-eabi/10.3.1/../../../../arm-none-eabi/lib/thumb/v8-m.main+fp/hard\libc_nano.a(lib_a-fstatr.o)
                0x080062a0                _fstat_r
 .text._isatty_r
                0x080062c4       0x20 c:/siliconlabs/simplicitystudio/v5/developer/toolchains/gnu_arm/10.3_2021.10/bin/../lib/gcc/arm-none-eabi/10.3.1/../../../../arm-none-eabi/lib/thumb/v8-m.main+fp/hard\libc_nano.a(lib_a-isattyr.o)
                0x080062c4                _isatty_r
 .text._lseek_r
                0x080062e4       0x24 c:/siliconlabs/simplicitystudio/v5/developer/toolchains/gnu_arm/10.3_2021.10/bin/../lib/gcc/arm-none-eabi/10.3.1/../../../../arm-none-eabi/lib/thumb/v8-m.main+fp/hard\libc_nano.a(lib_a-lseekr.o)
                0x080062e4                _lseek_r
 .text.__malloc_lock
                0x08006308        0xc c:/siliconlabs/simplicitystudio/v5/developer/toolchains/gnu_arm/10.3_2021.10/bin/../lib/gcc/arm-none-eabi/10.3.1/../../../../arm-none-eabi/lib/thumb/v8-m.main+fp/hard\libc_nano.a(lib_a-mlock.o)
                0x08006308                __malloc_lock
 .text.__malloc_unlock
                0x08006314        0xc c:/siliconlabs/simplicitystudio/v5/developer/toolchains/gnu_arm/10.3_2021.10/bin/../lib/gcc/arm-none-eabi/10.3.1/../../../../arm-none-eabi/lib/thumb/v8-m.main+fp/hard\libc_nano.a(lib_a-mlock.o)
                0x08006314                __malloc_unlock
 .text._read_r  0x08006320       0x24 c:/siliconlabs/simplicitystudio/v5/developer/toolchains/gnu_arm/10.3_2021.10/bin/../lib/gcc/arm-none-eabi/10.3.1/../../../../arm-none-eabi/lib/thumb/v8-m.main+fp/hard\libc_nano.a(lib_a-readr.o)
                0x08006320                _read_r
 .text.main     0x08006344       0x14 ./main.o
                0x08006344                main
 .text.sl_board_default_init
                0x08006358        0xa ./autogen/sl_board_default_init.o
                0x08006358                sl_board_default_init
 .text.CHIP_Init
                0x08006362        0x4 ./autogen/sl_event_handler.o
 .text.sl_platform_init
                0x08006366       0x2a ./autogen/sl_event_handler.o
                0x08006366                sl_platform_init
 .text.sl_driver_init
                0x08006390       0x12 ./autogen/sl_event_handler.o
                0x08006390                sl_driver_init
 .text.sl_service_init
                0x080063a2       0x12 ./autogen/sl_event_handler.o
                0x080063a2                sl_service_init
 .text.sl_stack_init
                0x080063b4        0x4 ./autogen/sl_event_handler.o
                0x080063b4                sl_stack_init
 .text.sl_internal_app_init
                0x080063b8        0x4 ./autogen/sl_event_handler.o
                0x080063b8                sl_internal_app_init
 .text.sl_platform_process_action
                0x080063bc        0x4 ./autogen/sl_event_handler.o
                0x080063bc                sl_platform_process_action
 .text.sl_service_process_action
                0x080063c0        0x4 ./autogen/sl_event_handler.o
                0x080063c0                sl_service_process_action
 .text.sl_stack_process_action
                0x080063c4        0x4 ./autogen/sl_event_handler.o
                0x080063c4                sl_stack_process_action
 .text.sl_internal_app_process_action
                0x080063c8        0x4 ./autogen/sl_event_handler.o
                0x080063c8                sl_internal_app_process_action
 .text.sl_iostream_init_instances
                0x080063cc        0x4 ./autogen/sl_event_handler.o
                0x080063cc                sl_iostream_init_instances
 .text.sl_board_configure_vcom
                0x080063d0        0x6 ./gecko_sdk_4.2.1/hardware/board/src/sl_board_control_gpio.o
                0x080063d0                sl_board_configure_vcom
 .text.sl_board_disable_vcom
                0x080063d6       0x14 ./gecko_sdk_4.2.1/hardware/board/src/sl_board_control_gpio.o
                0x080063d6                sl_board_disable_vcom
 .text.sl_board_init
                0x080063ea       0x16 ./gecko_sdk_4.2.1/hardware/board/src/sl_board_init.o
                0x080063ea                sl_board_init
 .text.sl_board_preinit
                0x08006400        0xe ./gecko_sdk_4.2.1/hardware/board/src/sl_board_init.o
                0x08006400                sl_board_preinit
 .text.sl_cos_send_config
                0x0800640e        0xc ./gecko_sdk_4.2.1/hardware/driver/configuration_over_swo/src/sl_cos.o
                0x0800640e                sl_cos_send_config
 .text.cs_low   0x0800641a        0xe ./gecko_sdk_4.2.1/hardware/driver/mx25_flash_shutdown/src/sl_mx25_flash_shutdown_eusart/sl_mx25_flash_shutdown.o
 .text.cs_high  0x08006428        0xe ./gecko_sdk_4.2.1/hardware/driver/mx25_flash_shutdown/src/sl_mx25_flash_shutdown_eusart/sl_mx25_flash_shutdown.o
 .text.Default_Handler
                0x08006436        0x2 ./gecko_sdk_4.2.1/platform/Device/SiliconLabs/EFR32MG24/Source/startup_efr32mg24.o
                0x08006436                ULFRCO_IRQHandler
                0x08006436                AHB2AHB1_IRQHandler
                0x08006436                SW2_IRQHandler
                0x08006436                TIMER2_IRQHandler
                0x08006436                DebugMon_Handler
                0x08006436                USART0_TX_IRQHandler
                0x08006436                IADC_IRQHandler
                0x08006436                EUSART0_TX_IRQHandler
                0x08006436                I2C0_IRQHandler
                0x08006436                LFXO_IRQHandler
                0x08006436                HardFault_Handler
                0x08006436                SMU_SECURE_IRQHandler
                0x08006436                SysTick_Handler
                0x08006436                SYSRTC_SEQ_IRQHandler
                0x08006436                EMUEFP_IRQHandler
                0x08006436                PendSV_Handler
                0x08006436                NMI_Handler
                0x08006436                SYNTH_IRQHandler
                0x08006436                HOSTMAILBOX_IRQHandler
                0x08006436                HFXO0_IRQHandler
                0x08006436                I2C1_IRQHandler
                0x08006436                WDOG0_IRQHandler
                0x08006436                TIMER3_IRQHandler
                0x08006436                SYSCFG_IRQHandler
                0x08006436                RFECA1_IRQHandler
                0x08006436                EMUDG_IRQHandler
                0x08006436                MSC_IRQHandler
                0x08006436                DPLL0_IRQHandler
                0x08006436                UsageFault_Handler
                0x08006436                WDOG1_IRQHandler
                0x08006436                M33CTI1_IRQHandler
                0x08006436                TIMER4_IRQHandler
                0x08006436                VDAC0_IRQHandler
                0x08006436                SEMBTX_IRQHandler
                0x08006436                SW0_IRQHandler
                0x08006436                MVP_IRQHandler
                0x08006436                LETIMER0_IRQHandler
                0x08006436                EUSART1_RX_IRQHandler
                0x08006436                TIMER1_IRQHandler
                0x08006436                HFRCO0_IRQHandler
                0x08006436                SecureFault_Handler
                0x08006436                BUFC_IRQHandler
                0x08006436                DCDC_IRQHandler
                0x08006436                MODEM_IRQHandler
                0x08006436                Default_Handler
                0x08006436                RAC_SEQ_IRQHandler
                0x08006436                FRC_PRI_IRQHandler
                0x08006436                SW3_IRQHandler
                0x08006436                EMU_IRQHandler
                0x08006436                KERNEL0_IRQHandler
                0x08006436                FRC_IRQHandler
                0x08006436                PCNT0_IRQHandler
                0x08006436                KERNEL1_IRQHandler
                0x08006436                AGC_IRQHandler
                0x08006436                EUSART1_TX_IRQHandler
                0x08006436                KEYSCAN_IRQHandler
                0x08006436                HFRCOEM23_IRQHandler
                0x08006436                sl_app_properties
                0x08006436                BURTC_IRQHandler
                0x08006436                SEMBRX_IRQHandler
                0x08006436                RFECA0_IRQHandler
                0x08006436                LFRCO_IRQHandler
                0x08006436                VDAC1_IRQHandler
                0x08006436                ACMP0_IRQHandler
                0x08006436                USART0_RX_IRQHandler
                0x08006436                MemManage_Handler
                0x08006436                AHB2AHB0_IRQHandler
                0x08006436                SVC_Handler
                0x08006436                SMU_S_PRIVILEGED_IRQHandler
                0x08006436                SW1_IRQHandler
                0x08006436                CMU_IRQHandler
                0x08006436                EUSART0_RX_IRQHandler
                0x08006436                RAC_RSM_IRQHandler
                0x08006436                SETAMPERHOST_IRQHandler
                0x08006436                AES_IRQHandler
                0x08006436                M33CTI0_IRQHandler
                0x08006436                ICACHE0_IRQHandler
                0x08006436                SMU_NS_PRIVILEGED_IRQHandler
                0x08006436                FPUEXH_IRQHandler
                0x08006436                PROTIMER_IRQHandler
                0x08006436                ACMP1_IRQHandler
                0x08006436                BusFault_Handler
                0x08006436                MPAHBRAM_IRQHandler
 .text.SystemCLKIN0Get
                0x08006438        0x6 ./gecko_sdk_4.2.1/platform/Device/SiliconLabs/EFR32MG24/Source/system_efr32mg24.o
                0x08006438                SystemCLKIN0Get
 .text.SystemLFRCOClockGet
                0x0800643e        0x8 ./gecko_sdk_4.2.1/platform/Device/SiliconLabs/EFR32MG24/Source/system_efr32mg24.o
                0x0800643e                SystemLFRCOClockGet
 .text.SystemULFRCOClockGet
                0x08006446        0x8 ./gecko_sdk_4.2.1/platform/Device/SiliconLabs/EFR32MG24/Source/system_efr32mg24.o
                0x08006446                SystemULFRCOClockGet
 .text.assertEFM
                0x0800644e        0x8 ./gecko_sdk_4.2.1/platform/common/src/sl_assert.o
                0x0800644e                assertEFM
 .text.sl_debug_swo_enable_itm
                0x08006456       0x26 ./gecko_sdk_4.2.1/platform/driver/debug/src/sl_debug_swo.o
                0x08006456                sl_debug_swo_enable_itm
 .text.SL_CTZ   0x0800647c       0x2c ./gecko_sdk_4.2.1/platform/emdrv/gpiointerrupt/src/gpiointerrupt.o
 .text.GPIOINT_Init
                0x080064a8       0x36 ./gecko_sdk_4.2.1/platform/emdrv/gpiointerrupt/src/gpiointerrupt.o
                0x080064a8                GPIOINT_Init
 .text.GPIO_EVEN_IRQHandler
                0x080064de       0x28 ./gecko_sdk_4.2.1/platform/emdrv/gpiointerrupt/src/gpiointerrupt.o
                0x080064de                GPIO_EVEN_IRQHandler
 .text.GPIO_ODD_IRQHandler
                0x08006506       0x28 ./gecko_sdk_4.2.1/platform/emdrv/gpiointerrupt/src/gpiointerrupt.o
                0x08006506                GPIO_ODD_IRQHandler
 .text.SystemCoreClockGet
                0x0800652e        0xc ./gecko_sdk_4.2.1/platform/emlib/src/em_cmu.o
 .text.BUS_RegBitRead
                0x0800653a       0x1a ./gecko_sdk_4.2.1/platform/emlib/src/em_cmu.o
 .text.BUS_RegMaskedWrite
                0x08006554       0x34 ./gecko_sdk_4.2.1/platform/emlib/src/em_cmu.o
 .text.sli_em_cmu_SYSCLKInitPreClockSelect
                0x08006588       0x1a ./gecko_sdk_4.2.1/platform/emlib/src/em_cmu.o
                0x08006588                sli_em_cmu_SYSCLKInitPreClockSelect
 .text.sli_em_cmu_SYSCLKInitPostClockSelect
                0x080065a2       0x2e ./gecko_sdk_4.2.1/platform/emlib/src/em_cmu.o
                0x080065a2                sli_em_cmu_SYSCLKInitPostClockSelect
 .text.CMU_UpdateWaitStates
                0x080065d0       0x28 ./gecko_sdk_4.2.1/platform/emlib/src/em_cmu.o
                0x080065d0                CMU_UpdateWaitStates
 .text.pclkDivMax
                0x080065f8       0x10 ./gecko_sdk_4.2.1/platform/emlib/src/em_cmu.o
 .text.waitStateMax
                0x08006608       0x14 ./gecko_sdk_4.2.1/platform/emlib/src/em_cmu.o
 .text.CORE_EnterCritical
                0x0800661c       0x18 ./gecko_sdk_4.2.1/platform/emlib/src/em_core.o
                0x0800661c                CORE_EnterCritical
 .text.CORE_ExitCritical
                0x08006634       0x14 ./gecko_sdk_4.2.1/platform/emlib/src/em_core.o
                0x08006634                CORE_ExitCritical
 .text.CORE_EnterAtomic
                0x08006648       0x20 ./gecko_sdk_4.2.1/platform/emlib/src/em_core.o
                0x08006648                CORE_EnterAtomic
 .text.CORE_ExitAtomic
                0x08006668       0x16 ./gecko_sdk_4.2.1/platform/emlib/src/em_core.o
                0x08006668                CORE_ExitAtomic
 .text.BUS_RegBitRead
                0x0800667e       0x1a ./gecko_sdk_4.2.1/platform/emlib/src/em_emu.o
 .text.vScaleEM01Cmd
                0x08006698       0x1c ./gecko_sdk_4.2.1/platform/emlib/src/em_emu.o
 .text.EMU_EFPEM01VScale
                0x080066b4        0xe ./gecko_sdk_4.2.1/platform/emlib/src/em_emu.o
                0x080066b4                EMU_EFPEM01VScale
 .text.EMU_DCDCUpdatedHook
                0x080066c2        0x4 ./gecko_sdk_4.2.1/platform/emlib/src/em_emu.o
                0x080066c2                EMU_DCDCUpdatedHook
 .text.EUSART_StatusGet
                0x080066c6        0xe ./gecko_sdk_4.2.1/platform/emlib/src/em_eusart.o
 .text.eusart_sync
                0x080066d4       0x1c ./gecko_sdk_4.2.1/platform/emlib/src/em_eusart.o
 .text.EUSART_Spi_TxRx
                0x080066f0       0x3a ./gecko_sdk_4.2.1/platform/emlib/src/em_eusart.o
                0x080066f0                EUSART_Spi_TxRx
 .text.EUSART_Disable
                0x0800672a       0x68 ./gecko_sdk_4.2.1/platform/emlib/src/em_eusart.o
 .text.BUS_RegMaskedWrite
                0x08006792       0x34 ./gecko_sdk_4.2.1/platform/emlib/src/em_gpio.o
 .text.GPIO_DbgLocationSet
                0x080067c6        0xa ./gecko_sdk_4.2.1/platform/emlib/src/em_gpio.o
                0x080067c6                GPIO_DbgLocationSet
 .text.I2C_IntClear
                0x080067d0       0x18 ./gecko_sdk_4.2.1/platform/emlib/src/em_i2c.o
 .text.BUS_RegMaskedWrite
                0x080067e8       0x34 ./gecko_sdk_4.2.1/platform/emlib/src/em_i2c.o
 .text.flushRx  0x0800681c       0x28 ./gecko_sdk_4.2.1/platform/emlib/src/em_i2c.o
 .text.TIMER_SyncWait
                0x08006844       0x24 ./gecko_sdk_4.2.1/platform/emlib/src/em_timer.o
                0x08006844                TIMER_SyncWait
 .text.sl_device_init_nvic
                0x08006868       0x38 ./gecko_sdk_4.2.1/platform/service/device_init/src/sl_device_init_nvic.o
                0x08006868                sl_device_init_nvic
 .text.sl_iostream_write
                0x080068a0       0x40 ./gecko_sdk_4.2.1/platform/service/iostream/src/sl_iostream.o
                0x080068a0                sl_iostream_write
 .text.sl_iostream_read
                0x080068e0       0x50 ./gecko_sdk_4.2.1/platform/service/iostream/src/sl_iostream.o
                0x080068e0                sl_iostream_read
 .text._close   0x08006930        0xc ./gecko_sdk_4.2.1/platform/service/iostream/src/sl_iostream_retarget_stdio.o
                0x08006930                _close
 .text._exit    0x0800693c        0x6 ./gecko_sdk_4.2.1/platform/service/iostream/src/sl_iostream_retarget_stdio.o
                0x0800693c                _exit
 .text._fstat   0x08006942       0x16 ./gecko_sdk_4.2.1/platform/service/iostream/src/sl_iostream_retarget_stdio.o
                0x08006942                _fstat
 .text._isatty  0x08006958        0xc ./gecko_sdk_4.2.1/platform/service/iostream/src/sl_iostream_retarget_stdio.o
                0x08006958                _isatty
 .text._lseek   0x08006964       0x10 ./gecko_sdk_4.2.1/platform/service/iostream/src/sl_iostream_retarget_stdio.o
                0x08006964                _lseek
 .text._read    0x08006974       0x30 ./gecko_sdk_4.2.1/platform/service/iostream/src/sl_iostream_retarget_stdio.o
                0x08006974                _read
 .text.sleeptimer_hal_init_timer
                0x080069a4       0x76 ./gecko_sdk_4.2.1/platform/service/sleeptimer/src/sl_sleeptimer_hal_sysrtc.o
                0x080069a4                sleeptimer_hal_init_timer
 .text.sleeptimer_hal_get_counter
                0x08006a1a        0xc ./gecko_sdk_4.2.1/platform/service/sleeptimer/src/sl_sleeptimer_hal_sysrtc.o
                0x08006a1a                sleeptimer_hal_get_counter
 .text.sleeptimer_hal_get_compare
                0x08006a26       0x10 ./gecko_sdk_4.2.1/platform/service/sleeptimer/src/sl_sleeptimer_hal_sysrtc.o
                0x08006a26                sleeptimer_hal_get_compare
 .text.sleeptimer_hal_enable_int
                0x08006a36       0x46 ./gecko_sdk_4.2.1/platform/service/sleeptimer/src/sl_sleeptimer_hal_sysrtc.o
                0x08006a36                sleeptimer_hal_enable_int
 .text.SYSRTC_APP_IRQHandler
                0x08006a7c       0x6a ./gecko_sdk_4.2.1/platform/service/sleeptimer/src/sl_sleeptimer_hal_sysrtc.o
                0x08006a7c                SYSRTC_APP_IRQHandler
 .text.sleeptimer_hal_get_timer_frequency
                0x08006ae6        0xe ./gecko_sdk_4.2.1/platform/service/sleeptimer/src/sl_sleeptimer_hal_sysrtc.o
                0x08006ae6                sleeptimer_hal_get_timer_frequency
 .text.get_time_diff
                0x08006af4       0x12 ./gecko_sdk_4.2.1/platform/service/sleeptimer/src/sl_sleeptimer_hal_sysrtc.o
 .text.sl_system_init
                0x08006b06       0x1a ./gecko_sdk_4.2.1/platform/service/system/src/sl_system_init.o
                0x08006b06                sl_system_init
 .text.sl_system_process_action
                0x08006b20       0x16 ./gecko_sdk_4.2.1/platform/service/system/src/sl_system_process_action.o
                0x08006b20                sl_system_process_action
 .text.SystemCoreClockGet
                0x08006b36        0xc ./gecko_sdk_4.2.1/platform/service/udelay/src/sl_udelay.o
 .text.init_LED0
                0x08006b42       0x12 ./src/GPIO.o
                0x08006b42                init_LED0
 .text.toggleLED0
                0x08006b54        0xe ./src/GPIO.o
                0x08006b54                toggleLED0
 .text.adxl_readBWRate
                0x08006b62       0xba ./src/adxl343.o
                0x08006b62                adxl_readBWRate
 .text.TIMER_IntClear
                0x08006c1c       0x18 ./src/irq.o
 .text.TIMER_IntGet
                0x08006c34        0xe ./src/irq.o
 .text.TIMER_IntClear
                0x08006c42       0x18 ./src/timers.o
 .text.TIMER_IntEnable
                0x08006c5a       0x18 ./src/timers.o
 .text.memset   0x08006c72       0x10 c:/siliconlabs/simplicitystudio/v5/developer/toolchains/gnu_arm/10.3_2021.10/bin/../lib/gcc/arm-none-eabi/10.3.1/../../../../arm-none-eabi/lib/thumb/v8-m.main+fp/hard\libc_nano.a(lib_a-memset.o)
                0x08006c72                memset
 .text.__sfmoreglue
                0x08006c82       0x2c c:/siliconlabs/simplicitystudio/v5/developer/toolchains/gnu_arm/10.3_2021.10/bin/../lib/gcc/arm-none-eabi/10.3.1/../../../../arm-none-eabi/lib/thumb/v8-m.main+fp/hard\libc_nano.a(lib_a-findfp.o)
                0x08006c82                __sfmoreglue
 .text._fwalk_reent
                0x08006cae       0x3e c:/siliconlabs/simplicitystudio/v5/developer/toolchains/gnu_arm/10.3_2021.10/bin/../lib/gcc/arm-none-eabi/10.3.1/../../../../arm-none-eabi/lib/thumb/v8-m.main+fp/hard\libc_nano.a(lib_a-fwalk.o)
                0x08006cae                _fwalk_reent
 .text.__retarget_lock_init_recursive
                0x08006cec        0x2 c:/siliconlabs/simplicitystudio/v5/developer/toolchains/gnu_arm/10.3_2021.10/bin/../lib/gcc/arm-none-eabi/10.3.1/../../../../arm-none-eabi/lib/thumb/v8-m.main+fp/hard\libc_nano.a(lib_a-lock.o)
                0x08006cec                __retarget_lock_init_recursive
 .text.__retarget_lock_acquire_recursive
                0x08006cee        0x2 c:/siliconlabs/simplicitystudio/v5/developer/toolchains/gnu_arm/10.3_2021.10/bin/../lib/gcc/arm-none-eabi/10.3.1/../../../../arm-none-eabi/lib/thumb/v8-m.main+fp/hard\libc_nano.a(lib_a-lock.o)
                0x08006cee                __retarget_lock_acquire_recursive
 .text.__retarget_lock_release_recursive
                0x08006cf0        0x2 c:/siliconlabs/simplicitystudio/v5/developer/toolchains/gnu_arm/10.3_2021.10/bin/../lib/gcc/arm-none-eabi/10.3.1/../../../../arm-none-eabi/lib/thumb/v8-m.main+fp/hard\libc_nano.a(lib_a-lock.o)
                0x08006cf0                __retarget_lock_release_recursive
 .text.__swhatbuf_r
                0x08006cf2       0x4a c:/siliconlabs/simplicitystudio/v5/developer/toolchains/gnu_arm/10.3_2021.10/bin/../lib/gcc/arm-none-eabi/10.3.1/../../../../arm-none-eabi/lib/thumb/v8-m.main+fp/hard\libc_nano.a(lib_a-makebuf.o)
                0x08006cf2                __swhatbuf_r
 .text.__sfputc_r
                0x08006d3c       0x2e c:/siliconlabs/simplicitystudio/v5/developer/toolchains/gnu_arm/10.3_2021.10/bin/../lib/gcc/arm-none-eabi/10.3.1/../../../../arm-none-eabi/lib/thumb/v8-m.main+fp/hard\libc_nano.a(lib_a-nano-vfprintf.o)
 .text.__sfputs_r
                0x08006d6a       0x24 c:/siliconlabs/simplicitystudio/v5/developer/toolchains/gnu_arm/10.3_2021.10/bin/../lib/gcc/arm-none-eabi/10.3.1/../../../../arm-none-eabi/lib/thumb/v8-m.main+fp/hard\libc_nano.a(lib_a-nano-vfprintf.o)
                0x08006d6a                __sfputs_r
 .text._printf_common
                0x08006d8e       0xe0 c:/siliconlabs/simplicitystudio/v5/developer/toolchains/gnu_arm/10.3_2021.10/bin/../lib/gcc/arm-none-eabi/10.3.1/../../../../arm-none-eabi/lib/thumb/v8-m.main+fp/hard\libc_nano.a(lib_a-nano-vfprintf_i.o)
                0x08006d8e                _printf_common
 .text.__sread  0x08006e6e       0x22 c:/siliconlabs/simplicitystudio/v5/developer/toolchains/gnu_arm/10.3_2021.10/bin/../lib/gcc/arm-none-eabi/10.3.1/../../../../arm-none-eabi/lib/thumb/v8-m.main+fp/hard\libc_nano.a(lib_a-stdio.o)
                0x08006e6e                __sread
 .text.__swrite
                0x08006e90       0x38 c:/siliconlabs/simplicitystudio/v5/developer/toolchains/gnu_arm/10.3_2021.10/bin/../lib/gcc/arm-none-eabi/10.3.1/../../../../arm-none-eabi/lib/thumb/v8-m.main+fp/hard\libc_nano.a(lib_a-stdio.o)
                0x08006e90                __swrite
 .text.__sseek  0x08006ec8       0x24 c:/siliconlabs/simplicitystudio/v5/developer/toolchains/gnu_arm/10.3_2021.10/bin/../lib/gcc/arm-none-eabi/10.3.1/../../../../arm-none-eabi/lib/thumb/v8-m.main+fp/hard\libc_nano.a(lib_a-stdio.o)
                0x08006ec8                __sseek
 .text.__sclose
                0x08006eec        0x8 c:/siliconlabs/simplicitystudio/v5/developer/toolchains/gnu_arm/10.3_2021.10/bin/../lib/gcc/arm-none-eabi/10.3.1/../../../../arm-none-eabi/lib/thumb/v8-m.main+fp/hard\libc_nano.a(lib_a-stdio.o)
                0x08006eec                __sclose
 .text.memchr   0x08006ef4       0x1c c:/siliconlabs/simplicitystudio/v5/developer/toolchains/gnu_arm/10.3_2021.10/bin/../lib/gcc/arm-none-eabi/10.3.1/../../../../arm-none-eabi/lib/thumb/v8-m.main+fp/hard\libc_nano.a(lib_a-memchr-stub.o)
                0x08006ef4                memchr
                0x08006f10                linker_code_end = .
 *(.init)
 .init          0x08006f10        0x4 c:/siliconlabs/simplicitystudio/v5/developer/toolchains/gnu_arm/10.3_2021.10/bin/../lib/gcc/arm-none-eabi/10.3.1/thumb/v8-m.main+fp/hard/crti.o
                0x08006f10                _init
 .init          0x08006f14        0x8 c:/siliconlabs/simplicitystudio/v5/developer/toolchains/gnu_arm/10.3_2021.10/bin/../lib/gcc/arm-none-eabi/10.3.1/thumb/v8-m.main+fp/hard/crtn.o
 *(.fini)
 .fini          0x08006f1c        0x4 c:/siliconlabs/simplicitystudio/v5/developer/toolchains/gnu_arm/10.3_2021.10/bin/../lib/gcc/arm-none-eabi/10.3.1/thumb/v8-m.main+fp/hard/crti.o
                0x08006f1c                _fini
 .fini          0x08006f20        0x8 c:/siliconlabs/simplicitystudio/v5/developer/toolchains/gnu_arm/10.3_2021.10/bin/../lib/gcc/arm-none-eabi/10.3.1/thumb/v8-m.main+fp/hard/crtn.o
 *crtbegin.o(.ctors)
 *crtbegin?.o(.ctors)
 *(EXCLUDE_FILE(*crtend.o *crtend?.o) .ctors)
 *(SORT_BY_NAME(.ctors.*))
 *(.ctors)
 *crtbegin.o(.dtors)
 *crtbegin?.o(.dtors)
 *(EXCLUDE_FILE(*crtend.o *crtend?.o) .dtors)
 *(SORT_BY_NAME(.dtors.*))
 *(.dtors)
 *(.rodata*)
 .rodata        0x08006f28       0x10 ./app.o
 .rodata        0x08006f38       0x80 ./gecko_sdk_4.2.1/hardware/driver/mx25_flash_shutdown/src/sl_mx25_flash_shutdown_eusart/sl_mx25_flash_shutdown.o
 .rodata        0x08006fb8       0x4b ./gecko_sdk_4.2.1/platform/driver/debug/src/sl_debug_swo.o
 *fill*         0x08007003        0x1 
 .rodata        0x08007004       0x97 ./gecko_sdk_4.2.1/platform/emlib/src/em_cmu.o
 *fill*         0x0800709b        0x1 
 .rodata        0x0800709c       0x4c ./gecko_sdk_4.2.1/platform/emlib/src/em_core.o
 .rodata        0x080070e8       0x4b ./gecko_sdk_4.2.1/platform/emlib/src/em_emu.o
 *fill*         0x08007133        0x1 
 .rodata        0x08007134       0x4e ./gecko_sdk_4.2.1/platform/emlib/src/em_eusart.o
 *fill*         0x08007182        0x2 
 .rodata        0x08007184       0xe4 ./gecko_sdk_4.2.1/platform/emlib/src/em_gpio.o
 .rodata        0x08007268       0x97 ./gecko_sdk_4.2.1/platform/emlib/src/em_i2c.o
 *fill*         0x080072ff        0x1 
 .rodata.i2cNSum
                0x08007300        0x4 ./gecko_sdk_4.2.1/platform/emlib/src/em_i2c.o
 .rodata        0x08007304       0x9d ./gecko_sdk_4.2.1/platform/emlib/src/em_timer.o
 *fill*         0x080073a1        0x3 
 .rodata        0x080073a4       0x5b ./gecko_sdk_4.2.1/platform/peripheral/src/peripheral_sysrtc.o
 *fill*         0x080073ff        0x1 
 .rodata        0x08007400        0x7 ./gecko_sdk_4.2.1/platform/service/device_init/src/sl_device_init_dcdc_s2.o
 *fill*         0x08007407        0x1 
 .rodata        0x08007408       0x28 ./gecko_sdk_4.2.1/platform/service/device_init/src/sl_device_init_hfxo_s2.o
 .rodata        0x08007430       0x14 ./gecko_sdk_4.2.1/platform/service/device_init/src/sl_device_init_lfxo_s2.o
 .rodata        0x08007444       0x4e ./gecko_sdk_4.2.1/platform/service/iostream/src/sl_iostream_retarget_stdio.o
 *fill*         0x08007492        0x2 
 .rodata        0x08007494       0x5f ./gecko_sdk_4.2.1/platform/service/sleeptimer/src/sl_sleeptimer.o
 *fill*         0x080074f3        0x1 
 .rodata        0x080074f4       0x57 ./gecko_sdk_4.2.1/platform/service/udelay/src/sl_udelay.o
 *fill*         0x0800754b        0x1 
 .rodata        0x0800754c       0x4c ./src/GPIO.o
 .rodata        0x08007598       0x10 ./src/I2C.o
 .rodata        0x080075a8       0x4d ./src/timers.o
 *fill*         0x080075f5        0x3 
 .rodata._global_impure_ptr
                0x080075f8        0x4 c:/siliconlabs/simplicitystudio/v5/developer/toolchains/gnu_arm/10.3_2021.10/bin/../lib/gcc/arm-none-eabi/10.3.1/../../../../arm-none-eabi/lib/thumb/v8-m.main+fp/hard\libc_nano.a(lib_a-impure.o)
                0x080075f8                _global_impure_ptr
 .rodata.__sf_fake_stderr
                0x080075fc       0x20 c:/siliconlabs/simplicitystudio/v5/developer/toolchains/gnu_arm/10.3_2021.10/bin/../lib/gcc/arm-none-eabi/10.3.1/../../../../arm-none-eabi/lib/thumb/v8-m.main+fp/hard\libc_nano.a(lib_a-findfp.o)
                0x080075fc                __sf_fake_stderr
 .rodata.__sf_fake_stdin
                0x0800761c       0x20 c:/siliconlabs/simplicitystudio/v5/developer/toolchains/gnu_arm/10.3_2021.10/bin/../lib/gcc/arm-none-eabi/10.3.1/../../../../arm-none-eabi/lib/thumb/v8-m.main+fp/hard\libc_nano.a(lib_a-findfp.o)
                0x0800761c                __sf_fake_stdin
 .rodata.__sf_fake_stdout
                0x0800763c       0x20 c:/siliconlabs/simplicitystudio/v5/developer/toolchains/gnu_arm/10.3_2021.10/bin/../lib/gcc/arm-none-eabi/10.3.1/../../../../arm-none-eabi/lib/thumb/v8-m.main+fp/hard\libc_nano.a(lib_a-findfp.o)
                0x0800763c                __sf_fake_stdout
 .rodata._vfprintf_r.str1.1
                0x0800765c       0x11 c:/siliconlabs/simplicitystudio/v5/developer/toolchains/gnu_arm/10.3_2021.10/bin/../lib/gcc/arm-none-eabi/10.3.1/../../../../arm-none-eabi/lib/thumb/v8-m.main+fp/hard\libc_nano.a(lib_a-nano-vfprintf.o)
 .rodata._printf_i.str1.1
                0x0800766d       0x22 c:/siliconlabs/simplicitystudio/v5/developer/toolchains/gnu_arm/10.3_2021.10/bin/../lib/gcc/arm-none-eabi/10.3.1/../../../../arm-none-eabi/lib/thumb/v8-m.main+fp/hard\libc_nano.a(lib_a-nano-vfprintf_i.o)
 *(.eh_frame*)
 *fill*         0x0800768f        0x1 
 .eh_frame      0x08007690        0x0 c:/siliconlabs/simplicitystudio/v5/developer/toolchains/gnu_arm/10.3_2021.10/bin/../lib/gcc/arm-none-eabi/10.3.1/thumb/v8-m.main+fp/hard/crtbegin.o

.glue_7         0x08007690        0x0
 .glue_7        0x08007690        0x0 linker stubs

.glue_7t        0x08007690        0x0
 .glue_7t       0x08007690        0x0 linker stubs

.vfp11_veneer   0x08007690        0x0
 .vfp11_veneer  0x08007690        0x0 linker stubs

.v4_bx          0x08007690        0x0
 .v4_bx         0x08007690        0x0 linker stubs

.iplt           0x08007690        0x0
 .iplt          0x08007690        0x0 c:/siliconlabs/simplicitystudio/v5/developer/toolchains/gnu_arm/10.3_2021.10/bin/../lib/gcc/arm-none-eabi/10.3.1/thumb/v8-m.main+fp/hard/crtbegin.o

.ARM.extab
 *(.ARM.extab* .gnu.linkonce.armextab.*)
                0x08007690                __exidx_start = .

.ARM.exidx      0x08007690        0x8
 *(.ARM.exidx* .gnu.linkonce.armexidx.*)
 .ARM.exidx     0x08007690        0x8 c:/siliconlabs/simplicitystudio/v5/developer/toolchains/gnu_arm/10.3_2021.10/bin/../lib/gcc/arm-none-eabi/10.3.1/../../../../arm-none-eabi/lib/thumb/v8-m.main+fp/hard/crt0.o
                                 0x10 (size before relaxing)
 .ARM.exidx     0x08007698        0x0 c:/siliconlabs/simplicitystudio/v5/developer/toolchains/gnu_arm/10.3_2021.10/bin/../lib/gcc/arm-none-eabi/10.3.1/thumb/v8-m.main+fp/hard\libgcc.a(_udivmoddi4.o)
                                  0x8 (size before relaxing)
                0x08007698                __exidx_end = .

.rel.dyn        0x08007698        0x0
 .rel.iplt      0x08007698        0x0 c:/siliconlabs/simplicitystudio/v5/developer/toolchains/gnu_arm/10.3_2021.10/bin/../lib/gcc/arm-none-eabi/10.3.1/thumb/v8-m.main+fp/hard/crtbegin.o

.copy.table     0x08007698        0xc
                0x08007698                . = ALIGN (0x4)
                0x08007698                __copy_table_start__ = .
                0x08007698        0x4 LONG 0x80076a4 __etext
                0x0800769c        0x4 LONG 0x20001000 __data_start__
                0x080076a0        0x4 LONG 0x21 ((__data_end__ - __data_start__) / 0x4)
                0x080076a4                __copy_table_end__ = .

.zero.table     0x080076a4        0x0
                0x080076a4                . = ALIGN (0x4)
                0x080076a4                __zero_table_start__ = .
                0x080076a4                __zero_table_end__ = .
                0x080076a4                __etext = .
                0x20000000                . = ORIGIN (RAM)

.stack          0x20000000     0x1000
                0x20000000                __StackLimit = .
 *(.stack*)
 .stack         0x20000000     0x1000 ./gecko_sdk_4.2.1/platform/common/toolchain/src/sl_memory.o
                0x20001000                . = ALIGN (0x4)
                0x20001000                __StackTop = .
                0x20001000                PROVIDE (__stack = __StackTop)

.noinit
 *(.noinit*)

.data           0x20001000       0x84 load address 0x080076a4
                0x20001000                . = ALIGN (0x4)
                0x20001000                __data_start__ = .
 *(vtable)
 *(SORT_BY_ALIGNMENT(.data*))
 .data.SystemHFXOClock
                0x20001000        0x4 ./gecko_sdk_4.2.1/platform/Device/SiliconLabs/EFR32MG24/Source/system_efr32mg24.o
 .data.SystemLFXOClock
                0x20001004        0x4 ./gecko_sdk_4.2.1/platform/Device/SiliconLabs/EFR32MG24/Source/system_efr32mg24.o
 .data.SystemHFRCODPLLClock
                0x20001008        0x4 ./gecko_sdk_4.2.1/platform/Device/SiliconLabs/EFR32MG24/Source/system_efr32mg24.o
 .data.SystemCoreClock
                0x2000100c        0x4 ./gecko_sdk_4.2.1/platform/Device/SiliconLabs/EFR32MG24/Source/system_efr32mg24.o
                0x2000100c                SystemCoreClock
 .data.heap_end.0
                0x20001010        0x4 ./gecko_sdk_4.2.1/platform/common/toolchain/src/sl_memory.o
 .data._impure_ptr
                0x20001014        0x4 c:/siliconlabs/simplicitystudio/v5/developer/toolchains/gnu_arm/10.3_2021.10/bin/../lib/gcc/arm-none-eabi/10.3.1/../../../../arm-none-eabi/lib/thumb/v8-m.main+fp/hard\libc_nano.a(lib_a-impure.o)
                0x20001014                _impure_ptr
 .data.impure_data
                0x20001018       0x60 c:/siliconlabs/simplicitystudio/v5/developer/toolchains/gnu_arm/10.3_2021.10/bin/../lib/gcc/arm-none-eabi/10.3.1/../../../../arm-none-eabi/lib/thumb/v8-m.main+fp/hard\libc_nano.a(lib_a-impure.o)
 .data.lfxo_precision
                0x20001078        0x2 ./gecko_sdk_4.2.1/platform/emlib/src/em_cmu.o
 .data.ctuneDelta
                0x2000107a        0x1 ./gecko_sdk_4.2.1/platform/emlib/src/em_cmu.o
 .data.cc_disabled
                0x2000107b        0x1 ./gecko_sdk_4.2.1/platform/service/sleeptimer/src/sl_sleeptimer_hal_sysrtc.o
                0x2000107c                . = ALIGN (0x4)
                [!provide]                PROVIDE (__ram_func_section_start = .)
 *(.ram)
                [!provide]                PROVIDE (__ram_func_section_end = .)
                0x2000107c                . = ALIGN (0x4)
                0x2000107c                PROVIDE (__preinit_array_start = .)
 *(.preinit_array)
                0x2000107c                PROVIDE (__preinit_array_end = .)
                0x2000107c                . = ALIGN (0x4)
                0x2000107c                PROVIDE (__init_array_start = .)
 *(SORT_BY_NAME(.init_array.*))
 *(.init_array)
 .init_array    0x2000107c        0x4 c:/siliconlabs/simplicitystudio/v5/developer/toolchains/gnu_arm/10.3_2021.10/bin/../lib/gcc/arm-none-eabi/10.3.1/thumb/v8-m.main+fp/hard/crtbegin.o
                0x20001080                PROVIDE (__init_array_end = .)
                0x20001080                . = ALIGN (0x4)
                [!provide]                PROVIDE (__fini_array_start = .)
 *(SORT_BY_NAME(.fini_array.*))
 *(.fini_array)
 .fini_array    0x20001080        0x4 c:/siliconlabs/simplicitystudio/v5/developer/toolchains/gnu_arm/10.3_2021.10/bin/../lib/gcc/arm-none-eabi/10.3.1/thumb/v8-m.main+fp/hard/crtbegin.o
                [!provide]                PROVIDE (__fini_array_end = .)
                0x20001084                . = ALIGN (0x4)
                0x20001084                __data_end__ = .

.igot.plt       0x20001084        0x0 load address 0x08007728
 .igot.plt      0x20001084        0x0 c:/siliconlabs/simplicitystudio/v5/developer/toolchains/gnu_arm/10.3_2021.10/bin/../lib/gcc/arm-none-eabi/10.3.1/thumb/v8-m.main+fp/hard/crtbegin.o

.bss            0x20001084      0x3e4 load address 0x08007728
                0x20001084                . = ALIGN (0x4)
                0x20001084                __bss_start__ = .
 *(SORT_BY_ALIGNMENT(.bss*))
 .bss           0x20001084       0x1c c:/siliconlabs/simplicitystudio/v5/developer/toolchains/gnu_arm/10.3_2021.10/bin/../lib/gcc/arm-none-eabi/10.3.1/thumb/v8-m.main+fp/hard/crtbegin.o
 .bss.chTable   0x200010a0       0x80 ./gecko_sdk_4.2.1/platform/emdrv/dmadrv/src/dmadrv.o
 .bss.dmaXfer   0x20001120      0x100 ./gecko_sdk_4.2.1/platform/emdrv/dmadrv/src/dmadrv.o
 .bss.gpioCallbacks
                0x20001220      0x200 ./gecko_sdk_4.2.1/platform/emdrv/gpiointerrupt/src/gpiointerrupt.o
 .bss.vScaleEM01Config
                0x20001420        0x1 ./gecko_sdk_4.2.1/platform/emlib/src/em_emu.o
 *fill*         0x20001421        0x3 
 .bss.i2cTransfer
                0x20001424       0x18 ./gecko_sdk_4.2.1/platform/emlib/src/em_i2c.o
 .bss.sli_iostream_default
                0x2000143c        0x4 ./gecko_sdk_4.2.1/platform/service/iostream/src/sl_iostream.o
 .bss.timer_frequency
                0x20001440        0x4 ./gecko_sdk_4.2.1/platform/service/sleeptimer/src/sl_sleeptimer.o
 .bss.timer_head
                0x20001444        0x4 ./gecko_sdk_4.2.1/platform/service/sleeptimer/src/sl_sleeptimer.o
 .bss.last_delta_update_count
                0x20001448        0x4 ./gecko_sdk_4.2.1/platform/service/sleeptimer/src/sl_sleeptimer.o
 .bss.max_millisecond_conversion
                0x2000144c        0x4 ./gecko_sdk_4.2.1/platform/service/sleeptimer/src/sl_sleeptimer.o
 .bss.__malloc_free_list
                0x20001450        0x4 c:/siliconlabs/simplicitystudio/v5/developer/toolchains/gnu_arm/10.3_2021.10/bin/../lib/gcc/arm-none-eabi/10.3.1/../../../../arm-none-eabi/lib/thumb/v8-m.main+fp/hard\libc_nano.a(lib_a-nano-mallocr.o)
                0x20001450                __malloc_free_list
 .bss.__malloc_sbrk_start
                0x20001454        0x4 c:/siliconlabs/simplicitystudio/v5/developer/toolchains/gnu_arm/10.3_2021.10/bin/../lib/gcc/arm-none-eabi/10.3.1/../../../../arm-none-eabi/lib/thumb/v8-m.main+fp/hard\libc_nano.a(lib_a-nano-mallocr.o)
                0x20001454                __malloc_sbrk_start
 .bss.errno     0x20001458        0x4 c:/siliconlabs/simplicitystudio/v5/developer/toolchains/gnu_arm/10.3_2021.10/bin/../lib/gcc/arm-none-eabi/10.3.1/../../../../arm-none-eabi/lib/thumb/v8-m.main+fp/hard\libc_nano.a(lib_a-reent.o)
                0x20001458                errno
 .bss.overflow_counter
                0x2000145c        0x2 ./gecko_sdk_4.2.1/platform/service/sleeptimer/src/sl_sleeptimer.o
 .bss.ADXL_read_flag
                0x2000145e        0x1 ./app.o
                0x2000145e                ADXL_read_flag
 .bss.is_sleeptimer_initialized
                0x2000145f        0x1 ./gecko_sdk_4.2.1/platform/service/sleeptimer/src/sl_sleeptimer.o
 .bss.next_timer_to_expire_is_power_manager
                0x20001460        0x1 ./gecko_sdk_4.2.1/platform/service/sleeptimer/src/sl_sleeptimer.o
 .bss.sleep_on_isr_exit
                0x20001461        0x1 ./gecko_sdk_4.2.1/platform/service/sleeptimer/src/sl_sleeptimer.o
 .bss.__lock___malloc_recursive_mutex
                0x20001462        0x1 c:/siliconlabs/simplicitystudio/v5/developer/toolchains/gnu_arm/10.3_2021.10/bin/../lib/gcc/arm-none-eabi/10.3.1/../../../../arm-none-eabi/lib/thumb/v8-m.main+fp/hard\libc_nano.a(lib_a-lock.o)
                0x20001462                __lock___malloc_recursive_mutex
 .bss.__lock___sfp_recursive_mutex
                0x20001463        0x1 c:/siliconlabs/simplicitystudio/v5/developer/toolchains/gnu_arm/10.3_2021.10/bin/../lib/gcc/arm-none-eabi/10.3.1/../../../../arm-none-eabi/lib/thumb/v8-m.main+fp/hard\libc_nano.a(lib_a-lock.o)
                0x20001463                __lock___sfp_recursive_mutex
 .bss.__lock___sinit_recursive_mutex
                0x20001464        0x1 c:/siliconlabs/simplicitystudio/v5/developer/toolchains/gnu_arm/10.3_2021.10/bin/../lib/gcc/arm-none-eabi/10.3.1/../../../../arm-none-eabi/lib/thumb/v8-m.main+fp/hard\libc_nano.a(lib_a-lock.o)
                0x20001464                __lock___sinit_recursive_mutex
 *(COMMON)
                0x20001468                . = ALIGN (0x4)
 *fill*         0x20001465        0x3 
                0x20001468                __bss_end__ = .

.heap           0x20001468    0x3eb98
                0x20001468                __HeapBase = .
                0x20001468                __end__ = .
                0x20001468                end = __end__
                0x20001468                _end = __end__
 *(.heap*)
 .heap          0x20001468      0x800 ./gecko_sdk_4.2.1/platform/common/toolchain/src/sl_memory.o
                0x20040000                . = (ORIGIN (RAM) + LENGTH (RAM))
 *fill*         0x20001c68    0x3e398 
                0x20040000                __HeapLimit = .
                0x0003eb98                __heap_size = (__HeapLimit - __HeapBase)
                0x20040000                __ram_end__ = 0x20040000
                0x0817e000                __main_flash_end__ = 0x817e000

.internal_storage
                0x080076a4        0x0
 *(.internal_storage*)

.nvm            0x080076a4        0x0
 *(.simee*)
                0x0817e000                linker_nvm_end = __main_flash_end__
                0x0817e000                linker_nvm_begin = (linker_nvm_end - SIZEOF (.nvm))
                0x00000000                linker_nvm_size = SIZEOF (.nvm)
                0x0817e000                linker_storage_end = linker_nvm_begin
                0x0817e000                __nvm3Base = linker_nvm_begin
                0x0817e000                linker_storage_begin = (linker_storage_end - SIZEOF (.internal_storage))
                0x00000000                linker_storage_size = SIZEOF (.internal_storage)
                0x00000001                ASSERT ((linker_storage_begin >= (__etext + SIZEOF (.data))), FLASH memory overflowed !)
                0x0817e000                app_flash_end = 0x817e000
                0x00000001                ASSERT (((linker_nvm_begin + SIZEOF (.nvm)) <= app_flash_end), NVM3 is excessing the flash size !)
OUTPUT(LPEDT_I2C_Demo.axf elf32-littlearm)
LOAD linker stubs

.ARM.attributes
                0x00000000       0x36
 .ARM.attributes
                0x00000000       0x22 c:/siliconlabs/simplicitystudio/v5/developer/toolchains/gnu_arm/10.3_2021.10/bin/../lib/gcc/arm-none-eabi/10.3.1/thumb/v8-m.main+fp/hard/crti.o
 .ARM.attributes
                0x00000022       0x38 c:/siliconlabs/simplicitystudio/v5/developer/toolchains/gnu_arm/10.3_2021.10/bin/../lib/gcc/arm-none-eabi/10.3.1/thumb/v8-m.main+fp/hard/crtbegin.o
 .ARM.attributes
                0x0000005a       0x20 c:/siliconlabs/simplicitystudio/v5/developer/toolchains/gnu_arm/10.3_2021.10/bin/../lib/gcc/arm-none-eabi/10.3.1/../../../../arm-none-eabi/lib/thumb/v8-m.main+fp/hard/crt0.o
 .ARM.attributes
                0x0000007a       0x3a ./app.o
 .ARM.attributes
                0x000000b4       0x3a ./main.o
 .ARM.attributes
                0x000000ee       0x3a ./autogen/sl_board_default_init.o
 .ARM.attributes
                0x00000128       0x3a ./autogen/sl_device_init_clocks.o
 .ARM.attributes
                0x00000162       0x3a ./autogen/sl_event_handler.o
 .ARM.attributes
                0x0000019c       0x3a ./gecko_sdk_4.2.1/hardware/board/src/sl_board_control_gpio.o
 .ARM.attributes
                0x000001d6       0x3a ./gecko_sdk_4.2.1/hardware/board/src/sl_board_init.o
 .ARM.attributes
                0x00000210       0x3a ./gecko_sdk_4.2.1/hardware/driver/configuration_over_swo/src/sl_cos.o
 .ARM.attributes
                0x0000024a       0x3a ./gecko_sdk_4.2.1/hardware/driver/mx25_flash_shutdown/src/sl_mx25_flash_shutdown_eusart/sl_mx25_flash_shutdown.o
 .ARM.attributes
                0x00000284       0x3a ./gecko_sdk_4.2.1/platform/Device/SiliconLabs/EFR32MG24/Source/startup_efr32mg24.o
 .ARM.attributes
                0x000002be       0x3a ./gecko_sdk_4.2.1/platform/Device/SiliconLabs/EFR32MG24/Source/system_efr32mg24.o
 .ARM.attributes
                0x000002f8       0x3a ./gecko_sdk_4.2.1/platform/common/src/sl_assert.o
 .ARM.attributes
                0x00000332       0x3a ./gecko_sdk_4.2.1/platform/common/toolchain/src/sl_memory.o
 .ARM.attributes
                0x0000036c       0x3a ./gecko_sdk_4.2.1/platform/driver/debug/src/sl_debug_swo.o
 .ARM.attributes
                0x000003a6       0x3a ./gecko_sdk_4.2.1/platform/emdrv/dmadrv/src/dmadrv.o
 .ARM.attributes
                0x000003e0       0x3a ./gecko_sdk_4.2.1/platform/emdrv/gpiointerrupt/src/gpiointerrupt.o
 .ARM.attributes
                0x0000041a       0x3a ./gecko_sdk_4.2.1/platform/emlib/src/em_cmu.o
 .ARM.attributes
                0x00000454       0x3a ./gecko_sdk_4.2.1/platform/emlib/src/em_core.o
 .ARM.attributes
                0x0000048e       0x3a ./gecko_sdk_4.2.1/platform/emlib/src/em_emu.o
 .ARM.attributes
                0x000004c8       0x3a ./gecko_sdk_4.2.1/platform/emlib/src/em_eusart.o
 .ARM.attributes
                0x00000502       0x3a ./gecko_sdk_4.2.1/platform/emlib/src/em_gpio.o
 .ARM.attributes
                0x0000053c       0x3a ./gecko_sdk_4.2.1/platform/emlib/src/em_i2c.o
 .ARM.attributes
                0x00000576       0x3a ./gecko_sdk_4.2.1/platform/emlib/src/em_timer.o
 .ARM.attributes
                0x000005b0       0x3a ./gecko_sdk_4.2.1/platform/peripheral/src/peripheral_sysrtc.o
 .ARM.attributes
                0x000005ea       0x3a ./gecko_sdk_4.2.1/platform/service/device_init/src/sl_device_init_dcdc_s2.o
 .ARM.attributes
                0x00000624       0x3a ./gecko_sdk_4.2.1/platform/service/device_init/src/sl_device_init_emu_s2.o
 .ARM.attributes
                0x0000065e       0x3a ./gecko_sdk_4.2.1/platform/service/device_init/src/sl_device_init_hfxo_s2.o
 .ARM.attributes
                0x00000698       0x3a ./gecko_sdk_4.2.1/platform/service/device_init/src/sl_device_init_lfxo_s2.o
 .ARM.attributes
                0x000006d2       0x3a ./gecko_sdk_4.2.1/platform/service/device_init/src/sl_device_init_nvic.o
 .ARM.attributes
                0x0000070c       0x3a ./gecko_sdk_4.2.1/platform/service/iostream/src/sl_iostream.o
 .ARM.attributes
                0x00000746       0x3a ./gecko_sdk_4.2.1/platform/service/iostream/src/sl_iostream_retarget_stdio.o
 .ARM.attributes
                0x00000780       0x3a ./gecko_sdk_4.2.1/platform/service/sleeptimer/src/sl_sleeptimer.o
 .ARM.attributes
                0x000007ba       0x3a ./gecko_sdk_4.2.1/platform/service/sleeptimer/src/sl_sleeptimer_hal_sysrtc.o
 .ARM.attributes
                0x000007f4       0x3a ./gecko_sdk_4.2.1/platform/service/system/src/sl_system_init.o
 .ARM.attributes
                0x0000082e       0x3a ./gecko_sdk_4.2.1/platform/service/system/src/sl_system_process_action.o
 .ARM.attributes
                0x00000868       0x3a ./gecko_sdk_4.2.1/platform/service/udelay/src/sl_udelay.o
 .ARM.attributes
                0x000008a2       0x26 ./gecko_sdk_4.2.1/platform/service/udelay/src/sl_udelay_armv6m_gcc.o
 .ARM.attributes
                0x000008c8       0x3a ./src/GPIO.o
 .ARM.attributes
                0x00000902       0x3a ./src/I2C.o
 .ARM.attributes
                0x0000093c       0x3a ./src/adxl343.o
 .ARM.attributes
                0x00000976       0x3a ./src/irq.o
 .ARM.attributes
                0x000009b0       0x3a ./src/timers.o
 .ARM.attributes
                0x000009ea       0x22 c:/siliconlabs/simplicitystudio/v5/developer/toolchains/gnu_arm/10.3_2021.10/bin/../lib/gcc/arm-none-eabi/10.3.1/thumb/v8-m.main+fp/hard\libgcc.a(_aeabi_uldivmod.o)
 .ARM.attributes
                0x00000a0c       0x38 c:/siliconlabs/simplicitystudio/v5/developer/toolchains/gnu_arm/10.3_2021.10/bin/../lib/gcc/arm-none-eabi/10.3.1/thumb/v8-m.main+fp/hard\libgcc.a(_udivmoddi4.o)
 .ARM.attributes
                0x00000a44       0x22 c:/siliconlabs/simplicitystudio/v5/developer/toolchains/gnu_arm/10.3_2021.10/bin/../lib/gcc/arm-none-eabi/10.3.1/thumb/v8-m.main+fp/hard\libgcc.a(_dvmd_tls.o)
 .ARM.attributes
                0x00000a66       0x38 c:/siliconlabs/simplicitystudio/v5/developer/toolchains/gnu_arm/10.3_2021.10/bin/../lib/gcc/arm-none-eabi/10.3.1/../../../../arm-none-eabi/lib/thumb/v8-m.main+fp/hard\libc_nano.a(lib_a-exit.o)
 .ARM.attributes
                0x00000a9e       0x38 c:/siliconlabs/simplicitystudio/v5/developer/toolchains/gnu_arm/10.3_2021.10/bin/../lib/gcc/arm-none-eabi/10.3.1/../../../../arm-none-eabi/lib/thumb/v8-m.main+fp/hard\libc_nano.a(lib_a-impure.o)
 .ARM.attributes
                0x00000ad6       0x38 c:/siliconlabs/simplicitystudio/v5/developer/toolchains/gnu_arm/10.3_2021.10/bin/../lib/gcc/arm-none-eabi/10.3.1/../../../../arm-none-eabi/lib/thumb/v8-m.main+fp/hard\libc_nano.a(lib_a-init.o)
 .ARM.attributes
                0x00000b0e       0x38 c:/siliconlabs/simplicitystudio/v5/developer/toolchains/gnu_arm/10.3_2021.10/bin/../lib/gcc/arm-none-eabi/10.3.1/../../../../arm-none-eabi/lib/thumb/v8-m.main+fp/hard\libc_nano.a(lib_a-memset.o)
 .ARM.attributes
                0x00000b46       0x38 c:/siliconlabs/simplicitystudio/v5/developer/toolchains/gnu_arm/10.3_2021.10/bin/../lib/gcc/arm-none-eabi/10.3.1/../../../../arm-none-eabi/lib/thumb/v8-m.main+fp/hard\libc_nano.a(lib_a-printf.o)
 .ARM.attributes
                0x00000b7e       0x38 c:/siliconlabs/simplicitystudio/v5/developer/toolchains/gnu_arm/10.3_2021.10/bin/../lib/gcc/arm-none-eabi/10.3.1/../../../../arm-none-eabi/lib/thumb/v8-m.main+fp/hard\libc_nano.a(lib_a-fflush.o)
 .ARM.attributes
                0x00000bb6       0x38 c:/siliconlabs/simplicitystudio/v5/developer/toolchains/gnu_arm/10.3_2021.10/bin/../lib/gcc/arm-none-eabi/10.3.1/../../../../arm-none-eabi/lib/thumb/v8-m.main+fp/hard\libc_nano.a(lib_a-findfp.o)
 .ARM.attributes
                0x00000bee       0x38 c:/siliconlabs/simplicitystudio/v5/developer/toolchains/gnu_arm/10.3_2021.10/bin/../lib/gcc/arm-none-eabi/10.3.1/../../../../arm-none-eabi/lib/thumb/v8-m.main+fp/hard\libc_nano.a(lib_a-fwalk.o)
 .ARM.attributes
                0x00000c26       0x38 c:/siliconlabs/simplicitystudio/v5/developer/toolchains/gnu_arm/10.3_2021.10/bin/../lib/gcc/arm-none-eabi/10.3.1/../../../../arm-none-eabi/lib/thumb/v8-m.main+fp/hard\libc_nano.a(lib_a-lock.o)
 .ARM.attributes
                0x00000c5e       0x38 c:/siliconlabs/simplicitystudio/v5/developer/toolchains/gnu_arm/10.3_2021.10/bin/../lib/gcc/arm-none-eabi/10.3.1/../../../../arm-none-eabi/lib/thumb/v8-m.main+fp/hard\libc_nano.a(lib_a-makebuf.o)
 .ARM.attributes
                0x00000c96       0x38 c:/siliconlabs/simplicitystudio/v5/developer/toolchains/gnu_arm/10.3_2021.10/bin/../lib/gcc/arm-none-eabi/10.3.1/../../../../arm-none-eabi/lib/thumb/v8-m.main+fp/hard\libc_nano.a(lib_a-nano-freer.o)
 .ARM.attributes
                0x00000cce       0x38 c:/siliconlabs/simplicitystudio/v5/developer/toolchains/gnu_arm/10.3_2021.10/bin/../lib/gcc/arm-none-eabi/10.3.1/../../../../arm-none-eabi/lib/thumb/v8-m.main+fp/hard\libc_nano.a(lib_a-nano-mallocr.o)
 .ARM.attributes
                0x00000d06       0x38 c:/siliconlabs/simplicitystudio/v5/developer/toolchains/gnu_arm/10.3_2021.10/bin/../lib/gcc/arm-none-eabi/10.3.1/../../../../arm-none-eabi/lib/thumb/v8-m.main+fp/hard\libc_nano.a(lib_a-nano-vfprintf.o)
 .ARM.attributes
                0x00000d3e       0x38 c:/siliconlabs/simplicitystudio/v5/developer/toolchains/gnu_arm/10.3_2021.10/bin/../lib/gcc/arm-none-eabi/10.3.1/../../../../arm-none-eabi/lib/thumb/v8-m.main+fp/hard\libc_nano.a(lib_a-nano-vfprintf_i.o)
 .ARM.attributes
                0x00000d76       0x38 c:/siliconlabs/simplicitystudio/v5/developer/toolchains/gnu_arm/10.3_2021.10/bin/../lib/gcc/arm-none-eabi/10.3.1/../../../../arm-none-eabi/lib/thumb/v8-m.main+fp/hard\libc_nano.a(lib_a-sbrkr.o)
 .ARM.attributes
                0x00000dae       0x38 c:/siliconlabs/simplicitystudio/v5/developer/toolchains/gnu_arm/10.3_2021.10/bin/../lib/gcc/arm-none-eabi/10.3.1/../../../../arm-none-eabi/lib/thumb/v8-m.main+fp/hard\libc_nano.a(lib_a-stdio.o)
 .ARM.attributes
                0x00000de6       0x38 c:/siliconlabs/simplicitystudio/v5/developer/toolchains/gnu_arm/10.3_2021.10/bin/../lib/gcc/arm-none-eabi/10.3.1/../../../../arm-none-eabi/lib/thumb/v8-m.main+fp/hard\libc_nano.a(lib_a-wbuf.o)
 .ARM.attributes
                0x00000e1e       0x38 c:/siliconlabs/simplicitystudio/v5/developer/toolchains/gnu_arm/10.3_2021.10/bin/../lib/gcc/arm-none-eabi/10.3.1/../../../../arm-none-eabi/lib/thumb/v8-m.main+fp/hard\libc_nano.a(lib_a-writer.o)
 .ARM.attributes
                0x00000e56       0x38 c:/siliconlabs/simplicitystudio/v5/developer/toolchains/gnu_arm/10.3_2021.10/bin/../lib/gcc/arm-none-eabi/10.3.1/../../../../arm-none-eabi/lib/thumb/v8-m.main+fp/hard\libc_nano.a(lib_a-wsetup.o)
 .ARM.attributes
                0x00000e8e       0x38 c:/siliconlabs/simplicitystudio/v5/developer/toolchains/gnu_arm/10.3_2021.10/bin/../lib/gcc/arm-none-eabi/10.3.1/../../../../arm-none-eabi/lib/thumb/v8-m.main+fp/hard\libc_nano.a(lib_a-closer.o)
 .ARM.attributes
                0x00000ec6       0x38 c:/siliconlabs/simplicitystudio/v5/developer/toolchains/gnu_arm/10.3_2021.10/bin/../lib/gcc/arm-none-eabi/10.3.1/../../../../arm-none-eabi/lib/thumb/v8-m.main+fp/hard\libc_nano.a(lib_a-fstatr.o)
 .ARM.attributes
                0x00000efe       0x38 c:/siliconlabs/simplicitystudio/v5/developer/toolchains/gnu_arm/10.3_2021.10/bin/../lib/gcc/arm-none-eabi/10.3.1/../../../../arm-none-eabi/lib/thumb/v8-m.main+fp/hard\libc_nano.a(lib_a-isattyr.o)
 .ARM.attributes
                0x00000f36       0x38 c:/siliconlabs/simplicitystudio/v5/developer/toolchains/gnu_arm/10.3_2021.10/bin/../lib/gcc/arm-none-eabi/10.3.1/../../../../arm-none-eabi/lib/thumb/v8-m.main+fp/hard\libc_nano.a(lib_a-lseekr.o)
 .ARM.attributes
                0x00000f6e       0x38 c:/siliconlabs/simplicitystudio/v5/developer/toolchains/gnu_arm/10.3_2021.10/bin/../lib/gcc/arm-none-eabi/10.3.1/../../../../arm-none-eabi/lib/thumb/v8-m.main+fp/hard\libc_nano.a(lib_a-memchr-stub.o)
 .ARM.attributes
                0x00000fa6       0x38 c:/siliconlabs/simplicitystudio/v5/developer/toolchains/gnu_arm/10.3_2021.10/bin/../lib/gcc/arm-none-eabi/10.3.1/../../../../arm-none-eabi/lib/thumb/v8-m.main+fp/hard\libc_nano.a(lib_a-mlock.o)
 .ARM.attributes
                0x00000fde       0x38 c:/siliconlabs/simplicitystudio/v5/developer/toolchains/gnu_arm/10.3_2021.10/bin/../lib/gcc/arm-none-eabi/10.3.1/../../../../arm-none-eabi/lib/thumb/v8-m.main+fp/hard\libc_nano.a(lib_a-readr.o)
 .ARM.attributes
                0x00001016       0x38 c:/siliconlabs/simplicitystudio/v5/developer/toolchains/gnu_arm/10.3_2021.10/bin/../lib/gcc/arm-none-eabi/10.3.1/../../../../arm-none-eabi/lib/thumb/v8-m.main+fp/hard\libc_nano.a(lib_a-reent.o)
 .ARM.attributes
                0x0000104e       0x22 c:/siliconlabs/simplicitystudio/v5/developer/toolchains/gnu_arm/10.3_2021.10/bin/../lib/gcc/arm-none-eabi/10.3.1/thumb/v8-m.main+fp/hard/crtn.o

.comment        0x00000000       0x49
 .comment       0x00000000       0x49 ./app.o
                                 0x4a (size before relaxing)
 .comment       0x00000049       0x4a ./main.o
 .comment       0x00000049       0x4a ./autogen/sl_board_default_init.o
 .comment       0x00000049       0x4a ./autogen/sl_device_init_clocks.o
 .comment       0x00000049       0x4a ./autogen/sl_event_handler.o
 .comment       0x00000049       0x4a ./gecko_sdk_4.2.1/hardware/board/src/sl_board_control_gpio.o
 .comment       0x00000049       0x4a ./gecko_sdk_4.2.1/hardware/board/src/sl_board_init.o
 .comment       0x00000049       0x4a ./gecko_sdk_4.2.1/hardware/driver/configuration_over_swo/src/sl_cos.o
 .comment       0x00000049       0x4a ./gecko_sdk_4.2.1/hardware/driver/mx25_flash_shutdown/src/sl_mx25_flash_shutdown_eusart/sl_mx25_flash_shutdown.o
 .comment       0x00000049       0x4a ./gecko_sdk_4.2.1/platform/Device/SiliconLabs/EFR32MG24/Source/startup_efr32mg24.o
 .comment       0x00000049       0x4a ./gecko_sdk_4.2.1/platform/Device/SiliconLabs/EFR32MG24/Source/system_efr32mg24.o
 .comment       0x00000049       0x4a ./gecko_sdk_4.2.1/platform/common/src/sl_assert.o
 .comment       0x00000049       0x4a ./gecko_sdk_4.2.1/platform/common/toolchain/src/sl_memory.o
 .comment       0x00000049       0x4a ./gecko_sdk_4.2.1/platform/driver/debug/src/sl_debug_swo.o
 .comment       0x00000049       0x4a ./gecko_sdk_4.2.1/platform/emdrv/dmadrv/src/dmadrv.o
 .comment       0x00000049       0x4a ./gecko_sdk_4.2.1/platform/emdrv/gpiointerrupt/src/gpiointerrupt.o
 .comment       0x00000049       0x4a ./gecko_sdk_4.2.1/platform/emlib/src/em_cmu.o
 .comment       0x00000049       0x4a ./gecko_sdk_4.2.1/platform/emlib/src/em_core.o
 .comment       0x00000049       0x4a ./gecko_sdk_4.2.1/platform/emlib/src/em_emu.o
 .comment       0x00000049       0x4a ./gecko_sdk_4.2.1/platform/emlib/src/em_eusart.o
 .comment       0x00000049       0x4a ./gecko_sdk_4.2.1/platform/emlib/src/em_gpio.o
 .comment       0x00000049       0x4a ./gecko_sdk_4.2.1/platform/emlib/src/em_i2c.o
 .comment       0x00000049       0x4a ./gecko_sdk_4.2.1/platform/emlib/src/em_timer.o
 .comment       0x00000049       0x4a ./gecko_sdk_4.2.1/platform/peripheral/src/peripheral_sysrtc.o
 .comment       0x00000049       0x4a ./gecko_sdk_4.2.1/platform/service/device_init/src/sl_device_init_dcdc_s2.o
 .comment       0x00000049       0x4a ./gecko_sdk_4.2.1/platform/service/device_init/src/sl_device_init_emu_s2.o
 .comment       0x00000049       0x4a ./gecko_sdk_4.2.1/platform/service/device_init/src/sl_device_init_hfxo_s2.o
 .comment       0x00000049       0x4a ./gecko_sdk_4.2.1/platform/service/device_init/src/sl_device_init_lfxo_s2.o