Archive member included to satisfy reference by file (symbol)

c:/siliconlabs/simplicitystudio/v5/developer/toolchains/gnu_arm/10.3_2021.10/bin/../lib/gcc/arm-none-eabi/10.3.1/thumb/v8-m.main+fp/hard\libgcc.a(_aeabi_uldivmod.o)
                              ./gecko_sdk_4.2.1/platform/emlib/src/em_eusart.o (__aeabi_uldivmod)
c:/siliconlabs/simplicitystudio/v5/developer/toolchains/gnu_arm/10.3_2021.10/bin/../lib/gcc/arm-none-eabi/10.3.1/thumb/v8-m.main+fp/hard\libgcc.a(_udivmoddi4.o)
                              c:/siliconlabs/simplicitystudio/v5/developer/toolchains/gnu_arm/10.3_2021.10/bin/../lib/gcc/arm-none-eabi/10.3.1/thumb/v8-m.main+fp/hard\libgcc.a(_aeabi_uldivmod.o) (__udivmoddi4)
c:/siliconlabs/simplicitystudio/v5/developer/toolchains/gnu_arm/10.3_2021.10/bin/../lib/gcc/arm-none-eabi/10.3.1/thumb/v8-m.main+fp/hard\libgcc.a(_dvmd_tls.o)
                              c:/siliconlabs/simplicitystudio/v5/developer/toolchains/gnu_arm/10.3_2021.10/bin/../lib/gcc/arm-none-eabi/10.3.1/thumb/v8-m.main+fp/hard\libgcc.a(_aeabi_uldivmod.o) (__aeabi_ldiv0)
c:/siliconlabs/simplicitystudio/v5/developer/toolchains/gnu_arm/10.3_2021.10/bin/../lib/gcc/arm-none-eabi/10.3.1/../../../../arm-none-eabi/lib/thumb/v8-m.main+fp/hard\libc_nano.a(lib_a-ctype_.o)
                              ./gecko_sdk_4.2.1/platform/common/src/sl_string.o (_ctype_)
c:/siliconlabs/simplicitystudio/v5/developer/toolchains/gnu_arm/10.3_2021.10/bin/../lib/gcc/arm-none-eabi/10.3.1/../../../../arm-none-eabi/lib/thumb/v8-m.main+fp/hard\libc_nano.a(lib_a-exit.o)
                              c:/siliconlabs/simplicitystudio/v5/developer/toolchains/gnu_arm/10.3_2021.10/bin/../lib/gcc/arm-none-eabi/10.3.1/../../../../arm-none-eabi/lib/thumb/v8-m.main+fp/hard/crt0.o (exit)
c:/siliconlabs/simplicitystudio/v5/developer/toolchains/gnu_arm/10.3_2021.10/bin/../lib/gcc/arm-none-eabi/10.3.1/../../../../arm-none-eabi/lib/thumb/v8-m.main+fp/hard\libc_nano.a(lib_a-impure.o)
                              c:/siliconlabs/simplicitystudio/v5/developer/toolchains/gnu_arm/10.3_2021.10/bin/../lib/gcc/arm-none-eabi/10.3.1/../../../../arm-none-eabi/lib/thumb/v8-m.main+fp/hard\libc_nano.a(lib_a-exit.o) (_global_impure_ptr)
c:/siliconlabs/simplicitystudio/v5/developer/toolchains/gnu_arm/10.3_2021.10/bin/../lib/gcc/arm-none-eabi/10.3.1/../../../../arm-none-eabi/lib/thumb/v8-m.main+fp/hard\libc_nano.a(lib_a-init.o)
                              c:/siliconlabs/simplicitystudio/v5/developer/toolchains/gnu_arm/10.3_2021.10/bin/../lib/gcc/arm-none-eabi/10.3.1/../../../../arm-none-eabi/lib/thumb/v8-m.main+fp/hard/crt0.o (__libc_init_array)
c:/siliconlabs/simplicitystudio/v5/developer/toolchains/gnu_arm/10.3_2021.10/bin/../lib/gcc/arm-none-eabi/10.3.1/../../../../arm-none-eabi/lib/thumb/v8-m.main+fp/hard\libc_nano.a(lib_a-memcpy-stub.o)
                              ./gecko_sdk_4.2.1/platform/emdrv/uartdrv/src/uartdrv.o (memcpy)
c:/siliconlabs/simplicitystudio/v5/developer/toolchains/gnu_arm/10.3_2021.10/bin/../lib/gcc/arm-none-eabi/10.3.1/../../../../arm-none-eabi/lib/thumb/v8-m.main+fp/hard\libc_nano.a(lib_a-memset.o)
                              c:/siliconlabs/simplicitystudio/v5/developer/toolchains/gnu_arm/10.3_2021.10/bin/../lib/gcc/arm-none-eabi/10.3.1/../../../../arm-none-eabi/lib/thumb/v8-m.main+fp/hard/crt0.o (memset)
c:/siliconlabs/simplicitystudio/v5/developer/toolchains/gnu_arm/10.3_2021.10/bin/../lib/gcc/arm-none-eabi/10.3.1/../../../../arm-none-eabi/lib/thumb/v8-m.main+fp/hard\libc_nano.a(lib_a-setvbuf.o)
                              ./gecko_sdk_4.2.1/platform/service/iostream/src/sl_iostream_stdlib_config.o (setvbuf)
c:/siliconlabs/simplicitystudio/v5/developer/toolchains/gnu_arm/10.3_2021.10/bin/../lib/gcc/arm-none-eabi/10.3.1/../../../../arm-none-eabi/lib/thumb/v8-m.main+fp/hard\libc_nano.a(lib_a-strcmp.o)
                              ./autogen/sl_iostream_handles.o (strcmp)
c:/siliconlabs/simplicitystudio/v5/developer/toolchains/gnu_arm/10.3_2021.10/bin/../lib/gcc/arm-none-eabi/10.3.1/../../../../arm-none-eabi/lib/thumb/v8-m.main+fp/hard\libc_nano.a(lib_a-vprintf.o)
                              ./gecko_sdk_4.2.1/platform/service/iostream/src/sl_iostream.o (vprintf)
c:/siliconlabs/simplicitystudio/v5/developer/toolchains/gnu_arm/10.3_2021.10/bin/../lib/gcc/arm-none-eabi/10.3.1/../../../../arm-none-eabi/lib/thumb/v8-m.main+fp/hard\libc_nano.a(lib_a-fflush.o)
                              c:/siliconlabs/simplicitystudio/v5/developer/toolchains/gnu_arm/10.3_2021.10/bin/../lib/gcc/arm-none-eabi/10.3.1/../../../../arm-none-eabi/lib/thumb/v8-m.main+fp/hard\libc_nano.a(lib_a-setvbuf.o) (_fflush_r)
c:/siliconlabs/simplicitystudio/v5/developer/toolchains/gnu_arm/10.3_2021.10/bin/../lib/gcc/arm-none-eabi/10.3.1/../../../../arm-none-eabi/lib/thumb/v8-m.main+fp/hard\libc_nano.a(lib_a-findfp.o)
[...]
Memory Configuration

Name             Origin             Length             Attributes
FLASH            0x08000000         0x0017e000         xr
RAM              0x20000000         0x00040000         xrw
*default*        0x00000000         0xffffffff

Linker script and memory map

LOAD c:/siliconlabs/simplicitystudio/v5/developer/toolchains/gnu_arm/10.3_2021.10/bin/../lib/gcc/arm-none-eabi/10.3.1/thumb/v8-m.main+fp/hard/crti.o
LOAD c:/siliconlabs/simplicitystudio/v5/developer/toolchains/gnu_arm/10.3_2021.10/bin/../lib/gcc/arm-none-eabi/10.3.1/thumb/v8-m.main+fp/hard/crtbegin.o
LOAD c:/siliconlabs/simplicitystudio/v5/developer/toolchains/gnu_arm/10.3_2021.10/bin/../lib/gcc/arm-none-eabi/10.3.1/../../../../arm-none-eabi/lib/thumb/v8-m.main+fp/hard/crt0.o
START GROUP
LOAD ./app.o
LOAD ./main.o
LOAD ./autogen/sl_board_default_init.o
LOAD ./autogen/sl_device_init_clocks.o
LOAD ./autogen/sl_event_handler.o
LOAD ./autogen/sl_iostream_handles.o
LOAD ./autogen/sl_iostream_init_usart_instances.o
LOAD ./autogen/sl_power_manager_handler.o
LOAD ./gecko_sdk_4.2.1/app/common/util/app_log/app_log.o
LOAD ./gecko_sdk_4.2.1/hardware/board/src/sl_board_control_gpio.o
LOAD ./gecko_sdk_4.2.1/hardware/board/src/sl_board_init.o
LOAD ./gecko_sdk_4.2.1/hardware/driver/configuration_over_swo/src/sl_cos.o
LOAD ./gecko_sdk_4.2.1/hardware/driver/mx25_flash_shutdown/src/sl_mx25_flash_shutdown_eusart/sl_mx25_flash_shutdown.o
LOAD ./gecko_sdk_4.2.1/platform/Device/SiliconLabs/EFR32MG24/Source/startup_efr32mg24.o
LOAD ./gecko_sdk_4.2.1/platform/Device/SiliconLabs/EFR32MG24/Source/system_efr32mg24.o
LOAD ./gecko_sdk_4.2.1/platform/common/src/sl_assert.o
LOAD ./gecko_sdk_4.2.1/platform/common/src/sl_slist.o
LOAD ./gecko_sdk_4.2.1/platform/common/src/sl_string.o
LOAD ./gecko_sdk_4.2.1/platform/common/toolchain/src/sl_memory.o
LOAD ./gecko_sdk_4.2.1/platform/driver/debug/src/sl_debug_swo.o
LOAD ./gecko_sdk_4.2.1/platform/emdrv/dmadrv/src/dmactrl.o
LOAD ./gecko_sdk_4.2.1/platform/emdrv/dmadrv/src/dmadrv.o
LOAD ./gecko_sdk_4.2.1/platform/emdrv/gpiointerrupt/src/gpiointerrupt.o
LOAD ./gecko_sdk_4.2.1/platform/emdrv/uartdrv/src/uartdrv.o
LOAD ./gecko_sdk_4.2.1/platform/emlib/src/em_burtc.o
LOAD ./gecko_sdk_4.2.1/platform/emlib/src/em_cmu.o
LOAD ./gecko_sdk_4.2.1/platform/emlib/src/em_core.o
LOAD ./gecko_sdk_4.2.1/platform/emlib/src/em_emu.o
LOAD ./gecko_sdk_4.2.1/platform/emlib/src/em_eusart.o
LOAD ./gecko_sdk_4.2.1/platform/emlib/src/em_gpio.o
LOAD ./gecko_sdk_4.2.1/platform/emlib/src/em_i2c.o
LOAD ./gecko_sdk_4.2.1/platform/emlib/src/em_ldma.o
LOAD ./gecko_sdk_4.2.1/platform/emlib/src/em_msc.o
LOAD ./gecko_sdk_4.2.1/platform/emlib/src/em_system.o
LOAD ./gecko_sdk_4.2.1/platform/emlib/src/em_timer.o
LOAD ./gecko_sdk_4.2.1/platform/emlib/src/em_usart.o
LOAD ./gecko_sdk_4.2.1/platform/peripheral/src/peripheral_sysrtc.o
LOAD ./gecko_sdk_4.2.1/platform/service/device_init/src/sl_device_init_dcdc_s2.o
LOAD ./gecko_sdk_4.2.1/platform/service/device_init/src/sl_device_init_emu_s2.o
LOAD ./gecko_sdk_4.2.1/platform/service/device_init/src/sl_device_init_hfxo_s2.o
LOAD ./gecko_sdk_4.2.1/platform/service/device_init/src/sl_device_init_lfxo_s2.o
LOAD ./gecko_sdk_4.2.1/platform/service/device_init/src/sl_device_init_nvic.o
LOAD ./gecko_sdk_4.2.1/platform/service/hfxo_manager/src/sl_hfxo_manager.o
LOAD ./gecko_sdk_4.2.1/platform/service/hfxo_manager/src/sl_hfxo_manager_hal_s2.o
LOAD ./gecko_sdk_4.2.1/platform/service/iostream/src/sl_iostream.o
LOAD ./gecko_sdk_4.2.1/platform/service/iostream/src/sl_iostream_retarget_stdio.o
LOAD ./gecko_sdk_4.2.1/platform/service/iostream/src/sl_iostream_stdlib_config.o
LOAD ./gecko_sdk_4.2.1/platform/service/iostream/src/sl_iostream_uart.o
LOAD ./gecko_sdk_4.2.1/platform/service/iostream/src/sl_iostream_usart.o
LOAD ./gecko_sdk_4.2.1/platform/service/power_manager/src/sl_power_manager.o
LOAD ./gecko_sdk_4.2.1/platform/service/power_manager/src/sl_power_manager_debug.o
LOAD ./gecko_sdk_4.2.1/platform/service/power_manager/src/sl_power_manager_hal_s2.o
LOAD ./gecko_sdk_4.2.1/platform/service/sleeptimer/src/sl_sleeptimer.o
LOAD ./gecko_sdk_4.2.1/platform/service/sleeptimer/src/sl_sleeptimer_hal_burtc.o
LOAD ./gecko_sdk_4.2.1/platform/service/sleeptimer/src/sl_sleeptimer_hal_sysrtc.o
LOAD ./gecko_sdk_4.2.1/platform/service/sleeptimer/src/sl_sleeptimer_hal_timer.o
LOAD ./gecko_sdk_4.2.1/platform/service/system/src/sl_system_init.o
LOAD ./gecko_sdk_4.2.1/platform/service/system/src/sl_system_process_action.o
LOAD ./gecko_sdk_4.2.1/platform/service/udelay/src/sl_udelay.o
LOAD ./gecko_sdk_4.2.1/platform/service/udelay/src/sl_udelay_armv6m_gcc.o
LOAD ./src/GPIO.o
LOAD ./src/I2C.o
LOAD ./src/adxl343.o
LOAD ./src/irq.o
LOAD ./src/log.o
LOAD ./src/timers.o
LOAD c:/siliconlabs/simplicitystudio/v5/developer/toolchains/gnu_arm/10.3_2021.10/bin/../lib/gcc/arm-none-eabi/10.3.1/thumb/v8-m.main+fp/hard\libgcc.a
LOAD c:/siliconlabs/simplicitystudio/v5/developer/toolchains/gnu_arm/10.3_2021.10/bin/../lib/gcc/arm-none-eabi/10.3.1/../../../../arm-none-eabi/lib/thumb/v8-m.main+fp/hard\libc_nano.a
LOAD c:/siliconlabs/simplicitystudio/v5/developer/toolchains/gnu_arm/10.3_2021.10/bin/../lib/gcc/arm-none-eabi/10.3.1/../../../../arm-none-eabi/lib/thumb/v8-m.main+fp/hard\libm.a
LOAD c:/siliconlabs/simplicitystudio/v5/developer/toolchains/gnu_arm/10.3_2021.10/bin/../lib/gcc/arm-none-eabi/10.3.1/../../../../arm-none-eabi/lib/thumb/v8-m.main+fp/hard\libnosys.a
END GROUP
START GROUP
LOAD c:/siliconlabs/simplicitystudio/v5/developer/toolchains/gnu_arm/10.3_2021.10/bin/../lib/gcc/arm-none-eabi/10.3.1/thumb/v8-m.main+fp/hard\libgcc.a
LOAD c:/siliconlabs/simplicitystudio/v5/developer/toolchains/gnu_arm/10.3_2021.10/bin/../lib/gcc/arm-none-eabi/10.3.1/../../../../arm-none-eabi/lib/thumb/v8-m.main+fp/hard\libc_nano.a
LOAD c:/siliconlabs/simplicitystudio/v5/developer/toolchains/gnu_arm/10.3_2021.10/bin/../lib/gcc/arm-none-eabi/10.3.1/../../../../arm-none-eabi/lib/thumb/v8-m.main+fp/hard\libnosys.a
END GROUP
START GROUP
LOAD c:/siliconlabs/simplicitystudio/v5/developer/toolchains/gnu_arm/10.3_2021.10/bin/../lib/gcc/arm-none-eabi/10.3.1/thumb/v8-m.main+fp/hard\libgcc.a
LOAD c:/siliconlabs/simplicitystudio/v5/developer/toolchains/gnu_arm/10.3_2021.10/bin/../lib/gcc/arm-none-eabi/10.3.1/../../../../arm-none-eabi/lib/thumb/v8-m.main+fp/hard\libg_nano.a
LOAD c:/siliconlabs/simplicitystudio/v5/developer/toolchains/gnu_arm/10.3_2021.10/bin/../lib/gcc/arm-none-eabi/10.3.1/../../../../arm-none-eabi/lib/thumb/v8-m.main+fp/hard\libc_nano.a
END GROUP
START GROUP
LOAD c:/siliconlabs/simplicitystudio/v5/developer/toolchains/gnu_arm/10.3_2021.10/bin/../lib/gcc/arm-none-eabi/10.3.1/thumb/v8-m.main+fp/hard\libgcc.a
LOAD c:/siliconlabs/simplicitystudio/v5/developer/toolchains/gnu_arm/10.3_2021.10/bin/../lib/gcc/arm-none-eabi/10.3.1/../../../../arm-none-eabi/lib/thumb/v8-m.main+fp/hard\libc_nano.a
END GROUP
LOAD c:/siliconlabs/simplicitystudio/v5/developer/toolchains/gnu_arm/10.3_2021.10/bin/../lib/gcc/arm-none-eabi/10.3.1/thumb/v8-m.main+fp/hard/crtend.o
LOAD c:/siliconlabs/simplicitystudio/v5/developer/toolchains/gnu_arm/10.3_2021.10/bin/../lib/gcc/arm-none-eabi/10.3.1/thumb/v8-m.main+fp/hard/crtn.o

.text           0x08000000     0xb9bc
                0x08000000                linker_vectors_begin = .
 *(.vectors)
 .vectors       0x08000000      0x170 ./gecko_sdk_4.2.1/platform/Device/SiliconLabs/EFR32MG24/Source/startup_efr32mg24.o
                0x08000000                __Vectors
                0x08000170                linker_vectors_end = .
                0x08000170                __Vectors_End = .
                0x08000170                __Vectors_Size = (__Vectors_End - __Vectors)
                0x08000170                linker_code_begin = .
 *(SORT_BY_ALIGNMENT(.text*))
 .text          0x08000170        0x8 ./gecko_sdk_4.2.1/platform/service/udelay/src/sl_udelay_armv6m_gcc.o
                0x08000170                sli_delay_loop
 .text          0x08000178       0x40 c:/siliconlabs/simplicitystudio/v5/developer/toolchains/gnu_arm/10.3_2021.10/bin/../lib/gcc/arm-none-eabi/10.3.1/thumb/v8-m.main+fp/hard/crtbegin.o
 .text          0x080001b8       0x7c c:/siliconlabs/simplicitystudio/v5/developer/toolchains/gnu_arm/10.3_2021.10/bin/../lib/gcc/arm-none-eabi/10.3.1/../../../../arm-none-eabi/lib/thumb/v8-m.main+fp/hard/crt0.o
                0x080001b8                _stack_init
                0x080001c0                _start
                0x080001c0                _mainCRTStartup
 .text.app_init
                0x08000234       0x20 ./app.o
                0x08000234                app_init
 .text.app_process_action
                0x08000254      0x20c ./app.o
                0x08000254                app_process_action
 .text.sl_device_init_clocks
                0x08000460       0xd4 ./autogen/sl_device_init_clocks.o
                0x08000460                sl_device_init_clocks
 .text.GPIO_PinOutGet
                0x08000534       0x88 ./autogen/sl_iostream_init_usart_instances.o
 .text.sl_iostream_usart_init_vcom
                0x080005bc       0xec ./autogen/sl_iostream_init_usart_instances.o
                0x080005bc                sl_iostream_usart_init_vcom
 .text.sl_iostream_usart_init_instances
                0x080006a8       0x34 ./autogen/sl_iostream_init_usart_instances.o
                0x080006a8                sl_iostream_usart_init_instances
 .text.USART0_TX_IRQHandler
                0x080006dc       0x10 ./autogen/sl_iostream_init_usart_instances.o
                0x080006dc                USART0_TX_IRQHandler
 .text.USART0_RX_IRQHandler
                0x080006ec       0x10 ./autogen/sl_iostream_init_usart_instances.o
                0x080006ec                USART0_RX_IRQHandler
 .text.sl_iostream_usart_vcom_sleep_on_isr_exit
                0x080006fc       0x14 ./autogen/sl_iostream_init_usart_instances.o
                0x080006fc                sl_iostream_usart_vcom_sleep_on_isr_exit
 .text.events_handler
                0x08000710       0xa8 ./autogen/sl_iostream_init_usart_instances.o
 .text.app_log_init
                0x080007b8       0x3c ./gecko_sdk_4.2.1/app/common/util/app_log/app_log.o
                0x080007b8                app_log_init
 .text.GPIO_PinOutClear
                0x080007f4       0x84 ./gecko_sdk_4.2.1/hardware/driver/mx25_flash_shutdown/src/sl_mx25_flash_shutdown_eusart/sl_mx25_flash_shutdown.o
 .text.GPIO_PinOutSet
                0x08000878       0x84 ./gecko_sdk_4.2.1/hardware/driver/mx25_flash_shutdown/src/sl_mx25_flash_shutdown_eusart/sl_mx25_flash_shutdown.o
 .text.sl_mx25_flash_shutdown
                0x080008fc      0x150 ./gecko_sdk_4.2.1/hardware/driver/mx25_flash_shutdown/src/sl_mx25_flash_shutdown_eusart/sl_mx25_flash_shutdown.o
                0x080008fc                sl_mx25_flash_shutdown
 .text.Reset_Handler
                0x08000a4c       0x98 ./gecko_sdk_4.2.1/platform/Device/SiliconLabs/EFR32MG24/Source/startup_efr32mg24.o
                0x08000a4c                Reset_Handler
 .text.__NVIC_EnableIRQ
                0x08000ae4       0x34 ./gecko_sdk_4.2.1/platform/Device/SiliconLabs/EFR32MG24/Source/system_efr32mg24.o
 .text.__NVIC_ClearPendingIRQ
                0x08000b18       0x38 ./gecko_sdk_4.2.1/platform/Device/SiliconLabs/EFR32MG24/Source/system_efr32mg24.o
 .text.SystemInit
                0x08000b50       0x90 ./gecko_sdk_4.2.1/platform/Device/SiliconLabs/EFR32MG24/Source/system_efr32mg24.o
                0x08000b50                SystemInit
 .text.SystemHFRCODPLLClockGet
                0x08000be0        0xc ./gecko_sdk_4.2.1/platform/Device/SiliconLabs/EFR32MG24/Source/system_efr32mg24.o
                0x08000be0                SystemHFRCODPLLClockGet
 .text.SystemSYSCLKGet
                0x08000bec       0x50 ./gecko_sdk_4.2.1/platform/Device/SiliconLabs/EFR32MG24/Source/system_efr32mg24.o
                0x08000bec                SystemSYSCLKGet
 .text.SystemHCLKGet
                0x08000c3c       0x3c ./gecko_sdk_4.2.1/platform/Device/SiliconLabs/EFR32MG24/Source/system_efr32mg24.o
                0x08000c3c                SystemHCLKGet
 .text.SystemMaxCoreClockGet
                0x08000c78        0xc ./gecko_sdk_4.2.1/platform/Device/SiliconLabs/EFR32MG24/Source/system_efr32mg24.o
                0x08000c78                SystemMaxCoreClockGet
 .text.SystemHFXOClockGet
                0x08000c84        0xc ./gecko_sdk_4.2.1/platform/Device/SiliconLabs/EFR32MG24/Source/system_efr32mg24.o
                0x08000c84                SystemHFXOClockGet
 .text.SystemHFXOClockSet
                0x08000c90       0x2c ./gecko_sdk_4.2.1/platform/Device/SiliconLabs/EFR32MG24/Source/system_efr32mg24.o
                0x08000c90                SystemHFXOClockSet
 .text.SystemFSRCOClockGet
                0x08000cbc        0xc ./gecko_sdk_4.2.1/platform/Device/SiliconLabs/EFR32MG24/Source/system_efr32mg24.o
                0x08000cbc                SystemFSRCOClockGet
 .text.SystemHFRCOEM23ClockGet
                0x08000cc8       0xe0 ./gecko_sdk_4.2.1/platform/Device/SiliconLabs/EFR32MG24/Source/system_efr32mg24.o
                0x08000cc8                SystemHFRCOEM23ClockGet
 .text.SystemLFXOClockGet
                0x08000da8        0xc ./gecko_sdk_4.2.1/platform/Device/SiliconLabs/EFR32MG24/Source/system_efr32mg24.o
                0x08000da8                SystemLFXOClockGet
 .text.sl_slist_push
                0x08000db4       0x38 ./gecko_sdk_4.2.1/platform/common/src/sl_slist.o
                0x08000db4                sl_slist_push
 .text._sbrk    0x08000dec       0x3c ./gecko_sdk_4.2.1/platform/common/toolchain/src/sl_memory.o
                0x08000dec                _sbrk
 .text.BUS_RegBitWrite
                0x08000e28       0x48 ./gecko_sdk_4.2.1/platform/driver/debug/src/sl_debug_swo.o
 .text.GPIO_DbgSWOEnable
                0x08000e70       0x30 ./gecko_sdk_4.2.1/platform/driver/debug/src/sl_debug_swo.o
 .text.sl_debug_swo_init
                0x08000ea0      0x168 ./gecko_sdk_4.2.1/platform/driver/debug/src/sl_debug_swo.o
                0x08000ea0                sl_debug_swo_init
 .text.DMADRV_AllocateChannel
                0x08001008       0xa0 ./gecko_sdk_4.2.1/platform/emdrv/dmadrv/src/dmadrv.o
                0x08001008                DMADRV_AllocateChannel
 .text.DMADRV_DeInit
                0x080010a8       0x78 ./gecko_sdk_4.2.1/platform/emdrv/dmadrv/src/dmadrv.o
                0x080010a8                DMADRV_DeInit
 .text.DMADRV_FreeChannel
                0x08001120       0x74 ./gecko_sdk_4.2.1/platform/emdrv/dmadrv/src/dmadrv.o
                0x08001120                DMADRV_FreeChannel
 .text.DMADRV_Init
                0x08001194       0x7c ./gecko_sdk_4.2.1/platform/emdrv/dmadrv/src/dmadrv.o
                0x08001194                DMADRV_Init
 .text.DMADRV_PauseTransfer
                0x08001210       0x64 ./gecko_sdk_4.2.1/platform/emdrv/dmadrv/src/dmadrv.o
                0x08001210                DMADRV_PauseTransfer
 .text.DMADRV_ResumeTransfer
                0x08001274       0x64 ./gecko_sdk_4.2.1/platform/emdrv/dmadrv/src/dmadrv.o
                0x08001274                DMADRV_ResumeTransfer
 .text.DMADRV_StopTransfer
                0x080012d8       0x64 ./gecko_sdk_4.2.1/platform/emdrv/dmadrv/src/dmadrv.o
                0x080012d8                DMADRV_StopTransfer
 .text.DMADRV_TransferCompletePending
                0x0800133c       0x84 ./gecko_sdk_4.2.1/platform/emdrv/dmadrv/src/dmadrv.o
                0x0800133c                DMADRV_TransferCompletePending
 .text.DMADRV_TransferDone
                0x080013c0       0x74 ./gecko_sdk_4.2.1/platform/emdrv/dmadrv/src/dmadrv.o
                0x080013c0                DMADRV_TransferDone
 .text.LDMA_IRQHandler
                0x08001434       0xec ./gecko_sdk_4.2.1/platform/emdrv/dmadrv/src/dmadrv.o
                0x08001434                LDMA_IRQHandler
 .text.StartTransfer
                0x08001520      0x21c ./gecko_sdk_4.2.1/platform/emdrv/dmadrv/src/dmadrv.o
 .text.__NVIC_EnableIRQ
                0x0800173c       0x34 ./gecko_sdk_4.2.1/platform/emdrv/gpiointerrupt/src/gpiointerrupt.o
 .text.__NVIC_ClearPendingIRQ
                0x08001770       0x38 ./gecko_sdk_4.2.1/platform/emdrv/gpiointerrupt/src/gpiointerrupt.o
 .text.GPIO_IntClear
                0x080017a8       0x1c ./gecko_sdk_4.2.1/platform/emdrv/gpiointerrupt/src/gpiointerrupt.o
 .text.GPIO_IntGetEnabled
                0x080017c4       0x20 ./gecko_sdk_4.2.1/platform/emdrv/gpiointerrupt/src/gpiointerrupt.o
 .text.GPIOINT_IRQDispatcher
                0x080017e4       0x74 ./gecko_sdk_4.2.1/platform/emdrv/gpiointerrupt/src/gpiointerrupt.o
 .text.BUS_RegBitWrite
                0x08001858       0x48 ./gecko_sdk_4.2.1/platform/emlib/src/em_cmu.o
 .text.EMU_VScaleWait
                0x080018a0       0x1c ./gecko_sdk_4.2.1/platform/emlib/src/em_cmu.o
 .text.EMU_VScaleGet
                0x080018bc       0x1c ./gecko_sdk_4.2.1/platform/emlib/src/em_cmu.o
 .text.MSC_LockGetLocked
                0x080018d8       0x1c ./gecko_sdk_4.2.1/platform/emlib/src/em_cmu.o
 .text.MSC_LockSetLocked
                0x080018f4       0x10 ./gecko_sdk_4.2.1/platform/emlib/src/em_cmu.o
 .text.MSC_LockSetUnlocked
                0x08001904       0x10 ./gecko_sdk_4.2.1/platform/emlib/src/em_cmu.o
 .text.MSC_ReadCTRLGet
                0x08001914        0xc ./gecko_sdk_4.2.1/platform/emlib/src/em_cmu.o
 .text.MSC_ReadCTRLSet
                0x08001920       0x14 ./gecko_sdk_4.2.1/platform/emlib/src/em_cmu.o
 .text.CMU_ClockDivGet
                0x08001934       0xec ./gecko_sdk_4.2.1/platform/emlib/src/em_cmu.o
                0x08001934                CMU_ClockDivGet
 .text.CMU_ClockDivSet
                0x08001a20      0x1b0 ./gecko_sdk_4.2.1/platform/emlib/src/em_cmu.o
                0x08001a20                CMU_ClockDivSet
 .text.CMU_ClockEnable
                0x08001bd0       0x74 ./gecko_sdk_4.2.1/platform/emlib/src/em_cmu.o
                0x08001bd0                CMU_ClockEnable
 .text.CMU_ClockFreqGet
                0x08001c44      0x6a8 ./gecko_sdk_4.2.1/platform/emlib/src/em_cmu.o
                0x08001c44                CMU_ClockFreqGet
 .text.CMU_ClockSelectGet
                0x080022ec      0x3e4 ./gecko_sdk_4.2.1/platform/emlib/src/em_cmu.o
                0x080022ec                CMU_ClockSelectGet
 .text.sli_em_cmu_HFXOSetForceEnable
                0x080026d0       0x28 ./gecko_sdk_4.2.1/platform/emlib/src/em_cmu.o
                0x080026d0                sli_em_cmu_HFXOSetForceEnable
 .text.CMU_HFXOInit
                0x080026f8      0x2f4 ./gecko_sdk_4.2.1/platform/emlib/src/em_cmu.o
                0x080026f8                CMU_HFXOInit
 .text.CMU_HFXOCTuneDeltaGet
                0x080029ec       0x10 ./gecko_sdk_4.2.1/platform/emlib/src/em_cmu.o
                0x080029ec                CMU_HFXOCTuneDeltaGet
 .text.CMU_LFXOInit
                0x080029fc      0x120 ./gecko_sdk_4.2.1/platform/emlib/src/em_cmu.o
                0x080029fc                CMU_LFXOInit
 .text.CMU_LFXOPrecisionSet
                0x08002b1c       0x1c ./gecko_sdk_4.2.1/platform/emlib/src/em_cmu.o
                0x08002b1c                CMU_LFXOPrecisionSet
 .text.eusart0ClkGet
                0x08002b38       0xa8 ./gecko_sdk_4.2.1/platform/emlib/src/em_cmu.o
 .text.em01GrpcClkGet
                0x08002be0       0xbc ./gecko_sdk_4.2.1/platform/emlib/src/em_cmu.o
 .text.vdac0ClkGet
                0x08002c9c       0xa8 ./gecko_sdk_4.2.1/platform/emlib/src/em_cmu.o
 .text.vdac1ClkGet
                0x08002d44       0xa8 ./gecko_sdk_4.2.1/platform/emlib/src/em_cmu.o
 .text.pcnt0ClkGet
                0x08002dec       0x74 ./gecko_sdk_4.2.1/platform/emlib/src/em_cmu.o
 .text.rhclkPrescMax
                0x08002e60       0x18 ./gecko_sdk_4.2.1/platform/emlib/src/em_cmu.o
 .text.rhclkPrescOptimize
                0x08002e78       0x2c ./gecko_sdk_4.2.1/platform/emlib/src/em_cmu.o
 .text.traceClkGet
                0x08002ea4       0x84 ./gecko_sdk_4.2.1/platform/emlib/src/em_cmu.o
 .text.dpllRefClkGet
                0x08002f28       0x94 ./gecko_sdk_4.2.1/platform/emlib/src/em_cmu.o
 .text.em01GrpaClkGet
                0x08002fbc       0xbc ./gecko_sdk_4.2.1/platform/emlib/src/em_cmu.o
 .text.em23GrpaClkGet
                0x08003078       0x84 ./gecko_sdk_4.2.1/platform/emlib/src/em_cmu.o
 .text.em4GrpaClkGet
                0x080030fc       0x84 ./gecko_sdk_4.2.1/platform/emlib/src/em_cmu.o
 .text.getWaitStatesByFrequencyAndVScale
                0x08003180       0x54 ./gecko_sdk_4.2.1/platform/emlib/src/em_cmu.o
 .text.flashWaitStateControl
                0x080031d4       0x70 ./gecko_sdk_4.2.1/platform/emlib/src/em_cmu.o
 .text.iadcClkGet
                0x08003244       0x8c ./gecko_sdk_4.2.1/platform/emlib/src/em_cmu.o
 .text.pclkDivOptimize
                0x080032d0       0x34 ./gecko_sdk_4.2.1/platform/emlib/src/em_cmu.o
 .text.sysrtcClkGet
                0x08003304       0x84 ./gecko_sdk_4.2.1/platform/emlib/src/em_cmu.o
 .text.wdog0ClkGet
                0x08003388       0xa0 ./gecko_sdk_4.2.1/platform/emlib/src/em_cmu.o
 .text.wdog1ClkGet
                0x08003428       0xa0 ./gecko_sdk_4.2.1/platform/emlib/src/em_cmu.o
 .text.sysTickClkGet
                0x080034c8       0x58 ./gecko_sdk_4.2.1/platform/emlib/src/em_cmu.o
 .text.CORE_NvicIRQDisabled
                0x08003520       0x60 ./gecko_sdk_4.2.1/platform/emlib/src/em_core.o
                0x08003520                CORE_NvicIRQDisabled
 .text.EMU_DCDCLock
                0x08003580       0x14 ./gecko_sdk_4.2.1/platform/emlib/src/em_emu.o
 .text.EMU_DCDCUnlock
                0x08003594       0x10 ./gecko_sdk_4.2.1/platform/emlib/src/em_emu.o
 .text.EMU_DCDCSync
                0x080035a4       0x20 ./gecko_sdk_4.2.1/platform/emlib/src/em_emu.o
 .text.EMU_VScaleWait
                0x080035c4       0x1c ./gecko_sdk_4.2.1/platform/emlib/src/em_emu.o
 .text.EMU_VScaleGet
                0x080035e0       0x1c ./gecko_sdk_4.2.1/platform/emlib/src/em_emu.o
 .text.EMU_EM01Init
                0x080035fc       0x24 ./gecko_sdk_4.2.1/platform/emlib/src/em_emu.o
                0x080035fc                EMU_EM01Init
 .text.EMU_EM23Init
                0x08003620       0x24 ./gecko_sdk_4.2.1/platform/emlib/src/em_emu.o
                0x08003620                EMU_EM23Init
 .text.EMU_EnterEM2
                0x08003644       0x48 ./gecko_sdk_4.2.1/platform/emlib/src/em_emu.o
                0x08003644                EMU_EnterEM2
 .text.EMU_EnterEM3
                0x0800368c       0x40 ./gecko_sdk_4.2.1/platform/emlib/src/em_emu.o
                0x0800368c                EMU_EnterEM3
 .text.EMU_EM4Init
                0x080036cc       0x24 ./gecko_sdk_4.2.1/platform/emlib/src/em_emu.o
                0x080036cc                EMU_EM4Init
 .text.EMU_VScaleEM01ByClock
                0x080036f0       0x5c ./gecko_sdk_4.2.1/platform/emlib/src/em_emu.o
                0x080036f0                EMU_VScaleEM01ByClock
 .text.EMU_VScaleEM01
                0x0800374c       0xdc ./gecko_sdk_4.2.1/platform/emlib/src/em_emu.o
                0x0800374c                EMU_VScaleEM01
 .text.EMU_DCDCModeSet
                0x08003828       0xc0 ./gecko_sdk_4.2.1/platform/emlib/src/em_emu.o
                0x08003828                EMU_DCDCModeSet
 .text.EMU_DCDCInit
                0x080038e8       0xa8 ./gecko_sdk_4.2.1/platform/emlib/src/em_emu.o
                0x080038e8                EMU_DCDCInit
 .text.EMU_DCDCSetPFMXModePeakCurrent
                0x08003990       0xb4 ./gecko_sdk_4.2.1/platform/emlib/src/em_emu.o
                0x08003990                EMU_DCDCSetPFMXModePeakCurrent
 .text.EUSART_SpiInit
                0x08003a44       0xe8 ./gecko_sdk_4.2.1/platform/emlib/src/em_eusart.o
                0x08003a44                EUSART_SpiInit
 .text.EUSART_Reset
                0x08003b2c       0xa4 ./gecko_sdk_4.2.1/platform/emlib/src/em_eusart.o
                0x08003b2c                EUSART_Reset
 .text.EUSART_Enable
                0x08003bd0       0xbc ./gecko_sdk_4.2.1/platform/emlib/src/em_eusart.o
                0x08003bd0                EUSART_Enable
 .text.EUSART_BaudrateSet
                0x08003c8c      0x290 ./gecko_sdk_4.2.1/platform/emlib/src/em_eusart.o
                0x08003c8c                EUSART_BaudrateSet
 .text.EUSART_ClockGet
                0x08003f1c       0x48 ./gecko_sdk_4.2.1/platform/emlib/src/em_eusart.o
 .text.EUSART_SyncInitCommon
                0x08003f64      0x240 ./gecko_sdk_4.2.1/platform/emlib/src/em_eusart.o
 .text.GPIO_PinOutClear
                0x080041a4       0x84 ./gecko_sdk_4.2.1/platform/emlib/src/em_gpio.o
 .text.GPIO_PinOutSet
                0x08004228       0x84 ./gecko_sdk_4.2.1/platform/emlib/src/em_gpio.o
 .text.GPIO_PinModeSet
                0x080042ac      0x124 ./gecko_sdk_4.2.1/platform/emlib/src/em_gpio.o
                0x080042ac                GPIO_PinModeSet
 .text.BUS_RegBitWrite
                0x080043d0       0x48 ./gecko_sdk_4.2.1/platform/emlib/src/em_i2c.o
 .text.I2C_BusFreqSet
                0x08004418      0x1a8 ./gecko_sdk_4.2.1/platform/emlib/src/em_i2c.o
                0x08004418                I2C_BusFreqSet
 .text.I2C_Enable
                0x080045c0       0x48 ./gecko_sdk_4.2.1/platform/emlib/src/em_i2c.o
                0x080045c0                I2C_Enable
 .text.I2C_Init
                0x08004608       0x7c ./gecko_sdk_4.2.1/platform/emlib/src/em_i2c.o
                0x08004608                I2C_Init
 .text.I2C_Transfer
                0x08004684      0x4c8 ./gecko_sdk_4.2.1/platform/emlib/src/em_i2c.o
                0x08004684                I2C_Transfer
 .text.I2C_TransferInit
                0x08004b4c       0xf8 ./gecko_sdk_4.2.1/platform/emlib/src/em_i2c.o
                0x08004b4c                I2C_TransferInit
 .text.__NVIC_EnableIRQ
                0x08004c44       0x34 ./gecko_sdk_4.2.1/platform/emlib/src/em_ldma.o
 .text.__NVIC_DisableIRQ
                0x08004c78       0x44 ./gecko_sdk_4.2.1/platform/emlib/src/em_ldma.o
 .text.__NVIC_ClearPendingIRQ
                0x08004cbc       0x38 ./gecko_sdk_4.2.1/platform/emlib/src/em_ldma.o
 .text.__NVIC_SetPriority
                0x08004cf4       0x50 ./gecko_sdk_4.2.1/platform/emlib/src/em_ldma.o
 .text.BUS_RegBitWrite
                0x08004d44       0x48 ./gecko_sdk_4.2.1/platform/emlib/src/em_ldma.o
 .text.LDMA_DeInit
                0x08004d8c       0x34 ./gecko_sdk_4.2.1/platform/emlib/src/em_ldma.o
                0x08004d8c                LDMA_DeInit
 .text.LDMA_EnableChannelRequest
                0x08004dc0       0x40 ./gecko_sdk_4.2.1/platform/emlib/src/em_ldma.o
                0x08004dc0                LDMA_EnableChannelRequest
 .text.LDMA_Init
                0x08004e00       0xec ./gecko_sdk_4.2.1/platform/emlib/src/em_ldma.o
                0x08004e00                LDMA_Init
 .text.LDMA_StartTransfer
                0x08004eec      0x208 ./gecko_sdk_4.2.1/platform/emlib/src/em_ldma.o
                0x08004eec                LDMA_StartTransfer
 .text.LDMA_StopTransfer
                0x080050f4       0x54 ./gecko_sdk_4.2.1/platform/emlib/src/em_ldma.o
                0x080050f4                LDMA_StopTransfer
 .text.LDMA_TransferDone
                0x08005148       0x68 ./gecko_sdk_4.2.1/platform/emlib/src/em_ldma.o
                0x08005148                LDMA_TransferDone
 .text.TIMER_Valid
                0x080051b0       0x54 ./gecko_sdk_4.2.1/platform/emlib/src/em_timer.o
 .text.TIMER_Init
                0x08005204      0x130 ./gecko_sdk_4.2.1/platform/emlib/src/em_timer.o
                0x08005204                TIMER_Init
 .text.prsRxInput
                0x08005334       0x38 ./gecko_sdk_4.2.1/platform/emlib/src/em_usart.o
 .text.USART_BaudrateAsyncSet
                0x0800536c      0x14c ./gecko_sdk_4.2.1/platform/emlib/src/em_usart.o
                0x0800536c                USART_BaudrateAsyncSet
 .text.USART_Enable
                0x080054b8       0x70 ./gecko_sdk_4.2.1/platform/emlib/src/em_usart.o
                0x080054b8                USART_Enable
 .text.USART_InitAsync
                0x08005528      0x134 ./gecko_sdk_4.2.1/platform/emlib/src/em_usart.o
                0x08005528                USART_InitAsync
 .text.USART_Reset
                0x0800565c       0xa0 ./gecko_sdk_4.2.1/platform/emlib/src/em_usart.o
                0x0800565c                USART_Reset
 .text.sl_sysrtc_wait_sync
                0x080056fc       0x20 ./gecko_sdk_4.2.1/platform/peripheral/src/peripheral_sysrtc.o
 .text.sl_sysrtc_wait_ready
                0x0800571c       0x2c ./gecko_sdk_4.2.1/platform/peripheral/src/peripheral_sysrtc.o
 .text.sl_sysrtc_stop
                0x08005748       0x14 ./gecko_sdk_4.2.1/platform/peripheral/src/peripheral_sysrtc.o
 .text.sl_sysrtc_init
                0x0800575c       0x38 ./gecko_sdk_4.2.1/platform/peripheral/src/peripheral_sysrtc.o
                0x0800575c                sl_sysrtc_init
 .text.sl_sysrtc_enable
                0x08005794       0x20 ./gecko_sdk_4.2.1/platform/peripheral/src/peripheral_sysrtc.o
                0x08005794                sl_sysrtc_enable
 .text.sl_sysrtc_disable
                0x080057b4       0x24 ./gecko_sdk_4.2.1/platform/peripheral/src/peripheral_sysrtc.o
                0x080057b4                sl_sysrtc_disable
 .text.sl_sysrtc_init_group
                0x080057d8       0xbc ./gecko_sdk_4.2.1/platform/peripheral/src/peripheral_sysrtc.o
                0x080057d8                sl_sysrtc_init_group
 .text.sl_sysrtc_enable_group_interrupts
                0x08005894       0x44 ./gecko_sdk_4.2.1/platform/peripheral/src/peripheral_sysrtc.o
                0x08005894                sl_sysrtc_enable_group_interrupts
 .text.sl_sysrtc_disable_group_interrupts
                0x080058d8       0x44 ./gecko_sdk_4.2.1/platform/peripheral/src/peripheral_sysrtc.o
                0x080058d8                sl_sysrtc_disable_group_interrupts
 .text.sl_sysrtc_clear_group_interrupts
                0x0800591c       0x44 ./gecko_sdk_4.2.1/platform/peripheral/src/peripheral_sysrtc.o
                0x0800591c                sl_sysrtc_clear_group_interrupts
 .text.sl_sysrtc_get_group_interrupts
                0x08005960       0x3c ./gecko_sdk_4.2.1/platform/peripheral/src/peripheral_sysrtc.o
                0x08005960                sl_sysrtc_get_group_interrupts
 .text.sl_sysrtc_get_group_compare_channel_value
                0x0800599c       0x5c ./gecko_sdk_4.2.1/platform/peripheral/src/peripheral_sysrtc.o
                0x0800599c                sl_sysrtc_get_group_compare_channel_value
 .text.sl_sysrtc_set_group_compare_channel_value
                0x080059f8       0x5c ./gecko_sdk_4.2.1/platform/peripheral/src/peripheral_sysrtc.o
                0x080059f8                sl_sysrtc_set_group_compare_channel_value
 .text.sl_device_init_dcdc
                0x08005a54       0x34 ./gecko_sdk_4.2.1/platform/service/device_init/src/sl_device_init_dcdc_s2.o
                0x08005a54                sl_device_init_dcdc
 .text.sl_device_init_emu
                0x08005a88       0x34 ./gecko_sdk_4.2.1/platform/service/device_init/src/sl_device_init_emu_s2.o
                0x08005a88                sl_device_init_emu
 .text.sl_device_init_hfxo
                0x08005abc       0xc4 ./gecko_sdk_4.2.1/platform/service/device_init/src/sl_device_init_hfxo_s2.o
                0x08005abc                sl_device_init_hfxo
 .text.sl_device_init_lfxo
                0x08005b80       0x3c ./gecko_sdk_4.2.1/platform/service/device_init/src/sl_device_init_lfxo_s2.o
                0x08005b80                sl_device_init_lfxo
 .text.__NVIC_SetPriority
                0x08005bbc       0x50 ./gecko_sdk_4.2.1/platform/service/device_init/src/sl_device_init_nvic.o
 .text.sl_hfxo_manager_init
                0x08005c0c       0x88 ./gecko_sdk_4.2.1/platform/service/hfxo_manager/src/sl_hfxo_manager.o
                0x08005c0c                sl_hfxo_manager_init
 .text.sli_hfxo_manager_begin_startup_measurement
                0x08005c94       0x20 ./gecko_sdk_4.2.1/platform/service/hfxo_manager/src/sl_hfxo_manager.o
                0x08005c94                sli_hfxo_manager_begin_startup_measurement
 .text.sli_hfxo_manager_end_startup_measurement
                0x08005cb4       0xc8 ./gecko_sdk_4.2.1/platform/service/hfxo_manager/src/sl_hfxo_manager.o
                0x08005cb4                sli_hfxo_manager_end_startup_measurement
 .text.sli_hfxo_manager_get_startup_time
                0x08005d7c        0xc ./gecko_sdk_4.2.1/platform/service/hfxo_manager/src/sl_hfxo_manager.o
                0x08005d7c                sli_hfxo_manager_get_startup_time
 .text.__NVIC_EnableIRQ
                0x08005d88       0x34 ./gecko_sdk_4.2.1/platform/service/hfxo_manager/src/sl_hfxo_manager_hal_s2.o
 .text.__NVIC_ClearPendingIRQ
                0x08005dbc       0x38 ./gecko_sdk_4.2.1/platform/service/hfxo_manager/src/sl_hfxo_manager_hal_s2.o
 .text.__NVIC_SetPriority
                0x08005df4       0x50 ./gecko_sdk_4.2.1/platform/service/hfxo_manager/src/sl_hfxo_manager_hal_s2.o
 .text.sli_hfxo_manager_init_hardware
                0x08005e44       0x58 ./gecko_sdk_4.2.1/platform/service/hfxo_manager/src/sl_hfxo_manager_hal_s2.o
                0x08005e44                sli_hfxo_manager_init_hardware
 .text.sli_hfxo_manager_is_hfxo_ready
                0x08005e9c       0x68 ./gecko_sdk_4.2.1/platform/service/hfxo_manager/src/sl_hfxo_manager_hal_s2.o
                0x08005e9c                sli_hfxo_manager_is_hfxo_ready
 .text.sl_hfxo_manager_irq_handler
                0x08005f04       0x64 ./gecko_sdk_4.2.1/platform/service/hfxo_manager/src/sl_hfxo_manager_hal_s2.o
                0x08005f04                sl_hfxo_manager_irq_handler
 .text.sl_iostream_set_default
                0x08005f68       0x28 ./gecko_sdk_4.2.1/platform/service/iostream/src/sl_iostream.o
                0x08005f68                sl_iostream_set_default
 .text.sl_iostream_get_default
                0x08005f90       0x28 ./gecko_sdk_4.2.1/platform/service/iostream/src/sl_iostream.o
                0x08005f90                sl_iostream_get_default
 .text._write   0x08005fb8       0x34 ./gecko_sdk_4.2.1/platform/service/iostream/src/sl_iostream_retarget_stdio.o
                0x08005fb8                _write
 .text.sl_iostream_stdlib_disable_buffering
                0x08005fec       0x1c ./gecko_sdk_4.2.1/platform/service/iostream/src/sl_iostream_stdlib_config.o
                0x08005fec                sl_iostream_stdlib_disable_buffering
 .text.__NVIC_EnableIRQ
                0x08006008       0x34 ./gecko_sdk_4.2.1/platform/service/iostream/src/sl_iostream_uart.o
 .text.__NVIC_DisableIRQ
                0x0800603c       0x44 ./gecko_sdk_4.2.1/platform/service/iostream/src/sl_iostream_uart.o
 .text.__NVIC_ClearPendingIRQ
                0x08006080       0x38 ./gecko_sdk_4.2.1/platform/service/iostream/src/sl_iostream_uart.o
 .text.sli_iostream_uart_context_init
                0x080060b8      0x1e0 ./gecko_sdk_4.2.1/platform/service/iostream/src/sl_iostream_uart.o
                0x080060b8                sli_iostream_uart_context_init
 .text.sli_uart_txc
                0x08006298       0x60 ./gecko_sdk_4.2.1/platform/service/iostream/src/sl_iostream_uart.o
                0x08006298                sli_uart_txc
 .text.uart_deinit
                0x080062f8       0xec ./gecko_sdk_4.2.1/platform/service/iostream/src/sl_iostream_uart.o
 .text.scan_for_ctrl_char
                0x080063e4       0xbc ./gecko_sdk_4.2.1/platform/service/iostream/src/sl_iostream_uart.o
 .text.dma_irq_handler
                0x080064a0       0xd0 ./gecko_sdk_4.2.1/platform/service/iostream/src/sl_iostream_uart.o
 .text.get_write_ptr
                0x08006570       0x54 ./gecko_sdk_4.2.1/platform/service/iostream/src/sl_iostream_uart.o
 .text.update_ring_buffer
                0x080065c4      0x148 ./gecko_sdk_4.2.1/platform/service/iostream/src/sl_iostream_uart.o
 .text.read_rx_buffer
                0x0800670c      0x1cc ./gecko_sdk_4.2.1/platform/service/iostream/src/sl_iostream_uart.o
 .text.sl_iostream_usart_init
                0x080068d8      0x280 ./gecko_sdk_4.2.1/platform/service/iostream/src/sl_iostream_usart.o
                0x080068d8                sl_iostream_usart_init
 .text.sl_iostream_usart_irq_handler
                0x08006b58      0x120 ./gecko_sdk_4.2.1/platform/service/iostream/src/sl_iostream_usart.o
                0x08006b58                sl_iostream_usart_irq_handler
 .text.sl_power_manager_init
                0x08006c78       0x80 ./gecko_sdk_4.2.1/platform/service/power_manager/src/sl_power_manager.o
                0x08006c78                sl_power_manager_init
 .text.sl_power_manager_sleep
                0x08006cf8      0x204 ./gecko_sdk_4.2.1/platform/service/power_manager/src/sl_power_manager.o
                0x08006cf8                sl_power_manager_sleep
 .text.sli_power_manager_update_em_requirement
                0x08006efc      0x108 ./gecko_sdk_4.2.1/platform/service/power_manager/src/sl_power_manager.o
                0x08006efc                sli_power_manager_update_em_requirement
 .text.sli_power_manager_get_restore_delay
                0x08007004       0x48 ./gecko_sdk_4.2.1/platform/service/power_manager/src/sl_power_manager.o
                0x08007004                sli_power_manager_get_restore_delay
 .text.sl_power_manager_subscribe_em_transition_event
                0x0800704c       0x30 ./gecko_sdk_4.2.1/platform/service/power_manager/src/sl_power_manager.o
                0x0800704c                sl_power_manager_subscribe_em_transition_event
 .text.sl_power_manager_schedule_wakeup_get_restore_overhead_tick
                0x0800707c       0x14 ./gecko_sdk_4.2.1/platform/service/power_manager/src/sl_power_manager.o
                0x0800707c                sl_power_manager_schedule_wakeup_get_restore_overhead_tick
 .text.sli_power_manager_convert_delay_us_to_tick
                0x08007090       0x2c ./gecko_sdk_4.2.1/platform/service/power_manager/src/sl_power_manager.o
                0x08007090                sli_power_manager_convert_delay_us_to_tick
 .text.sl_power_manager_is_latest_wakeup_internal
                0x080070bc       0x4c ./gecko_sdk_4.2.1/platform/service/power_manager/src/sl_power_manager.o
                0x080070bc                sl_power_manager_is_latest_wakeup_internal
 .text.get_lowest_em
                0x08007108       0x34 ./gecko_sdk_4.2.1/platform/service/power_manager/src/sl_power_manager.o
 .text.power_manager_notify_em_transition
                0x0800713c       0xec ./gecko_sdk_4.2.1/platform/service/power_manager/src/sl_power_manager.o
 .text.evaluate_wakeup
                0x08007228       0xf8 ./gecko_sdk_4.2.1/platform/service/power_manager/src/sl_power_manager.o
 .text.update_em1_requirement
                0x08007320       0x94 ./gecko_sdk_4.2.1/platform/service/power_manager/src/sl_power_manager.o
 .text.clock_restore_and_wait
                0x080073b4       0x88 ./gecko_sdk_4.2.1/platform/service/power_manager/src/sl_power_manager.o
 .text.clock_restore
                0x0800743c       0x6c ./gecko_sdk_4.2.1/platform/service/power_manager/src/sl_power_manager.o
 .text.on_clock_wakeup_timeout
                0x080074a8       0x34 ./gecko_sdk_4.2.1/platform/service/power_manager/src/sl_power_manager.o
 .text.sli_hfxo_manager_notify_ready_for_power_manager
                0x080074dc       0x48 ./gecko_sdk_4.2.1/platform/service/power_manager/src/sl_power_manager.o
                0x080074dc                sli_hfxo_manager_notify_ready_for_power_manager
 .text.EMU_EnterEM1
                0x08007524       0x18 ./gecko_sdk_4.2.1/platform/service/power_manager/src/sl_power_manager_hal_s2.o
 .text.sli_power_manager_init_hardware
                0x0800753c      0x210 ./gecko_sdk_4.2.1/platform/service/power_manager/src/sl_power_manager_hal_s2.o
                0x0800753c                sli_power_manager_init_hardware
 .text.sli_power_manager_em23_voltage_scaling_enable_fast_wakeup
                0x0800774c       0x88 ./gecko_sdk_4.2.1/platform/service/power_manager/src/sl_power_manager_hal_s2.o
                0x0800774c                sli_power_manager_em23_voltage_scaling_enable_fast_wakeup
 .text.EMU_EM23PresleepHook
                0x080077d4       0x30 ./gecko_sdk_4.2.1/platform/service/power_manager/src/sl_power_manager_hal_s2.o
                0x080077d4                EMU_EM23PresleepHook
 .text.EMU_EM23PostsleepHook
                0x08007804       0x70 ./gecko_sdk_4.2.1/platform/service/power_manager/src/sl_power_manager_hal_s2.o
                0x08007804                EMU_EM23PostsleepHook
 .text.sli_power_manager_handle_pre_deepsleep_operations
                0x08007874       0x10 ./gecko_sdk_4.2.1/platform/service/power_manager/src/sl_power_manager_hal_s2.o
                0x08007874                sli_power_manager_handle_pre_deepsleep_operations
 .text.sli_power_manager_restore_high_freq_accuracy_clk
                0x08007884       0x70 ./gecko_sdk_4.2.1/platform/service/power_manager/src/sl_power_manager_hal_s2.o
                0x08007884                sli_power_manager_restore_high_freq_accuracy_clk
 .text.sli_power_manager_is_high_freq_accuracy_clk_ready
                0x080078f4       0x34 ./gecko_sdk_4.2.1/platform/service/power_manager/src/sl_power_manager_hal_s2.o
                0x080078f4                sli_power_manager_is_high_freq_accuracy_clk_ready
 .text.sli_power_manager_restore_states
                0x08007928       0x48 ./gecko_sdk_4.2.1/platform/service/power_manager/src/sl_power_manager_hal_s2.o
                0x08007928                sli_power_manager_restore_states
 .text.sli_power_manager_apply_em
                0x08007970       0x50 ./gecko_sdk_4.2.1/platform/service/power_manager/src/sl_power_manager_hal_s2.o
                0x08007970                sli_power_manager_apply_em
 .text.sli_power_manager_get_wakeup_process_time_overhead
                0x080079c0       0x3c ./gecko_sdk_4.2.1/platform/service/power_manager/src/sl_power_manager_hal_s2.o
                0x080079c0                sli_power_manager_get_wakeup_process_time_overhead
 .text.sl_sleeptimer_init
                0x080079fc       0xa0 ./gecko_sdk_4.2.1/platform/service/sleeptimer/src/sl_sleeptimer.o
                0x080079fc                sl_sleeptimer_init
 .text.sl_sleeptimer_stop_timer
                0x08007a9c       0x80 ./gecko_sdk_4.2.1/platform/service/sleeptimer/src/sl_sleeptimer.o
                0x08007a9c                sl_sleeptimer_stop_timer
 .text.sl_sleeptimer_get_remaining_time_of_first_timer
                0x08007b1c       0x94 ./gecko_sdk_4.2.1/platform/service/sleeptimer/src/sl_sleeptimer.o
                0x08007b1c                sl_sleeptimer_get_remaining_time_of_first_timer
 .text.sli_sleeptimer_is_power_manager_timer_next_to_expire
                0x08007bb0       0x18 ./gecko_sdk_4.2.1/platform/service/sleeptimer/src/sl_sleeptimer.o
                0x08007bb0                sli_sleeptimer_is_power_manager_timer_next_to_expire
 .text.sl_sleeptimer_get_timer_frequency
                0x08007bc8        0xc ./gecko_sdk_4.2.1/platform/service/sleeptimer/src/sl_sleeptimer.o
                0x08007bc8                sl_sleeptimer_get_timer_frequency
 .text.process_timer_irq
                0x08007bd4      0x258 ./gecko_sdk_4.2.1/platform/service/sleeptimer/src/sl_sleeptimer.o
                0x08007bd4                process_timer_irq
 .text.delta_list_insert_timer
                0x08007e2c       0xd4 ./gecko_sdk_4.2.1/platform/service/sleeptimer/src/sl_sleeptimer.o
 .text.delta_list_remove_timer
                0x08007f00       0x74 ./gecko_sdk_4.2.1/platform/service/sleeptimer/src/sl_sleeptimer.o
 .text.set_comparator_for_next_timer
                0x08007f74       0x4c ./gecko_sdk_4.2.1/platform/service/sleeptimer/src/sl_sleeptimer.o
 .text.update_delta_list
                0x08007fc0       0x70 ./gecko_sdk_4.2.1/platform/service/sleeptimer/src/sl_sleeptimer.o
 .text.create_timer
                0x08008030       0xa8 ./gecko_sdk_4.2.1/platform/service/sleeptimer/src/sl_sleeptimer.o
 .text.update_next_timer_to_expire_is_power_manager
                0x080080d8       0x58 ./gecko_sdk_4.2.1/platform/service/sleeptimer/src/sl_sleeptimer.o
 .text.sl_sleeptimer_is_power_manager_early_restore_timer_latest_to_expire
                0x08008130       0x28 ./gecko_sdk_4.2.1/platform/service/sleeptimer/src/sl_sleeptimer.o
                0x08008130                sl_sleeptimer_is_power_manager_early_restore_timer_latest_to_expire
 .text.__NVIC_EnableIRQ
                0x08008158       0x34 ./gecko_sdk_4.2.1/platform/service/sleeptimer/src/sl_sleeptimer_hal_sysrtc.o
 .text.__NVIC_ClearPendingIRQ
                0x0800818c       0x38 ./gecko_sdk_4.2.1/platform/service/sleeptimer/src/sl_sleeptimer_hal_sysrtc.o
 .text.sl_sysrtc_wait_sync
                0x080081c4       0x20 ./gecko_sdk_4.2.1/platform/service/sleeptimer/src/sl_sleeptimer_hal_sysrtc.o
 .text.sl_sysrtc_get_counter
                0x080081e4       0x14 ./gecko_sdk_4.2.1/platform/service/sleeptimer/src/sl_sleeptimer_hal_sysrtc.o
 .text.sl_sysrtc_set_counter
                0x080081f8       0x1c ./gecko_sdk_4.2.1/platform/service/sleeptimer/src/sl_sleeptimer_hal_sysrtc.o
 .text.sleeptimer_hal_set_compare
                0x08008214       0xac ./gecko_sdk_4.2.1/platform/service/sleeptimer/src/sl_sleeptimer_hal_sysrtc.o
                0x08008214                sleeptimer_hal_set_compare
 .text.sleeptimer_hal_disable_int
                0x080082c0       0x60 ./gecko_sdk_4.2.1/platform/service/sleeptimer/src/sl_sleeptimer_hal_sysrtc.o
                0x080082c0                sleeptimer_hal_disable_int
 .text.sleeptimer_hal_set_int
                0x08008320       0x2c ./gecko_sdk_4.2.1/platform/service/sleeptimer/src/sl_sleeptimer_hal_sysrtc.o
                0x08008320                sleeptimer_hal_set_int
 .text.sl_udelay_wait
                0x0800834c       0x80 ./gecko_sdk_4.2.1/platform/service/udelay/src/sl_udelay.o
                0x0800834c                sl_udelay_wait
 .text.GPIO_PinOutToggle
                0x080083cc       0x84 ./src/GPIO.o
 .text.init_I2C0
                0x08008450       0x98 ./src/I2C.o
                0x08008450                init_I2C0
 .text.TIMER0_IRQHandler
                0x080084e8       0x3c ./src/irq.o
                0x080084e8                TIMER0_IRQHandler
 .text.__NVIC_EnableIRQ
                0x08008524       0x34 ./src/timers.o
 .text.__NVIC_ClearPendingIRQ
                0x08008558       0x38 ./src/timers.o
 .text.TIMER_Valid
                0x08008590       0x54 ./src/timers.o
 .text.TIMER_MaxCount
                0x080085e4       0xf0 ./src/timers.o
 .text.TIMER_Enable
                0x080086d4       0x44 ./src/timers.o
 .text.TIMER_TopSet
                0x08008718       0x48 ./src/timers.o
 .text.init_timer0
                0x08008760       0x70 ./src/timers.o
                0x08008760                init_timer0
 .text          0x080087d0       0x30 c:/siliconlabs/simplicitystudio/v5/developer/toolchains/gnu_arm/10.3_2021.10/bin/../lib/gcc/arm-none-eabi/10.3.1/thumb/v8-m.main+fp/hard\libgcc.a(_aeabi_uldivmod.o)
                0x080087d0                __aeabi_uldivmod
 .text          0x08008800      0x2ec c:/siliconlabs/simplicitystudio/v5/developer/toolchains/gnu_arm/10.3_2021.10/bin/../lib/gcc/arm-none-eabi/10.3.1/thumb/v8-m.main+fp/hard\libgcc.a(_udivmoddi4.o)
                0x08008800                __udivmoddi4
 .text          0x08008aec        0x4 c:/siliconlabs/simplicitystudio/v5/developer/toolchains/gnu_arm/10.3_2021.10/bin/../lib/gcc/arm-none-eabi/10.3.1/thumb/v8-m.main+fp/hard\libgcc.a(_dvmd_tls.o)
                0x08008aec                __aeabi_idiv0
                0x08008aec                __aeabi_ldiv0
 .text.exit     0x08008af0       0x28 c:/siliconlabs/simplicitystudio/v5/developer/toolchains/gnu_arm/10.3_2021.10/bin/../lib/gcc/arm-none-eabi/10.3.1/../../../../arm-none-eabi/lib/thumb/v8-m.main+fp/hard\libc_nano.a(lib_a-exit.o)
                0x08008af0                exit
 .text.__libc_init_array
                0x08008b18       0x48 c:/siliconlabs/simplicitystudio/v5/developer/toolchains/gnu_arm/10.3_2021.10/bin/../lib/gcc/arm-none-eabi/10.3.1/../../../../arm-none-eabi/lib/thumb/v8-m.main+fp/hard\libc_nano.a(lib_a-init.o)
                0x08008b18                __libc_init_array
 .text.setvbuf  0x08008b60      0x188 c:/siliconlabs/simplicitystudio/v5/developer/toolchains/gnu_arm/10.3_2021.10/bin/../lib/gcc/arm-none-eabi/10.3.1/../../../../arm-none-eabi/lib/thumb/v8-m.main+fp/hard\libc_nano.a(lib_a-setvbuf.o)
                0x08008b60                setvbuf
 .text.vprintf  0x08008ce8       0x30 c:/siliconlabs/simplicitystudio/v5/developer/toolchains/gnu_arm/10.3_2021.10/bin/../lib/gcc/arm-none-eabi/10.3.1/../../../../arm-none-eabi/lib/thumb/v8-m.main+fp/hard\libc_nano.a(lib_a-vprintf.o)
                0x08008ce8                viprintf
                0x08008ce8                vprintf
 .text.__sflush_r
                0x08008d18      0x108 c:/siliconlabs/simplicitystudio/v5/developer/toolchains/gnu_arm/10.3_2021.10/bin/../lib/gcc/arm-none-eabi/10.3.1/../../../../arm-none-eabi/lib/thumb/v8-m.main+fp/hard\libc_nano.a(lib_a-fflush.o)
                0x08008d18                __sflush_r
 .text._fflush_r
                0x08008e20       0x78 c:/siliconlabs/simplicitystudio/v5/developer/toolchains/gnu_arm/10.3_2021.10/bin/../lib/gcc/arm-none-eabi/10.3.1/../../../../arm-none-eabi/lib/thumb/v8-m.main+fp/hard\libc_nano.a(lib_a-fflush.o)
                0x08008e20                _fflush_r
 .text.std      0x08008e98       0x48 c:/siliconlabs/simplicitystudio/v5/developer/toolchains/gnu_arm/10.3_2021.10/bin/../lib/gcc/arm-none-eabi/10.3.1/../../../../arm-none-eabi/lib/thumb/v8-m.main+fp/hard\libc_nano.a(lib_a-findfp.o)
 .text._cleanup_r
                0x08008ee0        0xc c:/siliconlabs/simplicitystudio/v5/developer/toolchains/gnu_arm/10.3_2021.10/bin/../lib/gcc/arm-none-eabi/10.3.1/../../../../arm-none-eabi/lib/thumb/v8-m.main+fp/hard\libc_nano.a(lib_a-findfp.o)
                0x08008ee0                _cleanup_r
 .text.__sfp_lock_acquire
                0x08008eec        0xc c:/siliconlabs/simplicitystudio/v5/developer/toolchains/gnu_arm/10.3_2021.10/bin/../lib/gcc/arm-none-eabi/10.3.1/../../../../arm-none-eabi/lib/thumb/v8-m.main+fp/hard\libc_nano.a(lib_a-findfp.o)
                0x08008eec                __sfp_lock_acquire
 .text.__sfp_lock_release
                0x08008ef8        0xc c:/siliconlabs/simplicitystudio/v5/developer/toolchains/gnu_arm/10.3_2021.10/bin/../lib/gcc/arm-none-eabi/10.3.1/../../../../arm-none-eabi/lib/thumb/v8-m.main+fp/hard\libc_nano.a(lib_a-findfp.o)
                0x08008ef8                __sfp_lock_release
 .text.__sinit_lock_acquire
                0x08008f04        0xc c:/siliconlabs/simplicitystudio/v5/developer/toolchains/gnu_arm/10.3_2021.10/bin/../lib/gcc/arm-none-eabi/10.3.1/../../../../arm-none-eabi/lib/thumb/v8-m.main+fp/hard\libc_nano.a(lib_a-findfp.o)
                0x08008f04                __sinit_lock_acquire
 .text.__sinit_lock_release
                0x08008f10        0xc c:/siliconlabs/simplicitystudio/v5/developer/toolchains/gnu_arm/10.3_2021.10/bin/../lib/gcc/arm-none-eabi/10.3.1/../../../../arm-none-eabi/lib/thumb/v8-m.main+fp/hard\libc_nano.a(lib_a-findfp.o)
                0x08008f10                __sinit_lock_release
 .text.__sinit  0x08008f1c       0x70 c:/siliconlabs/simplicitystudio/v5/developer/toolchains/gnu_arm/10.3_2021.10/bin/../lib/gcc/arm-none-eabi/10.3.1/../../../../arm-none-eabi/lib/thumb/v8-m.main+fp/hard\libc_nano.a(lib_a-findfp.o)
                0x08008f1c                __sinit
 .text.__sfp    0x08008f8c       0x8c c:/siliconlabs/simplicitystudio/v5/developer/toolchains/gnu_arm/10.3_2021.10/bin/../lib/gcc/arm-none-eabi/10.3.1/../../../../arm-none-eabi/lib/thumb/v8-m.main+fp/hard\libc_nano.a(lib_a-findfp.o)
                0x08008f8c                __sfp
 .text.__smakebuf_r
                0x08009018       0x80 c:/siliconlabs/simplicitystudio/v5/developer/toolchains/gnu_arm/10.3_2021.10/bin/../lib/gcc/arm-none-eabi/10.3.1/../../../../arm-none-eabi/lib/thumb/v8-m.main+fp/hard\libc_nano.a(lib_a-makebuf.o)
                0x08009018                __smakebuf_r
 .text.malloc   0x08009098       0x10 c:/siliconlabs/simplicitystudio/v5/developer/toolchains/gnu_arm/10.3_2021.10/bin/../lib/gcc/arm-none-eabi/10.3.1/../../../../arm-none-eabi/lib/thumb/v8-m.main+fp/hard\libc_nano.a(lib_a-malloc.o)
                0x08009098                malloc
 .text._free_r  0x080090a8       0x98 c:/siliconlabs/simplicitystudio/v5/developer/toolchains/gnu_arm/10.3_2021.10/bin/../lib/gcc/arm-none-eabi/10.3.1/../../../../arm-none-eabi/lib/thumb/v8-m.main+fp/hard\libc_nano.a(lib_a-nano-freer.o)
                0x080090a8                _free_r
 .text.sbrk_aligned
                0x08009140       0x40 c:/siliconlabs/simplicitystudio/v5/developer/toolchains/gnu_arm/10.3_2021.10/bin/../lib/gcc/arm-none-eabi/10.3.1/../../../../arm-none-eabi/lib/thumb/v8-m.main+fp/hard\libc_nano.a(lib_a-nano-mallocr.o)
 .text._malloc_r
                0x08009180       0xe8 c:/siliconlabs/simplicitystudio/v5/developer/toolchains/gnu_arm/10.3_2021.10/bin/../lib/gcc/arm-none-eabi/10.3.1/../../../../arm-none-eabi/lib/thumb/v8-m.main+fp/hard\libc_nano.a(lib_a-nano-mallocr.o)
                0x08009180                _malloc_r
 .text._vfprintf_r
                0x08009268      0x260 c:/siliconlabs/simplicitystudio/v5/developer/toolchains/gnu_arm/10.3_2021.10/bin/../lib/gcc/arm-none-eabi/10.3.1/../../../../arm-none-eabi/lib/thumb/v8-m.main+fp/hard\libc_nano.a(lib_a-nano-vfprintf.o)
                0x08009268                _vfprintf_r
                0x08009268                _vfiprintf_r
 .text._printf_i
                0x080094c8      0x24c c:/siliconlabs/simplicitystudio/v5/developer/toolchains/gnu_arm/10.3_2021.10/bin/../lib/gcc/arm-none-eabi/10.3.1/../../../../arm-none-eabi/lib/thumb/v8-m.main+fp/hard\libc_nano.a(lib_a-nano-vfprintf_i.o)
                0x080094c8                _printf_i
 .text._sbrk_r  0x08009714       0x20 c:/siliconlabs/simplicitystudio/v5/developer/toolchains/gnu_arm/10.3_2021.10/bin/../lib/gcc/arm-none-eabi/10.3.1/../../../../arm-none-eabi/lib/thumb/v8-m.main+fp/hard\libc_nano.a(lib_a-sbrkr.o)
                0x08009714                _sbrk_r
 .text.__swbuf_r
                0x08009734       0xa4 c:/siliconlabs/simplicitystudio/v5/developer/toolchains/gnu_arm/10.3_2021.10/bin/../lib/gcc/arm-none-eabi/10.3.1/../../../../arm-none-eabi/lib/thumb/v8-m.main+fp/hard\libc_nano.a(lib_a-wbuf.o)
                0x08009734                __swbuf_r
 .text._write_r
                0x080097d8       0x24 c:/siliconlabs/simplicitystudio/v5/developer/toolchains/gnu_arm/10.3_2021.10/bin/../lib/gcc/arm-none-eabi/10.3.1/../../../../arm-none-eabi/lib/thumb/v8-m.main+fp/hard\libc_nano.a(lib_a-writer.o)
                0x080097d8                _write_r
 .text.__swsetup_r
                0x080097fc       0xdc c:/siliconlabs/simplicitystudio/v5/developer/toolchains/gnu_arm/10.3_2021.10/bin/../lib/gcc/arm-none-eabi/10.3.1/../../../../arm-none-eabi/lib/thumb/v8-m.main+fp/hard\libc_nano.a(lib_a-wsetup.o)
                0x080097fc                __swsetup_r
 .text._close_r
                0x080098d8       0x20 c:/siliconlabs/simplicitystudio/v5/developer/toolchains/gnu_arm/10.3_2021.10/bin/../lib/gcc/arm-none-eabi/10.3.1/../../../../arm-none-eabi/lib/thumb/v8-m.main+fp/hard\libc_nano.a(lib_a-closer.o)
                0x080098d8                _close_r
 .text._fstat_r
                0x080098f8       0x24 c:/siliconlabs/simplicitystudio/v5/developer/toolchains/gnu_arm/10.3_2021.10/bin/../lib/gcc/arm-none-eabi/10.3.1/../../../../arm-none-eabi/lib/thumb/v8-m.main+fp/hard\libc_nano.a(lib_a-fstatr.o)
                0x080098f8                _fstat_r
 .text._isatty_r
                0x0800991c       0x20 c:/siliconlabs/simplicitystudio/v5/developer/toolchains/gnu_arm/10.3_2021.10/bin/../lib/gcc/arm-none-eabi/10.3.1/../../../../arm-none-eabi/lib/thumb/v8-m.main+fp/hard\libc_nano.a(lib_a-isattyr.o)
                0x0800991c                _isatty_r
 .text._lseek_r
                0x0800993c       0x24 c:/siliconlabs/simplicitystudio/v5/developer/toolchains/gnu_arm/10.3_2021.10/bin/../lib/gcc/arm-none-eabi/10.3.1/../../../../arm-none-eabi/lib/thumb/v8-m.main+fp/hard\libc_nano.a(lib_a-lseekr.o)
                0x0800993c                _lseek_r
 .text.__malloc_lock
                0x08009960        0xc c:/siliconlabs/simplicitystudio/v5/developer/toolchains/gnu_arm/10.3_2021.10/bin/../lib/gcc/arm-none-eabi/10.3.1/../../../../arm-none-eabi/lib/thumb/v8-m.main+fp/hard\libc_nano.a(lib_a-mlock.o)
                0x08009960                __malloc_lock
 .text.__malloc_unlock
                0x0800996c        0xc c:/siliconlabs/simplicitystudio/v5/developer/toolchains/gnu_arm/10.3_2021.10/bin/../lib/gcc/arm-none-eabi/10.3.1/../../../../arm-none-eabi/lib/thumb/v8-m.main+fp/hard\libc_nano.a(lib_a-mlock.o)
                0x0800996c                __malloc_unlock
 .text._read_r  0x08009978       0x24 c:/siliconlabs/simplicitystudio/v5/developer/toolchains/gnu_arm/10.3_2021.10/bin/../lib/gcc/arm-none-eabi/10.3.1/../../../../arm-none-eabi/lib/thumb/v8-m.main+fp/hard\libc_nano.a(lib_a-readr.o)
                0x08009978                _read_r
 .text.main     0x0800999c       0x18 ./main.o
                0x0800999c                main
 .text.sl_board_default_init
                0x080099b4        0xa ./autogen/sl_board_default_init.o
                0x080099b4                sl_board_default_init
 .text.CHIP_Init
                0x080099be        0x4 ./autogen/sl_event_handler.o
 .text.sl_platform_init
                0x080099c2       0x32 ./autogen/sl_event_handler.o
                0x080099c2                sl_platform_init
 .text.sl_driver_init
                0x080099f4       0x12 ./autogen/sl_event_handler.o
                0x080099f4                sl_driver_init
 .text.sl_service_init
                0x08009a06       0x1a ./autogen/sl_event_handler.o
                0x08009a06                sl_service_init
 .text.sl_stack_init
                0x08009a20        0x4 ./autogen/sl_event_handler.o
                0x08009a20                sl_stack_init
 .text.sl_internal_app_init
                0x08009a24        0xa ./autogen/sl_event_handler.o
                0x08009a24                sl_internal_app_init
 .text.sl_platform_process_action
                0x08009a2e        0x4 ./autogen/sl_event_handler.o
                0x08009a2e                sl_platform_process_action
 .text.sl_service_process_action
                0x08009a32        0x4 ./autogen/sl_event_handler.o
                0x08009a32                sl_service_process_action
 .text.sl_stack_process_action
                0x08009a36        0x4 ./autogen/sl_event_handler.o
                0x08009a36                sl_stack_process_action
 .text.sl_internal_app_process_action
                0x08009a3a        0x4 ./autogen/sl_event_handler.o
                0x08009a3a                sl_internal_app_process_action
 .text.sl_iostream_init_instances
                0x08009a3e        0xa ./autogen/sl_event_handler.o
                0x08009a3e                sl_iostream_init_instances
 .text.BUS_RegBitRead
                0x08009a48       0x1a ./autogen/sl_iostream_init_usart_instances.o
 .text.sl_iostream_uart_sleep_on_isr_exit
                0x08009a62       0x1c ./autogen/sl_iostream_init_usart_instances.o
 .text.app_is_ok_to_sleep
                0x08009a7e        0x6 ./autogen/sl_power_manager_handler.o
                0x08009a7e                app_is_ok_to_sleep
 .text.app_sleep_on_isr_exit
                0x08009a84        0x6 ./autogen/sl_power_manager_handler.o
                0x08009a84                app_sleep_on_isr_exit
 .text.sl_power_manager_is_ok_to_sleep
                0x08009a8a       0x2c ./autogen/sl_power_manager_handler.o
                0x08009a8a                sl_power_manager_is_ok_to_sleep
 .text.sl_power_manager_sleep_on_isr_exit
                0x08009ab6       0x84 ./autogen/sl_power_manager_handler.o
                0x08009ab6                sl_power_manager_sleep_on_isr_exit
 .text._app_log_time
                0x08009b3a        0x4 ./gecko_sdk_4.2.1/app/common/util/app_log/app_log.o
                0x08009b3a                _app_log_time
 .text._app_log_counter
                0x08009b3e        0x4 ./gecko_sdk_4.2.1/app/common/util/app_log/app_log.o
                0x08009b3e                _app_log_counter
 .text.sl_board_configure_vcom
                0x08009b42        0xc ./gecko_sdk_4.2.1/hardware/board/src/sl_board_control_gpio.o
                0x08009b42                sl_board_configure_vcom
 .text.sl_board_enable_vcom
                0x08009b4e       0x14 ./gecko_sdk_4.2.1/hardware/board/src/sl_board_control_gpio.o
                0x08009b4e                sl_board_enable_vcom
 .text.sl_board_disable_vcom
                0x08009b62       0x14 ./gecko_sdk_4.2.1/hardware/board/src/sl_board_control_gpio.o
                0x08009b62                sl_board_disable_vcom
 .text.sl_board_init
                0x08009b76       0x16 ./gecko_sdk_4.2.1/hardware/board/src/sl_board_init.o
                0x08009b76                sl_board_init
 .text.sl_board_preinit
                0x08009b8c        0xe ./gecko_sdk_4.2.1/hardware/board/src/sl_board_init.o
                0x08009b8c                sl_board_preinit
 .text.sl_cos_send_config
                0x08009b9a        0xc ./gecko_sdk_4.2.1/hardware/driver/configuration_over_swo/src/sl_cos.o
                0x08009b9a                sl_cos_send_config
 .text.cs_low   0x08009ba6        0xe ./gecko_sdk_4.2.1/hardware/driver/mx25_flash_shutdown/src/sl_mx25_flash_shutdown_eusart/sl_mx25_flash_shutdown.o
 .text.cs_high  0x08009bb4        0xe ./gecko_sdk_4.2.1/hardware/driver/mx25_flash_shutdown/src/sl_mx25_flash_shutdown_eusart/sl_mx25_flash_shutdown.o
 .text.Default_Handler
                0x08009bc2        0x2 ./gecko_sdk_4.2.1/platform/Device/SiliconLabs/EFR32MG24/Source/startup_efr32mg24.o
                0x08009bc2                ULFRCO_IRQHandler
                0x08009bc2                AHB2AHB1_IRQHandler
                0x08009bc2                SW2_IRQHandler
                0x08009bc2                TIMER2_IRQHandler
                0x08009bc2                DebugMon_Handler
                0x08009bc2                IADC_IRQHandler
                0x08009bc2                EUSART0_TX_IRQHandler
                0x08009bc2                I2C0_IRQHandler
                0x08009bc2                LFXO_IRQHandler
                0x08009bc2                HardFault_Handler
                0x08009bc2                SMU_SECURE_IRQHandler
                0x08009bc2                SysTick_Handler
                0x08009bc2                SYSRTC_SEQ_IRQHandler
                0x08009bc2                EMUEFP_IRQHandler
                0x08009bc2                PendSV_Handler
                0x08009bc2                NMI_Handler
                0x08009bc2                SYNTH_IRQHandler
                0x08009bc2                HOSTMAILBOX_IRQHandler
                0x08009bc2                I2C1_IRQHandler
                0x08009bc2                WDOG0_IRQHandler
                0x08009bc2                TIMER3_IRQHandler
                0x08009bc2                SYSCFG_IRQHandler
                0x08009bc2                RFECA1_IRQHandler
                0x08009bc2                EMUDG_IRQHandler
                0x08009bc2                MSC_IRQHandler
                0x08009bc2                DPLL0_IRQHandler
                0x08009bc2                UsageFault_Handler
                0x08009bc2                WDOG1_IRQHandler
                0x08009bc2                M33CTI1_IRQHandler
                0x08009bc2                TIMER4_IRQHandler
                0x08009bc2                VDAC0_IRQHandler
                0x08009bc2                SEMBTX_IRQHandler
                0x08009bc2                SW0_IRQHandler
                0x08009bc2                MVP_IRQHandler
                0x08009bc2                LETIMER0_IRQHandler
                0x08009bc2                EUSART1_RX_IRQHandler
                0x08009bc2                TIMER1_IRQHandler
                0x08009bc2                HFRCO0_IRQHandler
                0x08009bc2                SecureFault_Handler
                0x08009bc2                BUFC_IRQHandler
                0x08009bc2                DCDC_IRQHandler
                0x08009bc2                MODEM_IRQHandler
                0x08009bc2                Default_Handler
                0x08009bc2                RAC_SEQ_IRQHandler
                0x08009bc2                FRC_PRI_IRQHandler
                0x08009bc2                SW3_IRQHandler
                0x08009bc2                EMU_IRQHandler
                0x08009bc2                KERNEL0_IRQHandler
                0x08009bc2                FRC_IRQHandler
                0x08009bc2                PCNT0_IRQHandler
                0x08009bc2                KERNEL1_IRQHandler
                0x08009bc2                AGC_IRQHandler
                0x08009bc2                EUSART1_TX_IRQHandler
                0x08009bc2                KEYSCAN_IRQHandler
                0x08009bc2                HFRCOEM23_IRQHandler
                0x08009bc2                sl_app_properties
                0x08009bc2                BURTC_IRQHandler
                0x08009bc2                SEMBRX_IRQHandler
                0x08009bc2                RFECA0_IRQHandler
                0x08009bc2                LFRCO_IRQHandler
                0x08009bc2                VDAC1_IRQHandler
                0x08009bc2                ACMP0_IRQHandler
                0x08009bc2                MemManage_Handler
                0x08009bc2                AHB2AHB0_IRQHandler
                0x08009bc2                SVC_Handler
                0x08009bc2                SMU_S_PRIVILEGED_IRQHandler
                0x08009bc2                SW1_IRQHandler
                0x08009bc2                CMU_IRQHandler
                0x08009bc2                EUSART0_RX_IRQHandler
                0x08009bc2                RAC_RSM_IRQHandler
                0x08009bc2                SETAMPERHOST_IRQHandler
                0x08009bc2                AES_IRQHandler
                0x08009bc2                M33CTI0_IRQHandler
                0x08009bc2                ICACHE0_IRQHandler
                0x08009bc2                SMU_NS_PRIVILEGED_IRQHandler
                0x08009bc2                FPUEXH_IRQHandler
                0x08009bc2                PROTIMER_IRQHandler
                0x08009bc2                ACMP1_IRQHandler
                0x08009bc2                BusFault_Handler
                0x08009bc2                MPAHBRAM_IRQHandler
 .text.SystemCLKIN0Get
                0x08009bc4        0x6 ./gecko_sdk_4.2.1/platform/Device/SiliconLabs/EFR32MG24/Source/system_efr32mg24.o
                0x08009bc4                SystemCLKIN0Get
 .text.SystemLFRCOClockGet
                0x08009bca        0x8 ./gecko_sdk_4.2.1/platform/Device/SiliconLabs/EFR32MG24/Source/system_efr32mg24.o
                0x08009bca                SystemLFRCOClockGet
 .text.SystemULFRCOClockGet
                0x08009bd2        0x8 ./gecko_sdk_4.2.1/platform/Device/SiliconLabs/EFR32MG24/Source/system_efr32mg24.o
                0x08009bd2                SystemULFRCOClockGet
 .text.assertEFM
                0x08009bda        0x8 ./gecko_sdk_4.2.1/platform/common/src/sl_assert.o
                0x08009bda                assertEFM
 .text.sl_slist_init
                0x08009be2       0x10 ./gecko_sdk_4.2.1/platform/common/src/sl_slist.o
                0x08009be2                sl_slist_init
 .text.sl_debug_swo_enable_itm
                0x08009bf2       0x26 ./gecko_sdk_4.2.1/platform/driver/debug/src/sl_debug_swo.o
                0x08009bf2                sl_debug_swo_enable_itm
 .text.DMADRV_PeripheralMemory
                0x08009c18       0x46 ./gecko_sdk_4.2.1/platform/emdrv/dmadrv/src/dmadrv.o
                0x08009c18                DMADRV_PeripheralMemory
 .text.SL_CTZ   0x08009c5e       0x2c ./gecko_sdk_4.2.1/platform/emdrv/gpiointerrupt/src/gpiointerrupt.o
 .text.GPIOINT_Init
                0x08009c8a       0x36 ./gecko_sdk_4.2.1/platform/emdrv/gpiointerrupt/src/gpiointerrupt.o
                0x08009c8a                GPIOINT_Init
 .text.GPIO_EVEN_IRQHandler
                0x08009cc0       0x28 ./gecko_sdk_4.2.1/platform/emdrv/gpiointerrupt/src/gpiointerrupt.o
                0x08009cc0                GPIO_EVEN_IRQHandler
 .text.GPIO_ODD_IRQHandler
                0x08009ce8       0x28 ./gecko_sdk_4.2.1/platform/emdrv/gpiointerrupt/src/gpiointerrupt.o
                0x08009ce8                GPIO_ODD_IRQHandler
 .text.SystemCoreClockGet
                0x08009d10        0xc ./gecko_sdk_4.2.1/platform/emlib/src/em_cmu.o
 .text.BUS_RegBitRead
                0x08009d1c       0x1a ./gecko_sdk_4.2.1/platform/emlib/src/em_cmu.o
 .text.BUS_RegMaskedWrite
                0x08009d36       0x34 ./gecko_sdk_4.2.1/platform/emlib/src/em_cmu.o
 .text.sli_em_cmu_SYSCLKInitPreClockSelect
                0x08009d6a       0x1a ./gecko_sdk_4.2.1/platform/emlib/src/em_cmu.o
                0x08009d6a                sli_em_cmu_SYSCLKInitPreClockSelect
 .text.sli_em_cmu_SYSCLKInitPostClockSelect
                0x08009d84       0x2e ./gecko_sdk_4.2.1/platform/emlib/src/em_cmu.o
                0x08009d84                sli_em_cmu_SYSCLKInitPostClockSelect
 .text.CMU_UpdateWaitStates
                0x08009db2       0x28 ./gecko_sdk_4.2.1/platform/emlib/src/em_cmu.o
                0x08009db2                CMU_UpdateWaitStates
 .text.pclkDivMax
                0x08009dda       0x10 ./gecko_sdk_4.2.1/platform/emlib/src/em_cmu.o
 .text.waitStateMax
                0x08009dea       0x14 ./gecko_sdk_4.2.1/platform/emlib/src/em_cmu.o
 .text.CORE_EnterCritical
                0x08009dfe       0x18 ./gecko_sdk_4.2.1/platform/emlib/src/em_core.o
                0x08009dfe                CORE_EnterCritical
 .text.CORE_ExitCritical
                0x08009e16       0x14 ./gecko_sdk_4.2.1/platform/emlib/src/em_core.o
                0x08009e16                CORE_ExitCritical
 .text.CORE_EnterAtomic
                0x08009e2a       0x20 ./gecko_sdk_4.2.1/platform/emlib/src/em_core.o
                0x08009e2a                CORE_EnterAtomic
 .text.CORE_ExitAtomic
                0x08009e4a       0x16 ./gecko_sdk_4.2.1/platform/emlib/src/em_core.o
                0x08009e4a                CORE_ExitAtomic
 .text.SystemCoreClockUpdate
                0x08009e60        0xa ./gecko_sdk_4.2.1/platform/emlib/src/em_emu.o
 .text.BUS_RegBitRead
                0x08009e6a       0x1a ./gecko_sdk_4.2.1/platform/emlib/src/em_emu.o
 .text.vScaleEM01Cmd
                0x08009e84       0x1c ./gecko_sdk_4.2.1/platform/emlib/src/em_emu.o
 .text.EMU_EFPEM23PresleepHook
                0x08009ea0        0x4 ./gecko_sdk_4.2.1/platform/emlib/src/em_emu.o
                0x08009ea0                EMU_EFPEM23PresleepHook
 .text.EMU_EFPEM23PostsleepHook
                0x08009ea4        0x4 ./gecko_sdk_4.2.1/platform/emlib/src/em_emu.o
                0x08009ea4                EMU_EFPEM23PostsleepHook
 .text.EMU_Save
                0x08009ea8        0x4 ./gecko_sdk_4.2.1/platform/emlib/src/em_emu.o
                0x08009ea8                EMU_Save
 .text.EMU_Restore
                0x08009eac        0x4 ./gecko_sdk_4.2.1/platform/emlib/src/em_emu.o
                0x08009eac                EMU_Restore
 .text.EMU_EFPEM01VScale
                0x08009eb0        0xe ./gecko_sdk_4.2.1/platform/emlib/src/em_emu.o
                0x08009eb0                EMU_EFPEM01VScale
 .text.EMU_DCDCUpdatedHook
                0x08009ebe        0x4 ./gecko_sdk_4.2.1/platform/emlib/src/em_emu.o
                0x08009ebe                EMU_DCDCUpdatedHook
 .text.EUSART_StatusGet
                0x08009ec2        0xe ./gecko_sdk_4.2.1/platform/emlib/src/em_eusart.o
 .text.eusart_sync
                0x08009ed0       0x1c ./gecko_sdk_4.2.1/platform/emlib/src/em_eusart.o
 .text.EUSART_Spi_TxRx
                0x08009eec       0x3a ./gecko_sdk_4.2.1/platform/emlib/src/em_eusart.o
                0x08009eec                EUSART_Spi_TxRx
 .text.EUSART_Disable
                0x08009f26       0x68 ./gecko_sdk_4.2.1/platform/emlib/src/em_eusart.o
 .text.BUS_RegMaskedWrite
                0x08009f8e       0x34 ./gecko_sdk_4.2.1/platform/emlib/src/em_gpio.o
 .text.GPIO_DbgLocationSet
                0x08009fc2        0xa ./gecko_sdk_4.2.1/platform/emlib/src/em_gpio.o
                0x08009fc2                GPIO_DbgLocationSet
 .text.I2C_IntClear
                0x08009fcc       0x18 ./gecko_sdk_4.2.1/platform/emlib/src/em_i2c.o
 .text.BUS_RegMaskedWrite
                0x08009fe4       0x34 ./gecko_sdk_4.2.1/platform/emlib/src/em_i2c.o
 .text.flushRx  0x0800a018       0x28 ./gecko_sdk_4.2.1/platform/emlib/src/em_i2c.o
 .text.BUS_RegMaskedClear
                0x0800a040       0x1a ./gecko_sdk_4.2.1/platform/emlib/src/em_ldma.o
 .text.TIMER_SyncWait
                0x0800a05a       0x24 ./gecko_sdk_4.2.1/platform/emlib/src/em_timer.o
                0x0800a05a                TIMER_SyncWait
 .text.USART_Tx
                0x0800a07e       0x26 ./gecko_sdk_4.2.1/platform/emlib/src/em_usart.o
                0x0800a07e                USART_Tx
 .text.sl_device_init_nvic
                0x0800a0a4       0x38 ./gecko_sdk_4.2.1/platform/service/device_init/src/sl_device_init_nvic.o
                0x0800a0a4                sl_device_init_nvic
 .text.sl_hfxo_manager_init_hardware
                0x0800a0dc        0xa ./gecko_sdk_4.2.1/platform/service/hfxo_manager/src/sl_hfxo_manager.o
                0x0800a0dc                sl_hfxo_manager_init_hardware
 .text.HFXO0_IRQHandler
                0x0800a0e6        0xa ./gecko_sdk_4.2.1/platform/service/hfxo_manager/src/sl_hfxo_manager_hal_s2.o
                0x0800a0e6                HFXO0_IRQHandler
 .text.sl_iostream_write
                0x0800a0f0       0x40 ./gecko_sdk_4.2.1/platform/service/iostream/src/sl_iostream.o
                0x0800a0f0                sl_iostream_write
 .text.sl_iostream_read
                0x0800a130       0x50 ./gecko_sdk_4.2.1/platform/service/iostream/src/sl_iostream.o
                0x0800a130                sl_iostream_read
 .text.sl_iostream_vprintf
                0x0800a180       0x64 ./gecko_sdk_4.2.1/platform/service/iostream/src/sl_iostream.o
                0x0800a180                sl_iostream_vprintf
 .text.sl_iostream_printf
                0x0800a1e4       0x26 ./gecko_sdk_4.2.1/platform/service/iostream/src/sl_iostream.o
                0x0800a1e4                sl_iostream_printf
 .text._close   0x0800a20a        0xc ./gecko_sdk_4.2.1/platform/service/iostream/src/sl_iostream_retarget_stdio.o
                0x0800a20a                _close
 .text._exit    0x0800a216        0x6 ./gecko_sdk_4.2.1/platform/service/iostream/src/sl_iostream_retarget_stdio.o
                0x0800a216                _exit
 .text._fstat   0x0800a21c       0x16 ./gecko_sdk_4.2.1/platform/service/iostream/src/sl_iostream_retarget_stdio.o
                0x0800a21c                _fstat
 .text._isatty  0x0800a232        0xc ./gecko_sdk_4.2.1/platform/service/iostream/src/sl_iostream_retarget_stdio.o
                0x0800a232                _isatty
 .text._lseek   0x0800a23e       0x10 ./gecko_sdk_4.2.1/platform/service/iostream/src/sl_iostream_retarget_stdio.o
                0x0800a23e                _lseek
 .text._read    0x0800a24e       0x30 ./gecko_sdk_4.2.1/platform/service/iostream/src/sl_iostream_retarget_stdio.o
                0x0800a24e                _read
 .text.sl_power_manager_add_em_requirement
                0x0800a27e       0x2a ./gecko_sdk_4.2.1/platform/service/iostream/src/sl_iostream_uart.o
 .text.sl_power_manager_remove_em_requirement
                0x0800a2a8       0x2a ./gecko_sdk_4.2.1/platform/service/iostream/src/sl_iostream_uart.o
 .text.sleep_on_isr_exit
                0x0800a2d2       0x60 ./gecko_sdk_4.2.1/platform/service/iostream/src/sl_iostream_uart.o
 .text.set_auto_cr_lf
                0x0800a332       0x1e ./gecko_sdk_4.2.1/platform/service/iostream/src/sl_iostream_uart.o
 .text.get_auto_cr_lf
                0x0800a350       0x1c ./gecko_sdk_4.2.1/platform/service/iostream/src/sl_iostream_uart.o
 .text.set_rx_energy_mode_restriction
                0x0800a36c       0x78 ./gecko_sdk_4.2.1/platform/service/iostream/src/sl_iostream_uart.o
 .text.get_rx_energy_mode_restriction
                0x0800a3e4       0x1c ./gecko_sdk_4.2.1/platform/service/iostream/src/sl_iostream_uart.o
 .text.nolock_uart_write
                0x0800a400       0xf6 ./gecko_sdk_4.2.1/platform/service/iostream/src/sl_iostream_uart.o
 .text.uart_write
                0x0800a4f6       0x1e ./gecko_sdk_4.2.1/platform/service/iostream/src/sl_iostream_uart.o
 .text.uart_read
                0x0800a514       0x42 ./gecko_sdk_4.2.1/platform/service/iostream/src/sl_iostream_uart.o
 .text.USART_IntClear
                0x0800a556       0x18 ./gecko_sdk_4.2.1/platform/service/iostream/src/sl_iostream_usart.o
 .text.USART_IntDisable
                0x0800a56e       0x1a ./gecko_sdk_4.2.1/platform/service/iostream/src/sl_iostream_usart.o
 .text.USART_IntEnable
                0x0800a588       0x18 ./gecko_sdk_4.2.1/platform/service/iostream/src/sl_iostream_usart.o
 .text.USART_StatusGet
                0x0800a5a0        0xe ./gecko_sdk_4.2.1/platform/service/iostream/src/sl_iostream_usart.o
 .text.usart_tx
                0x0800a5ae       0x2a ./gecko_sdk_4.2.1/platform/service/iostream/src/sl_iostream_usart.o
 .text.usart_set_next_byte_detect
                0x0800a5d8       0x3a ./gecko_sdk_4.2.1/platform/service/iostream/src/sl_iostream_usart.o
 .text.usart_tx_completed
                0x0800a612       0x46 ./gecko_sdk_4.2.1/platform/service/iostream/src/sl_iostream_usart.o
 .text.usart_deinit
                0x0800a658       0xb6 ./gecko_sdk_4.2.1/platform/service/iostream/src/sl_iostream_usart.o
 .text.sli_power_manager_initiate_restore
                0x0800a70e       0x1c ./gecko_sdk_4.2.1/platform/service/power_manager/src/sl_power_manager.o
                0x0800a70e                sli_power_manager_initiate_restore
 .text.enter_critical_with_primask
                0x0800a72a       0x18 ./gecko_sdk_4.2.1/platform/service/power_manager/src/sl_power_manager.o
 .text.exit_critical_with_primask
                0x0800a742       0x14 ./gecko_sdk_4.2.1/platform/service/power_manager/src/sl_power_manager.o
 .text.SystemCoreClockUpdate
                0x0800a756        0xa ./gecko_sdk_4.2.1/platform/service/power_manager/src/sl_power_manager_hal_s2.o
 .text.sli_power_manager_save_states
                0x0800a760        0xa ./gecko_sdk_4.2.1/platform/service/power_manager/src/sl_power_manager_hal_s2.o
                0x0800a760                sli_power_manager_save_states
 .text.sli_power_manager_get_default_high_frequency_minimum_offtime
                0x0800a76a       0x10 ./gecko_sdk_4.2.1/platform/service/power_manager/src/sl_power_manager_hal_s2.o
                0x0800a76a                sli_power_manager_get_default_high_frequency_minimum_offtime
 .text.sli_power_manager_low_frequency_restore
                0x0800a77a        0x4 ./gecko_sdk_4.2.1/platform/service/power_manager/src/sl_power_manager_hal_s2.o
                0x0800a77a                sli_power_manager_low_frequency_restore
 .text.sl_sleeptimer_restart_timer
                0x0800a77e       0x4e ./gecko_sdk_4.2.1/platform/service/sleeptimer/src/sl_sleeptimer.o
                0x0800a77e                sl_sleeptimer_restart_timer
 .text.sl_sleeptimer_get_tick_count
                0x0800a7cc       0x20 ./gecko_sdk_4.2.1/platform/service/sleeptimer/src/sl_sleeptimer.o
                0x0800a7cc                sl_sleeptimer_get_tick_count
 .text.sleeptimer_hal_init_timer
                0x0800a7ec       0x76 ./gecko_sdk_4.2.1/platform/service/sleeptimer/src/sl_sleeptimer_hal_sysrtc.o
                0x0800a7ec                sleeptimer_hal_init_timer
 .text.sleeptimer_hal_get_counter
                0x0800a862        0xc ./gecko_sdk_4.2.1/platform/service/sleeptimer/src/sl_sleeptimer_hal_sysrtc.o
                0x0800a862                sleeptimer_hal_get_counter
 .text.sleeptimer_hal_get_compare
                0x0800a86e       0x10 ./gecko_sdk_4.2.1/platform/service/sleeptimer/src/sl_sleeptimer_hal_sysrtc.o
                0x0800a86e                sleeptimer_hal_get_compare
 .text.sleeptimer_hal_enable_int
                0x0800a87e       0x46 ./gecko_sdk_4.2.1/platform/service/sleeptimer/src/sl_sleeptimer_hal_sysrtc.o
                0x0800a87e                sleeptimer_hal_enable_int
 .text.sli_sleeptimer_hal_is_int_status_set
                0x0800a8c4       0x5a ./gecko_sdk_4.2.1/platform/service/sleeptimer/src/sl_sleeptimer_hal_sysrtc.o
                0x0800a8c4                sli_sleeptimer_hal_is_int_status_set
 .text.SYSRTC_APP_IRQHandler
                0x0800a91e       0x6a ./gecko_sdk_4.2.1/platform/service/sleeptimer/src/sl_sleeptimer_hal_sysrtc.o
                0x0800a91e                SYSRTC_APP_IRQHandler
 .text.sleeptimer_hal_get_timer_frequency
                0x0800a988        0xe ./gecko_sdk_4.2.1/platform/service/sleeptimer/src/sl_sleeptimer_hal_sysrtc.o
                0x0800a988                sleeptimer_hal_get_timer_frequency
 .text.get_time_diff
                0x0800a996       0x12 ./gecko_sdk_4.2.1/platform/service/sleeptimer/src/sl_sleeptimer_hal_sysrtc.o
 .text.sl_system_init
                0x0800a9a8       0x1a ./gecko_sdk_4.2.1/platform/service/system/src/sl_system_init.o
                0x0800a9a8                sl_system_init
 .text.sl_system_process_action
                0x0800a9c2       0x16 ./gecko_sdk_4.2.1/platform/service/system/src/sl_system_process_action.o
                0x0800a9c2                sl_system_process_action
 .text.SystemCoreClockGet
                0x0800a9d8        0xc ./gecko_sdk_4.2.1/platform/service/udelay/src/sl_udelay.o
 .text.init_LED0
                0x0800a9e4       0x12 ./src/GPIO.o
                0x0800a9e4                init_LED0
 .text.toggleLED0
                0x0800a9f6        0xe ./src/GPIO.o
                0x0800a9f6                toggleLED0
 .text.adxl_init
                0x0800aa04       0x1e ./src/adxl343.o
                0x0800aa04                adxl_init
 .text.adxl_read
                0x0800aa22       0xc0 ./src/adxl343.o
                0x0800aa22                adxl_read
 .text.adxl_write
                0x0800aae2       0x72 ./src/adxl343.o
                0x0800aae2                adxl_write
 .text.TIMER_IntClear
                0x0800ab54       0x18 ./src/irq.o
 .text.TIMER_IntGet
                0x0800ab6c        0xe ./src/irq.o
 .text.loggerGetTimestamp
                0x0800ab7a        0x6 ./src/log.o
                0x0800ab7a                loggerGetTimestamp
 .text.TIMER_IntClear
                0x0800ab80       0x18 ./src/timers.o
 .text.TIMER_IntEnable
                0x0800ab98       0x18 ./src/timers.o
 .text.memcpy   0x0800abb0       0x1a c:/siliconlabs/simplicitystudio/v5/developer/toolchains/gnu_arm/10.3_2021.10/bin/../lib/gcc/arm-none-eabi/10.3.1/../../../../arm-none-eabi/lib/thumb/v8-m.main+fp/hard\libc_nano.a(lib_a-memcpy-stub.o)
                0x0800abb0                memcpy
 .text.memset   0x0800abca       0x10 c:/siliconlabs/simplicitystudio/v5/developer/toolchains/gnu_arm/10.3_2021.10/bin/../lib/gcc/arm-none-eabi/10.3.1/../../../../arm-none-eabi/lib/thumb/v8-m.main+fp/hard\libc_nano.a(lib_a-memset.o)
                0x0800abca                memset
 .text.__sfmoreglue
                0x0800abda       0x2c c:/siliconlabs/simplicitystudio/v5/developer/toolchains/gnu_arm/10.3_2021.10/bin/../lib/gcc/arm-none-eabi/10.3.1/../../../../arm-none-eabi/lib/thumb/v8-m.main+fp/hard\libc_nano.a(lib_a-findfp.o)
                0x0800abda                __sfmoreglue
 .text._fwalk_reent
                0x0800ac06       0x3e c:/siliconlabs/simplicitystudio/v5/developer/toolchains/gnu_arm/10.3_2021.10/bin/../lib/gcc/arm-none-eabi/10.3.1/../../../../arm-none-eabi/lib/thumb/v8-m.main+fp/hard\libc_nano.a(lib_a-fwalk.o)
                0x0800ac06                _fwalk_reent
 .text.__retarget_lock_init_recursive
                0x0800ac44        0x2 c:/siliconlabs/simplicitystudio/v5/developer/toolchains/gnu_arm/10.3_2021.10/bin/../lib/gcc/arm-none-eabi/10.3.1/../../../../arm-none-eabi/lib/thumb/v8-m.main+fp/hard\libc_nano.a(lib_a-lock.o)
                0x0800ac44                __retarget_lock_init_recursive
 .text.__retarget_lock_acquire_recursive
                0x0800ac46        0x2 c:/siliconlabs/simplicitystudio/v5/developer/toolchains/gnu_arm/10.3_2021.10/bin/../lib/gcc/arm-none-eabi/10.3.1/../../../../arm-none-eabi/lib/thumb/v8-m.main+fp/hard\libc_nano.a(lib_a-lock.o)
                0x0800ac46                __retarget_lock_acquire_recursive
 .text.__retarget_lock_release_recursive
                0x0800ac48        0x2 c:/siliconlabs/simplicitystudio/v5/developer/toolchains/gnu_arm/10.3_2021.10/bin/../lib/gcc/arm-none-eabi/10.3.1/../../../../arm-none-eabi/lib/thumb/v8-m.main+fp/hard\libc_nano.a(lib_a-lock.o)
                0x0800ac48                __retarget_lock_release_recursive
 .text.__swhatbuf_r
                0x0800ac4a       0x4a c:/siliconlabs/simplicitystudio/v5/developer/toolchains/gnu_arm/10.3_2021.10/bin/../lib/gcc/arm-none-eabi/10.3.1/../../../../arm-none-eabi/lib/thumb/v8-m.main+fp/hard\libc_nano.a(lib_a-makebuf.o)
                0x0800ac4a                __swhatbuf_r
 .text.__sfputc_r
                0x0800ac94       0x2e c:/siliconlabs/simplicitystudio/v5/developer/toolchains/gnu_arm/10.3_2021.10/bin/../lib/gcc/arm-none-eabi/10.3.1/../../../../arm-none-eabi/lib/thumb/v8-m.main+fp/hard\libc_nano.a(lib_a-nano-vfprintf.o)
 .text.__sfputs_r
                0x0800acc2       0x24 c:/siliconlabs/simplicitystudio/v5/developer/toolchains/gnu_arm/10.3_2021.10/bin/../lib/gcc/arm-none-eabi/10.3.1/../../../../arm-none-eabi/lib/thumb/v8-m.main+fp/hard\libc_nano.a(lib_a-nano-vfprintf.o)
                0x0800acc2                __sfputs_r
 .text._printf_common
                0x0800ace6       0xe0 c:/siliconlabs/simplicitystudio/v5/developer/toolchains/gnu_arm/10.3_2021.10/bin/../lib/gcc/arm-none-eabi/10.3.1/../../../../arm-none-eabi/lib/thumb/v8-m.main+fp/hard\libc_nano.a(lib_a-nano-vfprintf_i.o)
                0x0800ace6                _printf_common
 .text.__sread  0x0800adc6       0x22 c:/siliconlabs/simplicitystudio/v5/developer/toolchains/gnu_arm/10.3_2021.10/bin/../lib/gcc/arm-none-eabi/10.3.1/../../../../arm-none-eabi/lib/thumb/v8-m.main+fp/hard\libc_nano.a(lib_a-stdio.o)
                0x0800adc6                __sread
 .text.__swrite
                0x0800ade8       0x38 c:/siliconlabs/simplicitystudio/v5/developer/toolchains/gnu_arm/10.3_2021.10/bin/../lib/gcc/arm-none-eabi/10.3.1/../../../../arm-none-eabi/lib/thumb/v8-m.main+fp/hard\libc_nano.a(lib_a-stdio.o)
                0x0800ade8                __swrite
 .text.__sseek  0x0800ae20       0x24 c:/siliconlabs/simplicitystudio/v5/developer/toolchains/gnu_arm/10.3_2021.10/bin/../lib/gcc/arm-none-eabi/10.3.1/../../../../arm-none-eabi/lib/thumb/v8-m.main+fp/hard\libc_nano.a(lib_a-stdio.o)
                0x0800ae20                __sseek
 .text.__sclose
                0x0800ae44        0x8 c:/siliconlabs/simplicitystudio/v5/developer/toolchains/gnu_arm/10.3_2021.10/bin/../lib/gcc/arm-none-eabi/10.3.1/../../../../arm-none-eabi/lib/thumb/v8-m.main+fp/hard\libc_nano.a(lib_a-stdio.o)
                0x0800ae44                __sclose
 .text.memchr   0x0800ae4c       0x1c c:/siliconlabs/simplicitystudio/v5/developer/toolchains/gnu_arm/10.3_2021.10/bin/../lib/gcc/arm-none-eabi/10.3.1/../../../../arm-none-eabi/lib/thumb/v8-m.main+fp/hard\libc_nano.a(lib_a-memchr-stub.o)
                0x0800ae4c                memchr
                0x0800ae68                linker_code_end = .
 *(.init)
 .init          0x0800ae68        0x4 c:/siliconlabs/simplicitystudio/v5/developer/toolchains/gnu_arm/10.3_2021.10/bin/../lib/gcc/arm-none-eabi/10.3.1/thumb/v8-m.main+fp/hard/crti.o
                0x0800ae68                _init
 .init          0x0800ae6c        0x8 c:/siliconlabs/simplicitystudio/v5/developer/toolchains/gnu_arm/10.3_2021.10/bin/../lib/gcc/arm-none-eabi/10.3.1/thumb/v8-m.main+fp/hard/crtn.o
 *(.fini)
 .fini          0x0800ae74        0x4 c:/siliconlabs/simplicitystudio/v5/developer/toolchains/gnu_arm/10.3_2021.10/bin/../lib/gcc/arm-none-eabi/10.3.1/thumb/v8-m.main+fp/hard/crti.o
                0x0800ae74                _fini
 .fini          0x0800ae78        0x8 c:/siliconlabs/simplicitystudio/v5/developer/toolchains/gnu_arm/10.3_2021.10/bin/../lib/gcc/arm-none-eabi/10.3.1/thumb/v8-m.main+fp/hard/crtn.o
 *crtbegin.o(.ctors)
 *crtbegin?.o(.ctors)
 *(EXCLUDE_FILE(*crtend.o *crtend?.o) .ctors)
 *(SORT_BY_NAME(.ctors.*))
 *(.ctors)
 *crtbegin.o(.dtors)
 *crtbegin?.o(.dtors)
 *(EXCLUDE_FILE(*crtend.o *crtend?.o) .dtors)
 *(SORT_BY_NAME(.dtors.*))
 *(.dtors)
 *(.rodata*)
 .rodata        0x0800ae80      0x10b ./app.o
 *fill*         0x0800af8b        0x1 
 .rodata.__func__.0
                0x0800af8c       0x13 ./app.o
 *fill*         0x0800af9f        0x1 
 .rodata        0x0800afa0       0xa8 ./autogen/sl_iostream_init_usart_instances.o
 .rodata        0x0800b048       0x80 ./gecko_sdk_4.2.1/hardware/driver/mx25_flash_shutdown/src/sl_mx25_flash_shutdown_eusart/sl_mx25_flash_shutdown.o
 .rodata        0x0800b0c8       0x4e ./gecko_sdk_4.2.1/platform/common/src/sl_slist.o
 *fill*         0x0800b116        0x2 
 .rodata        0x0800b118       0x4b ./gecko_sdk_4.2.1/platform/driver/debug/src/sl_debug_swo.o
 *fill*         0x0800b163        0x1 
 .rodata        0x0800b164        0x4 ./gecko_sdk_4.2.1/platform/emdrv/dmadrv/src/dmadrv.o
 .rodata        0x0800b168       0x97 ./gecko_sdk_4.2.1/platform/emlib/src/em_cmu.o
 *fill*         0x0800b1ff        0x1 
 .rodata        0x0800b200       0x4c ./gecko_sdk_4.2.1/platform/emlib/src/em_core.o
 .rodata        0x0800b24c       0x4b ./gecko_sdk_4.2.1/platform/emlib/src/em_emu.o
 *fill*         0x0800b297        0x1 
 .rodata        0x0800b298       0x4e ./gecko_sdk_4.2.1/platform/emlib/src/em_eusart.o
 *fill*         0x0800b2e6        0x2 
 .rodata        0x0800b2e8       0xe4 ./gecko_sdk_4.2.1/platform/emlib/src/em_gpio.o
 .rodata        0x0800b3cc       0x97 ./gecko_sdk_4.2.1/platform/emlib/src/em_i2c.o
 *fill*         0x0800b463        0x1 
 .rodata.i2cNSum
                0x0800b464        0x4 ./gecko_sdk_4.2.1/platform/emlib/src/em_i2c.o
 .rodata        0x0800b468       0x7c ./gecko_sdk_4.2.1/platform/emlib/src/em_ldma.o
 .rodata        0x0800b4e4       0x9d ./gecko_sdk_4.2.1/platform/emlib/src/em_timer.o
 *fill*         0x0800b581        0x3 
 .rodata        0x0800b584       0x31 ./gecko_sdk_4.2.1/platform/emlib/src/em_usart.o
 *fill*         0x0800b5b5        0x3 
 .rodata        0x0800b5b8       0x5b ./gecko_sdk_4.2.1/platform/peripheral/src/peripheral_sysrtc.o
 *fill*         0x0800b613        0x1 
 .rodata        0x0800b614        0x7 ./gecko_sdk_4.2.1/platform/service/device_init/src/sl_device_init_dcdc_s2.o
 *fill*         0x0800b61b        0x1 
 .rodata        0x0800b61c       0x28 ./gecko_sdk_4.2.1/platform/service/device_init/src/sl_device_init_hfxo_s2.o
 .rodata        0x0800b644       0x14 ./gecko_sdk_4.2.1/platform/service/device_init/src/sl_device_init_lfxo_s2.o
 .rodata        0x0800b658       0x4e ./gecko_sdk_4.2.1/platform/service/iostream/src/sl_iostream_retarget_stdio.o
 *fill*         0x0800b6a6        0x2 
 .rodata        0x0800b6a8       0x44 ./gecko_sdk_4.2.1/platform/service/iostream/src/sl_iostream_uart.o
 .rodata        0x0800b6ec       0x65 ./gecko_sdk_4.2.1/platform/service/power_manager/src/sl_power_manager.o
 *fill*         0x0800b751        0x3 
 .rodata        0x0800b754       0x6c ./gecko_sdk_4.2.1/platform/service/power_manager/src/sl_power_manager_hal_s2.o
 .rodata        0x0800b7c0       0x5f ./gecko_sdk_4.2.1/platform/service/sleeptimer/src/sl_sleeptimer.o
 *fill*         0x0800b81f        0x1 
 .rodata        0x0800b820       0x57 ./gecko_sdk_4.2.1/platform/service/udelay/src/sl_udelay.o
 *fill*         0x0800b877        0x1 
 .rodata        0x0800b878       0x4c ./src/GPIO.o
 .rodata        0x0800b8c4       0x10 ./src/I2C.o
 .rodata        0x0800b8d4       0x4d ./src/timers.o
 *fill*         0x0800b921        0x3 
 .rodata._global_impure_ptr
                0x0800b924        0x4 c:/siliconlabs/simplicitystudio/v5/developer/toolchains/gnu_arm/10.3_2021.10/bin/../lib/gcc/arm-none-eabi/10.3.1/../../../../arm-none-eabi/lib/thumb/v8-m.main+fp/hard\libc_nano.a(lib_a-impure.o)
                0x0800b924                _global_impure_ptr
 .rodata.__sf_fake_stderr
                0x0800b928       0x20 c:/siliconlabs/simplicitystudio/v5/developer/toolchains/gnu_arm/10.3_2021.10/bin/../lib/gcc/arm-none-eabi/10.3.1/../../../../arm-none-eabi/lib/thumb/v8-m.main+fp/hard\libc_nano.a(lib_a-findfp.o)
                0x0800b928                __sf_fake_stderr
 .rodata.__sf_fake_stdin
                0x0800b948       0x20 c:/siliconlabs/simplicitystudio/v5/developer/toolchains/gnu_arm/10.3_2021.10/bin/../lib/gcc/arm-none-eabi/10.3.1/../../../../arm-none-eabi/lib/thumb/v8-m.main+fp/hard\libc_nano.a(lib_a-findfp.o)
                0x0800b948                __sf_fake_stdin
 .rodata.__sf_fake_stdout
                0x0800b968       0x20 c:/siliconlabs/simplicitystudio/v5/developer/toolchains/gnu_arm/10.3_2021.10/bin/../lib/gcc/arm-none-eabi/10.3.1/../../../../arm-none-eabi/lib/thumb/v8-m.main+fp/hard\libc_nano.a(lib_a-findfp.o)
                0x0800b968                __sf_fake_stdout
 .rodata._vfprintf_r.str1.1
                0x0800b988       0x11 c:/siliconlabs/simplicitystudio/v5/developer/toolchains/gnu_arm/10.3_2021.10/bin/../lib/gcc/arm-none-eabi/10.3.1/../../../../arm-none-eabi/lib/thumb/v8-m.main+fp/hard\libc_nano.a(lib_a-nano-vfprintf.o)
 .rodata._printf_i.str1.1
                0x0800b999       0x22 c:/siliconlabs/simplicitystudio/v5/developer/toolchains/gnu_arm/10.3_2021.10/bin/../lib/gcc/arm-none-eabi/10.3.1/../../../../arm-none-eabi/lib/thumb/v8-m.main+fp/hard\libc_nano.a(lib_a-nano-vfprintf_i.o)
 *(.eh_frame*)
 *fill*         0x0800b9bb        0x1 